Apr 14 20:21:44 ubuntu kernel: [   11.707357] loop17: detected capacity change from 0 to 8
Apr 14 20:21:44 ubuntu kernel: [   12.049436] e1000: ens33 NIC Link is Up 1000 Mbps Full Duplex, Flow Control: None
Apr 14 20:21:44 ubuntu kernel: [   12.050360] IPv6: ADDRCONF(NETDEV_CHANGE): ens33: link becomes ready
Apr 14 20:21:46 ubuntu kernel: [   14.301908] rfkill: input handler disabled
Apr 14 20:21:54 ubuntu kernel: [   22.669150] rfkill: input handler enabled
Apr 14 20:22:05 ubuntu kernel: [   33.106168] rfkill: input handler disabled
Apr 14 20:22:07 ubuntu kernel: [   34.824419] kauditd_printk_skb: 33 callbacks suppressed
Apr 14 20:22:07 ubuntu kernel: [   34.824425] audit: type=1400 audit(1681474927.122:45): apparmor="DENIED" operation="capable" profile="/snap/snapd/18596/usr/lib/snapd/snap-confine" pid=2072 comm="snap-confine" capability=4  capname="fsetid"
Apr 14 20:21:58 ubuntu kernel: [   40.995756] audit: type=1326 audit(1681474918.894:46): auid=1000 uid=1000 gid=1000 ses=3 subj=snap.snap-store.snap-store pid=2072 comm="snap-store" exe="/snap/snap-store/638/usr/bin/snap-store" sig=0 arch=c000003e syscall=314 compat=0 ip=0x7fe3ca2c273d code=0x50000
Apr 14 20:22:00 ubuntu kernel: [   42.156796] audit: type=1107 audit(1681474920.054:47): pid=790 uid=103 auid=4294967295 ses=4294967295 subj=unconfined msg='apparmor="DENIED" operation="dbus_method_call"  bus="system" path="/org/freedesktop/PolicyKit1/Authority" interface="org.freedesktop.DBus.Properties" member="GetAll" mask="send" name=":1.4" pid=2072 label="snap.snap-store.snap-store" peer_pid=816 peer_label="unconfined"
Apr 14 20:22:00 ubuntu kernel: [   42.156796]  exe="/usr/bin/dbus-daemon" sauid=103 hostname=? addr=? terminal=?'
Apr 14 20:22:00 ubuntu kernel: [   42.157080] audit: type=1107 audit(1681474920.058:48): pid=790 uid=103 auid=4294967295 ses=4294967295 subj=unconfined msg='apparmor="DENIED" operation="dbus_method_call"  bus="system" path="/org/freedesktop/PolicyKit1/Authority" interface="org.freedesktop.PolicyKit1.Authority" member="CheckAuthorization" mask="send" name=":1.4" pid=2072 label="snap.snap-store.snap-store" peer_pid=816 peer_label="unconfined"
Apr 14 20:22:00 ubuntu kernel: [   42.157080]  exe="/usr/bin/dbus-daemon" sauid=103 hostname=? addr=? terminal=?'
Apr 14 20:22:00 ubuntu kernel: [   42.158891] audit: type=1107 audit(1681474920.058:49): pid=790 uid=103 auid=4294967295 ses=4294967295 subj=unconfined msg='apparmor="DENIED" operation="dbus_method_call"  bus="system" path="/org/freedesktop/PolicyKit1/Authority" interface="org.freedesktop.DBus.Properties" member="GetAll" mask="send" name=":1.4" pid=2072 label="snap.snap-store.snap-store" peer_pid=816 peer_label="unconfined"
Apr 14 20:22:00 ubuntu kernel: [   42.158891]  exe="/usr/bin/dbus-daemon" sauid=103 hostname=? addr=? terminal=?'
Apr 14 20:22:00 ubuntu kernel: [   42.159128] audit: type=1107 audit(1681474920.058:50): pid=790 uid=103 auid=4294967295 ses=4294967295 subj=unconfined msg='apparmor="DENIED" operation="dbus_method_call"  bus="system" path="/org/freedesktop/PolicyKit1/Authority" interface="org.freedesktop.PolicyKit1.Authority" member="CheckAuthorization" mask="send" name=":1.4" pid=2072 label="snap.snap-store.snap-store" peer_pid=816 peer_label="unconfined"
Apr 14 20:22:00 ubuntu kernel: [   42.159128]  exe="/usr/bin/dbus-daemon" sauid=103 hostname=? addr=? terminal=?'
Apr 14 20:22:00 ubuntu kernel: [   42.587493] audit: type=1400 audit(1681474920.486:51): apparmor="DENIED" operation="open" profile="snap.snap-store.snap-store" name="/etc/PackageKit/Vendor.conf" pid=2072 comm="snap-store" requested_mask="r" denied_mask="r" fsuid=1000 ouid=0
Apr 14 20:22:01 ubuntu kernel: [   43.159798] audit: type=1400 audit(1681474921.058:52): apparmor="DENIED" operation="open" profile="snap.snap-store.snap-store" name="/etc/appstream.conf" pid=2072 comm="snap-store" requested_mask="r" denied_mask="r" fsuid=1000 ouid=0
Apr 14 20:22:07 ubuntu kernel: [   49.737088] audit: type=1107 audit(1681474927.638:53): pid=790 uid=103 auid=4294967295 ses=4294967295 subj=unconfined msg='apparmor="DENIED" operation="dbus_method_call"  bus="system" path="/org/freedesktop/PolicyKit1/Authority" interface="org.freedesktop.DBus.Properties" member="GetAll" mask="send" name=":1.4" pid=2072 label="snap.snap-store.snap-store" peer_pid=816 peer_label="unconfined"
Apr 14 20:22:07 ubuntu kernel: [   49.737088]  exe="/usr/bin/dbus-daemon" sauid=103 hostname=? addr=? terminal=?'
Apr 14 20:22:07 ubuntu kernel: [   49.737467] audit: type=1107 audit(1681474927.638:54): pid=790 uid=103 auid=4294967295 ses=4294967295 subj=unconfined msg='apparmor="DENIED" operation="dbus_method_call"  bus="system" path="/org/freedesktop/PolicyKit1/Authority" interface="org.freedesktop.PolicyKit1.Authority" member="CheckAuthorization" mask="send" name=":1.4" pid=2072 label="snap.snap-store.snap-store" peer_pid=816 peer_label="unconfined"
Apr 14 20:22:07 ubuntu kernel: [   49.737467]  exe="/usr/bin/dbus-daemon" sauid=103 hostname=? addr=? terminal=?'
Apr 14 20:22:24 ubuntu kernel: [   66.494967] loop17: detected capacity change from 0 to 716160
Apr 14 20:22:25 ubuntu kernel: [   67.961287] audit: type=1400 audit(1681474945.862:55): apparmor="STATUS" operation="profile_replace" profile="unconfined" name="snap.snap-store.hook.configure" pid=3383 comm="apparmor_parser"
Apr 14 20:22:27 ubuntu kernel: [   69.219243] audit: type=1400 audit(1681474947.118:56): apparmor="STATUS" operation="profile_replace" profile="unconfined" name="snap.snap-store.snap-store" pid=3399 comm="apparmor_parser"
Apr 14 20:22:27 ubuntu kernel: [   69.841891] audit: type=1400 audit(1681474947.742:57): apparmor="STATUS" operation="profile_replace" info="same as current profile, skipping" profile="unconfined" name="snap-update-ns.snap-store" pid=3382 comm="apparmor_parser"
Apr 14 20:22:28 ubuntu kernel: [   70.285061] audit: type=1400 audit(1681474948.186:58): apparmor="STATUS" operation="profile_replace" profile="unconfined" name="snap.snap-store.ubuntu-software" pid=3431 comm="apparmor_parser"
Apr 14 20:22:28 ubuntu kernel: [   70.910949] audit: type=1400 audit(1681474948.810:59): apparmor="STATUS" operation="profile_replace" profile="unconfined" name="snap.snap-store.ubuntu-software-local-file" pid=3436 comm="apparmor_parser"
Apr 14 20:22:32 ubuntu kernel: [   74.732678] audit: type=1400 audit(1681474952.568:60): apparmor="DENIED" operation="open" profile="snap.snap-store.snap-store" name="/var/lib/snapd/hostfs/usr/share/gdm/greeter/applications/gnome-initial-setup.desktop" pid=2072 comm="pool-org.gnome." requested_mask="r" denied_mask="r" fsuid=1000 ouid=0
Apr 14 20:22:32 ubuntu kernel: [   74.753972] audit: type=1400 audit(1681474952.588:61): apparmor="DENIED" operation="open" profile="snap.snap-store.snap-store" name="/var/lib/snapd/hostfs/usr/share/gdm/greeter/applications/gnome-initial-setup.desktop" pid=2072 comm="pool-org.gnome." requested_mask="r" denied_mask="r" fsuid=1000 ouid=0
Apr 14 20:22:32 ubuntu kernel: [   74.950292] audit: type=1326 audit(1681474952.781:62): auid=1000 uid=1000 gid=1000 ses=3 subj=snap.snap-store.snap-store pid=2072 comm="pool-org.gnome." exe="/snap/snap-store/638/usr/bin/snap-store" sig=0 arch=c000003e syscall=93 compat=0 ip=0x7fe3ca2b939b code=0x50000
Apr 14 20:22:45 ubuntu kernel: [   87.292507] loop9: detected capacity change from 0 to 447264
Apr 14 20:26:26 ubuntu kernel: [  308.429728] sched: RT throttling activated
Apr 14 20:41:26 ubuntu kernel: [ 1208.305074] audit: type=1107 audit(1681476086.005:63): pid=790 uid=103 auid=4294967295 ses=4294967295 subj=unconfined msg='apparmor="DENIED" operation="dbus_method_call"  bus="system" path="/org/freedesktop/PolicyKit1/Authority" interface="org.freedesktop.DBus.Properties" member="GetAll" mask="send" name=":1.4" pid=2072 label="snap.snap-store.snap-store" peer_pid=816 peer_label="unconfined"
Apr 14 20:41:26 ubuntu kernel: [ 1208.305074]  exe="/usr/bin/dbus-daemon" sauid=103 hostname=? addr=? terminal=?'
Apr 14 20:41:26 ubuntu kernel: [ 1208.305421] audit: type=1107 audit(1681476086.005:64): pid=790 uid=103 auid=4294967295 ses=4294967295 subj=unconfined msg='apparmor="DENIED" operation="dbus_method_call"  bus="system" path="/org/freedesktop/PolicyKit1/Authority" interface="org.freedesktop.PolicyKit1.Authority" member="CheckAuthorization" mask="send" name=":1.4" pid=2072 label="snap.snap-store.snap-store" peer_pid=816 peer_label="unconfined"
Apr 14 20:41:26 ubuntu kernel: [ 1208.305421]  exe="/usr/bin/dbus-daemon" sauid=103 hostname=? addr=? terminal=?'
Apr 14 20:46:59 ubuntu kernel: [ 1541.638215] audit: type=1107 audit(1681476419.327:65): pid=790 uid=103 auid=4294967295 ses=4294967295 subj=unconfined msg='apparmor="DENIED" operation="dbus_method_call"  bus="system" path="/org/freedesktop/PolicyKit1/Authority" interface="org.freedesktop.DBus.Properties" member="GetAll" mask="send" name=":1.4" pid=2072 label="snap.snap-store.snap-store" peer_pid=816 peer_label="unconfined"
Apr 14 20:46:59 ubuntu kernel: [ 1541.638215]  exe="/usr/bin/dbus-daemon" sauid=103 hostname=? addr=? terminal=?'
Apr 14 20:46:59 ubuntu kernel: [ 1541.638595] audit: type=1107 audit(1681476419.327:66): pid=790 uid=103 auid=4294967295 ses=4294967295 subj=unconfined msg='apparmor="DENIED" operation="dbus_method_call"  bus="system" path="/org/freedesktop/PolicyKit1/Authority" interface="org.freedesktop.PolicyKit1.Authority" member="CheckAuthorization" mask="send" name=":1.4" pid=2072 label="snap.snap-store.snap-store" peer_pid=816 peer_label="unconfined"
Apr 14 20:46:59 ubuntu kernel: [ 1541.638595]  exe="/usr/bin/dbus-daemon" sauid=103 hostname=? addr=? terminal=?'
Apr 14 20:54:39 ubuntu kernel: [ 2002.252934] rfkill: input handler enabled
Apr 14 20:55:49 ubuntu kernel: [    0.000000] Linux version 5.15.0-69-generic (buildd@lcy02-amd64-071) (gcc (Ubuntu 9.4.0-1ubuntu1~20.04.1) 9.4.0, GNU ld (GNU Binutils for Ubuntu) 2.34) #76~20.04.1-Ubuntu SMP Mon Mar 20 15:54:19 UTC 2023 (Ubuntu 5.15.0-69.76~20.04.1-generic 5.15.87)
Apr 14 20:55:49 ubuntu kernel: [    0.000000] Command line: BOOT_IMAGE=/boot/vmlinuz-5.15.0-69-generic root=UUID=477f5a7d-cddf-4e43-afe1-cd3b20500e86 ro find_preseed=/preseed.cfg auto noprompt priority=critical locale=en_US quiet
Apr 14 20:55:49 ubuntu kernel: [    0.000000] KERNEL supported cpus:
Apr 14 20:55:49 ubuntu kernel: [    0.000000]   Intel GenuineIntel
Apr 14 20:55:49 ubuntu kernel: [    0.000000]   AMD AuthenticAMD
Apr 14 20:55:49 ubuntu kernel: [    0.000000]   Hygon HygonGenuine
Apr 14 20:55:49 ubuntu kernel: [    0.000000]   Centaur CentaurHauls
Apr 14 20:55:49 ubuntu kernel: [    0.000000]   zhaoxin   Shanghai  
Apr 14 20:55:49 ubuntu kernel: [    0.000000] x86/fpu: Supporting XSAVE feature 0x001: 'x87 floating point registers'
Apr 14 20:55:49 ubuntu kernel: [    0.000000] x86/fpu: Supporting XSAVE feature 0x002: 'SSE registers'
Apr 14 20:55:49 ubuntu kernel: [    0.000000] x86/fpu: Supporting XSAVE feature 0x004: 'AVX registers'
Apr 14 20:55:49 ubuntu kernel: [    0.000000] x86/fpu: Supporting XSAVE feature 0x020: 'AVX-512 opmask'
Apr 14 20:55:49 ubuntu kernel: [    0.000000] x86/fpu: Supporting XSAVE feature 0x040: 'AVX-512 Hi256'
Apr 14 20:55:49 ubuntu kernel: [    0.000000] x86/fpu: Supporting XSAVE feature 0x080: 'AVX-512 ZMM_Hi256'
Apr 14 20:55:49 ubuntu kernel: [    0.000000] x86/fpu: Supporting XSAVE feature 0x200: 'Protection Keys User registers'
Apr 14 20:55:49 ubuntu kernel: [    0.000000] x86/fpu: xstate_offset[2]:  576, xstate_sizes[2]:  256
Apr 14 20:55:49 ubuntu kernel: [    0.000000] x86/fpu: xstate_offset[5]:  832, xstate_sizes[5]:   64
Apr 14 20:55:49 ubuntu kernel: [    0.000000] x86/fpu: xstate_offset[6]:  896, xstate_sizes[6]:  512
Apr 14 20:55:49 ubuntu kernel: [    0.000000] x86/fpu: xstate_offset[7]: 1408, xstate_sizes[7]: 1024
Apr 14 20:55:49 ubuntu kernel: [    0.000000] x86/fpu: xstate_offset[9]: 2432, xstate_sizes[9]:    8
Apr 14 20:55:49 ubuntu kernel: [    0.000000] x86/fpu: Enabled xstate features 0x2e7, context size is 2440 bytes, using 'compacted' format.
Apr 14 20:55:49 ubuntu kernel: [    0.000000] signal: max sigframe size: 3632
Apr 14 20:55:49 ubuntu kernel: [    0.000000] BIOS-provided physical RAM map:
Apr 14 20:55:49 ubuntu kernel: [    0.000000] BIOS-e820: [mem 0x0000000000000000-0x000000000009e7ff] usable
Apr 14 20:55:49 ubuntu kernel: [    0.000000] BIOS-e820: [mem 0x000000000009e800-0x000000000009ffff] reserved
Apr 14 20:55:49 ubuntu kernel: [    0.000000] BIOS-e820: [mem 0x00000000000dc000-0x00000000000fffff] reserved
Apr 14 20:55:49 ubuntu kernel: [    0.000000] BIOS-e820: [mem 0x0000000000100000-0x00000000bfecffff] usable
Apr 14 20:55:49 ubuntu kernel: [    0.000000] BIOS-e820: [mem 0x00000000bfed0000-0x00000000bfefefff] ACPI data
Apr 14 20:55:49 ubuntu kernel: [    0.000000] BIOS-e820: [mem 0x00000000bfeff000-0x00000000bfefffff] ACPI NVS
Apr 14 20:55:49 ubuntu kernel: [    0.000000] BIOS-e820: [mem 0x00000000bff00000-0x00000000bfffffff] usable
Apr 14 20:55:49 ubuntu kernel: [    0.000000] BIOS-e820: [mem 0x00000000f0000000-0x00000000f7ffffff] reserved
Apr 14 20:55:49 ubuntu kernel: [    0.000000] BIOS-e820: [mem 0x00000000fec00000-0x00000000fec0ffff] reserved
Apr 14 20:55:49 ubuntu kernel: [    0.000000] BIOS-e820: [mem 0x00000000fee00000-0x00000000fee00fff] reserved
Apr 14 20:55:49 ubuntu kernel: [    0.000000] BIOS-e820: [mem 0x00000000fffe0000-0x00000000ffffffff] reserved
Apr 14 20:55:49 ubuntu kernel: [    0.000000] BIOS-e820: [mem 0x0000000100000000-0x000000023fffffff] usable
Apr 14 20:55:49 ubuntu kernel: [    0.000000] NX (Execute Disable) protection: active
Apr 14 20:55:49 ubuntu kernel: [    0.000000] SMBIOS 2.7 present.
Apr 14 20:55:49 ubuntu kernel: [    0.000000] DMI: VMware, Inc. VMware Virtual Platform/440BX Desktop Reference Platform, BIOS 6.00 11/12/2020
Apr 14 20:55:49 ubuntu kernel: [    0.000000] vmware: hypercall mode: 0x02
Apr 14 20:55:49 ubuntu kernel: [    0.000000] Hypervisor detected: VMware
Apr 14 20:55:49 ubuntu kernel: [    0.000000] vmware: TSC freq read from hypervisor : 3110.397 MHz
Apr 14 20:55:49 ubuntu kernel: [    0.000000] vmware: Host bus clock speed read from hypervisor : 66000000 Hz
Apr 14 20:55:49 ubuntu kernel: [    0.000000] vmware: using clock offset of 37945160695 ns
Apr 14 20:55:49 ubuntu kernel: [    0.000033] tsc: Detected 3110.397 MHz processor
Apr 14 20:55:49 ubuntu kernel: [    0.003992] e820: update [mem 0x00000000-0x00000fff] usable ==> reserved
Apr 14 20:55:49 ubuntu kernel: [    0.004000] e820: remove [mem 0x000a0000-0x000fffff] usable
Apr 14 20:55:49 ubuntu kernel: [    0.004015] last_pfn = 0x240000 max_arch_pfn = 0x400000000
Apr 14 20:55:49 ubuntu kernel: [    0.004091] x86/PAT: Configuration [0-7]: WB  WC  UC- UC  WB  WP  UC- WT  
Apr 14 20:55:49 ubuntu kernel: [    0.004125] total RAM covered: 261120M
Apr 14 20:55:49 ubuntu kernel: [    0.004396]  gran_size: 64K 	chunk_size: 64K 	num_reg: 8  	lose cover RAM: 0G
Apr 14 20:55:49 ubuntu kernel: [    0.004402]  gran_size: 64K 	chunk_size: 128K 	num_reg: 8  	lose cover RAM: 0G
Apr 14 20:55:49 ubuntu kernel: [    0.004405]  gran_size: 64K 	chunk_size: 256K 	num_reg: 8  	lose cover RAM: 0G
Apr 14 20:55:49 ubuntu kernel: [    0.004408]  gran_size: 64K 	chunk_size: 512K 	num_reg: 8  	lose cover RAM: 0G
Apr 14 20:55:49 ubuntu kernel: [    0.004412]  gran_size: 64K 	chunk_size: 1M 	num_reg: 8  	lose cover RAM: 0G
Apr 14 20:55:49 ubuntu kernel: [    0.004415]  gran_size: 64K 	chunk_size: 2M 	num_reg: 8  	lose cover RAM: 0G
Apr 14 20:55:49 ubuntu kernel: [    0.004418]  gran_size: 64K 	chunk_size: 4M 	num_reg: 8  	lose cover RAM: 0G
Apr 14 20:55:49 ubuntu kernel: [    0.004421]  gran_size: 64K 	chunk_size: 8M 	num_reg: 8  	lose cover RAM: 0G
Apr 14 20:55:49 ubuntu kernel: [    0.004424]  gran_size: 64K 	chunk_size: 16M 	num_reg: 8  	lose cover RAM: 0G
Apr 14 20:55:49 ubuntu kernel: [    0.004427]  gran_size: 64K 	chunk_size: 32M 	num_reg: 8  	lose cover RAM: 0G
Apr 14 20:55:49 ubuntu kernel: [    0.004430]  gran_size: 64K 	chunk_size: 64M 	num_reg: 8  	lose cover RAM: 0G
Apr 14 20:55:49 ubuntu kernel: [    0.004433]  gran_size: 64K 	chunk_size: 128M 	num_reg: 8  	lose cover RAM: 0G
Apr 14 20:55:49 ubuntu kernel: [    0.004436]  gran_size: 64K 	chunk_size: 256M 	num_reg: 8  	lose cover RAM: 0G
Apr 14 20:55:49 ubuntu kernel: [    0.004439]  gran_size: 64K 	chunk_size: 512M 	num_reg: 8  	lose cover RAM: 0G
Apr 14 20:55:49 ubuntu kernel: [    0.004442]  gran_size: 64K 	chunk_size: 1G 	num_reg: 8  	lose cover RAM: 0G
Apr 14 20:55:49 ubuntu kernel: [    0.004445]  gran_size: 64K 	chunk_size: 2G 	num_reg: 8  	lose cover RAM: 0G
Apr 14 20:55:49 ubuntu kernel: [    0.004448]  gran_size: 128K 	chunk_size: 128K 	num_reg: 8  	lose cover RAM: 0G
Apr 14 20:55:49 ubuntu kernel: [    0.004451]  gran_size: 128K 	chunk_size: 256K 	num_reg: 8  	lose cover RAM: 0G
Apr 14 20:55:49 ubuntu kernel: [    0.004454]  gran_size: 128K 	chunk_size: 512K 	num_reg: 8  	lose cover RAM: 0G
Apr 14 20:55:49 ubuntu kernel: [    0.004457]  gran_size: 128K 	chunk_size: 1M 	num_reg: 8  	lose cover RAM: 0G
Apr 14 20:55:49 ubuntu kernel: [    0.004460]  gran_size: 128K 	chunk_size: 2M 	num_reg: 8  	lose cover RAM: 0G
Apr 14 20:55:49 ubuntu kernel: [    0.004462]  gran_size: 128K 	chunk_size: 4M 	num_reg: 8  	lose cover RAM: 0G
Apr 14 20:55:49 ubuntu kernel: [    0.004465]  gran_size: 128K 	chunk_size: 8M 	num_reg: 8  	lose cover RAM: 0G
Apr 14 20:55:49 ubuntu kernel: [    0.004468]  gran_size: 128K 	chunk_size: 16M 	num_reg: 8  	lose cover RAM: 0G
Apr 14 20:55:49 ubuntu kernel: [    0.004471]  gran_size: 128K 	chunk_size: 32M 	num_reg: 8  	lose cover RAM: 0G
Apr 14 20:55:49 ubuntu kernel: [    0.004474]  gran_size: 128K 	chunk_size: 64M 	num_reg: 8  	lose cover RAM: 0G
Apr 14 20:55:49 ubuntu kernel: [    0.004476]  gran_size: 128K 	chunk_size: 128M 	num_reg: 8  	lose cover RAM: 0G
Apr 14 20:55:49 ubuntu kernel: [    0.004479]  gran_size: 128K 	chunk_size: 256M 	num_reg: 8  	lose cover RAM: 0G
Apr 14 20:55:49 ubuntu kernel: [    0.004482]  gran_size: 128K 	chunk_size: 512M 	num_reg: 8  	lose cover RAM: 0G
Apr 14 20:55:49 ubuntu kernel: [    0.004485]  gran_size: 128K 	chunk_size: 1G 	num_reg: 8  	lose cover RAM: 0G
Apr 14 20:55:49 ubuntu kernel: [    0.004488]  gran_size: 128K 	chunk_size: 2G 	num_reg: 8  	lose cover RAM: 0G
Apr 14 20:55:49 ubuntu kernel: [    0.004491]  gran_size: 256K 	chunk_size: 256K 	num_reg: 8  	lose cover RAM: 0G
Apr 14 20:55:49 ubuntu kernel: [    0.004494]  gran_size: 256K 	chunk_size: 512K 	num_reg: 8  	lose cover RAM: 0G
Apr 14 20:55:49 ubuntu kernel: [    0.004496]  gran_size: 256K 	chunk_size: 1M 	num_reg: 8  	lose cover RAM: 0G
Apr 14 20:55:49 ubuntu kernel: [    0.004499]  gran_size: 256K 	chunk_size: 2M 	num_reg: 8  	lose cover RAM: 0G
Apr 14 20:55:49 ubuntu kernel: [    0.004502]  gran_size: 256K 	chunk_size: 4M 	num_reg: 8  	lose cover RAM: 0G
Apr 14 20:55:49 ubuntu kernel: [    0.004505]  gran_size: 256K 	chunk_size: 8M 	num_reg: 8  	lose cover RAM: 0G
Apr 14 20:55:49 ubuntu kernel: [    0.004508]  gran_size: 256K 	chunk_size: 16M 	num_reg: 8  	lose cover RAM: 0G
Apr 14 20:55:49 ubuntu kernel: [    0.004511]  gran_size: 256K 	chunk_size: 32M 	num_reg: 8  	lose cover RAM: 0G
Apr 14 20:55:49 ubuntu kernel: [    0.004513]  gran_size: 256K 	chunk_size: 64M 	num_reg: 8  	lose cover RAM: 0G
Apr 14 20:55:49 ubuntu kernel: [    0.004516]  gran_size: 256K 	chunk_size: 128M 	num_reg: 8  	lose cover RAM: 0G
Apr 14 20:55:49 ubuntu kernel: [    0.004519]  gran_size: 256K 	chunk_size: 256M 	num_reg: 8  	lose cover RAM: 0G
Apr 14 20:55:49 ubuntu kernel: [    0.004522]  gran_size: 256K 	chunk_size: 512M 	num_reg: 8  	lose cover RAM: 0G
Apr 14 20:55:49 ubuntu kernel: [    0.004525]  gran_size: 256K 	chunk_size: 1G 	num_reg: 8  	lose cover RAM: 0G
Apr 14 20:55:49 ubuntu kernel: [    0.004528]  gran_size: 256K 	chunk_size: 2G 	num_reg: 8  	lose cover RAM: 0G
Apr 14 20:55:49 ubuntu kernel: [    0.004531]  gran_size: 512K 	chunk_size: 512K 	num_reg: 8  	lose cover RAM: 0G
Apr 14 20:55:49 ubuntu kernel: [    0.004534]  gran_size: 512K 	chunk_size: 1M 	num_reg: 8  	lose cover RAM: 0G
Apr 14 20:55:49 ubuntu kernel: [    0.004537]  gran_size: 512K 	chunk_size: 2M 	num_reg: 8  	lose cover RAM: 0G
Apr 14 20:55:49 ubuntu kernel: [    0.004540]  gran_size: 512K 	chunk_size: 4M 	num_reg: 8  	lose cover RAM: 0G
Apr 14 20:55:49 ubuntu kernel: [    0.004542]  gran_size: 512K 	chunk_size: 8M 	num_reg: 8  	lose cover RAM: 0G
Apr 14 20:55:49 ubuntu kernel: [    0.004545]  gran_size: 512K 	chunk_size: 16M 	num_reg: 8  	lose cover RAM: 0G
Apr 14 20:55:49 ubuntu kernel: [    0.004548]  gran_size: 512K 	chunk_size: 32M 	num_reg: 8  	lose cover RAM: 0G
Apr 14 20:55:49 ubuntu kernel: [    0.004551]  gran_size: 512K 	chunk_size: 64M 	num_reg: 8  	lose cover RAM: 0G
Apr 14 20:55:49 ubuntu kernel: [    0.004554]  gran_size: 512K 	chunk_size: 128M 	num_reg: 8  	lose cover RAM: 0G
Apr 14 20:55:49 ubuntu kernel: [    0.004557]  gran_size: 512K 	chunk_size: 256M 	num_reg: 8  	lose cover RAM: 0G
Apr 14 20:55:49 ubuntu kernel: [    0.004559]  gran_size: 512K 	chunk_size: 512M 	num_reg: 8  	lose cover RAM: 0G
Apr 14 20:55:49 ubuntu kernel: [    0.004562]  gran_size: 512K 	chunk_size: 1G 	num_reg: 8  	lose cover RAM: 0G
Apr 14 20:55:49 ubuntu kernel: [    0.004565]  gran_size: 512K 	chunk_size: 2G 	num_reg: 8  	lose cover RAM: 0G
Apr 14 20:55:49 ubuntu kernel: [    0.004568]  gran_size: 1M 	chunk_size: 1M 	num_reg: 8  	lose cover RAM: 0G
Apr 14 20:55:49 ubuntu kernel: [    0.004571]  gran_size: 1M 	chunk_size: 2M 	num_reg: 8  	lose cover RAM: 0G
Apr 14 20:55:49 ubuntu kernel: [    0.004574]  gran_size: 1M 	chunk_size: 4M 	num_reg: 8  	lose cover RAM: 0G
Apr 14 20:55:49 ubuntu kernel: [    0.004577]  gran_size: 1M 	chunk_size: 8M 	num_reg: 8  	lose cover RAM: 0G
Apr 14 20:55:49 ubuntu kernel: [    0.004580]  gran_size: 1M 	chunk_size: 16M 	num_reg: 8  	lose cover RAM: 0G
Apr 14 20:55:49 ubuntu kernel: [    0.004583]  gran_size: 1M 	chunk_size: 32M 	num_reg: 8  	lose cover RAM: 0G
Apr 14 20:55:49 ubuntu kernel: [    0.004586]  gran_size: 1M 	chunk_size: 64M 	num_reg: 8  	lose cover RAM: 0G
Apr 14 20:55:49 ubuntu kernel: [    0.004588]  gran_size: 1M 	chunk_size: 128M 	num_reg: 8  	lose cover RAM: 0G
Apr 14 20:55:49 ubuntu kernel: [    0.004591]  gran_size: 1M 	chunk_size: 256M 	num_reg: 8  	lose cover RAM: 0G
Apr 14 20:55:49 ubuntu kernel: [    0.004594]  gran_size: 1M 	chunk_size: 512M 	num_reg: 8  	lose cover RAM: 0G
Apr 14 20:55:49 ubuntu kernel: [    0.004597]  gran_size: 1M 	chunk_size: 1G 	num_reg: 8  	lose cover RAM: 0G
Apr 14 20:55:49 ubuntu kernel: [    0.004600]  gran_size: 1M 	chunk_size: 2G 	num_reg: 8  	lose cover RAM: 0G
Apr 14 20:55:49 ubuntu kernel: [    0.004603]  gran_size: 2M 	chunk_size: 2M 	num_reg: 8  	lose cover RAM: 0G
Apr 14 20:55:49 ubuntu kernel: [    0.004605]  gran_size: 2M 	chunk_size: 4M 	num_reg: 8  	lose cover RAM: 0G
Apr 14 20:55:49 ubuntu kernel: [    0.004608]  gran_size: 2M 	chunk_size: 8M 	num_reg: 8  	lose cover RAM: 0G
Apr 14 20:55:49 ubuntu kernel: [    0.004611]  gran_size: 2M 	chunk_size: 16M 	num_reg: 8  	lose cover RAM: 0G
Apr 14 20:55:49 ubuntu kernel: [    0.004614]  gran_size: 2M 	chunk_size: 32M 	num_reg: 8  	lose cover RAM: 0G
Apr 14 20:55:49 ubuntu kernel: [    0.004616]  gran_size: 2M 	chunk_size: 64M 	num_reg: 8  	lose cover RAM: 0G
Apr 14 20:55:49 ubuntu kernel: [    0.004619]  gran_size: 2M 	chunk_size: 128M 	num_reg: 8  	lose cover RAM: 0G
Apr 14 20:55:49 ubuntu kernel: [    0.004622]  gran_size: 2M 	chunk_size: 256M 	num_reg: 8  	lose cover RAM: 0G
Apr 14 20:55:49 ubuntu kernel: [    0.004625]  gran_size: 2M 	chunk_size: 512M 	num_reg: 8  	lose cover RAM: 0G
Apr 14 20:55:49 ubuntu kernel: [    0.004628]  gran_size: 2M 	chunk_size: 1G 	num_reg: 8  	lose cover RAM: 0G
Apr 14 20:55:49 ubuntu kernel: [    0.004631]  gran_size: 2M 	chunk_size: 2G 	num_reg: 8  	lose cover RAM: 0G
Apr 14 20:55:49 ubuntu kernel: [    0.004633]  gran_size: 4M 	chunk_size: 4M 	num_reg: 8  	lose cover RAM: 0G
Apr 14 20:55:49 ubuntu kernel: [    0.004638]  gran_size: 4M 	chunk_size: 8M 	num_reg: 8  	lose cover RAM: 0G
Apr 14 20:55:49 ubuntu kernel: [    0.004662]  gran_size: 4M 	chunk_size: 16M 	num_reg: 8  	lose cover RAM: 0G
Apr 14 20:55:49 ubuntu kernel: [    0.004665]  gran_size: 4M 	chunk_size: 32M 	num_reg: 8  	lose cover RAM: 0G
Apr 14 20:55:49 ubuntu kernel: [    0.004668]  gran_size: 4M 	chunk_size: 64M 	num_reg: 8  	lose cover RAM: 0G
Apr 14 20:55:49 ubuntu kernel: [    0.004671]  gran_size: 4M 	chunk_size: 128M 	num_reg: 8  	lose cover RAM: 0G
Apr 14 20:55:49 ubuntu kernel: [    0.004674]  gran_size: 4M 	chunk_size: 256M 	num_reg: 8  	lose cover RAM: 0G
Apr 14 20:55:49 ubuntu kernel: [    0.004677]  gran_size: 4M 	chunk_size: 512M 	num_reg: 8  	lose cover RAM: 0G
Apr 14 20:55:49 ubuntu kernel: [    0.004679]  gran_size: 4M 	chunk_size: 1G 	num_reg: 8  	lose cover RAM: 0G
Apr 14 20:55:49 ubuntu kernel: [    0.004682]  gran_size: 4M 	chunk_size: 2G 	num_reg: 8  	lose cover RAM: 0G
Apr 14 20:55:49 ubuntu kernel: [    0.004685]  gran_size: 8M 	chunk_size: 8M 	num_reg: 8  	lose cover RAM: 0G
Apr 14 20:55:49 ubuntu kernel: [    0.004688]  gran_size: 8M 	chunk_size: 16M 	num_reg: 8  	lose cover RAM: 0G
Apr 14 20:55:49 ubuntu kernel: [    0.004691]  gran_size: 8M 	chunk_size: 32M 	num_reg: 8  	lose cover RAM: 0G
Apr 14 20:55:49 ubuntu kernel: [    0.004694]  gran_size: 8M 	chunk_size: 64M 	num_reg: 8  	lose cover RAM: 0G
Apr 14 20:55:49 ubuntu kernel: [    0.004696]  gran_size: 8M 	chunk_size: 128M 	num_reg: 8  	lose cover RAM: 0G
Apr 14 20:55:49 ubuntu kernel: [    0.004699]  gran_size: 8M 	chunk_size: 256M 	num_reg: 8  	lose cover RAM: 0G
Apr 14 20:55:49 ubuntu kernel: [    0.004702]  gran_size: 8M 	chunk_size: 512M 	num_reg: 8  	lose cover RAM: 0G
Apr 14 20:55:49 ubuntu kernel: [    0.004705]  gran_size: 8M 	chunk_size: 1G 	num_reg: 8  	lose cover RAM: 0G
Apr 14 20:55:49 ubuntu kernel: [    0.004708]  gran_size: 8M 	chunk_size: 2G 	num_reg: 8  	lose cover RAM: 0G
Apr 14 20:55:49 ubuntu kernel: [    0.004711]  gran_size: 16M 	chunk_size: 16M 	num_reg: 8  	lose cover RAM: 0G
Apr 14 20:55:49 ubuntu kernel: [    0.004712]  gran_size: 16M 	chunk_size: 32M 	num_reg: 8  	lose cover RAM: 0G
Apr 14 20:55:49 ubuntu kernel: [    0.004713]  gran_size: 16M 	chunk_size: 64M 	num_reg: 8  	lose cover RAM: 0G
Apr 14 20:55:49 ubuntu kernel: [    0.004714]  gran_size: 16M 	chunk_size: 128M 	num_reg: 8  	lose cover RAM: 0G
Apr 14 20:55:49 ubuntu kernel: [    0.004715]  gran_size: 16M 	chunk_size: 256M 	num_reg: 8  	lose cover RAM: 0G
Apr 14 20:55:49 ubuntu kernel: [    0.004716]  gran_size: 16M 	chunk_size: 512M 	num_reg: 8  	lose cover RAM: 0G
Apr 14 20:55:49 ubuntu kernel: [    0.004717]  gran_size: 16M 	chunk_size: 1G 	num_reg: 8  	lose cover RAM: 0G
Apr 14 20:55:49 ubuntu kernel: [    0.004718]  gran_size: 16M 	chunk_size: 2G 	num_reg: 8  	lose cover RAM: 0G
Apr 14 20:55:49 ubuntu kernel: [    0.004719]  gran_size: 32M 	chunk_size: 32M 	num_reg: 8  	lose cover RAM: 0G
Apr 14 20:55:49 ubuntu kernel: [    0.004722]  gran_size: 32M 	chunk_size: 64M 	num_reg: 8  	lose cover RAM: 0G
Apr 14 20:55:49 ubuntu kernel: [    0.004725]  gran_size: 32M 	chunk_size: 128M 	num_reg: 8  	lose cover RAM: 0G
Apr 14 20:55:49 ubuntu kernel: [    0.004728]  gran_size: 32M 	chunk_size: 256M 	num_reg: 8  	lose cover RAM: 0G
Apr 14 20:55:49 ubuntu kernel: [    0.004731]  gran_size: 32M 	chunk_size: 512M 	num_reg: 8  	lose cover RAM: 0G
Apr 14 20:55:49 ubuntu kernel: [    0.004734]  gran_size: 32M 	chunk_size: 1G 	num_reg: 8  	lose cover RAM: 0G
Apr 14 20:55:49 ubuntu kernel: [    0.004737]  gran_size: 32M 	chunk_size: 2G 	num_reg: 8  	lose cover RAM: 0G
Apr 14 20:55:49 ubuntu kernel: [    0.004740]  gran_size: 64M 	chunk_size: 64M 	num_reg: 8  	lose cover RAM: 0G
Apr 14 20:55:49 ubuntu kernel: [    0.004742]  gran_size: 64M 	chunk_size: 128M 	num_reg: 8  	lose cover RAM: 0G
Apr 14 20:55:49 ubuntu kernel: [    0.004745]  gran_size: 64M 	chunk_size: 256M 	num_reg: 8  	lose cover RAM: 0G
Apr 14 20:55:49 ubuntu kernel: [    0.004748]  gran_size: 64M 	chunk_size: 512M 	num_reg: 8  	lose cover RAM: 0G
Apr 14 20:55:49 ubuntu kernel: [    0.004751]  gran_size: 64M 	chunk_size: 1G 	num_reg: 8  	lose cover RAM: 0G
Apr 14 20:55:49 ubuntu kernel: [    0.004754]  gran_size: 64M 	chunk_size: 2G 	num_reg: 8  	lose cover RAM: 0G
Apr 14 20:55:49 ubuntu kernel: [    0.004757]  gran_size: 128M 	chunk_size: 128M 	num_reg: 8  	lose cover RAM: 0G
Apr 14 20:55:49 ubuntu kernel: [    0.004759]  gran_size: 128M 	chunk_size: 256M 	num_reg: 8  	lose cover RAM: 0G
Apr 14 20:55:49 ubuntu kernel: [    0.004762]  gran_size: 128M 	chunk_size: 512M 	num_reg: 8  	lose cover RAM: 0G
Apr 14 20:55:49 ubuntu kernel: [    0.004765]  gran_size: 128M 	chunk_size: 1G 	num_reg: 8  	lose cover RAM: 0G
Apr 14 20:55:49 ubuntu kernel: [    0.004768]  gran_size: 128M 	chunk_size: 2G 	num_reg: 8  	lose cover RAM: 0G
Apr 14 20:55:49 ubuntu kernel: [    0.004771]  gran_size: 256M 	chunk_size: 256M 	num_reg: 8  	lose cover RAM: 0G
Apr 14 20:55:49 ubuntu kernel: [    0.004774]  gran_size: 256M 	chunk_size: 512M 	num_reg: 8  	lose cover RAM: 0G
Apr 14 20:55:49 ubuntu kernel: [    0.004777]  gran_size: 256M 	chunk_size: 1G 	num_reg: 8  	lose cover RAM: 0G
Apr 14 20:55:49 ubuntu kernel: [    0.004780]  gran_size: 256M 	chunk_size: 2G 	num_reg: 8  	lose cover RAM: 0G
Apr 14 20:55:49 ubuntu kernel: [    0.004783]  gran_size: 512M 	chunk_size: 512M 	num_reg: 8  	lose cover RAM: 0G
Apr 14 20:55:49 ubuntu kernel: [    0.004785]  gran_size: 512M 	chunk_size: 1G 	num_reg: 8  	lose cover RAM: 0G
Apr 14 20:55:49 ubuntu kernel: [    0.004788]  gran_size: 512M 	chunk_size: 2G 	num_reg: 8  	lose cover RAM: 0G
Apr 14 20:55:49 ubuntu kernel: [    0.004791]  gran_size: 1G 	chunk_size: 1G 	num_reg: 8  	lose cover RAM: 0G
Apr 14 20:55:49 ubuntu kernel: [    0.004794]  gran_size: 1G 	chunk_size: 2G 	num_reg: 8  	lose cover RAM: 0G
Apr 14 20:55:49 ubuntu kernel: [    0.004797]  gran_size: 2G 	chunk_size: 2G 	num_reg: 7  	lose cover RAM: 1G
Apr 14 20:55:49 ubuntu kernel: [    0.004799] mtrr_cleanup: can not find optimal value
Apr 14 20:55:49 ubuntu kernel: [    0.004801] please specify mtrr_gran_size/mtrr_chunk_size
Apr 14 20:55:49 ubuntu kernel: [    0.004820] e820: update [mem 0xc0000000-0xffffffff] usable ==> reserved
Apr 14 20:55:49 ubuntu kernel: [    0.004836] last_pfn = 0xc0000 max_arch_pfn = 0x400000000
Apr 14 20:55:49 ubuntu kernel: [    0.026023] found SMP MP-table at [mem 0x000f6a70-0x000f6a7f]
Apr 14 20:55:49 ubuntu kernel: [    0.026082] Using GB pages for direct mapping
Apr 14 20:55:49 ubuntu kernel: [    0.026556] RAMDISK: [mem 0x2f2fd000-0x33975fff]
Apr 14 20:55:49 ubuntu kernel: [    0.026570] ACPI: Early table checksum verification disabled
Apr 14 20:55:49 ubuntu kernel: [    0.026577] ACPI: RSDP 0x00000000000F6A00 000024 (v02 PTLTD )
Apr 14 20:55:49 ubuntu kernel: [    0.026587] ACPI: XSDT 0x00000000BFEDB633 00005C (v01 INTEL  440BX    06040000 VMW  01324272)
Apr 14 20:55:49 ubuntu kernel: [    0.026600] ACPI: FACP 0x00000000BFEFEE73 0000F4 (v04 INTEL  440BX    06040000 PTL  000F4240)
Apr 14 20:55:49 ubuntu kernel: [    0.026620] ACPI: DSDT 0x00000000BFEDD001 021E72 (v01 PTLTD  Custom   06040000 MSFT 03000001)
Apr 14 20:55:49 ubuntu kernel: [    0.026632] ACPI: FACS 0x00000000BFEFFFC0 000040
Apr 14 20:55:49 ubuntu kernel: [    0.026640] ACPI: FACS 0x00000000BFEFFFC0 000040
Apr 14 20:55:49 ubuntu kernel: [    0.026649] ACPI: BOOT 0x00000000BFEDCFB4 000028 (v01 PTLTD  $SBFTBL$ 06040000  LTP 00000001)
Apr 14 20:55:49 ubuntu kernel: [    0.026658] ACPI: APIC 0x00000000BFEDC872 000742 (v01 PTLTD  ? APIC   06040000  LTP 00000000)
Apr 14 20:55:49 ubuntu kernel: [    0.026667] ACPI: MCFG 0x00000000BFEDC836 00003C (v01 PTLTD  $PCITBL$ 06040000  LTP 00000001)
Apr 14 20:55:49 ubuntu kernel: [    0.026676] ACPI: SRAT 0x00000000BFEDB72F 0008D0 (v02 VMWARE MEMPLUG  06040000 VMW  00000001)
Apr 14 20:55:49 ubuntu kernel: [    0.026685] ACPI: HPET 0x00000000BFEDB6F7 000038 (v01 VMWARE VMW HPET 06040000 VMW  00000001)
Apr 14 20:55:49 ubuntu kernel: [    0.026694] ACPI: WAET 0x00000000BFEDB6CF 000028 (v01 VMWARE VMW WAET 06040000 VMW  00000001)
Apr 14 20:55:49 ubuntu kernel: [    0.026700] ACPI: Reserving FACP table memory at [mem 0xbfefee73-0xbfefef66]
Apr 14 20:55:49 ubuntu kernel: [    0.026704] ACPI: Reserving DSDT table memory at [mem 0xbfedd001-0xbfefee72]
Apr 14 20:55:49 ubuntu kernel: [    0.026706] ACPI: Reserving FACS table memory at [mem 0xbfefffc0-0xbfefffff]
Apr 14 20:55:49 ubuntu kernel: [    0.026708] ACPI: Reserving FACS table memory at [mem 0xbfefffc0-0xbfefffff]
Apr 14 20:55:49 ubuntu kernel: [    0.026710] ACPI: Reserving BOOT table memory at [mem 0xbfedcfb4-0xbfedcfdb]
Apr 14 20:55:49 ubuntu kernel: [    0.026711] ACPI: Reserving APIC table memory at [mem 0xbfedc872-0xbfedcfb3]
Apr 14 20:55:49 ubuntu kernel: [    0.026713] ACPI: Reserving MCFG table memory at [mem 0xbfedc836-0xbfedc871]
Apr 14 20:55:49 ubuntu kernel: [    0.026715] ACPI: Reserving SRAT table memory at [mem 0xbfedb72f-0xbfedbffe]
Apr 14 20:55:49 ubuntu kernel: [    0.026717] ACPI: Reserving HPET table memory at [mem 0xbfedb6f7-0xbfedb72e]
Apr 14 20:55:49 ubuntu kernel: [    0.026718] ACPI: Reserving WAET table memory at [mem 0xbfedb6cf-0xbfedb6f6]
Apr 14 20:55:49 ubuntu kernel: [    0.026795] system APIC only can use physical flat
Apr 14 20:55:49 ubuntu kernel: [    0.026797] Setting APIC routing to physical flat.
Apr 14 20:55:49 ubuntu kernel: [    0.027188] SRAT: PXM 0 -> APIC 0x00 -> Node 0
Apr 14 20:55:49 ubuntu kernel: [    0.027192] SRAT: PXM 0 -> APIC 0x01 -> Node 0
Apr 14 20:55:49 ubuntu kernel: [    0.027194] SRAT: PXM 0 -> APIC 0x02 -> Node 0
Apr 14 20:55:49 ubuntu kernel: [    0.027197] SRAT: PXM 0 -> APIC 0x03 -> Node 0
Apr 14 20:55:49 ubuntu kernel: [    0.027199] SRAT: PXM 0 -> APIC 0x04 -> Node 0
Apr 14 20:55:49 ubuntu kernel: [    0.027223] SRAT: PXM 0 -> APIC 0x05 -> Node 0
Apr 14 20:55:49 ubuntu kernel: [    0.027225] SRAT: PXM 0 -> APIC 0x06 -> Node 0
Apr 14 20:55:49 ubuntu kernel: [    0.027226] SRAT: PXM 0 -> APIC 0x07 -> Node 0
Apr 14 20:55:49 ubuntu kernel: [    0.027228] SRAT: PXM 0 -> APIC 0x08 -> Node 0
Apr 14 20:55:49 ubuntu kernel: [    0.027229] SRAT: PXM 0 -> APIC 0x09 -> Node 0
Apr 14 20:55:49 ubuntu kernel: [    0.027231] SRAT: PXM 0 -> APIC 0x0a -> Node 0
Apr 14 20:55:49 ubuntu kernel: [    0.027232] SRAT: PXM 0 -> APIC 0x0b -> Node 0
Apr 14 20:55:49 ubuntu kernel: [    0.027234] SRAT: PXM 0 -> APIC 0x0c -> Node 0
Apr 14 20:55:49 ubuntu kernel: [    0.027235] SRAT: PXM 0 -> APIC 0x0d -> Node 0
Apr 14 20:55:49 ubuntu kernel: [    0.027237] SRAT: PXM 0 -> APIC 0x0e -> Node 0
Apr 14 20:55:49 ubuntu kernel: [    0.027238] SRAT: PXM 0 -> APIC 0x0f -> Node 0
Apr 14 20:55:49 ubuntu kernel: [    0.027239] SRAT: PXM 0 -> APIC 0x10 -> Node 0
Apr 14 20:55:49 ubuntu kernel: [    0.027241] SRAT: PXM 0 -> APIC 0x11 -> Node 0
Apr 14 20:55:49 ubuntu kernel: [    0.027243] SRAT: PXM 0 -> APIC 0x12 -> Node 0
Apr 14 20:55:49 ubuntu kernel: [    0.027244] SRAT: PXM 0 -> APIC 0x13 -> Node 0
Apr 14 20:55:49 ubuntu kernel: [    0.027246] SRAT: PXM 0 -> APIC 0x14 -> Node 0
Apr 14 20:55:49 ubuntu kernel: [    0.027247] SRAT: PXM 0 -> APIC 0x15 -> Node 0
Apr 14 20:55:49 ubuntu kernel: [    0.027249] SRAT: PXM 0 -> APIC 0x16 -> Node 0
Apr 14 20:55:49 ubuntu kernel: [    0.027250] SRAT: PXM 0 -> APIC 0x17 -> Node 0
Apr 14 20:55:49 ubuntu kernel: [    0.027252] SRAT: PXM 0 -> APIC 0x18 -> Node 0
Apr 14 20:55:49 ubuntu kernel: [    0.027253] SRAT: PXM 0 -> APIC 0x19 -> Node 0
Apr 14 20:55:49 ubuntu kernel: [    0.027255] SRAT: PXM 0 -> APIC 0x1a -> Node 0
Apr 14 20:55:49 ubuntu kernel: [    0.027256] SRAT: PXM 0 -> APIC 0x1b -> Node 0
Apr 14 20:55:49 ubuntu kernel: [    0.027258] SRAT: PXM 0 -> APIC 0x1c -> Node 0
Apr 14 20:55:49 ubuntu kernel: [    0.027259] SRAT: PXM 0 -> APIC 0x1d -> Node 0
Apr 14 20:55:49 ubuntu kernel: [    0.027261] SRAT: PXM 0 -> APIC 0x1e -> Node 0
Apr 14 20:55:49 ubuntu kernel: [    0.027262] SRAT: PXM 0 -> APIC 0x1f -> Node 0
Apr 14 20:55:49 ubuntu kernel: [    0.027264] SRAT: PXM 0 -> APIC 0x20 -> Node 0
Apr 14 20:55:49 ubuntu kernel: [    0.027265] SRAT: PXM 0 -> APIC 0x21 -> Node 0
Apr 14 20:55:49 ubuntu kernel: [    0.027267] SRAT: PXM 0 -> APIC 0x22 -> Node 0
Apr 14 20:55:49 ubuntu kernel: [    0.027268] SRAT: PXM 0 -> APIC 0x23 -> Node 0
Apr 14 20:55:49 ubuntu kernel: [    0.027270] SRAT: PXM 0 -> APIC 0x24 -> Node 0
Apr 14 20:55:49 ubuntu kernel: [    0.027271] SRAT: PXM 0 -> APIC 0x25 -> Node 0
Apr 14 20:55:49 ubuntu kernel: [    0.027273] SRAT: PXM 0 -> APIC 0x26 -> Node 0
Apr 14 20:55:49 ubuntu kernel: [    0.027274] SRAT: PXM 0 -> APIC 0x27 -> Node 0
Apr 14 20:55:49 ubuntu kernel: [    0.027276] SRAT: PXM 0 -> APIC 0x28 -> Node 0
Apr 14 20:55:49 ubuntu kernel: [    0.027277] SRAT: PXM 0 -> APIC 0x29 -> Node 0
Apr 14 20:55:49 ubuntu kernel: [    0.027279] SRAT: PXM 0 -> APIC 0x2a -> Node 0
Apr 14 20:55:49 ubuntu kernel: [    0.027280] SRAT: PXM 0 -> APIC 0x2b -> Node 0
Apr 14 20:55:49 ubuntu kernel: [    0.027283] SRAT: PXM 0 -> APIC 0x2c -> Node 0
Apr 14 20:55:49 ubuntu kernel: [    0.027283] SRAT: PXM 0 -> APIC 0x2d -> Node 0
Apr 14 20:55:49 ubuntu kernel: [    0.027284] SRAT: PXM 0 -> APIC 0x2e -> Node 0
Apr 14 20:55:49 ubuntu kernel: [    0.027284] SRAT: PXM 0 -> APIC 0x2f -> Node 0
Apr 14 20:55:49 ubuntu kernel: [    0.027284] SRAT: PXM 0 -> APIC 0x30 -> Node 0
Apr 14 20:55:49 ubuntu kernel: [    0.027285] SRAT: PXM 0 -> APIC 0x31 -> Node 0
Apr 14 20:55:49 ubuntu kernel: [    0.027285] SRAT: PXM 0 -> APIC 0x32 -> Node 0
Apr 14 20:55:49 ubuntu kernel: [    0.027286] SRAT: PXM 0 -> APIC 0x33 -> Node 0
Apr 14 20:55:49 ubuntu kernel: [    0.027286] SRAT: PXM 0 -> APIC 0x34 -> Node 0
Apr 14 20:55:49 ubuntu kernel: [    0.027287] SRAT: PXM 0 -> APIC 0x35 -> Node 0
Apr 14 20:55:49 ubuntu kernel: [    0.027287] SRAT: PXM 0 -> APIC 0x36 -> Node 0
Apr 14 20:55:49 ubuntu kernel: [    0.027288] SRAT: PXM 0 -> APIC 0x37 -> Node 0
Apr 14 20:55:49 ubuntu kernel: [    0.027288] SRAT: PXM 0 -> APIC 0x38 -> Node 0
Apr 14 20:55:49 ubuntu kernel: [    0.027289] SRAT: PXM 0 -> APIC 0x39 -> Node 0
Apr 14 20:55:49 ubuntu kernel: [    0.027289] SRAT: PXM 0 -> APIC 0x3a -> Node 0
Apr 14 20:55:49 ubuntu kernel: [    0.027290] SRAT: PXM 0 -> APIC 0x3b -> Node 0
Apr 14 20:55:49 ubuntu kernel: [    0.027290] SRAT: PXM 0 -> APIC 0x3c -> Node 0
Apr 14 20:55:49 ubuntu kernel: [    0.027291] SRAT: PXM 0 -> APIC 0x3d -> Node 0
Apr 14 20:55:49 ubuntu kernel: [    0.027293] SRAT: PXM 0 -> APIC 0x3e -> Node 0
Apr 14 20:55:49 ubuntu kernel: [    0.027294] SRAT: PXM 0 -> APIC 0x3f -> Node 0
Apr 14 20:55:49 ubuntu kernel: [    0.027296] SRAT: PXM 0 -> APIC 0x40 -> Node 0
Apr 14 20:55:49 ubuntu kernel: [    0.027297] SRAT: PXM 0 -> APIC 0x41 -> Node 0
Apr 14 20:55:49 ubuntu kernel: [    0.027299] SRAT: PXM 0 -> APIC 0x42 -> Node 0
Apr 14 20:55:49 ubuntu kernel: [    0.027300] SRAT: PXM 0 -> APIC 0x43 -> Node 0
Apr 14 20:55:49 ubuntu kernel: [    0.027302] SRAT: PXM 0 -> APIC 0x44 -> Node 0
Apr 14 20:55:49 ubuntu kernel: [    0.027303] SRAT: PXM 0 -> APIC 0x45 -> Node 0
Apr 14 20:55:49 ubuntu kernel: [    0.027305] SRAT: PXM 0 -> APIC 0x46 -> Node 0
Apr 14 20:55:49 ubuntu kernel: [    0.027306] SRAT: PXM 0 -> APIC 0x47 -> Node 0
Apr 14 20:55:49 ubuntu kernel: [    0.027308] SRAT: PXM 0 -> APIC 0x48 -> Node 0
Apr 14 20:55:49 ubuntu kernel: [    0.027309] SRAT: PXM 0 -> APIC 0x49 -> Node 0
Apr 14 20:55:49 ubuntu kernel: [    0.027311] SRAT: PXM 0 -> APIC 0x4a -> Node 0
Apr 14 20:55:49 ubuntu kernel: [    0.027312] SRAT: PXM 0 -> APIC 0x4b -> Node 0
Apr 14 20:55:49 ubuntu kernel: [    0.027314] SRAT: PXM 0 -> APIC 0x4c -> Node 0
Apr 14 20:55:49 ubuntu kernel: [    0.027315] SRAT: PXM 0 -> APIC 0x4d -> Node 0
Apr 14 20:55:49 ubuntu kernel: [    0.027317] SRAT: PXM 0 -> APIC 0x4e -> Node 0
Apr 14 20:55:49 ubuntu kernel: [    0.027318] SRAT: PXM 0 -> APIC 0x4f -> Node 0
Apr 14 20:55:49 ubuntu kernel: [    0.027320] SRAT: PXM 0 -> APIC 0x50 -> Node 0
Apr 14 20:55:49 ubuntu kernel: [    0.027321] SRAT: PXM 0 -> APIC 0x51 -> Node 0
Apr 14 20:55:49 ubuntu kernel: [    0.027323] SRAT: PXM 0 -> APIC 0x52 -> Node 0
Apr 14 20:55:49 ubuntu kernel: [    0.027324] SRAT: PXM 0 -> APIC 0x53 -> Node 0
Apr 14 20:55:49 ubuntu kernel: [    0.027326] SRAT: PXM 0 -> APIC 0x54 -> Node 0
Apr 14 20:55:49 ubuntu kernel: [    0.027327] SRAT: PXM 0 -> APIC 0x55 -> Node 0
Apr 14 20:55:49 ubuntu kernel: [    0.027329] SRAT: PXM 0 -> APIC 0x56 -> Node 0
Apr 14 20:55:49 ubuntu kernel: [    0.027330] SRAT: PXM 0 -> APIC 0x57 -> Node 0
Apr 14 20:55:49 ubuntu kernel: [    0.027332] SRAT: PXM 0 -> APIC 0x58 -> Node 0
Apr 14 20:55:49 ubuntu kernel: [    0.027333] SRAT: PXM 0 -> APIC 0x59 -> Node 0
Apr 14 20:55:49 ubuntu kernel: [    0.027334] SRAT: PXM 0 -> APIC 0x5a -> Node 0
Apr 14 20:55:49 ubuntu kernel: [    0.027336] SRAT: PXM 0 -> APIC 0x5b -> Node 0
Apr 14 20:55:49 ubuntu kernel: [    0.027337] SRAT: PXM 0 -> APIC 0x5c -> Node 0
Apr 14 20:55:49 ubuntu kernel: [    0.027339] SRAT: PXM 0 -> APIC 0x5d -> Node 0
Apr 14 20:55:49 ubuntu kernel: [    0.027340] SRAT: PXM 0 -> APIC 0x5e -> Node 0
Apr 14 20:55:49 ubuntu kernel: [    0.027342] SRAT: PXM 0 -> APIC 0x5f -> Node 0
Apr 14 20:55:49 ubuntu kernel: [    0.027343] SRAT: PXM 0 -> APIC 0x60 -> Node 0
Apr 14 20:55:49 ubuntu kernel: [    0.027345] SRAT: PXM 0 -> APIC 0x61 -> Node 0
Apr 14 20:55:49 ubuntu kernel: [    0.027346] SRAT: PXM 0 -> APIC 0x62 -> Node 0
Apr 14 20:55:49 ubuntu kernel: [    0.027348] SRAT: PXM 0 -> APIC 0x63 -> Node 0
Apr 14 20:55:49 ubuntu kernel: [    0.027349] SRAT: PXM 0 -> APIC 0x64 -> Node 0
Apr 14 20:55:49 ubuntu kernel: [    0.027351] SRAT: PXM 0 -> APIC 0x65 -> Node 0
Apr 14 20:55:49 ubuntu kernel: [    0.027352] SRAT: PXM 0 -> APIC 0x66 -> Node 0
Apr 14 20:55:49 ubuntu kernel: [    0.027354] SRAT: PXM 0 -> APIC 0x67 -> Node 0
Apr 14 20:55:49 ubuntu kernel: [    0.027355] SRAT: PXM 0 -> APIC 0x68 -> Node 0
Apr 14 20:55:49 ubuntu kernel: [    0.027356] SRAT: PXM 0 -> APIC 0x69 -> Node 0
Apr 14 20:55:49 ubuntu kernel: [    0.027358] SRAT: PXM 0 -> APIC 0x6a -> Node 0
Apr 14 20:55:49 ubuntu kernel: [    0.027360] SRAT: PXM 0 -> APIC 0x6b -> Node 0
Apr 14 20:55:49 ubuntu kernel: [    0.027361] SRAT: PXM 0 -> APIC 0x6c -> Node 0
Apr 14 20:55:49 ubuntu kernel: [    0.027362] SRAT: PXM 0 -> APIC 0x6d -> Node 0
Apr 14 20:55:49 ubuntu kernel: [    0.027364] SRAT: PXM 0 -> APIC 0x6e -> Node 0
Apr 14 20:55:49 ubuntu kernel: [    0.027365] SRAT: PXM 0 -> APIC 0x6f -> Node 0
Apr 14 20:55:49 ubuntu kernel: [    0.027367] SRAT: PXM 0 -> APIC 0x70 -> Node 0
Apr 14 20:55:49 ubuntu kernel: [    0.027368] SRAT: PXM 0 -> APIC 0x71 -> Node 0
Apr 14 20:55:49 ubuntu kernel: [    0.027370] SRAT: PXM 0 -> APIC 0x72 -> Node 0
Apr 14 20:55:49 ubuntu kernel: [    0.027371] SRAT: PXM 0 -> APIC 0x73 -> Node 0
Apr 14 20:55:49 ubuntu kernel: [    0.027373] SRAT: PXM 0 -> APIC 0x74 -> Node 0
Apr 14 20:55:49 ubuntu kernel: [    0.027374] SRAT: PXM 0 -> APIC 0x75 -> Node 0
Apr 14 20:55:49 ubuntu kernel: [    0.027376] SRAT: PXM 0 -> APIC 0x76 -> Node 0
Apr 14 20:55:49 ubuntu kernel: [    0.027377] SRAT: PXM 0 -> APIC 0x77 -> Node 0
Apr 14 20:55:49 ubuntu kernel: [    0.027379] SRAT: PXM 0 -> APIC 0x78 -> Node 0
Apr 14 20:55:49 ubuntu kernel: [    0.027380] SRAT: PXM 0 -> APIC 0x79 -> Node 0
Apr 14 20:55:49 ubuntu kernel: [    0.027382] SRAT: PXM 0 -> APIC 0x7a -> Node 0
Apr 14 20:55:49 ubuntu kernel: [    0.027383] SRAT: PXM 0 -> APIC 0x7b -> Node 0
Apr 14 20:55:49 ubuntu kernel: [    0.027385] SRAT: PXM 0 -> APIC 0x7c -> Node 0
Apr 14 20:55:49 ubuntu kernel: [    0.027386] SRAT: PXM 0 -> APIC 0x7d -> Node 0
Apr 14 20:55:49 ubuntu kernel: [    0.027388] SRAT: PXM 0 -> APIC 0x7e -> Node 0
Apr 14 20:55:49 ubuntu kernel: [    0.027389] SRAT: PXM 0 -> APIC 0x7f -> Node 0
Apr 14 20:55:49 ubuntu kernel: [    0.027396] ACPI: SRAT: Node 0 PXM 0 [mem 0x00000000-0x0009ffff]
Apr 14 20:55:49 ubuntu kernel: [    0.027401] ACPI: SRAT: Node 0 PXM 0 [mem 0x00100000-0xbfffffff]
Apr 14 20:55:49 ubuntu kernel: [    0.027404] ACPI: SRAT: Node 0 PXM 0 [mem 0x100000000-0x23fffffff]
Apr 14 20:55:49 ubuntu kernel: [    0.027406] ACPI: SRAT: Node 0 PXM 0 [mem 0x240000000-0x203fffffff] hotplug
Apr 14 20:55:49 ubuntu kernel: [    0.027411] NUMA: Node 0 [mem 0x00000000-0x0009ffff] + [mem 0x00100000-0xbfffffff] -> [mem 0x00000000-0xbfffffff]
Apr 14 20:55:49 ubuntu kernel: [    0.027416] NUMA: Node 0 [mem 0x00000000-0xbfffffff] + [mem 0x100000000-0x23fffffff] -> [mem 0x00000000-0x23fffffff]
Apr 14 20:55:49 ubuntu kernel: [    0.027432] NODE_DATA(0) allocated [mem 0x23ffd4000-0x23fffdfff]
Apr 14 20:55:49 ubuntu kernel: [    0.028056] Zone ranges:
Apr 14 20:55:49 ubuntu kernel: [    0.028058]   DMA      [mem 0x0000000000001000-0x0000000000ffffff]
Apr 14 20:55:49 ubuntu kernel: [    0.028062]   DMA32    [mem 0x0000000001000000-0x00000000ffffffff]
Apr 14 20:55:49 ubuntu kernel: [    0.028066]   Normal   [mem 0x0000000100000000-0x000000023fffffff]
Apr 14 20:55:49 ubuntu kernel: [    0.028068]   Device   empty
Apr 14 20:55:49 ubuntu kernel: [    0.028071] Movable zone start for each node
Apr 14 20:55:49 ubuntu kernel: [    0.028078] Early memory node ranges
Apr 14 20:55:49 ubuntu kernel: [    0.028079]   node   0: [mem 0x0000000000001000-0x000000000009dfff]
Apr 14 20:55:49 ubuntu kernel: [    0.028082]   node   0: [mem 0x0000000000100000-0x00000000bfecffff]
Apr 14 20:55:49 ubuntu kernel: [    0.028084]   node   0: [mem 0x00000000bff00000-0x00000000bfffffff]
Apr 14 20:55:49 ubuntu kernel: [    0.028086]   node   0: [mem 0x0000000100000000-0x000000023fffffff]
Apr 14 20:55:49 ubuntu kernel: [    0.028090] Initmem setup node 0 [mem 0x0000000000001000-0x000000023fffffff]
Apr 14 20:55:49 ubuntu kernel: [    0.028105] On node 0, zone DMA: 1 pages in unavailable ranges
Apr 14 20:55:49 ubuntu kernel: [    0.028292] On node 0, zone DMA: 98 pages in unavailable ranges
Apr 14 20:55:49 ubuntu kernel: [    0.062447] On node 0, zone DMA32: 48 pages in unavailable ranges
Apr 14 20:55:49 ubuntu kernel: [    0.124909] ACPI: PM-Timer IO Port: 0x1008
Apr 14 20:55:49 ubuntu kernel: [    0.124928] system APIC only can use physical flat
Apr 14 20:55:49 ubuntu kernel: [    0.124954] ACPI: LAPIC_NMI (acpi_id[0x00] high edge lint[0x1])
Apr 14 20:55:49 ubuntu kernel: [    0.124959] ACPI: LAPIC_NMI (acpi_id[0x01] high edge lint[0x1])
Apr 14 20:55:49 ubuntu kernel: [    0.124961] ACPI: LAPIC_NMI (acpi_id[0x02] high edge lint[0x1])
Apr 14 20:55:49 ubuntu kernel: [    0.124962] ACPI: LAPIC_NMI (acpi_id[0x03] high edge lint[0x1])
Apr 14 20:55:49 ubuntu kernel: [    0.124964] ACPI: LAPIC_NMI (acpi_id[0x04] high edge lint[0x1])
Apr 14 20:55:49 ubuntu kernel: [    0.124966] ACPI: LAPIC_NMI (acpi_id[0x05] high edge lint[0x1])
Apr 14 20:55:49 ubuntu kernel: [    0.124967] ACPI: LAPIC_NMI (acpi_id[0x06] high edge lint[0x1])
Apr 14 20:55:49 ubuntu kernel: [    0.124969] ACPI: LAPIC_NMI (acpi_id[0x07] high edge lint[0x1])
Apr 14 20:55:49 ubuntu kernel: [    0.124970] ACPI: LAPIC_NMI (acpi_id[0x08] high edge lint[0x1])
Apr 14 20:55:49 ubuntu kernel: [    0.124972] ACPI: LAPIC_NMI (acpi_id[0x09] high edge lint[0x1])
Apr 14 20:55:49 ubuntu kernel: [    0.124974] ACPI: LAPIC_NMI (acpi_id[0x0a] high edge lint[0x1])
Apr 14 20:55:49 ubuntu kernel: [    0.124975] ACPI: LAPIC_NMI (acpi_id[0x0b] high edge lint[0x1])
Apr 14 20:55:49 ubuntu kernel: [    0.124977] ACPI: LAPIC_NMI (acpi_id[0x0c] high edge lint[0x1])
Apr 14 20:55:49 ubuntu kernel: [    0.124978] ACPI: LAPIC_NMI (acpi_id[0x0d] high edge lint[0x1])
Apr 14 20:55:49 ubuntu kernel: [    0.124980] ACPI: LAPIC_NMI (acpi_id[0x0e] high edge lint[0x1])
Apr 14 20:55:49 ubuntu kernel: [    0.124982] ACPI: LAPIC_NMI (acpi_id[0x0f] high edge lint[0x1])
Apr 14 20:55:49 ubuntu kernel: [    0.124983] ACPI: LAPIC_NMI (acpi_id[0x10] high edge lint[0x1])
Apr 14 20:55:49 ubuntu kernel: [    0.124985] ACPI: LAPIC_NMI (acpi_id[0x11] high edge lint[0x1])
Apr 14 20:55:49 ubuntu kernel: [    0.124987] ACPI: LAPIC_NMI (acpi_id[0x12] high edge lint[0x1])
Apr 14 20:55:49 ubuntu kernel: [    0.124988] ACPI: LAPIC_NMI (acpi_id[0x13] high edge lint[0x1])
Apr 14 20:55:49 ubuntu kernel: [    0.124990] ACPI: LAPIC_NMI (acpi_id[0x14] high edge lint[0x1])
Apr 14 20:55:49 ubuntu kernel: [    0.124991] ACPI: LAPIC_NMI (acpi_id[0x15] high edge lint[0x1])
Apr 14 20:55:49 ubuntu kernel: [    0.124993] ACPI: LAPIC_NMI (acpi_id[0x16] high edge lint[0x1])
Apr 14 20:55:49 ubuntu kernel: [    0.124994] ACPI: LAPIC_NMI (acpi_id[0x17] high edge lint[0x1])
Apr 14 20:55:49 ubuntu kernel: [    0.124996] ACPI: LAPIC_NMI (acpi_id[0x18] high edge lint[0x1])
Apr 14 20:55:49 ubuntu kernel: [    0.124998] ACPI: LAPIC_NMI (acpi_id[0x19] high edge lint[0x1])
Apr 14 20:55:49 ubuntu kernel: [    0.124999] ACPI: LAPIC_NMI (acpi_id[0x1a] high edge lint[0x1])
Apr 14 20:55:49 ubuntu kernel: [    0.125001] ACPI: LAPIC_NMI (acpi_id[0x1b] high edge lint[0x1])
Apr 14 20:55:49 ubuntu kernel: [    0.125002] ACPI: LAPIC_NMI (acpi_id[0x1c] high edge lint[0x1])
Apr 14 20:55:49 ubuntu kernel: [    0.125004] ACPI: LAPIC_NMI (acpi_id[0x1d] high edge lint[0x1])
Apr 14 20:55:49 ubuntu kernel: [    0.125005] ACPI: LAPIC_NMI (acpi_id[0x1e] high edge lint[0x1])
Apr 14 20:55:49 ubuntu kernel: [    0.125007] ACPI: LAPIC_NMI (acpi_id[0x1f] high edge lint[0x1])
Apr 14 20:55:49 ubuntu kernel: [    0.125009] ACPI: LAPIC_NMI (acpi_id[0x20] high edge lint[0x1])
Apr 14 20:55:49 ubuntu kernel: [    0.125010] ACPI: LAPIC_NMI (acpi_id[0x21] high edge lint[0x1])
Apr 14 20:55:49 ubuntu kernel: [    0.125012] ACPI: LAPIC_NMI (acpi_id[0x22] high edge lint[0x1])
Apr 14 20:55:49 ubuntu kernel: [    0.125014] ACPI: LAPIC_NMI (acpi_id[0x23] high edge lint[0x1])
Apr 14 20:55:49 ubuntu kernel: [    0.125015] ACPI: LAPIC_NMI (acpi_id[0x24] high edge lint[0x1])
Apr 14 20:55:49 ubuntu kernel: [    0.125017] ACPI: LAPIC_NMI (acpi_id[0x25] high edge lint[0x1])
Apr 14 20:55:49 ubuntu kernel: [    0.125018] ACPI: LAPIC_NMI (acpi_id[0x26] high edge lint[0x1])
Apr 14 20:55:49 ubuntu kernel: [    0.125020] ACPI: LAPIC_NMI (acpi_id[0x27] high edge lint[0x1])
Apr 14 20:55:49 ubuntu kernel: [    0.125021] ACPI: LAPIC_NMI (acpi_id[0x28] high edge lint[0x1])
Apr 14 20:55:49 ubuntu kernel: [    0.125023] ACPI: LAPIC_NMI (acpi_id[0x29] high edge lint[0x1])
Apr 14 20:55:49 ubuntu kernel: [    0.125049] ACPI: LAPIC_NMI (acpi_id[0x2a] high edge lint[0x1])
Apr 14 20:55:49 ubuntu kernel: [    0.125051] ACPI: LAPIC_NMI (acpi_id[0x2b] high edge lint[0x1])
Apr 14 20:55:49 ubuntu kernel: [    0.125053] ACPI: LAPIC_NMI (acpi_id[0x2c] high edge lint[0x1])
Apr 14 20:55:49 ubuntu kernel: [    0.125054] ACPI: LAPIC_NMI (acpi_id[0x2d] high edge lint[0x1])
Apr 14 20:55:49 ubuntu kernel: [    0.125056] ACPI: LAPIC_NMI (acpi_id[0x2e] high edge lint[0x1])
Apr 14 20:55:49 ubuntu kernel: [    0.125057] ACPI: LAPIC_NMI (acpi_id[0x2f] high edge lint[0x1])
Apr 14 20:55:49 ubuntu kernel: [    0.125059] ACPI: LAPIC_NMI (acpi_id[0x30] high edge lint[0x1])
Apr 14 20:55:49 ubuntu kernel: [    0.125061] ACPI: LAPIC_NMI (acpi_id[0x31] high edge lint[0x1])
Apr 14 20:55:49 ubuntu kernel: [    0.125062] ACPI: LAPIC_NMI (acpi_id[0x32] high edge lint[0x1])
Apr 14 20:55:49 ubuntu kernel: [    0.125064] ACPI: LAPIC_NMI (acpi_id[0x33] high edge lint[0x1])
Apr 14 20:55:49 ubuntu kernel: [    0.125065] ACPI: LAPIC_NMI (acpi_id[0x34] high edge lint[0x1])
Apr 14 20:55:49 ubuntu kernel: [    0.125067] ACPI: LAPIC_NMI (acpi_id[0x35] high edge lint[0x1])
Apr 14 20:55:49 ubuntu kernel: [    0.125068] ACPI: LAPIC_NMI (acpi_id[0x36] high edge lint[0x1])
Apr 14 20:55:49 ubuntu kernel: [    0.125070] ACPI: LAPIC_NMI (acpi_id[0x37] high edge lint[0x1])
Apr 14 20:55:49 ubuntu kernel: [    0.125072] ACPI: LAPIC_NMI (acpi_id[0x38] high edge lint[0x1])
Apr 14 20:55:49 ubuntu kernel: [    0.125073] ACPI: LAPIC_NMI (acpi_id[0x39] high edge lint[0x1])
Apr 14 20:55:49 ubuntu kernel: [    0.125075] ACPI: LAPIC_NMI (acpi_id[0x3a] high edge lint[0x1])
Apr 14 20:55:49 ubuntu kernel: [    0.125076] ACPI: LAPIC_NMI (acpi_id[0x3b] high edge lint[0x1])
Apr 14 20:55:49 ubuntu kernel: [    0.125078] ACPI: LAPIC_NMI (acpi_id[0x3c] high edge lint[0x1])
Apr 14 20:55:49 ubuntu kernel: [    0.125079] ACPI: LAPIC_NMI (acpi_id[0x3d] high edge lint[0x1])
Apr 14 20:55:49 ubuntu kernel: [    0.125081] ACPI: LAPIC_NMI (acpi_id[0x3e] high edge lint[0x1])
Apr 14 20:55:49 ubuntu kernel: [    0.125083] ACPI: LAPIC_NMI (acpi_id[0x3f] high edge lint[0x1])
Apr 14 20:55:49 ubuntu kernel: [    0.125084] ACPI: LAPIC_NMI (acpi_id[0x40] high edge lint[0x1])
Apr 14 20:55:49 ubuntu kernel: [    0.125086] ACPI: LAPIC_NMI (acpi_id[0x41] high edge lint[0x1])
Apr 14 20:55:49 ubuntu kernel: [    0.125088] ACPI: LAPIC_NMI (acpi_id[0x42] high edge lint[0x1])
Apr 14 20:55:49 ubuntu kernel: [    0.125089] ACPI: LAPIC_NMI (acpi_id[0x43] high edge lint[0x1])
Apr 14 20:55:49 ubuntu kernel: [    0.125091] ACPI: LAPIC_NMI (acpi_id[0x44] high edge lint[0x1])
Apr 14 20:55:49 ubuntu kernel: [    0.125092] ACPI: LAPIC_NMI (acpi_id[0x45] high edge lint[0x1])
Apr 14 20:55:49 ubuntu kernel: [    0.125094] ACPI: LAPIC_NMI (acpi_id[0x46] high edge lint[0x1])
Apr 14 20:55:49 ubuntu kernel: [    0.125095] ACPI: LAPIC_NMI (acpi_id[0x47] high edge lint[0x1])
Apr 14 20:55:49 ubuntu kernel: [    0.125097] ACPI: LAPIC_NMI (acpi_id[0x48] high edge lint[0x1])
Apr 14 20:55:49 ubuntu kernel: [    0.125099] ACPI: LAPIC_NMI (acpi_id[0x49] high edge lint[0x1])
Apr 14 20:55:49 ubuntu kernel: [    0.125101] ACPI: LAPIC_NMI (acpi_id[0x4a] high edge lint[0x1])
Apr 14 20:55:49 ubuntu kernel: [    0.125102] ACPI: LAPIC_NMI (acpi_id[0x4b] high edge lint[0x1])
Apr 14 20:55:49 ubuntu kernel: [    0.125104] ACPI: LAPIC_NMI (acpi_id[0x4c] high edge lint[0x1])
Apr 14 20:55:49 ubuntu kernel: [    0.125105] ACPI: LAPIC_NMI (acpi_id[0x4d] high edge lint[0x1])
Apr 14 20:55:49 ubuntu kernel: [    0.125107] ACPI: LAPIC_NMI (acpi_id[0x4e] high edge lint[0x1])
Apr 14 20:55:49 ubuntu kernel: [    0.125109] ACPI: LAPIC_NMI (acpi_id[0x4f] high edge lint[0x1])
Apr 14 20:55:49 ubuntu kernel: [    0.125110] ACPI: LAPIC_NMI (acpi_id[0x50] high edge lint[0x1])
Apr 14 20:55:49 ubuntu kernel: [    0.125112] ACPI: LAPIC_NMI (acpi_id[0x51] high edge lint[0x1])
Apr 14 20:55:49 ubuntu kernel: [    0.125113] ACPI: LAPIC_NMI (acpi_id[0x52] high edge lint[0x1])
Apr 14 20:55:49 ubuntu kernel: [    0.125115] ACPI: LAPIC_NMI (acpi_id[0x53] high edge lint[0x1])
Apr 14 20:55:49 ubuntu kernel: [    0.125117] ACPI: LAPIC_NMI (acpi_id[0x54] high edge lint[0x1])
Apr 14 20:55:49 ubuntu kernel: [    0.125118] ACPI: LAPIC_NMI (acpi_id[0x55] high edge lint[0x1])
Apr 14 20:55:49 ubuntu kernel: [    0.125120] ACPI: LAPIC_NMI (acpi_id[0x56] high edge lint[0x1])
Apr 14 20:55:49 ubuntu kernel: [    0.125121] ACPI: LAPIC_NMI (acpi_id[0x57] high edge lint[0x1])
Apr 14 20:55:49 ubuntu kernel: [    0.125123] ACPI: LAPIC_NMI (acpi_id[0x58] high edge lint[0x1])
Apr 14 20:55:49 ubuntu kernel: [    0.125124] ACPI: LAPIC_NMI (acpi_id[0x59] high edge lint[0x1])
Apr 14 20:55:49 ubuntu kernel: [    0.125126] ACPI: LAPIC_NMI (acpi_id[0x5a] high edge lint[0x1])
Apr 14 20:55:49 ubuntu kernel: [    0.125128] ACPI: LAPIC_NMI (acpi_id[0x5b] high edge lint[0x1])
Apr 14 20:55:49 ubuntu kernel: [    0.125129] ACPI: LAPIC_NMI (acpi_id[0x5c] high edge lint[0x1])
Apr 14 20:55:49 ubuntu kernel: [    0.125131] ACPI: LAPIC_NMI (acpi_id[0x5d] high edge lint[0x1])
Apr 14 20:55:49 ubuntu kernel: [    0.125132] ACPI: LAPIC_NMI (acpi_id[0x5e] high edge lint[0x1])
Apr 14 20:55:49 ubuntu kernel: [    0.125134] ACPI: LAPIC_NMI (acpi_id[0x5f] high edge lint[0x1])
Apr 14 20:55:49 ubuntu kernel: [    0.125136] ACPI: LAPIC_NMI (acpi_id[0x60] high edge lint[0x1])
Apr 14 20:55:49 ubuntu kernel: [    0.125137] ACPI: LAPIC_NMI (acpi_id[0x61] high edge lint[0x1])
Apr 14 20:55:49 ubuntu kernel: [    0.125139] ACPI: LAPIC_NMI (acpi_id[0x62] high edge lint[0x1])
Apr 14 20:55:49 ubuntu kernel: [    0.125141] ACPI: LAPIC_NMI (acpi_id[0x63] high edge lint[0x1])
Apr 14 20:55:49 ubuntu kernel: [    0.125142] ACPI: LAPIC_NMI (acpi_id[0x64] high edge lint[0x1])
Apr 14 20:55:49 ubuntu kernel: [    0.125144] ACPI: LAPIC_NMI (acpi_id[0x65] high edge lint[0x1])
Apr 14 20:55:49 ubuntu kernel: [    0.125145] ACPI: LAPIC_NMI (acpi_id[0x66] high edge lint[0x1])
Apr 14 20:55:49 ubuntu kernel: [    0.125147] ACPI: LAPIC_NMI (acpi_id[0x67] high edge lint[0x1])
Apr 14 20:55:49 ubuntu kernel: [    0.125149] ACPI: LAPIC_NMI (acpi_id[0x68] high edge lint[0x1])
Apr 14 20:55:49 ubuntu kernel: [    0.125150] ACPI: LAPIC_NMI (acpi_id[0x69] high edge lint[0x1])
Apr 14 20:55:49 ubuntu kernel: [    0.125152] ACPI: LAPIC_NMI (acpi_id[0x6a] high edge lint[0x1])
Apr 14 20:55:49 ubuntu kernel: [    0.125153] ACPI: LAPIC_NMI (acpi_id[0x6b] high edge lint[0x1])
Apr 14 20:55:49 ubuntu kernel: [    0.125155] ACPI: LAPIC_NMI (acpi_id[0x6c] high edge lint[0x1])
Apr 14 20:55:49 ubuntu kernel: [    0.125157] ACPI: LAPIC_NMI (acpi_id[0x6d] high edge lint[0x1])
Apr 14 20:55:49 ubuntu kernel: [    0.125158] ACPI: LAPIC_NMI (acpi_id[0x6e] high edge lint[0x1])
Apr 14 20:55:49 ubuntu kernel: [    0.125160] ACPI: LAPIC_NMI (acpi_id[0x6f] high edge lint[0x1])
Apr 14 20:55:49 ubuntu kernel: [    0.125161] ACPI: LAPIC_NMI (acpi_id[0x70] high edge lint[0x1])
Apr 14 20:55:49 ubuntu kernel: [    0.125163] ACPI: LAPIC_NMI (acpi_id[0x71] high edge lint[0x1])
Apr 14 20:55:49 ubuntu kernel: [    0.125165] ACPI: LAPIC_NMI (acpi_id[0x72] high edge lint[0x1])
Apr 14 20:55:49 ubuntu kernel: [    0.125166] ACPI: LAPIC_NMI (acpi_id[0x73] high edge lint[0x1])
Apr 14 20:55:49 ubuntu kernel: [    0.125168] ACPI: LAPIC_NMI (acpi_id[0x74] high edge lint[0x1])
Apr 14 20:55:49 ubuntu kernel: [    0.125169] ACPI: LAPIC_NMI (acpi_id[0x75] high edge lint[0x1])
Apr 14 20:55:49 ubuntu kernel: [    0.125171] ACPI: LAPIC_NMI (acpi_id[0x76] high edge lint[0x1])
Apr 14 20:55:49 ubuntu kernel: [    0.125173] ACPI: LAPIC_NMI (acpi_id[0x77] high edge lint[0x1])
Apr 14 20:55:49 ubuntu kernel: [    0.125174] ACPI: LAPIC_NMI (acpi_id[0x78] high edge lint[0x1])
Apr 14 20:55:49 ubuntu kernel: [    0.125176] ACPI: LAPIC_NMI (acpi_id[0x79] high edge lint[0x1])
Apr 14 20:55:49 ubuntu kernel: [    0.125177] ACPI: LAPIC_NMI (acpi_id[0x7a] high edge lint[0x1])
Apr 14 20:55:49 ubuntu kernel: [    0.125179] ACPI: LAPIC_NMI (acpi_id[0x7b] high edge lint[0x1])
Apr 14 20:55:49 ubuntu kernel: [    0.125181] ACPI: LAPIC_NMI (acpi_id[0x7c] high edge lint[0x1])
Apr 14 20:55:49 ubuntu kernel: [    0.125182] ACPI: LAPIC_NMI (acpi_id[0x7d] high edge lint[0x1])
Apr 14 20:55:49 ubuntu kernel: [    0.125184] ACPI: LAPIC_NMI (acpi_id[0x7e] high edge lint[0x1])
Apr 14 20:55:49 ubuntu kernel: [    0.125185] ACPI: LAPIC_NMI (acpi_id[0x7f] high edge lint[0x1])
Apr 14 20:55:49 ubuntu kernel: [    0.125283] IOAPIC[0]: apic_id 128, version 32, address 0xfec00000, GSI 0-23
Apr 14 20:55:49 ubuntu kernel: [    0.125294] ACPI: INT_SRC_OVR (bus 0 bus_irq 0 global_irq 2 high edge)
Apr 14 20:55:49 ubuntu kernel: [    0.125308] ACPI: Using ACPI (MADT) for SMP configuration information
Apr 14 20:55:49 ubuntu kernel: [    0.125311] ACPI: HPET id: 0x8086af01 base: 0xfed00000
Apr 14 20:55:49 ubuntu kernel: [    0.125322] TSC deadline timer available
Apr 14 20:55:49 ubuntu kernel: [    0.125325] smpboot: Allowing 128 CPUs, 126 hotplug CPUs
Apr 14 20:55:49 ubuntu kernel: [    0.125359] PM: hibernation: Registered nosave memory: [mem 0x00000000-0x00000fff]
Apr 14 20:55:49 ubuntu kernel: [    0.125364] PM: hibernation: Registered nosave memory: [mem 0x0009e000-0x0009efff]
Apr 14 20:55:49 ubuntu kernel: [    0.125366] PM: hibernation: Registered nosave memory: [mem 0x0009f000-0x0009ffff]
Apr 14 20:55:49 ubuntu kernel: [    0.125368] PM: hibernation: Registered nosave memory: [mem 0x000a0000-0x000dbfff]
Apr 14 20:55:49 ubuntu kernel: [    0.125369] PM: hibernation: Registered nosave memory: [mem 0x000dc000-0x000fffff]
Apr 14 20:55:49 ubuntu kernel: [    0.125372] PM: hibernation: Registered nosave memory: [mem 0xbfed0000-0xbfefefff]
Apr 14 20:55:49 ubuntu kernel: [    0.125374] PM: hibernation: Registered nosave memory: [mem 0xbfeff000-0xbfefffff]
Apr 14 20:55:49 ubuntu kernel: [    0.125376] PM: hibernation: Registered nosave memory: [mem 0xc0000000-0xefffffff]
Apr 14 20:55:49 ubuntu kernel: [    0.125378] PM: hibernation: Registered nosave memory: [mem 0xf0000000-0xf7ffffff]
Apr 14 20:55:49 ubuntu kernel: [    0.125380] PM: hibernation: Registered nosave memory: [mem 0xf8000000-0xfebfffff]
Apr 14 20:55:49 ubuntu kernel: [    0.125381] PM: hibernation: Registered nosave memory: [mem 0xfec00000-0xfec0ffff]
Apr 14 20:55:49 ubuntu kernel: [    0.125383] PM: hibernation: Registered nosave memory: [mem 0xfec10000-0xfedfffff]
Apr 14 20:55:49 ubuntu kernel: [    0.125384] PM: hibernation: Registered nosave memory: [mem 0xfee00000-0xfee00fff]
Apr 14 20:55:49 ubuntu kernel: [    0.125385] PM: hibernation: Registered nosave memory: [mem 0xfee01000-0xfffdffff]
Apr 14 20:55:49 ubuntu kernel: [    0.125387] PM: hibernation: Registered nosave memory: [mem 0xfffe0000-0xffffffff]
Apr 14 20:55:49 ubuntu kernel: [    0.125390] [mem 0xc0000000-0xefffffff] available for PCI devices
Apr 14 20:55:49 ubuntu kernel: [    0.125393] Booting paravirtualized kernel on VMware hypervisor
Apr 14 20:55:49 ubuntu kernel: [    0.125398] clocksource: refined-jiffies: mask: 0xffffffff max_cycles: 0xffffffff, max_idle_ns: 7645519600211568 ns
Apr 14 20:55:49 ubuntu kernel: [    0.125412] setup_percpu: NR_CPUS:8192 nr_cpumask_bits:128 nr_cpu_ids:128 nr_node_ids:1
Apr 14 20:55:49 ubuntu kernel: [    0.151308] percpu: Embedded 60 pages/cpu s208896 r8192 d28672 u262144
Apr 14 20:55:49 ubuntu kernel: [    0.151336] pcpu-alloc: s208896 r8192 d28672 u262144 alloc=1*2097152
Apr 14 20:55:49 ubuntu kernel: [    0.151343] pcpu-alloc: [0] 000 001 002 003 004 005 006 007 
Apr 14 20:55:49 ubuntu kernel: [    0.151355] pcpu-alloc: [0] 008 009 010 011 012 013 014 015 
Apr 14 20:55:49 ubuntu kernel: [    0.151366] pcpu-alloc: [0] 016 017 018 019 020 021 022 023 
Apr 14 20:55:49 ubuntu kernel: [    0.151376] pcpu-alloc: [0] 024 025 026 027 028 029 030 031 
Apr 14 20:55:49 ubuntu kernel: [    0.151385] pcpu-alloc: [0] 032 033 034 035 036 037 038 039 
Apr 14 20:55:49 ubuntu kernel: [    0.151395] pcpu-alloc: [0] 040 041 042 043 044 045 046 047 
Apr 14 20:55:49 ubuntu kernel: [    0.151405] pcpu-alloc: [0] 048 049 050 051 052 053 054 055 
Apr 14 20:55:49 ubuntu kernel: [    0.151414] pcpu-alloc: [0] 056 057 058 059 060 061 062 063 
Apr 14 20:55:49 ubuntu kernel: [    0.151424] pcpu-alloc: [0] 064 065 066 067 068 069 070 071 
Apr 14 20:55:49 ubuntu kernel: [    0.151434] pcpu-alloc: [0] 072 073 074 075 076 077 078 079 
Apr 14 20:55:49 ubuntu kernel: [    0.151444] pcpu-alloc: [0] 080 081 082 083 084 085 086 087 
Apr 14 20:55:49 ubuntu kernel: [    0.151453] pcpu-alloc: [0] 088 089 090 091 092 093 094 095 
Apr 14 20:55:49 ubuntu kernel: [    0.151463] pcpu-alloc: [0] 096 097 098 099 100 101 102 103 
Apr 14 20:55:49 ubuntu kernel: [    0.151473] pcpu-alloc: [0] 104 105 106 107 108 109 110 111 
Apr 14 20:55:49 ubuntu kernel: [    0.151483] pcpu-alloc: [0] 112 113 114 115 116 117 118 119 
Apr 14 20:55:49 ubuntu kernel: [    0.151493] pcpu-alloc: [0] 120 121 122 123 124 125 126 127 
Apr 14 20:55:49 ubuntu kernel: [    0.151586] Built 1 zonelists, mobility grouping on.  Total pages: 2064080
Apr 14 20:55:49 ubuntu kernel: [    0.151590] Policy zone: Normal
Apr 14 20:55:49 ubuntu kernel: [    0.151594] Kernel command line: BOOT_IMAGE=/boot/vmlinuz-5.15.0-69-generic root=UUID=477f5a7d-cddf-4e43-afe1-cd3b20500e86 ro find_preseed=/preseed.cfg auto noprompt priority=critical locale=en_US quiet
Apr 14 20:55:49 ubuntu kernel: [    0.151907] Unknown kernel command line parameters "auto noprompt BOOT_IMAGE=/boot/vmlinuz-5.15.0-69-generic find_preseed=/preseed.cfg priority=critical locale=en_US", will be passed to user space.
Apr 14 20:55:49 ubuntu kernel: [    0.151911] printk: log_buf_len individual max cpu contribution: 4096 bytes
Apr 14 20:55:49 ubuntu kernel: [    0.151913] printk: log_buf_len total cpu_extra contributions: 520192 bytes
Apr 14 20:55:49 ubuntu kernel: [    0.151915] printk: log_buf_len min size: 262144 bytes
Apr 14 20:55:49 ubuntu kernel: [    0.155807] printk: log_buf_len: 1048576 bytes
Apr 14 20:55:49 ubuntu kernel: [    0.155811] printk: early log buf free: 226592(86%)
Apr 14 20:55:49 ubuntu kernel: [    0.161602] Dentry cache hash table entries: 1048576 (order: 11, 8388608 bytes, linear)
Apr 14 20:55:49 ubuntu kernel: [    0.164502] Inode-cache hash table entries: 524288 (order: 10, 4194304 bytes, linear)
Apr 14 20:55:49 ubuntu kernel: [    0.170411] mem auto-init: stack:off, heap alloc:on, heap free:off
Apr 14 20:55:49 ubuntu kernel: [    0.231876] Memory: 8024552K/8388020K available (16393K kernel code, 4377K rwdata, 10808K rodata, 3244K init, 6560K bss, 363208K reserved, 0K cma-reserved)
Apr 14 20:55:49 ubuntu kernel: [    0.233439] SLUB: HWalign=64, Order=0-3, MinObjects=0, CPUs=128, Nodes=1
Apr 14 20:55:49 ubuntu kernel: [    0.233512] ftrace: allocating 50072 entries in 196 pages
Apr 14 20:55:49 ubuntu kernel: [    0.297908] ftrace: allocated 196 pages with 3 groups
Apr 14 20:55:49 ubuntu kernel: [    0.299372] rcu: Hierarchical RCU implementation.
Apr 14 20:55:49 ubuntu kernel: [    0.299376] rcu: 	RCU restricting CPUs from NR_CPUS=8192 to nr_cpu_ids=128.
Apr 14 20:55:49 ubuntu kernel: [    0.299380] 	Rude variant of Tasks RCU enabled.
Apr 14 20:55:49 ubuntu kernel: [    0.299381] 	Tracing variant of Tasks RCU enabled.
Apr 14 20:55:49 ubuntu kernel: [    0.299383] rcu: RCU calculated value of scheduler-enlistment delay is 25 jiffies.
Apr 14 20:55:49 ubuntu kernel: [    0.299384] rcu: Adjusting geometry for rcu_fanout_leaf=16, nr_cpu_ids=128
Apr 14 20:55:49 ubuntu kernel: [    0.308273] NR_IRQS: 524544, nr_irqs: 1448, preallocated irqs: 16
Apr 14 20:55:49 ubuntu kernel: [    0.309475] random: crng init done
Apr 14 20:55:49 ubuntu kernel: [    0.314451] Console: colour VGA+ 80x25
Apr 14 20:55:49 ubuntu kernel: [    0.314479] printk: console [tty0] enabled
Apr 14 20:55:49 ubuntu kernel: [    0.314566] ACPI: Core revision 20210730
Apr 14 20:55:49 ubuntu kernel: [    0.314981] clocksource: hpet: mask: 0xffffffff max_cycles: 0xffffffff, max_idle_ns: 133484882848 ns
Apr 14 20:55:49 ubuntu kernel: [    0.315218] APIC: Switch to symmetric I/O mode setup
Apr 14 20:55:49 ubuntu kernel: [    0.315459] x2apic enabled
Apr 14 20:55:49 ubuntu kernel: [    0.315693] Switched APIC routing to physical x2apic.
Apr 14 20:55:49 ubuntu kernel: [    0.318196] ..TIMER: vector=0x30 apic1=0 pin1=2 apic2=-1 pin2=-1
Apr 14 20:55:49 ubuntu kernel: [    0.318263] clocksource: tsc-early: mask: 0xffffffffffffffff max_cycles: 0x2cd5a54b937, max_idle_ns: 440795309664 ns
Apr 14 20:55:49 ubuntu kernel: [    0.318276] Calibrating delay loop (skipped) preset value.. 6220.79 BogoMIPS (lpj=12441588)
Apr 14 20:55:49 ubuntu kernel: [    0.318281] pid_max: default: 131072 minimum: 1024
Apr 14 20:55:49 ubuntu kernel: [    0.318459] LSM: Security Framework initializing
Apr 14 20:55:49 ubuntu kernel: [    0.318489] landlock: Up and running.
Apr 14 20:55:49 ubuntu kernel: [    0.318490] Yama: becoming mindful.
Apr 14 20:55:49 ubuntu kernel: [    0.318573] AppArmor: AppArmor initialized
Apr 14 20:55:49 ubuntu kernel: [    0.318785] Mount-cache hash table entries: 16384 (order: 5, 131072 bytes, linear)
Apr 14 20:55:49 ubuntu kernel: [    0.318872] Mountpoint-cache hash table entries: 16384 (order: 5, 131072 bytes, linear)
Apr 14 20:55:49 ubuntu kernel: [    0.322360] x86/cpu: User Mode Instruction Prevention (UMIP) activated
Apr 14 20:55:49 ubuntu kernel: [    0.322517] Last level iTLB entries: 4KB 0, 2MB 0, 4MB 0
Apr 14 20:55:49 ubuntu kernel: [    0.322520] Last level dTLB entries: 4KB 0, 2MB 0, 4MB 0, 1GB 0
Apr 14 20:55:49 ubuntu kernel: [    0.322530] Spectre V1 : Mitigation: usercopy/swapgs barriers and __user pointer sanitization
Apr 14 20:55:49 ubuntu kernel: [    0.322534] Spectre V2 : Mitigation: Enhanced IBRS
Apr 14 20:55:49 ubuntu kernel: [    0.322536] Spectre V2 : Spectre v2 / SpectreRSB mitigation: Filling RSB on context switch
Apr 14 20:55:49 ubuntu kernel: [    0.322537] Spectre V2 : Spectre v2 / PBRSB-eIBRS: Retire a single CALL on VMEXIT
Apr 14 20:55:49 ubuntu kernel: [    0.322540] Spectre V2 : mitigation: Enabling conditional Indirect Branch Prediction Barrier
Apr 14 20:55:49 ubuntu kernel: [    0.322542] Speculative Store Bypass: Mitigation: Speculative Store Bypass disabled via prctl and seccomp
Apr 14 20:55:49 ubuntu kernel: [    0.369978] Freeing SMP alternatives memory: 40K
Apr 14 20:55:49 ubuntu kernel: [    0.370717] smpboot: CPU0: 11th Gen Intel(R) Core(TM) i5-11300H @ 3.10GHz (family: 0x6, model: 0x8c, stepping: 0x1)
Apr 14 20:55:49 ubuntu kernel: [    0.371251] Performance Events: Icelake events, core PMU driver.
Apr 14 20:55:49 ubuntu kernel: [    0.371357] core: CPUID marked event: 'cpu cycles' unavailable
Apr 14 20:55:49 ubuntu kernel: [    0.371359] core: CPUID marked event: 'instructions' unavailable
Apr 14 20:55:49 ubuntu kernel: [    0.371360] core: CPUID marked event: 'bus cycles' unavailable
Apr 14 20:55:49 ubuntu kernel: [    0.371361] core: CPUID marked event: 'cache references' unavailable
Apr 14 20:55:49 ubuntu kernel: [    0.371362] core: CPUID marked event: 'cache misses' unavailable
Apr 14 20:55:49 ubuntu kernel: [    0.371363] core: CPUID marked event: 'branch instructions' unavailable
Apr 14 20:55:49 ubuntu kernel: [    0.371365] core: CPUID marked event: 'branch misses' unavailable
Apr 14 20:55:49 ubuntu kernel: [    0.371369] ... version:                1
Apr 14 20:55:49 ubuntu kernel: [    0.371370] ... bit width:              48
Apr 14 20:55:49 ubuntu kernel: [    0.371372] ... generic registers:      8
Apr 14 20:55:49 ubuntu kernel: [    0.371373] ... value mask:             0000ffffffffffff
Apr 14 20:55:49 ubuntu kernel: [    0.371375] ... max period:             000000007fffffff
Apr 14 20:55:49 ubuntu kernel: [    0.371376] ... fixed-purpose events:   0
Apr 14 20:55:49 ubuntu kernel: [    0.371377] ... event mask:             0000000f000000ff
Apr 14 20:55:49 ubuntu kernel: [    0.371657] rcu: Hierarchical SRCU implementation.
Apr 14 20:55:49 ubuntu kernel: [    0.372587] NMI watchdog: Perf NMI watchdog permanently disabled
Apr 14 20:55:49 ubuntu kernel: [    0.376762] smp: Bringing up secondary CPUs ...
Apr 14 20:55:49 ubuntu kernel: [    0.377116] x86: Booting SMP configuration:
Apr 14 20:55:49 ubuntu kernel: [    0.377118] .... node  #0, CPUs:          #1
Apr 14 20:55:49 ubuntu kernel: [    0.378694] smp: Brought up 1 node, 2 CPUs
Apr 14 20:55:49 ubuntu kernel: [    0.378694] smpboot: Max logical packages: 64
Apr 14 20:55:49 ubuntu kernel: [    0.378694] smpboot: Total of 2 processors activated (12441.58 BogoMIPS)
Apr 14 20:55:49 ubuntu kernel: [    0.379146] devtmpfs: initialized
Apr 14 20:55:49 ubuntu kernel: [    0.379146] x86/mm: Memory block size: 128MB
Apr 14 20:55:49 ubuntu kernel: [    0.379146] ACPI: PM: Registering ACPI NVS region [mem 0xbfeff000-0xbfefffff] (4096 bytes)
Apr 14 20:55:49 ubuntu kernel: [    0.379146] clocksource: jiffies: mask: 0xffffffff max_cycles: 0xffffffff, max_idle_ns: 7645041785100000 ns
Apr 14 20:55:49 ubuntu kernel: [    0.379345] futex hash table entries: 32768 (order: 9, 2097152 bytes, linear)
Apr 14 20:55:49 ubuntu kernel: [    0.379614] pinctrl core: initialized pinctrl subsystem
Apr 14 20:55:49 ubuntu kernel: [    0.382278] PM: RTC time: 12:55:19, date: 2023-04-14
Apr 14 20:55:49 ubuntu kernel: [    0.382695] NET: Registered PF_NETLINK/PF_ROUTE protocol family
Apr 14 20:55:49 ubuntu kernel: [    0.383257] DMA: preallocated 1024 KiB GFP_KERNEL pool for atomic allocations
Apr 14 20:55:49 ubuntu kernel: [    0.383732] DMA: preallocated 1024 KiB GFP_KERNEL|GFP_DMA pool for atomic allocations
Apr 14 20:55:49 ubuntu kernel: [    0.383807] DMA: preallocated 1024 KiB GFP_KERNEL|GFP_DMA32 pool for atomic allocations
Apr 14 20:55:49 ubuntu kernel: [    0.383814] audit: initializing netlink subsys (disabled)
Apr 14 20:55:49 ubuntu kernel: [    0.383857] audit: type=2000 audit(1681476919.068:1): state=initialized audit_enabled=0 res=1
Apr 14 20:55:49 ubuntu kernel: [    0.383857] thermal_sys: Registered thermal governor 'fair_share'
Apr 14 20:55:49 ubuntu kernel: [    0.383857] thermal_sys: Registered thermal governor 'bang_bang'
Apr 14 20:55:49 ubuntu kernel: [    0.383857] thermal_sys: Registered thermal governor 'step_wise'
Apr 14 20:55:49 ubuntu kernel: [    0.383857] thermal_sys: Registered thermal governor 'user_space'
Apr 14 20:55:49 ubuntu kernel: [    0.383857] thermal_sys: Registered thermal governor 'power_allocator'
Apr 14 20:55:49 ubuntu kernel: [    0.383857] EISA bus registered
Apr 14 20:55:49 ubuntu kernel: [    0.383857] cpuidle: using governor ladder
Apr 14 20:55:49 ubuntu kernel: [    0.383857] cpuidle: using governor menu
Apr 14 20:55:49 ubuntu kernel: [    0.383857] Simple Boot Flag at 0x36 set to 0x80
Apr 14 20:55:49 ubuntu kernel: [    0.383857] ACPI: bus type PCI registered
Apr 14 20:55:49 ubuntu kernel: [    0.383857] acpiphp: ACPI Hot Plug PCI Controller Driver version: 0.5
Apr 14 20:55:49 ubuntu kernel: [    0.383857] PCI: MMCONFIG for domain 0000 [bus 00-7f] at [mem 0xf0000000-0xf7ffffff] (base 0xf0000000)
Apr 14 20:55:49 ubuntu kernel: [    0.383857] PCI: MMCONFIG at [mem 0xf0000000-0xf7ffffff] reserved in E820
Apr 14 20:55:49 ubuntu kernel: [    0.383857] pmd_set_huge: Cannot satisfy [mem 0xf0000000-0xf0200000] with a huge-page mapping due to MTRR override.
Apr 14 20:55:49 ubuntu kernel: [    0.383857] PCI: Using configuration type 1 for base access
Apr 14 20:55:49 ubuntu kernel: [    0.383857] Kprobes globally optimized
Apr 14 20:55:49 ubuntu kernel: [    0.386345] HugeTLB registered 1.00 GiB page size, pre-allocated 0 pages
Apr 14 20:55:49 ubuntu kernel: [    0.386345] HugeTLB registered 2.00 MiB page size, pre-allocated 0 pages
Apr 14 20:55:49 ubuntu kernel: [    0.398995] ACPI: Added _OSI(Module Device)
Apr 14 20:55:49 ubuntu kernel: [    0.398998] ACPI: Added _OSI(Processor Device)
Apr 14 20:55:49 ubuntu kernel: [    0.398999] ACPI: Added _OSI(3.0 _SCP Extensions)
Apr 14 20:55:49 ubuntu kernel: [    0.399000] ACPI: Added _OSI(Processor Aggregator Device)
Apr 14 20:55:49 ubuntu kernel: [    0.399002] ACPI: Added _OSI(Linux-Dell-Video)
Apr 14 20:55:49 ubuntu kernel: [    0.399004] ACPI: Added _OSI(Linux-Lenovo-NV-HDMI-Audio)
Apr 14 20:55:49 ubuntu kernel: [    0.399006] ACPI: Added _OSI(Linux-HPI-Hybrid-Graphics)
Apr 14 20:55:49 ubuntu kernel: [    0.456263] ACPI: 1 ACPI AML tables successfully acquired and loaded
Apr 14 20:55:49 ubuntu kernel: [    0.458864] ACPI: [Firmware Bug]: BIOS _OSI(Linux) query ignored
Apr 14 20:55:49 ubuntu kernel: [    0.514239] ACPI: Interpreter enabled
Apr 14 20:55:49 ubuntu kernel: [    0.514268] ACPI: PM: (supports S0 S1 S4 S5)
Apr 14 20:55:49 ubuntu kernel: [    0.514269] ACPI: Using IOAPIC for interrupt routing
Apr 14 20:55:49 ubuntu kernel: [    0.514269] PCI: Using host bridge windows from ACPI; if necessary, use "pci=nocrs" and report a bug
Apr 14 20:55:49 ubuntu kernel: [    0.514269] PCI: Using E820 reservations for host bridge windows
Apr 14 20:55:49 ubuntu kernel: [    0.517117] ACPI: Enabled 4 GPEs in block 00 to 0F
Apr 14 20:55:49 ubuntu kernel: [    0.817906] ACPI: PCI Root Bridge [PCI0] (domain 0000 [bus 00-7f])
Apr 14 20:55:49 ubuntu kernel: [    0.817922] acpi PNP0A03:00: _OSC: OS supports [ExtendedConfig ASPM ClockPM Segments MSI EDR HPX-Type3]
Apr 14 20:55:49 ubuntu kernel: [    0.818323] acpi PNP0A03:00: _OSC: platform does not support [AER LTR DPC]
Apr 14 20:55:49 ubuntu kernel: [    0.818792] acpi PNP0A03:00: _OSC: OS now controls [PCIeHotplug SHPCHotplug PME PCIeCapability]
Apr 14 20:55:49 ubuntu kernel: [    0.822958] PCI host bridge to bus 0000:00
Apr 14 20:55:49 ubuntu kernel: [    0.822964] pci_bus 0000:00: root bus resource [bus 00-7f]
Apr 14 20:55:49 ubuntu kernel: [    0.822967] pci_bus 0000:00: root bus resource [io  0x0000-0x0cf7 window]
Apr 14 20:55:49 ubuntu kernel: [    0.822970] pci_bus 0000:00: root bus resource [io  0x0d00-0xfeff window]
Apr 14 20:55:49 ubuntu kernel: [    0.822972] pci_bus 0000:00: root bus resource [mem 0x000a0000-0x000bffff window]
Apr 14 20:55:49 ubuntu kernel: [    0.822974] pci_bus 0000:00: root bus resource [mem 0x000d0000-0x000dbfff window]
Apr 14 20:55:49 ubuntu kernel: [    0.822976] pci_bus 0000:00: root bus resource [mem 0xc0000000-0xfebfffff window]
Apr 14 20:55:49 ubuntu kernel: [    0.823394] pci 0000:00:00.0: [8086:7190] type 00 class 0x060000
Apr 14 20:55:49 ubuntu kernel: [    0.825998] pci 0000:00:01.0: [8086:7191] type 01 class 0x060400
Apr 14 20:55:49 ubuntu kernel: [    0.831195] pci 0000:00:07.0: [8086:7110] type 00 class 0x060100
Apr 14 20:55:49 ubuntu kernel: [    0.833169] pci 0000:00:07.1: [8086:7111] type 00 class 0x01018a
Apr 14 20:55:49 ubuntu kernel: [    0.835587] pci 0000:00:07.1: reg 0x20: [io  0x1060-0x106f]
Apr 14 20:55:49 ubuntu kernel: [    0.836579] pci 0000:00:07.1: legacy IDE quirk: reg 0x10: [io  0x01f0-0x01f7]
Apr 14 20:55:49 ubuntu kernel: [    0.836583] pci 0000:00:07.1: legacy IDE quirk: reg 0x14: [io  0x03f6]
Apr 14 20:55:49 ubuntu kernel: [    0.836585] pci 0000:00:07.1: legacy IDE quirk: reg 0x18: [io  0x0170-0x0177]
Apr 14 20:55:49 ubuntu kernel: [    0.836587] pci 0000:00:07.1: legacy IDE quirk: reg 0x1c: [io  0x0376]
Apr 14 20:55:49 ubuntu kernel: [    0.837410] pci 0000:00:07.3: [8086:7113] type 00 class 0x068000
Apr 14 20:55:49 ubuntu kernel: [    0.840283] pci 0000:00:07.3: quirk: [io  0x1000-0x103f] claimed by PIIX4 ACPI
Apr 14 20:55:49 ubuntu kernel: [    0.840311] pci 0000:00:07.3: quirk: [io  0x1040-0x104f] claimed by PIIX4 SMB
Apr 14 20:55:49 ubuntu kernel: [    0.841204] pci 0000:00:07.7: [15ad:0740] type 00 class 0x088000
Apr 14 20:55:49 ubuntu kernel: [    0.842115] pci 0000:00:07.7: reg 0x10: [io  0x1080-0x10bf]
Apr 14 20:55:49 ubuntu kernel: [    0.842685] pci 0000:00:07.7: reg 0x14: [mem 0xfebfe000-0xfebfffff 64bit]
Apr 14 20:55:49 ubuntu kernel: [    0.852651] pci 0000:00:0f.0: [15ad:0405] type 00 class 0x030000
Apr 14 20:55:49 ubuntu kernel: [    0.853493] pci 0000:00:0f.0: reg 0x10: [io  0x1070-0x107f]
Apr 14 20:55:49 ubuntu kernel: [    0.853952] pci 0000:00:0f.0: reg 0x14: [mem 0xe8000000-0xefffffff pref]
Apr 14 20:55:49 ubuntu kernel: [    0.854277] pci 0000:00:0f.0: reg 0x18: [mem 0xfe000000-0xfe7fffff]
Apr 14 20:55:49 ubuntu kernel: [    0.856010] pci 0000:00:0f.0: reg 0x30: [mem 0x00000000-0x00007fff pref]
Apr 14 20:55:49 ubuntu kernel: [    0.856056] pci 0000:00:0f.0: Video device with shadowed ROM at [mem 0x000c0000-0x000dffff]
Apr 14 20:55:49 ubuntu kernel: [    0.856056] pci 0000:00:10.0: [1000:0030] type 00 class 0x010000
Apr 14 20:55:49 ubuntu kernel: [    0.856056] pci 0000:00:10.0: reg 0x10: [io  0x1400-0x14ff]
Apr 14 20:55:49 ubuntu kernel: [    0.856056] pci 0000:00:10.0: reg 0x14: [mem 0xfeba0000-0xfebbffff 64bit]
Apr 14 20:55:49 ubuntu kernel: [    0.856056] pci 0000:00:10.0: reg 0x1c: [mem 0xfebc0000-0xfebdffff 64bit]
Apr 14 20:55:49 ubuntu kernel: [    0.856056] pci 0000:00:10.0: reg 0x30: [mem 0x00000000-0x00003fff pref]
Apr 14 20:55:49 ubuntu kernel: [    0.856056] pci 0000:00:11.0: [15ad:0790] type 01 class 0x060401
Apr 14 20:55:49 ubuntu kernel: [    0.857493] pci 0000:00:15.0: [15ad:07a0] type 01 class 0x060400
Apr 14 20:55:49 ubuntu kernel: [    0.858269] pci 0000:00:15.0: PME# supported from D0 D3hot D3cold
Apr 14 20:55:49 ubuntu kernel: [    0.858269] pci 0000:00:15.1: [15ad:07a0] type 01 class 0x060400
Apr 14 20:55:49 ubuntu kernel: [    0.858269] pci 0000:00:15.1: PME# supported from D0 D3hot D3cold
Apr 14 20:55:49 ubuntu kernel: [    0.858269] pci 0000:00:15.2: [15ad:07a0] type 01 class 0x060400
Apr 14 20:55:49 ubuntu kernel: [    0.858269] pci 0000:00:15.2: PME# supported from D0 D3hot D3cold
Apr 14 20:55:49 ubuntu kernel: [    0.858269] pci 0000:00:15.3: [15ad:07a0] type 01 class 0x060400
Apr 14 20:55:49 ubuntu kernel: [    0.862796] pci 0000:00:15.3: PME# supported from D0 D3hot D3cold
Apr 14 20:55:49 ubuntu kernel: [    0.863300] pci 0000:00:15.4: [15ad:07a0] type 01 class 0x060400
Apr 14 20:55:49 ubuntu kernel: [    0.863939] pci 0000:00:15.4: PME# supported from D0 D3hot D3cold
Apr 14 20:55:49 ubuntu kernel: [    0.864345] pci 0000:00:15.5: [15ad:07a0] type 01 class 0x060400
Apr 14 20:55:49 ubuntu kernel: [    0.864983] pci 0000:00:15.5: PME# supported from D0 D3hot D3cold
Apr 14 20:55:49 ubuntu kernel: [    0.865400] pci 0000:00:15.6: [15ad:07a0] type 01 class 0x060400
Apr 14 20:55:49 ubuntu kernel: [    0.866037] pci 0000:00:15.6: PME# supported from D0 D3hot D3cold
Apr 14 20:55:49 ubuntu kernel: [    0.866445] pci 0000:00:15.7: [15ad:07a0] type 01 class 0x060400
Apr 14 20:55:49 ubuntu kernel: [    0.867086] pci 0000:00:15.7: PME# supported from D0 D3hot D3cold
Apr 14 20:55:49 ubuntu kernel: [    0.867757] pci 0000:00:16.0: [15ad:07a0] type 01 class 0x060400
Apr 14 20:55:49 ubuntu kernel: [    0.868402] pci 0000:00:16.0: PME# supported from D0 D3hot D3cold
Apr 14 20:55:49 ubuntu kernel: [    0.868817] pci 0000:00:16.1: [15ad:07a0] type 01 class 0x060400
Apr 14 20:55:49 ubuntu kernel: [    0.869471] pci 0000:00:16.1: PME# supported from D0 D3hot D3cold
Apr 14 20:55:49 ubuntu kernel: [    0.869881] pci 0000:00:16.2: [15ad:07a0] type 01 class 0x060400
Apr 14 20:55:49 ubuntu kernel: [    0.870727] pci 0000:00:16.2: PME# supported from D0 D3hot D3cold
Apr 14 20:55:49 ubuntu kernel: [    0.871949] pci 0000:00:16.3: [15ad:07a0] type 01 class 0x060400
Apr 14 20:55:49 ubuntu kernel: [    0.873788] pci 0000:00:16.3: PME# supported from D0 D3hot D3cold
Apr 14 20:55:49 ubuntu kernel: [    0.875028] pci 0000:00:16.4: [15ad:07a0] type 01 class 0x060400
Apr 14 20:55:49 ubuntu kernel: [    0.876882] pci 0000:00:16.4: PME# supported from D0 D3hot D3cold
Apr 14 20:55:49 ubuntu kernel: [    0.878094] pci 0000:00:16.5: [15ad:07a0] type 01 class 0x060400
Apr 14 20:55:49 ubuntu kernel: [    0.879952] pci 0000:00:16.5: PME# supported from D0 D3hot D3cold
Apr 14 20:55:49 ubuntu kernel: [    0.881209] pci 0000:00:16.6: [15ad:07a0] type 01 class 0x060400
Apr 14 20:55:49 ubuntu kernel: [    0.883056] pci 0000:00:16.6: PME# supported from D0 D3hot D3cold
Apr 14 20:55:49 ubuntu kernel: [    0.884274] pci 0000:00:16.7: [15ad:07a0] type 01 class 0x060400
Apr 14 20:55:49 ubuntu kernel: [    0.886154] pci 0000:00:16.7: PME# supported from D0 D3hot D3cold
Apr 14 20:55:49 ubuntu kernel: [    0.886154] pci 0000:00:17.0: [15ad:07a0] type 01 class 0x060400
Apr 14 20:55:49 ubuntu kernel: [    0.886154] pci 0000:00:17.0: PME# supported from D0 D3hot D3cold
Apr 14 20:55:49 ubuntu kernel: [    0.886269] pci 0000:00:17.1: [15ad:07a0] type 01 class 0x060400
Apr 14 20:55:49 ubuntu kernel: [    0.886269] pci 0000:00:17.1: PME# supported from D0 D3hot D3cold
Apr 14 20:55:49 ubuntu kernel: [    0.886269] pci 0000:00:17.2: [15ad:07a0] type 01 class 0x060400
Apr 14 20:55:49 ubuntu kernel: [    0.892301] pci 0000:00:17.2: PME# supported from D0 D3hot D3cold
Apr 14 20:55:49 ubuntu kernel: [    0.894019] pci 0000:00:17.3: [15ad:07a0] type 01 class 0x060400
Apr 14 20:55:49 ubuntu kernel: [    0.896089] pci 0000:00:17.3: PME# supported from D0 D3hot D3cold
Apr 14 20:55:49 ubuntu kernel: [    0.897311] pci 0000:00:17.4: [15ad:07a0] type 01 class 0x060400
Apr 14 20:55:49 ubuntu kernel: [    0.899151] pci 0000:00:17.4: PME# supported from D0 D3hot D3cold
Apr 14 20:55:49 ubuntu kernel: [    0.900403] pci 0000:00:17.5: [15ad:07a0] type 01 class 0x060400
Apr 14 20:55:49 ubuntu kernel: [    0.902262] pci 0000:00:17.5: PME# supported from D0 D3hot D3cold
Apr 14 20:55:49 ubuntu kernel: [    0.903513] pci 0000:00:17.6: [15ad:07a0] type 01 class 0x060400
Apr 14 20:55:49 ubuntu kernel: [    0.905367] pci 0000:00:17.6: PME# supported from D0 D3hot D3cold
Apr 14 20:55:49 ubuntu kernel: [    0.906356] pci 0000:00:17.7: [15ad:07a0] type 01 class 0x060400
Apr 14 20:55:49 ubuntu kernel: [    0.908244] pci 0000:00:17.7: PME# supported from D0 D3hot D3cold
Apr 14 20:55:49 ubuntu kernel: [    0.908244] pci 0000:00:18.0: [15ad:07a0] type 01 class 0x060400
Apr 14 20:55:49 ubuntu kernel: [    0.908244] pci 0000:00:18.0: PME# supported from D0 D3hot D3cold
Apr 14 20:55:49 ubuntu kernel: [    0.909545] pci 0000:00:18.1: [15ad:07a0] type 01 class 0x060400
Apr 14 20:55:49 ubuntu kernel: [    0.910269] pci 0000:00:18.1: PME# supported from D0 D3hot D3cold
Apr 14 20:55:49 ubuntu kernel: [    0.910269] pci 0000:00:18.2: [15ad:07a0] type 01 class 0x060400
Apr 14 20:55:49 ubuntu kernel: [    0.914557] pci 0000:00:18.2: PME# supported from D0 D3hot D3cold
Apr 14 20:55:49 ubuntu kernel: [    0.915814] pci 0000:00:18.3: [15ad:07a0] type 01 class 0x060400
Apr 14 20:55:49 ubuntu kernel: [    0.917670] pci 0000:00:18.3: PME# supported from D0 D3hot D3cold
Apr 14 20:55:49 ubuntu kernel: [    0.918906] pci 0000:00:18.4: [15ad:07a0] type 01 class 0x060400
Apr 14 20:55:49 ubuntu kernel: [    0.920777] pci 0000:00:18.4: PME# supported from D0 D3hot D3cold
Apr 14 20:55:49 ubuntu kernel: [    0.921998] pci 0000:00:18.5: [15ad:07a0] type 01 class 0x060400
Apr 14 20:55:49 ubuntu kernel: [    0.923981] pci 0000:00:18.5: PME# supported from D0 D3hot D3cold
Apr 14 20:55:49 ubuntu kernel: [    0.925293] pci 0000:00:18.6: [15ad:07a0] type 01 class 0x060400
Apr 14 20:55:49 ubuntu kernel: [    0.927155] pci 0000:00:18.6: PME# supported from D0 D3hot D3cold
Apr 14 20:55:49 ubuntu kernel: [    0.928396] pci 0000:00:18.7: [15ad:07a0] type 01 class 0x060400
Apr 14 20:55:49 ubuntu kernel: [    0.928396] pci 0000:00:18.7: PME# supported from D0 D3hot D3cold
Apr 14 20:55:49 ubuntu kernel: [    0.930269] pci_bus 0000:01: extended config space not accessible
Apr 14 20:55:49 ubuntu kernel: [    0.952288] pci 0000:00:01.0: PCI bridge to [bus 01]
Apr 14 20:55:49 ubuntu kernel: [    0.952801] pci_bus 0000:02: extended config space not accessible
Apr 14 20:55:49 ubuntu kernel: [    0.953211] acpiphp: Slot [32] registered
Apr 14 20:55:49 ubuntu kernel: [    0.953261] acpiphp: Slot [33] registered
Apr 14 20:55:49 ubuntu kernel: [    0.953304] acpiphp: Slot [34] registered
Apr 14 20:55:49 ubuntu kernel: [    0.953347] acpiphp: Slot [35] registered
Apr 14 20:55:49 ubuntu kernel: [    0.953388] acpiphp: Slot [36] registered
Apr 14 20:55:49 ubuntu kernel: [    0.953430] acpiphp: Slot [37] registered
Apr 14 20:55:49 ubuntu kernel: [    0.953470] acpiphp: Slot [38] registered
Apr 14 20:55:49 ubuntu kernel: [    0.953509] acpiphp: Slot [39] registered
Apr 14 20:55:49 ubuntu kernel: [    0.953555] acpiphp: Slot [40] registered
Apr 14 20:55:49 ubuntu kernel: [    0.953595] acpiphp: Slot [41] registered
Apr 14 20:55:49 ubuntu kernel: [    0.953647] acpiphp: Slot [42] registered
Apr 14 20:55:49 ubuntu kernel: [    0.953698] acpiphp: Slot [43] registered
Apr 14 20:55:49 ubuntu kernel: [    0.953713] acpiphp: Slot [44] registered
Apr 14 20:55:49 ubuntu kernel: [    0.953738] acpiphp: Slot [45] registered
Apr 14 20:55:49 ubuntu kernel: [    0.953814] acpiphp: Slot [46] registered
Apr 14 20:55:49 ubuntu kernel: [    0.953859] acpiphp: Slot [47] registered
Apr 14 20:55:49 ubuntu kernel: [    0.953876] acpiphp: Slot [48] registered
Apr 14 20:55:49 ubuntu kernel: [    0.953894] acpiphp: Slot [49] registered
Apr 14 20:55:49 ubuntu kernel: [    0.953912] acpiphp: Slot [50] registered
Apr 14 20:55:49 ubuntu kernel: [    0.953929] acpiphp: Slot [51] registered
Apr 14 20:55:49 ubuntu kernel: [    0.953949] acpiphp: Slot [52] registered
Apr 14 20:55:49 ubuntu kernel: [    0.953967] acpiphp: Slot [53] registered
Apr 14 20:55:49 ubuntu kernel: [    0.953981] acpiphp: Slot [54] registered
Apr 14 20:55:49 ubuntu kernel: [    0.954030] acpiphp: Slot [55] registered
Apr 14 20:55:49 ubuntu kernel: [    0.954071] acpiphp: Slot [56] registered
Apr 14 20:55:49 ubuntu kernel: [    0.954124] acpiphp: Slot [57] registered
Apr 14 20:55:49 ubuntu kernel: [    0.954173] acpiphp: Slot [58] registered
Apr 14 20:55:49 ubuntu kernel: [    0.954232] acpiphp: Slot [59] registered
Apr 14 20:55:49 ubuntu kernel: [    0.954269] acpiphp: Slot [60] registered
Apr 14 20:55:49 ubuntu kernel: [    0.954269] acpiphp: Slot [61] registered
Apr 14 20:55:49 ubuntu kernel: [    0.954269] acpiphp: Slot [62] registered
Apr 14 20:55:49 ubuntu kernel: [    0.954269] acpiphp: Slot [63] registered
Apr 14 20:55:49 ubuntu kernel: [    0.954269] pci 0000:02:00.0: [15ad:0774] type 00 class 0x0c0300
Apr 14 20:55:49 ubuntu kernel: [    0.954269] pci 0000:02:00.0: reg 0x20: [io  0x2080-0x209f]
Apr 14 20:55:49 ubuntu kernel: [    0.958564] pci 0000:02:01.0: [8086:100f] type 00 class 0x020000
Apr 14 20:55:49 ubuntu kernel: [    0.960041] pci 0000:02:01.0: reg 0x10: [mem 0xfd5c0000-0xfd5dffff 64bit]
Apr 14 20:55:49 ubuntu kernel: [    0.960677] pci 0000:02:01.0: reg 0x18: [mem 0xfdff0000-0xfdffffff 64bit]
Apr 14 20:55:49 ubuntu kernel: [    0.961360] pci 0000:02:01.0: reg 0x20: [io  0x2000-0x203f]
Apr 14 20:55:49 ubuntu kernel: [    0.962278] pci 0000:02:01.0: reg 0x30: [mem 0x00000000-0x0000ffff pref]
Apr 14 20:55:49 ubuntu kernel: [    0.962675] pci 0000:02:01.0: PME# supported from D0 D3hot D3cold
Apr 14 20:55:49 ubuntu kernel: [    0.963574] pci 0000:02:02.0: [1274:1371] type 00 class 0x040100
Apr 14 20:55:49 ubuntu kernel: [    0.963816] pci 0000:02:02.0: reg 0x10: [io  0x2040-0x207f]
Apr 14 20:55:49 ubuntu kernel: [    0.965852] pci 0000:02:03.0: [15ad:0770] type 00 class 0x0c0320
Apr 14 20:55:49 ubuntu kernel: [    0.966274] pci 0000:02:03.0: reg 0x10: [mem 0xfd5ef000-0xfd5effff]
Apr 14 20:55:49 ubuntu kernel: [    0.970079] pci 0000:02:04.0: [15ad:07e0] type 00 class 0x010601
Apr 14 20:55:49 ubuntu kernel: [    0.972395] pci 0000:02:04.0: reg 0x24: [mem 0xfd5ee000-0xfd5eefff]
Apr 14 20:55:49 ubuntu kernel: [    0.972813] pci 0000:02:04.0: reg 0x30: [mem 0x00000000-0x0000ffff pref]
Apr 14 20:55:49 ubuntu kernel: [    0.973165] pci 0000:02:04.0: PME# supported from D3hot
Apr 14 20:55:49 ubuntu kernel: [    0.981255] pci 0000:00:11.0: PCI bridge to [bus 02] (subtractive decode)
Apr 14 20:55:49 ubuntu kernel: [    0.981274] pci 0000:00:11.0:   bridge window [io  0x2000-0x3fff]
Apr 14 20:55:49 ubuntu kernel: [    0.981291] pci 0000:00:11.0:   bridge window [mem 0xfd500000-0xfdffffff]
Apr 14 20:55:49 ubuntu kernel: [    0.981323] pci 0000:00:11.0:   bridge window [mem 0xe7b00000-0xe7ffffff 64bit pref]
Apr 14 20:55:49 ubuntu kernel: [    0.981325] pci 0000:00:11.0:   bridge window [io  0x0000-0x0cf7 window] (subtractive decode)
Apr 14 20:55:49 ubuntu kernel: [    0.981325] pci 0000:00:11.0:   bridge window [io  0x0d00-0xfeff window] (subtractive decode)
Apr 14 20:55:49 ubuntu kernel: [    0.981326] pci 0000:00:11.0:   bridge window [mem 0x000a0000-0x000bffff window] (subtractive decode)
Apr 14 20:55:49 ubuntu kernel: [    0.981327] pci 0000:00:11.0:   bridge window [mem 0x000d0000-0x000dbfff window] (subtractive decode)
Apr 14 20:55:49 ubuntu kernel: [    0.981328] pci 0000:00:11.0:   bridge window [mem 0xc0000000-0xfebfffff window] (subtractive decode)
Apr 14 20:55:49 ubuntu kernel: [    0.997677] pci 0000:00:15.0: PCI bridge to [bus 03]
Apr 14 20:55:49 ubuntu kernel: [    0.997746] pci 0000:00:15.0:   bridge window [io  0x4000-0x4fff]
Apr 14 20:55:49 ubuntu kernel: [    0.997796] pci 0000:00:15.0:   bridge window [mem 0xfd400000-0xfd4fffff]
Apr 14 20:55:49 ubuntu kernel: [    0.997890] pci 0000:00:15.0:   bridge window [mem 0xe7a00000-0xe7afffff 64bit pref]
Apr 14 20:55:49 ubuntu kernel: [    1.015738] pci 0000:00:15.1: PCI bridge to [bus 04]
Apr 14 20:55:49 ubuntu kernel: [    1.015764] pci 0000:00:15.1:   bridge window [io  0x8000-0x8fff]
Apr 14 20:55:49 ubuntu kernel: [    1.015908] pci 0000:00:15.1:   bridge window [mem 0xfd000000-0xfd0fffff]
Apr 14 20:55:49 ubuntu kernel: [    1.016000] pci 0000:00:15.1:   bridge window [mem 0xe7600000-0xe76fffff 64bit pref]
Apr 14 20:55:49 ubuntu kernel: [    1.033162] pci 0000:00:15.2: PCI bridge to [bus 05]
Apr 14 20:55:49 ubuntu kernel: [    1.033216] pci 0000:00:15.2:   bridge window [io  0xc000-0xcfff]
Apr 14 20:55:49 ubuntu kernel: [    1.033277] pci 0000:00:15.2:   bridge window [mem 0xfcc00000-0xfccfffff]
Apr 14 20:55:49 ubuntu kernel: [    1.033364] pci 0000:00:15.2:   bridge window [mem 0xe7200000-0xe72fffff 64bit pref]
Apr 14 20:55:49 ubuntu kernel: [    1.050269] pci 0000:00:15.3: PCI bridge to [bus 06]
Apr 14 20:55:49 ubuntu kernel: [    1.050269] pci 0000:00:15.3:   bridge window [mem 0xfc800000-0xfc8fffff]
Apr 14 20:55:49 ubuntu kernel: [    1.050269] pci 0000:00:15.3:   bridge window [mem 0xe6e00000-0xe6efffff 64bit pref]
Apr 14 20:55:49 ubuntu kernel: [    1.070269] pci 0000:00:15.4: PCI bridge to [bus 07]
Apr 14 20:55:49 ubuntu kernel: [    1.070339] pci 0000:00:15.4:   bridge window [mem 0xfc400000-0xfc4fffff]
Apr 14 20:55:49 ubuntu kernel: [    1.070427] pci 0000:00:15.4:   bridge window [mem 0xe6a00000-0xe6afffff 64bit pref]
Apr 14 20:55:49 ubuntu kernel: [    1.088577] pci 0000:00:15.5: PCI bridge to [bus 08]
Apr 14 20:55:49 ubuntu kernel: [    1.088671] pci 0000:00:15.5:   bridge window [mem 0xfc000000-0xfc0fffff]
Apr 14 20:55:49 ubuntu kernel: [    1.088760] pci 0000:00:15.5:   bridge window [mem 0xe6600000-0xe66fffff 64bit pref]
Apr 14 20:55:49 ubuntu kernel: [    1.107779] pci 0000:00:15.6: PCI bridge to [bus 09]
Apr 14 20:55:49 ubuntu kernel: [    1.107885] pci 0000:00:15.6:   bridge window [mem 0xfbc00000-0xfbcfffff]
Apr 14 20:55:49 ubuntu kernel: [    1.107972] pci 0000:00:15.6:   bridge window [mem 0xe6200000-0xe62fffff 64bit pref]
Apr 14 20:55:49 ubuntu kernel: [    1.126269] pci 0000:00:15.7: PCI bridge to [bus 0a]
Apr 14 20:55:49 ubuntu kernel: [    1.126355] pci 0000:00:15.7:   bridge window [mem 0xfb800000-0xfb8fffff]
Apr 14 20:55:49 ubuntu kernel: [    1.126443] pci 0000:00:15.7:   bridge window [mem 0xe5e00000-0xe5efffff 64bit pref]
Apr 14 20:55:49 ubuntu kernel: [    1.145900] pci 0000:00:16.0: PCI bridge to [bus 0b]
Apr 14 20:55:49 ubuntu kernel: [    1.145995] pci 0000:00:16.0:   bridge window [io  0x5000-0x5fff]
Apr 14 20:55:49 ubuntu kernel: [    1.146052] pci 0000:00:16.0:   bridge window [mem 0xfd300000-0xfd3fffff]
Apr 14 20:55:49 ubuntu kernel: [    1.146161] pci 0000:00:16.0:   bridge window [mem 0xe7900000-0xe79fffff 64bit pref]
Apr 14 20:55:49 ubuntu kernel: [    1.164687] pci 0000:00:16.1: PCI bridge to [bus 0c]
Apr 14 20:55:49 ubuntu kernel: [    1.164754] pci 0000:00:16.1:   bridge window [io  0x9000-0x9fff]
Apr 14 20:55:49 ubuntu kernel: [    1.164810] pci 0000:00:16.1:   bridge window [mem 0xfcf00000-0xfcffffff]
Apr 14 20:55:49 ubuntu kernel: [    1.164908] pci 0000:00:16.1:   bridge window [mem 0xe7500000-0xe75fffff 64bit pref]
Apr 14 20:55:49 ubuntu kernel: [    1.182269] pci 0000:00:16.2: PCI bridge to [bus 0d]
Apr 14 20:55:49 ubuntu kernel: [    1.182300] pci 0000:00:16.2:   bridge window [io  0xd000-0xdfff]
Apr 14 20:55:49 ubuntu kernel: [    1.182350] pci 0000:00:16.2:   bridge window [mem 0xfcb00000-0xfcbfffff]
Apr 14 20:55:49 ubuntu kernel: [    1.182437] pci 0000:00:16.2:   bridge window [mem 0xe7100000-0xe71fffff 64bit pref]
Apr 14 20:55:49 ubuntu kernel: [    1.200085] pci 0000:00:16.3: PCI bridge to [bus 0e]
Apr 14 20:55:49 ubuntu kernel: [    1.200177] pci 0000:00:16.3:   bridge window [mem 0xfc700000-0xfc7fffff]
Apr 14 20:55:49 ubuntu kernel: [    1.200290] pci 0000:00:16.3:   bridge window [mem 0xe6d00000-0xe6dfffff 64bit pref]
Apr 14 20:55:49 ubuntu kernel: [    1.218269] pci 0000:00:16.4: PCI bridge to [bus 0f]
Apr 14 20:55:49 ubuntu kernel: [    1.218339] pci 0000:00:16.4:   bridge window [mem 0xfc300000-0xfc3fffff]
Apr 14 20:55:49 ubuntu kernel: [    1.218427] pci 0000:00:16.4:   bridge window [mem 0xe6900000-0xe69fffff 64bit pref]
Apr 14 20:55:49 ubuntu kernel: [    1.237388] pci 0000:00:16.5: PCI bridge to [bus 10]
Apr 14 20:55:49 ubuntu kernel: [    1.237478] pci 0000:00:16.5:   bridge window [mem 0xfbf00000-0xfbffffff]
Apr 14 20:55:49 ubuntu kernel: [    1.237570] pci 0000:00:16.5:   bridge window [mem 0xe6500000-0xe65fffff 64bit pref]
Apr 14 20:55:49 ubuntu kernel: [    1.255149] pci 0000:00:16.6: PCI bridge to [bus 11]
Apr 14 20:55:49 ubuntu kernel: [    1.255250] pci 0000:00:16.6:   bridge window [mem 0xfbb00000-0xfbbfffff]
Apr 14 20:55:49 ubuntu kernel: [    1.255337] pci 0000:00:16.6:   bridge window [mem 0xe6100000-0xe61fffff 64bit pref]
Apr 14 20:55:49 ubuntu kernel: [    1.273344] pci 0000:00:16.7: PCI bridge to [bus 12]
Apr 14 20:55:49 ubuntu kernel: [    1.273451] pci 0000:00:16.7:   bridge window [mem 0xfb700000-0xfb7fffff]
Apr 14 20:55:49 ubuntu kernel: [    1.273538] pci 0000:00:16.7:   bridge window [mem 0xe5d00000-0xe5dfffff 64bit pref]
Apr 14 20:55:49 ubuntu kernel: [    1.292201] pci 0000:00:17.0: PCI bridge to [bus 13]
Apr 14 20:55:49 ubuntu kernel: [    1.292284] pci 0000:00:17.0:   bridge window [io  0x6000-0x6fff]
Apr 14 20:55:49 ubuntu kernel: [    1.292338] pci 0000:00:17.0:   bridge window [mem 0xfd200000-0xfd2fffff]
Apr 14 20:55:49 ubuntu kernel: [    1.292436] pci 0000:00:17.0:   bridge window [mem 0xe7800000-0xe78fffff 64bit pref]
Apr 14 20:55:49 ubuntu kernel: [    1.310715] pci 0000:00:17.1: PCI bridge to [bus 14]
Apr 14 20:55:49 ubuntu kernel: [    1.310772] pci 0000:00:17.1:   bridge window [io  0xa000-0xafff]
Apr 14 20:55:49 ubuntu kernel: [    1.310818] pci 0000:00:17.1:   bridge window [mem 0xfce00000-0xfcefffff]
Apr 14 20:55:49 ubuntu kernel: [    1.310919] pci 0000:00:17.1:   bridge window [mem 0xe7400000-0xe74fffff 64bit pref]
Apr 14 20:55:49 ubuntu kernel: [    1.331031] pci 0000:00:17.2: PCI bridge to [bus 15]
Apr 14 20:55:49 ubuntu kernel: [    1.331083] pci 0000:00:17.2:   bridge window [io  0xe000-0xefff]
Apr 14 20:55:49 ubuntu kernel: [    1.331128] pci 0000:00:17.2:   bridge window [mem 0xfca00000-0xfcafffff]
Apr 14 20:55:49 ubuntu kernel: [    1.331213] pci 0000:00:17.2:   bridge window [mem 0xe7000000-0xe70fffff 64bit pref]
Apr 14 20:55:49 ubuntu kernel: [    1.347160] pci 0000:00:17.3: PCI bridge to [bus 16]
Apr 14 20:55:49 ubuntu kernel: [    1.347231] pci 0000:00:17.3:   bridge window [mem 0xfc600000-0xfc6fffff]
Apr 14 20:55:49 ubuntu kernel: [    1.347279] pci 0000:00:17.3:   bridge window [mem 0xe6c00000-0xe6cfffff 64bit pref]
Apr 14 20:55:49 ubuntu kernel: [    1.361876] pci 0000:00:17.4: PCI bridge to [bus 17]
Apr 14 20:55:49 ubuntu kernel: [    1.361939] pci 0000:00:17.4:   bridge window [mem 0xfc200000-0xfc2fffff]
Apr 14 20:55:49 ubuntu kernel: [    1.362186] pci 0000:00:17.4:   bridge window [mem 0xe6800000-0xe68fffff 64bit pref]
Apr 14 20:55:49 ubuntu kernel: [    1.377385] pci 0000:00:17.5: PCI bridge to [bus 18]
Apr 14 20:55:49 ubuntu kernel: [    1.377456] pci 0000:00:17.5:   bridge window [mem 0xfbe00000-0xfbefffff]
Apr 14 20:55:49 ubuntu kernel: [    1.377511] pci 0000:00:17.5:   bridge window [mem 0xe6400000-0xe64fffff 64bit pref]
Apr 14 20:55:49 ubuntu kernel: [    1.387957] pci 0000:00:17.6: PCI bridge to [bus 19]
Apr 14 20:55:49 ubuntu kernel: [    1.388026] pci 0000:00:17.6:   bridge window [mem 0xfba00000-0xfbafffff]
Apr 14 20:55:49 ubuntu kernel: [    1.388068] pci 0000:00:17.6:   bridge window [mem 0xe6000000-0xe60fffff 64bit pref]
Apr 14 20:55:49 ubuntu kernel: [    1.404346] pci 0000:00:17.7: PCI bridge to [bus 1a]
Apr 14 20:55:49 ubuntu kernel: [    1.404454] pci 0000:00:17.7:   bridge window [mem 0xfb600000-0xfb6fffff]
Apr 14 20:55:49 ubuntu kernel: [    1.404543] pci 0000:00:17.7:   bridge window [mem 0xe5c00000-0xe5cfffff 64bit pref]
Apr 14 20:55:49 ubuntu kernel: [    1.423112] pci 0000:00:18.0: PCI bridge to [bus 1b]
Apr 14 20:55:49 ubuntu kernel: [    1.423177] pci 0000:00:18.0:   bridge window [io  0x7000-0x7fff]
Apr 14 20:55:49 ubuntu kernel: [    1.423224] pci 0000:00:18.0:   bridge window [mem 0xfd100000-0xfd1fffff]
