[    0.000000] kernel: Linux version 5.15.0-69-generic (buildd@lcy02-amd64-071) (gcc (Ubuntu 9.4.0-1ubuntu1~20.04.1) 9.4.0, GNU ld (GNU Binutils for Ubuntu) 2.34) #76~20.04.1-Ubuntu SMP Mon Mar 20 15:54:19 UTC 2023 (Ubuntu 5.15.0-69.76~20.04.1-generic 5.15.87)
[    0.000000] kernel: Command line: BOOT_IMAGE=/boot/vmlinuz-5.15.0-69-generic root=UUID=477f5a7d-cddf-4e43-afe1-cd3b20500e86 ro find_preseed=/preseed.cfg auto noprompt priority=critical locale=en_US quiet
[    0.000000] kernel: KERNEL supported cpus:
[    0.000000] kernel:   Intel GenuineIntel
[    0.000000] kernel:   AMD AuthenticAMD
[    0.000000] kernel:   Hygon HygonGenuine
[    0.000000] kernel:   Centaur CentaurHauls
[    0.000000] kernel:   zhaoxin   Shanghai  
[    0.000000] kernel: x86/fpu: Supporting XSAVE feature 0x001: 'x87 floating point registers'
[    0.000000] kernel: x86/fpu: Supporting XSAVE feature 0x002: 'SSE registers'
[    0.000000] kernel: x86/fpu: Supporting XSAVE feature 0x004: 'AVX registers'
[    0.000000] kernel: x86/fpu: Supporting XSAVE feature 0x020: 'AVX-512 opmask'
[    0.000000] kernel: x86/fpu: Supporting XSAVE feature 0x040: 'AVX-512 Hi256'
[    0.000000] kernel: x86/fpu: Supporting XSAVE feature 0x080: 'AVX-512 ZMM_Hi256'
[    0.000000] kernel: x86/fpu: Supporting XSAVE feature 0x200: 'Protection Keys User registers'
[    0.000000] kernel: x86/fpu: xstate_offset[2]:  576, xstate_sizes[2]:  256
[    0.000000] kernel: x86/fpu: xstate_offset[5]:  832, xstate_sizes[5]:   64
[    0.000000] kernel: x86/fpu: xstate_offset[6]:  896, xstate_sizes[6]:  512
[    0.000000] kernel: x86/fpu: xstate_offset[7]: 1408, xstate_sizes[7]: 1024
[    0.000000] kernel: x86/fpu: xstate_offset[9]: 2432, xstate_sizes[9]:    8
[    0.000000] kernel: x86/fpu: Enabled xstate features 0x2e7, context size is 2440 bytes, using 'compacted' format.
[    0.000000] kernel: signal: max sigframe size: 3632
[    0.000000] kernel: BIOS-provided physical RAM map:
[    0.000000] kernel: BIOS-e820: [mem 0x0000000000000000-0x000000000009e7ff] usable
[    0.000000] kernel: BIOS-e820: [mem 0x000000000009e800-0x000000000009ffff] reserved
[    0.000000] kernel: BIOS-e820: [mem 0x00000000000dc000-0x00000000000fffff] reserved
[    0.000000] kernel: BIOS-e820: [mem 0x0000000000100000-0x00000000bfecffff] usable
[    0.000000] kernel: BIOS-e820: [mem 0x00000000bfed0000-0x00000000bfefefff] ACPI data
[    0.000000] kernel: BIOS-e820: [mem 0x00000000bfeff000-0x00000000bfefffff] ACPI NVS
[    0.000000] kernel: BIOS-e820: [mem 0x00000000bff00000-0x00000000bfffffff] usable
[    0.000000] kernel: BIOS-e820: [mem 0x00000000f0000000-0x00000000f7ffffff] reserved
[    0.000000] kernel: BIOS-e820: [mem 0x00000000fec00000-0x00000000fec0ffff] reserved
[    0.000000] kernel: BIOS-e820: [mem 0x00000000fee00000-0x00000000fee00fff] reserved
[    0.000000] kernel: BIOS-e820: [mem 0x00000000fffe0000-0x00000000ffffffff] reserved
[    0.000000] kernel: BIOS-e820: [mem 0x0000000100000000-0x000000023fffffff] usable
[    0.000000] kernel: NX (Execute Disable) protection: active
[    0.000000] kernel: SMBIOS 2.7 present.
[    0.000000] kernel: DMI: VMware, Inc. VMware Virtual Platform/440BX Desktop Reference Platform, BIOS 6.00 11/12/2020
[    0.000000] kernel: vmware: hypercall mode: 0x02
[    0.000000] kernel: Hypervisor detected: VMware
[    0.000000] kernel: vmware: TSC freq read from hypervisor : 3110.397 MHz
[    0.000000] kernel: vmware: Host bus clock speed read from hypervisor : 66000000 Hz
[    0.000000] kernel: vmware: using clock offset of 11249310694 ns
[    0.000012] kernel: tsc: Detected 3110.397 MHz processor
[    0.001259] kernel: e820: update [mem 0x00000000-0x00000fff] usable ==> reserved
[    0.001262] kernel: e820: remove [mem 0x000a0000-0x000fffff] usable
[    0.001267] kernel: last_pfn = 0x240000 max_arch_pfn = 0x400000000
[    0.001297] kernel: x86/PAT: Configuration [0-7]: WB  WC  UC- UC  WB  WP  UC- WT  
[    0.001310] kernel: total RAM covered: 261120M
[    0.001396] kernel:  gran_size: 64K         chunk_size: 64K         num_reg: 8          lose cover RAM: 0G
[    0.001397] kernel:  gran_size: 64K         chunk_size: 128K         num_reg: 8          lose cover RAM: 0G
[    0.001398] kernel:  gran_size: 64K         chunk_size: 256K         num_reg: 8          lose cover RAM: 0G
[    0.001399] kernel:  gran_size: 64K         chunk_size: 512K         num_reg: 8          lose cover RAM: 0G
[    0.001400] kernel:  gran_size: 64K         chunk_size: 1M         num_reg: 8          lose cover RAM: 0G
[    0.001401] kernel:  gran_size: 64K         chunk_size: 2M         num_reg: 8          lose cover RAM: 0G
[    0.001402] kernel:  gran_size: 64K         chunk_size: 4M         num_reg: 8          lose cover RAM: 0G
[    0.001403] kernel:  gran_size: 64K         chunk_size: 8M         num_reg: 8          lose cover RAM: 0G
[    0.001404] kernel:  gran_size: 64K         chunk_size: 16M         num_reg: 8          lose cover RAM: 0G
[    0.001405] kernel:  gran_size: 64K         chunk_size: 32M         num_reg: 8          lose cover RAM: 0G
[    0.001406] kernel:  gran_size: 64K         chunk_size: 64M         num_reg: 8          lose cover RAM: 0G
[    0.001407] kernel:  gran_size: 64K         chunk_size: 128M         num_reg: 8          lose cover RAM: 0G
[    0.001408] kernel:  gran_size: 64K         chunk_size: 256M         num_reg: 8          lose cover RAM: 0G
[    0.001409] kernel:  gran_size: 64K         chunk_size: 512M         num_reg: 8          lose cover RAM: 0G
[    0.001410] kernel:  gran_size: 64K         chunk_size: 1G         num_reg: 8          lose cover RAM: 0G
[    0.001411] kernel:  gran_size: 64K         chunk_size: 2G         num_reg: 8          lose cover RAM: 0G
[    0.001412] kernel:  gran_size: 128K         chunk_size: 128K         num_reg: 8          lose cover RAM: 0G
[    0.001413] kernel:  gran_size: 128K         chunk_size: 256K         num_reg: 8          lose cover RAM: 0G
[    0.001413] kernel:  gran_size: 128K         chunk_size: 512K         num_reg: 8          lose cover RAM: 0G
[    0.001415] kernel:  gran_size: 128K         chunk_size: 1M         num_reg: 8          lose cover RAM: 0G
[    0.001415] kernel:  gran_size: 128K         chunk_size: 2M         num_reg: 8          lose cover RAM: 0G
[    0.001416] kernel:  gran_size: 128K         chunk_size: 4M         num_reg: 8          lose cover RAM: 0G
[    0.001417] kernel:  gran_size: 128K         chunk_size: 8M         num_reg: 8          lose cover RAM: 0G
[    0.001418] kernel:  gran_size: 128K         chunk_size: 16M         num_reg: 8          lose cover RAM: 0G
[    0.001419] kernel:  gran_size: 128K         chunk_size: 32M         num_reg: 8          lose cover RAM: 0G
[    0.001420] kernel:  gran_size: 128K         chunk_size: 64M         num_reg: 8          lose cover RAM: 0G
[    0.001421] kernel:  gran_size: 128K         chunk_size: 128M         num_reg: 8          lose cover RAM: 0G
[    0.001422] kernel:  gran_size: 128K         chunk_size: 256M         num_reg: 8          lose cover RAM: 0G
[    0.001423] kernel:  gran_size: 128K         chunk_size: 512M         num_reg: 8          lose cover RAM: 0G
[    0.001424] kernel:  gran_size: 128K         chunk_size: 1G         num_reg: 8          lose cover RAM: 0G
[    0.001425] kernel:  gran_size: 128K         chunk_size: 2G         num_reg: 8          lose cover RAM: 0G
[    0.001426] kernel:  gran_size: 256K         chunk_size: 256K         num_reg: 8          lose cover RAM: 0G
[    0.001426] kernel:  gran_size: 256K         chunk_size: 512K         num_reg: 8          lose cover RAM: 0G
[    0.001427] kernel:  gran_size: 256K         chunk_size: 1M         num_reg: 8          lose cover RAM: 0G
[    0.001428] kernel:  gran_size: 256K         chunk_size: 2M         num_reg: 8          lose cover RAM: 0G
[    0.001429] kernel:  gran_size: 256K         chunk_size: 4M         num_reg: 8          lose cover RAM: 0G
[    0.001430] kernel:  gran_size: 256K         chunk_size: 8M         num_reg: 8          lose cover RAM: 0G
[    0.001431] kernel:  gran_size: 256K         chunk_size: 16M         num_reg: 8          lose cover RAM: 0G
[    0.001432] kernel:  gran_size: 256K         chunk_size: 32M         num_reg: 8          lose cover RAM: 0G
[    0.001433] kernel:  gran_size: 256K         chunk_size: 64M         num_reg: 8          lose cover RAM: 0G
[    0.001434] kernel:  gran_size: 256K         chunk_size: 128M         num_reg: 8          lose cover RAM: 0G
[    0.001435] kernel:  gran_size: 256K         chunk_size: 256M         num_reg: 8          lose cover RAM: 0G
[    0.001436] kernel:  gran_size: 256K         chunk_size: 512M         num_reg: 8          lose cover RAM: 0G
[    0.001437] kernel:  gran_size: 256K         chunk_size: 1G         num_reg: 8          lose cover RAM: 0G
[    0.001438] kernel:  gran_size: 256K         chunk_size: 2G         num_reg: 8          lose cover RAM: 0G
[    0.001439] kernel:  gran_size: 512K         chunk_size: 512K         num_reg: 8          lose cover RAM: 0G
[    0.001440] kernel:  gran_size: 512K         chunk_size: 1M         num_reg: 8          lose cover RAM: 0G
[    0.001441] kernel:  gran_size: 512K         chunk_size: 2M         num_reg: 8          lose cover RAM: 0G
[    0.001441] kernel:  gran_size: 512K         chunk_size: 4M         num_reg: 8          lose cover RAM: 0G
[    0.001442] kernel:  gran_size: 512K         chunk_size: 8M         num_reg: 8          lose cover RAM: 0G
[    0.001443] kernel:  gran_size: 512K         chunk_size: 16M         num_reg: 8          lose cover RAM: 0G
[    0.001444] kernel:  gran_size: 512K         chunk_size: 32M         num_reg: 8          lose cover RAM: 0G
[    0.001445] kernel:  gran_size: 512K         chunk_size: 64M         num_reg: 8          lose cover RAM: 0G
[    0.001446] kernel:  gran_size: 512K         chunk_size: 128M         num_reg: 8          lose cover RAM: 0G
[    0.001447] kernel:  gran_size: 512K         chunk_size: 256M         num_reg: 8          lose cover RAM: 0G
[    0.001448] kernel:  gran_size: 512K         chunk_size: 512M         num_reg: 8          lose cover RAM: 0G
[    0.001449] kernel:  gran_size: 512K         chunk_size: 1G         num_reg: 8          lose cover RAM: 0G
[    0.001450] kernel:  gran_size: 512K         chunk_size: 2G         num_reg: 8          lose cover RAM: 0G
[    0.001451] kernel:  gran_size: 1M         chunk_size: 1M         num_reg: 8          lose cover RAM: 0G
[    0.001452] kernel:  gran_size: 1M         chunk_size: 2M         num_reg: 8          lose cover RAM: 0G
[    0.001453] kernel:  gran_size: 1M         chunk_size: 4M         num_reg: 8          lose cover RAM: 0G
[    0.001454] kernel:  gran_size: 1M         chunk_size: 8M         num_reg: 8          lose cover RAM: 0G
[    0.001454] kernel:  gran_size: 1M         chunk_size: 16M         num_reg: 8          lose cover RAM: 0G
[    0.001455] kernel:  gran_size: 1M         chunk_size: 32M         num_reg: 8          lose cover RAM: 0G
[    0.001456] kernel:  gran_size: 1M         chunk_size: 64M         num_reg: 8          lose cover RAM: 0G
[    0.001457] kernel:  gran_size: 1M         chunk_size: 128M         num_reg: 8          lose cover RAM: 0G
[    0.001458] kernel:  gran_size: 1M         chunk_size: 256M         num_reg: 8          lose cover RAM: 0G
[    0.001459] kernel:  gran_size: 1M         chunk_size: 512M         num_reg: 8          lose cover RAM: 0G
[    0.001460] kernel:  gran_size: 1M         chunk_size: 1G         num_reg: 8          lose cover RAM: 0G
[    0.001461] kernel:  gran_size: 1M         chunk_size: 2G         num_reg: 8          lose cover RAM: 0G
[    0.001462] kernel:  gran_size: 2M         chunk_size: 2M         num_reg: 8          lose cover RAM: 0G
[    0.001463] kernel:  gran_size: 2M         chunk_size: 4M         num_reg: 8          lose cover RAM: 0G
[    0.001464] kernel:  gran_size: 2M         chunk_size: 8M         num_reg: 8          lose cover RAM: 0G
[    0.001464] kernel:  gran_size: 2M         chunk_size: 16M         num_reg: 8          lose cover RAM: 0G
[    0.001465] kernel:  gran_size: 2M         chunk_size: 32M         num_reg: 8          lose cover RAM: 0G
[    0.001466] kernel:  gran_size: 2M         chunk_size: 64M         num_reg: 8          lose cover RAM: 0G
[    0.001467] kernel:  gran_size: 2M         chunk_size: 128M         num_reg: 8          lose cover RAM: 0G
[    0.001468] kernel:  gran_size: 2M         chunk_size: 256M         num_reg: 8          lose cover RAM: 0G
[    0.001469] kernel:  gran_size: 2M         chunk_size: 512M         num_reg: 8          lose cover RAM: 0G
[    0.001470] kernel:  gran_size: 2M         chunk_size: 1G         num_reg: 8          lose cover RAM: 0G
[    0.001471] kernel:  gran_size: 2M         chunk_size: 2G         num_reg: 8          lose cover RAM: 0G
[    0.001472] kernel:  gran_size: 4M         chunk_size: 4M         num_reg: 8          lose cover RAM: 0G
[    0.001473] kernel:  gran_size: 4M         chunk_size: 8M         num_reg: 8          lose cover RAM: 0G
[    0.001473] kernel:  gran_size: 4M         chunk_size: 16M         num_reg: 8          lose cover RAM: 0G
[    0.001474] kernel:  gran_size: 4M         chunk_size: 32M         num_reg: 8          lose cover RAM: 0G
[    0.001475] kernel:  gran_size: 4M         chunk_size: 64M         num_reg: 8          lose cover RAM: 0G
[    0.001476] kernel:  gran_size: 4M         chunk_size: 128M         num_reg: 8          lose cover RAM: 0G
[    0.001477] kernel:  gran_size: 4M         chunk_size: 256M         num_reg: 8          lose cover RAM: 0G
[    0.001478] kernel:  gran_size: 4M         chunk_size: 512M         num_reg: 8          lose cover RAM: 0G
[    0.001479] kernel:  gran_size: 4M         chunk_size: 1G         num_reg: 8          lose cover RAM: 0G
[    0.001480] kernel:  gran_size: 4M         chunk_size: 2G         num_reg: 8          lose cover RAM: 0G
[    0.001481] kernel:  gran_size: 8M         chunk_size: 8M         num_reg: 8          lose cover RAM: 0G
[    0.001482] kernel:  gran_size: 8M         chunk_size: 16M         num_reg: 8          lose cover RAM: 0G
[    0.001483] kernel:  gran_size: 8M         chunk_size: 32M         num_reg: 8          lose cover RAM: 0G
[    0.001484] kernel:  gran_size: 8M         chunk_size: 64M         num_reg: 8          lose cover RAM: 0G
[    0.001485] kernel:  gran_size: 8M         chunk_size: 128M         num_reg: 8          lose cover RAM: 0G
[    0.001486] kernel:  gran_size: 8M         chunk_size: 256M         num_reg: 8          lose cover RAM: 0G
[    0.001486] kernel:  gran_size: 8M         chunk_size: 512M         num_reg: 8          lose cover RAM: 0G
[    0.001487] kernel:  gran_size: 8M         chunk_size: 1G         num_reg: 8          lose cover RAM: 0G
[    0.001488] kernel:  gran_size: 8M         chunk_size: 2G         num_reg: 8          lose cover RAM: 0G
[    0.001489] kernel:  gran_size: 16M         chunk_size: 16M         num_reg: 8          lose cover RAM: 0G
[    0.001490] kernel:  gran_size: 16M         chunk_size: 32M         num_reg: 8          lose cover RAM: 0G
[    0.001491] kernel:  gran_size: 16M         chunk_size: 64M         num_reg: 8          lose cover RAM: 0G
[    0.001492] kernel:  gran_size: 16M         chunk_size: 128M         num_reg: 8          lose cover RAM: 0G
[    0.001493] kernel:  gran_size: 16M         chunk_size: 256M         num_reg: 8          lose cover RAM: 0G
[    0.001494] kernel:  gran_size: 16M         chunk_size: 512M         num_reg: 8          lose cover RAM: 0G
[    0.001495] kernel:  gran_size: 16M         chunk_size: 1G         num_reg: 8          lose cover RAM: 0G
[    0.001496] kernel:  gran_size: 16M         chunk_size: 2G         num_reg: 8          lose cover RAM: 0G
[    0.001497] kernel:  gran_size: 32M         chunk_size: 32M         num_reg: 8          lose cover RAM: 0G
[    0.001497] kernel:  gran_size: 32M         chunk_size: 64M         num_reg: 8          lose cover RAM: 0G
[    0.001498] kernel:  gran_size: 32M         chunk_size: 128M         num_reg: 8          lose cover RAM: 0G
[    0.001499] kernel:  gran_size: 32M         chunk_size: 256M         num_reg: 8          lose cover RAM: 0G
[    0.001500] kernel:  gran_size: 32M         chunk_size: 512M         num_reg: 8          lose cover RAM: 0G
[    0.001501] kernel:  gran_size: 32M         chunk_size: 1G         num_reg: 8          lose cover RAM: 0G
[    0.001502] kernel:  gran_size: 32M         chunk_size: 2G         num_reg: 8          lose cover RAM: 0G
[    0.001503] kernel:  gran_size: 64M         chunk_size: 64M         num_reg: 8          lose cover RAM: 0G
[    0.001504] kernel:  gran_size: 64M         chunk_size: 128M         num_reg: 8          lose cover RAM: 0G
[    0.001505] kernel:  gran_size: 64M         chunk_size: 256M         num_reg: 8          lose cover RAM: 0G
[    0.001506] kernel:  gran_size: 64M         chunk_size: 512M         num_reg: 8          lose cover RAM: 0G
[    0.001507] kernel:  gran_size: 64M         chunk_size: 1G         num_reg: 8          lose cover RAM: 0G
[    0.001508] kernel:  gran_size: 64M         chunk_size: 2G         num_reg: 8          lose cover RAM: 0G
[    0.001508] kernel:  gran_size: 128M         chunk_size: 128M         num_reg: 8          lose cover RAM: 0G
[    0.001509] kernel:  gran_size: 128M         chunk_size: 256M         num_reg: 8          lose cover RAM: 0G
[    0.001510] kernel:  gran_size: 128M         chunk_size: 512M         num_reg: 8          lose cover RAM: 0G
[    0.001511] kernel:  gran_size: 128M         chunk_size: 1G         num_reg: 8          lose cover RAM: 0G
[    0.001512] kernel:  gran_size: 128M         chunk_size: 2G         num_reg: 8          lose cover RAM: 0G
[    0.001513] kernel:  gran_size: 256M         chunk_size: 256M         num_reg: 8          lose cover RAM: 0G
[    0.001514] kernel:  gran_size: 256M         chunk_size: 512M         num_reg: 8          lose cover RAM: 0G
[    0.001515] kernel:  gran_size: 256M         chunk_size: 1G         num_reg: 8          lose cover RAM: 0G
[    0.001516] kernel:  gran_size: 256M         chunk_size: 2G         num_reg: 8          lose cover RAM: 0G
[    0.001517] kernel:  gran_size: 512M         chunk_size: 512M         num_reg: 8          lose cover RAM: 0G
[    0.001518] kernel:  gran_size: 512M         chunk_size: 1G         num_reg: 8          lose cover RAM: 0G
[    0.001519] kernel:  gran_size: 512M         chunk_size: 2G         num_reg: 8          lose cover RAM: 0G
[    0.001520] kernel:  gran_size: 1G         chunk_size: 1G         num_reg: 8          lose cover RAM: 0G
[    0.001521] kernel:  gran_size: 1G         chunk_size: 2G         num_reg: 8          lose cover RAM: 0G
[    0.001522] kernel:  gran_size: 2G         chunk_size: 2G         num_reg: 7          lose cover RAM: 1G
[    0.001523] kernel: mtrr_cleanup: can not find optimal value
[    0.001523] kernel: please specify mtrr_gran_size/mtrr_chunk_size
[    0.001530] kernel: e820: update [mem 0xc0000000-0xffffffff] usable ==> reserved
[    0.001535] kernel: last_pfn = 0xc0000 max_arch_pfn = 0x400000000
[    0.008310] kernel: found SMP MP-table at [mem 0x000f6a70-0x000f6a7f]
[    0.008331] kernel: Using GB pages for direct mapping
[    0.008528] kernel: RAMDISK: [mem 0x2f2fd000-0x33975fff]
[    0.008533] kernel: ACPI: Early table checksum verification disabled
[    0.008537] kernel: ACPI: RSDP 0x00000000000F6A00 000024 (v02 PTLTD )
[    0.008541] kernel: ACPI: XSDT 0x00000000BFEDB633 00005C (v01 INTEL  440BX    06040000 VMW  01324272)
[    0.008546] kernel: ACPI: FACP 0x00000000BFEFEE73 0000F4 (v04 INTEL  440BX    06040000 PTL  000F4240)
[    0.008554] kernel: ACPI: DSDT 0x00000000BFEDD001 021E72 (v01 PTLTD  Custom   06040000 MSFT 03000001)
[    0.008559] kernel: ACPI: FACS 0x00000000BFEFFFC0 000040
[    0.008561] kernel: ACPI: FACS 0x00000000BFEFFFC0 000040
[    0.008565] kernel: ACPI: BOOT 0x00000000BFEDCFB4 000028 (v01 PTLTD  $SBFTBL$ 06040000  LTP 00000001)
[    0.008568] kernel: ACPI: APIC 0x00000000BFEDC872 000742 (v01 PTLTD  ? APIC   06040000  LTP 00000000)
[    0.008571] kernel: ACPI: MCFG 0x00000000BFEDC836 00003C (v01 PTLTD  $PCITBL$ 06040000  LTP 00000001)
[    0.008574] kernel: ACPI: SRAT 0x00000000BFEDB72F 0008D0 (v02 VMWARE MEMPLUG  06040000 VMW  00000001)
[    0.008579] kernel: ACPI: HPET 0x00000000BFEDB6F7 000038 (v01 VMWARE VMW HPET 06040000 VMW  00000001)
[    0.008582] kernel: ACPI: WAET 0x00000000BFEDB6CF 000028 (v01 VMWARE VMW WAET 06040000 VMW  00000001)
[    0.008584] kernel: ACPI: Reserving FACP table memory at [mem 0xbfefee73-0xbfefef66]
[    0.008585] kernel: ACPI: Reserving DSDT table memory at [mem 0xbfedd001-0xbfefee72]
[    0.008585] kernel: ACPI: Reserving FACS table memory at [mem 0xbfefffc0-0xbfefffff]
[    0.008586] kernel: ACPI: Reserving FACS table memory at [mem 0xbfefffc0-0xbfefffff]
[    0.008587] kernel: ACPI: Reserving BOOT table memory at [mem 0xbfedcfb4-0xbfedcfdb]
[    0.008587] kernel: ACPI: Reserving APIC table memory at [mem 0xbfedc872-0xbfedcfb3]
[    0.008588] kernel: ACPI: Reserving MCFG table memory at [mem 0xbfedc836-0xbfedc871]
[    0.008588] kernel: ACPI: Reserving SRAT table memory at [mem 0xbfedb72f-0xbfedbffe]
[    0.008589] kernel: ACPI: Reserving HPET table memory at [mem 0xbfedb6f7-0xbfedb72e]
[    0.008589] kernel: ACPI: Reserving WAET table memory at [mem 0xbfedb6cf-0xbfedb6f6]
[    0.008622] kernel: system APIC only can use physical flat
[    0.008623] kernel: Setting APIC routing to physical flat.
[    0.008672] kernel: SRAT: PXM 0 -> APIC 0x00 -> Node 0
[    0.008673] kernel: SRAT: PXM 0 -> APIC 0x01 -> Node 0
[    0.008674] kernel: SRAT: PXM 0 -> APIC 0x02 -> Node 0
[    0.008674] kernel: SRAT: PXM 0 -> APIC 0x03 -> Node 0
[    0.008675] kernel: SRAT: PXM 0 -> APIC 0x04 -> Node 0
[    0.008675] kernel: SRAT: PXM 0 -> APIC 0x05 -> Node 0
[    0.008676] kernel: SRAT: PXM 0 -> APIC 0x06 -> Node 0
[    0.008676] kernel: SRAT: PXM 0 -> APIC 0x07 -> Node 0
[    0.008677] kernel: SRAT: PXM 0 -> APIC 0x08 -> Node 0
[    0.008677] kernel: SRAT: PXM 0 -> APIC 0x09 -> Node 0
[    0.008678] kernel: SRAT: PXM 0 -> APIC 0x0a -> Node 0
[    0.008678] kernel: SRAT: PXM 0 -> APIC 0x0b -> Node 0
[    0.008679] kernel: SRAT: PXM 0 -> APIC 0x0c -> Node 0
[    0.008679] kernel: SRAT: PXM 0 -> APIC 0x0d -> Node 0
[    0.008680] kernel: SRAT: PXM 0 -> APIC 0x0e -> Node 0
[    0.008680] kernel: SRAT: PXM 0 -> APIC 0x0f -> Node 0
[    0.008681] kernel: SRAT: PXM 0 -> APIC 0x10 -> Node 0
[    0.008682] kernel: SRAT: PXM 0 -> APIC 0x11 -> Node 0
[    0.008682] kernel: SRAT: PXM 0 -> APIC 0x12 -> Node 0
[    0.008683] kernel: SRAT: PXM 0 -> APIC 0x13 -> Node 0
[    0.008683] kernel: SRAT: PXM 0 -> APIC 0x14 -> Node 0
[    0.008684] kernel: SRAT: PXM 0 -> APIC 0x15 -> Node 0
[    0.008684] kernel: SRAT: PXM 0 -> APIC 0x16 -> Node 0
[    0.008685] kernel: SRAT: PXM 0 -> APIC 0x17 -> Node 0
[    0.008685] kernel: SRAT: PXM 0 -> APIC 0x18 -> Node 0
[    0.008686] kernel: SRAT: PXM 0 -> APIC 0x19 -> Node 0
[    0.008686] kernel: SRAT: PXM 0 -> APIC 0x1a -> Node 0
[    0.008687] kernel: SRAT: PXM 0 -> APIC 0x1b -> Node 0
[    0.008687] kernel: SRAT: PXM 0 -> APIC 0x1c -> Node 0
[    0.008688] kernel: SRAT: PXM 0 -> APIC 0x1d -> Node 0
[    0.008689] kernel: SRAT: PXM 0 -> APIC 0x1e -> Node 0
[    0.008689] kernel: SRAT: PXM 0 -> APIC 0x1f -> Node 0
[    0.008690] kernel: SRAT: PXM 0 -> APIC 0x20 -> Node 0
[    0.008690] kernel: SRAT: PXM 0 -> APIC 0x21 -> Node 0
[    0.008691] kernel: SRAT: PXM 0 -> APIC 0x22 -> Node 0
[    0.008691] kernel: SRAT: PXM 0 -> APIC 0x23 -> Node 0
[    0.008692] kernel: SRAT: PXM 0 -> APIC 0x24 -> Node 0
[    0.008692] kernel: SRAT: PXM 0 -> APIC 0x25 -> Node 0
[    0.008693] kernel: SRAT: PXM 0 -> APIC 0x26 -> Node 0
[    0.008693] kernel: SRAT: PXM 0 -> APIC 0x27 -> Node 0
[    0.008694] kernel: SRAT: PXM 0 -> APIC 0x28 -> Node 0
[    0.008694] kernel: SRAT: PXM 0 -> APIC 0x29 -> Node 0
[    0.008695] kernel: SRAT: PXM 0 -> APIC 0x2a -> Node 0
[    0.008695] kernel: SRAT: PXM 0 -> APIC 0x2b -> Node 0
[    0.008696] kernel: SRAT: PXM 0 -> APIC 0x2c -> Node 0
[    0.008696] kernel: SRAT: PXM 0 -> APIC 0x2d -> Node 0
[    0.008697] kernel: SRAT: PXM 0 -> APIC 0x2e -> Node 0
[    0.008697] kernel: SRAT: PXM 0 -> APIC 0x2f -> Node 0
[    0.008698] kernel: SRAT: PXM 0 -> APIC 0x30 -> Node 0
[    0.008698] kernel: SRAT: PXM 0 -> APIC 0x31 -> Node 0
[    0.008699] kernel: SRAT: PXM 0 -> APIC 0x32 -> Node 0
[    0.008699] kernel: SRAT: PXM 0 -> APIC 0x33 -> Node 0
[    0.008700] kernel: SRAT: PXM 0 -> APIC 0x34 -> Node 0
[    0.008700] kernel: SRAT: PXM 0 -> APIC 0x35 -> Node 0
[    0.008701] kernel: SRAT: PXM 0 -> APIC 0x36 -> Node 0
[    0.008702] kernel: SRAT: PXM 0 -> APIC 0x37 -> Node 0
[    0.008702] kernel: SRAT: PXM 0 -> APIC 0x38 -> Node 0
[    0.008703] kernel: SRAT: PXM 0 -> APIC 0x39 -> Node 0
[    0.008703] kernel: SRAT: PXM 0 -> APIC 0x3a -> Node 0
[    0.008704] kernel: SRAT: PXM 0 -> APIC 0x3b -> Node 0
[    0.008704] kernel: SRAT: PXM 0 -> APIC 0x3c -> Node 0
[    0.008705] kernel: SRAT: PXM 0 -> APIC 0x3d -> Node 0
[    0.008705] kernel: SRAT: PXM 0 -> APIC 0x3e -> Node 0
[    0.008706] kernel: SRAT: PXM 0 -> APIC 0x3f -> Node 0
[    0.008706] kernel: SRAT: PXM 0 -> APIC 0x40 -> Node 0
[    0.008707] kernel: SRAT: PXM 0 -> APIC 0x41 -> Node 0
[    0.008707] kernel: SRAT: PXM 0 -> APIC 0x42 -> Node 0
[    0.008708] kernel: SRAT: PXM 0 -> APIC 0x43 -> Node 0
[    0.008708] kernel: SRAT: PXM 0 -> APIC 0x44 -> Node 0
[    0.008709] kernel: SRAT: PXM 0 -> APIC 0x45 -> Node 0
[    0.008709] kernel: SRAT: PXM 0 -> APIC 0x46 -> Node 0
[    0.008710] kernel: SRAT: PXM 0 -> APIC 0x47 -> Node 0
[    0.008710] kernel: SRAT: PXM 0 -> APIC 0x48 -> Node 0
[    0.008711] kernel: SRAT: PXM 0 -> APIC 0x49 -> Node 0
[    0.008711] kernel: SRAT: PXM 0 -> APIC 0x4a -> Node 0
[    0.008712] kernel: SRAT: PXM 0 -> APIC 0x4b -> Node 0
[    0.008712] kernel: SRAT: PXM 0 -> APIC 0x4c -> Node 0
[    0.008720] kernel: SRAT: PXM 0 -> APIC 0x4d -> Node 0
[    0.008720] kernel: SRAT: PXM 0 -> APIC 0x4e -> Node 0
[    0.008721] kernel: SRAT: PXM 0 -> APIC 0x4f -> Node 0
[    0.008721] kernel: SRAT: PXM 0 -> APIC 0x50 -> Node 0
[    0.008722] kernel: SRAT: PXM 0 -> APIC 0x51 -> Node 0
[    0.008722] kernel: SRAT: PXM 0 -> APIC 0x52 -> Node 0
[    0.008723] kernel: SRAT: PXM 0 -> APIC 0x53 -> Node 0
[    0.008723] kernel: SRAT: PXM 0 -> APIC 0x54 -> Node 0
[    0.008724] kernel: SRAT: PXM 0 -> APIC 0x55 -> Node 0
[    0.008724] kernel: SRAT: PXM 0 -> APIC 0x56 -> Node 0
[    0.008725] kernel: SRAT: PXM 0 -> APIC 0x57 -> Node 0
[    0.008725] kernel: SRAT: PXM 0 -> APIC 0x58 -> Node 0
[    0.008726] kernel: SRAT: PXM 0 -> APIC 0x59 -> Node 0
[    0.008727] kernel: SRAT: PXM 0 -> APIC 0x5a -> Node 0
[    0.008727] kernel: SRAT: PXM 0 -> APIC 0x5b -> Node 0
[    0.008728] kernel: SRAT: PXM 0 -> APIC 0x5c -> Node 0
[    0.008728] kernel: SRAT: PXM 0 -> APIC 0x5d -> Node 0
[    0.008729] kernel: SRAT: PXM 0 -> APIC 0x5e -> Node 0
[    0.008729] kernel: SRAT: PXM 0 -> APIC 0x5f -> Node 0
[    0.008730] kernel: SRAT: PXM 0 -> APIC 0x60 -> Node 0
[    0.008730] kernel: SRAT: PXM 0 -> APIC 0x61 -> Node 0
[    0.008731] kernel: SRAT: PXM 0 -> APIC 0x62 -> Node 0
[    0.008731] kernel: SRAT: PXM 0 -> APIC 0x63 -> Node 0
[    0.008732] kernel: SRAT: PXM 0 -> APIC 0x64 -> Node 0
[    0.008732] kernel: SRAT: PXM 0 -> APIC 0x65 -> Node 0
[    0.008733] kernel: SRAT: PXM 0 -> APIC 0x66 -> Node 0
[    0.008733] kernel: SRAT: PXM 0 -> APIC 0x67 -> Node 0
[    0.008734] kernel: SRAT: PXM 0 -> APIC 0x68 -> Node 0
[    0.008734] kernel: SRAT: PXM 0 -> APIC 0x69 -> Node 0
[    0.008735] kernel: SRAT: PXM 0 -> APIC 0x6a -> Node 0
[    0.008735] kernel: SRAT: PXM 0 -> APIC 0x6b -> Node 0
[    0.008736] kernel: SRAT: PXM 0 -> APIC 0x6c -> Node 0
[    0.008736] kernel: SRAT: PXM 0 -> APIC 0x6d -> Node 0
[    0.008737] kernel: SRAT: PXM 0 -> APIC 0x6e -> Node 0
[    0.008737] kernel: SRAT: PXM 0 -> APIC 0x6f -> Node 0
[    0.008738] kernel: SRAT: PXM 0 -> APIC 0x70 -> Node 0
[    0.008738] kernel: SRAT: PXM 0 -> APIC 0x71 -> Node 0
[    0.008739] kernel: SRAT: PXM 0 -> APIC 0x72 -> Node 0
[    0.008739] kernel: SRAT: PXM 0 -> APIC 0x73 -> Node 0
[    0.008740] kernel: SRAT: PXM 0 -> APIC 0x74 -> Node 0
[    0.008740] kernel: SRAT: PXM 0 -> APIC 0x75 -> Node 0
[    0.008741] kernel: SRAT: PXM 0 -> APIC 0x76 -> Node 0
[    0.008741] kernel: SRAT: PXM 0 -> APIC 0x77 -> Node 0
[    0.008742] kernel: SRAT: PXM 0 -> APIC 0x78 -> Node 0
[    0.008742] kernel: SRAT: PXM 0 -> APIC 0x79 -> Node 0
[    0.008743] kernel: SRAT: PXM 0 -> APIC 0x7a -> Node 0
[    0.008744] kernel: SRAT: PXM 0 -> APIC 0x7b -> Node 0
[    0.008744] kernel: SRAT: PXM 0 -> APIC 0x7c -> Node 0
[    0.008745] kernel: SRAT: PXM 0 -> APIC 0x7d -> Node 0
[    0.008745] kernel: SRAT: PXM 0 -> APIC 0x7e -> Node 0
[    0.008746] kernel: SRAT: PXM 0 -> APIC 0x7f -> Node 0
[    0.008748] kernel: ACPI: SRAT: Node 0 PXM 0 [mem 0x00000000-0x0009ffff]
[    0.008750] kernel: ACPI: SRAT: Node 0 PXM 0 [mem 0x00100000-0xbfffffff]
[    0.008750] kernel: ACPI: SRAT: Node 0 PXM 0 [mem 0x100000000-0x23fffffff]
[    0.008751] kernel: ACPI: SRAT: Node 0 PXM 0 [mem 0x240000000-0x203fffffff] hotplug
[    0.008753] kernel: NUMA: Node 0 [mem 0x00000000-0x0009ffff] + [mem 0x00100000-0xbfffffff] -> [mem 0x00000000-0xbfffffff]
[    0.008755] kernel: NUMA: Node 0 [mem 0x00000000-0xbfffffff] + [mem 0x100000000-0x23fffffff] -> [mem 0x00000000-0x23fffffff]
[    0.008761] kernel: NODE_DATA(0) allocated [mem 0x23ffd4000-0x23fffdfff]
[    0.009015] kernel: Zone ranges:
[    0.009015] kernel:   DMA      [mem 0x0000000000001000-0x0000000000ffffff]
[    0.009017] kernel:   DMA32    [mem 0x0000000001000000-0x00000000ffffffff]
[    0.009019] kernel:   Normal   [mem 0x0000000100000000-0x000000023fffffff]
[    0.009020] kernel:   Device   empty
[    0.009021] kernel: Movable zone start for each node
[    0.009023] kernel: Early memory node ranges
[    0.009024] kernel:   node   0: [mem 0x0000000000001000-0x000000000009dfff]
[    0.009025] kernel:   node   0: [mem 0x0000000000100000-0x00000000bfecffff]
[    0.009025] kernel:   node   0: [mem 0x00000000bff00000-0x00000000bfffffff]
[    0.009026] kernel:   node   0: [mem 0x0000000100000000-0x000000023fffffff]
[    0.009027] kernel: Initmem setup node 0 [mem 0x0000000000001000-0x000000023fffffff]
[    0.009035] kernel: On node 0, zone DMA: 1 pages in unavailable ranges
[    0.009102] kernel: On node 0, zone DMA: 98 pages in unavailable ranges
[    0.022283] kernel: On node 0, zone DMA32: 48 pages in unavailable ranges
[    0.045414] kernel: ACPI: PM-Timer IO Port: 0x1008
[    0.045423] kernel: system APIC only can use physical flat
[    0.045432] kernel: ACPI: LAPIC_NMI (acpi_id[0x00] high edge lint[0x1])
[    0.045434] kernel: ACPI: LAPIC_NMI (acpi_id[0x01] high edge lint[0x1])
[    0.045435] kernel: ACPI: LAPIC_NMI (acpi_id[0x02] high edge lint[0x1])
[    0.045435] kernel: ACPI: LAPIC_NMI (acpi_id[0x03] high edge lint[0x1])
[    0.045436] kernel: ACPI: LAPIC_NMI (acpi_id[0x04] high edge lint[0x1])
[    0.045436] kernel: ACPI: LAPIC_NMI (acpi_id[0x05] high edge lint[0x1])
[    0.045437] kernel: ACPI: LAPIC_NMI (acpi_id[0x06] high edge lint[0x1])
[    0.045437] kernel: ACPI: LAPIC_NMI (acpi_id[0x07] high edge lint[0x1])
[    0.045438] kernel: ACPI: LAPIC_NMI (acpi_id[0x08] high edge lint[0x1])
[    0.045438] kernel: ACPI: LAPIC_NMI (acpi_id[0x09] high edge lint[0x1])
[    0.045439] kernel: ACPI: LAPIC_NMI (acpi_id[0x0a] high edge lint[0x1])
[    0.045439] kernel: ACPI: LAPIC_NMI (acpi_id[0x0b] high edge lint[0x1])
[    0.045440] kernel: ACPI: LAPIC_NMI (acpi_id[0x0c] high edge lint[0x1])
[    0.045440] kernel: ACPI: LAPIC_NMI (acpi_id[0x0d] high edge lint[0x1])
[    0.045441] kernel: ACPI: LAPIC_NMI (acpi_id[0x0e] high edge lint[0x1])
[    0.045441] kernel: ACPI: LAPIC_NMI (acpi_id[0x0f] high edge lint[0x1])
[    0.045442] kernel: ACPI: LAPIC_NMI (acpi_id[0x10] high edge lint[0x1])
[    0.045443] kernel: ACPI: LAPIC_NMI (acpi_id[0x11] high edge lint[0x1])
[    0.045443] kernel: ACPI: LAPIC_NMI (acpi_id[0x12] high edge lint[0x1])
[    0.045444] kernel: ACPI: LAPIC_NMI (acpi_id[0x13] high edge lint[0x1])
[    0.045444] kernel: ACPI: LAPIC_NMI (acpi_id[0x14] high edge lint[0x1])
[    0.045445] kernel: ACPI: LAPIC_NMI (acpi_id[0x15] high edge lint[0x1])
[    0.045445] kernel: ACPI: LAPIC_NMI (acpi_id[0x16] high edge lint[0x1])
[    0.045446] kernel: ACPI: LAPIC_NMI (acpi_id[0x17] high edge lint[0x1])
[    0.045446] kernel: ACPI: LAPIC_NMI (acpi_id[0x18] high edge lint[0x1])
[    0.045447] kernel: ACPI: LAPIC_NMI (acpi_id[0x19] high edge lint[0x1])
[    0.045447] kernel: ACPI: LAPIC_NMI (acpi_id[0x1a] high edge lint[0x1])
[    0.045448] kernel: ACPI: LAPIC_NMI (acpi_id[0x1b] high edge lint[0x1])
[    0.045448] kernel: ACPI: LAPIC_NMI (acpi_id[0x1c] high edge lint[0x1])
[    0.045449] kernel: ACPI: LAPIC_NMI (acpi_id[0x1d] high edge lint[0x1])
[    0.045449] kernel: ACPI: LAPIC_NMI (acpi_id[0x1e] high edge lint[0x1])
[    0.045450] kernel: ACPI: LAPIC_NMI (acpi_id[0x1f] high edge lint[0x1])
[    0.045450] kernel: ACPI: LAPIC_NMI (acpi_id[0x20] high edge lint[0x1])
[    0.045451] kernel: ACPI: LAPIC_NMI (acpi_id[0x21] high edge lint[0x1])
[    0.045451] kernel: ACPI: LAPIC_NMI (acpi_id[0x22] high edge lint[0x1])
[    0.045452] kernel: ACPI: LAPIC_NMI (acpi_id[0x23] high edge lint[0x1])
[    0.045452] kernel: ACPI: LAPIC_NMI (acpi_id[0x24] high edge lint[0x1])
[    0.045453] kernel: ACPI: LAPIC_NMI (acpi_id[0x25] high edge lint[0x1])
[    0.045453] kernel: ACPI: LAPIC_NMI (acpi_id[0x26] high edge lint[0x1])
[    0.045454] kernel: ACPI: LAPIC_NMI (acpi_id[0x27] high edge lint[0x1])
[    0.045454] kernel: ACPI: LAPIC_NMI (acpi_id[0x28] high edge lint[0x1])
[    0.045455] kernel: ACPI: LAPIC_NMI (acpi_id[0x29] high edge lint[0x1])
[    0.045456] kernel: ACPI: LAPIC_NMI (acpi_id[0x2a] high edge lint[0x1])
[    0.045456] kernel: ACPI: LAPIC_NMI (acpi_id[0x2b] high edge lint[0x1])
[    0.045457] kernel: ACPI: LAPIC_NMI (acpi_id[0x2c] high edge lint[0x1])
[    0.045457] kernel: ACPI: LAPIC_NMI (acpi_id[0x2d] high edge lint[0x1])
[    0.045458] kernel: ACPI: LAPIC_NMI (acpi_id[0x2e] high edge lint[0x1])
[    0.045458] kernel: ACPI: LAPIC_NMI (acpi_id[0x2f] high edge lint[0x1])
[    0.045459] kernel: ACPI: LAPIC_NMI (acpi_id[0x30] high edge lint[0x1])
[    0.045459] kernel: ACPI: LAPIC_NMI (acpi_id[0x31] high edge lint[0x1])
[    0.045460] kernel: ACPI: LAPIC_NMI (acpi_id[0x32] high edge lint[0x1])
[    0.045460] kernel: ACPI: LAPIC_NMI (acpi_id[0x33] high edge lint[0x1])
[    0.045461] kernel: ACPI: LAPIC_NMI (acpi_id[0x34] high edge lint[0x1])
[    0.045461] kernel: ACPI: LAPIC_NMI (acpi_id[0x35] high edge lint[0x1])
[    0.045462] kernel: ACPI: LAPIC_NMI (acpi_id[0x36] high edge lint[0x1])
[    0.045462] kernel: ACPI: LAPIC_NMI (acpi_id[0x37] high edge lint[0x1])
[    0.045463] kernel: ACPI: LAPIC_NMI (acpi_id[0x38] high edge lint[0x1])
[    0.045463] kernel: ACPI: LAPIC_NMI (acpi_id[0x39] high edge lint[0x1])
[    0.045464] kernel: ACPI: LAPIC_NMI (acpi_id[0x3a] high edge lint[0x1])
[    0.045464] kernel: ACPI: LAPIC_NMI (acpi_id[0x3b] high edge lint[0x1])
[    0.045465] kernel: ACPI: LAPIC_NMI (acpi_id[0x3c] high edge lint[0x1])
[    0.045465] kernel: ACPI: LAPIC_NMI (acpi_id[0x3d] high edge lint[0x1])
[    0.045466] kernel: ACPI: LAPIC_NMI (acpi_id[0x3e] high edge lint[0x1])
[    0.045466] kernel: ACPI: LAPIC_NMI (acpi_id[0x3f] high edge lint[0x1])
[    0.045467] kernel: ACPI: LAPIC_NMI (acpi_id[0x40] high edge lint[0x1])
[    0.045467] kernel: ACPI: LAPIC_NMI (acpi_id[0x41] high edge lint[0x1])
[    0.045468] kernel: ACPI: LAPIC_NMI (acpi_id[0x42] high edge lint[0x1])
[    0.045468] kernel: ACPI: LAPIC_NMI (acpi_id[0x43] high edge lint[0x1])
[    0.045469] kernel: ACPI: LAPIC_NMI (acpi_id[0x44] high edge lint[0x1])
[    0.045469] kernel: ACPI: LAPIC_NMI (acpi_id[0x45] high edge lint[0x1])
[    0.045470] kernel: ACPI: LAPIC_NMI (acpi_id[0x46] high edge lint[0x1])
[    0.045470] kernel: ACPI: LAPIC_NMI (acpi_id[0x47] high edge lint[0x1])
[    0.045471] kernel: ACPI: LAPIC_NMI (acpi_id[0x48] high edge lint[0x1])
[    0.045471] kernel: ACPI: LAPIC_NMI (acpi_id[0x49] high edge lint[0x1])
[    0.045472] kernel: ACPI: LAPIC_NMI (acpi_id[0x4a] high edge lint[0x1])
[    0.045473] kernel: ACPI: LAPIC_NMI (acpi_id[0x4b] high edge lint[0x1])
[    0.045473] kernel: ACPI: LAPIC_NMI (acpi_id[0x4c] high edge lint[0x1])
[    0.045474] kernel: ACPI: LAPIC_NMI (acpi_id[0x4d] high edge lint[0x1])
[    0.045474] kernel: ACPI: LAPIC_NMI (acpi_id[0x4e] high edge lint[0x1])
[    0.045475] kernel: ACPI: LAPIC_NMI (acpi_id[0x4f] high edge lint[0x1])
[    0.045475] kernel: ACPI: LAPIC_NMI (acpi_id[0x50] high edge lint[0x1])
[    0.045476] kernel: ACPI: LAPIC_NMI (acpi_id[0x51] high edge lint[0x1])
[    0.045476] kernel: ACPI: LAPIC_NMI (acpi_id[0x52] high edge lint[0x1])
[    0.045477] kernel: ACPI: LAPIC_NMI (acpi_id[0x53] high edge lint[0x1])
[    0.045477] kernel: ACPI: LAPIC_NMI (acpi_id[0x54] high edge lint[0x1])
[    0.045478] kernel: ACPI: LAPIC_NMI (acpi_id[0x55] high edge lint[0x1])
[    0.045478] kernel: ACPI: LAPIC_NMI (acpi_id[0x56] high edge lint[0x1])
[    0.045479] kernel: ACPI: LAPIC_NMI (acpi_id[0x57] high edge lint[0x1])
[    0.045479] kernel: ACPI: LAPIC_NMI (acpi_id[0x58] high edge lint[0x1])
[    0.045480] kernel: ACPI: LAPIC_NMI (acpi_id[0x59] high edge lint[0x1])
[    0.045480] kernel: ACPI: LAPIC_NMI (acpi_id[0x5a] high edge lint[0x1])
[    0.045481] kernel: ACPI: LAPIC_NMI (acpi_id[0x5b] high edge lint[0x1])
[    0.045481] kernel: ACPI: LAPIC_NMI (acpi_id[0x5c] high edge lint[0x1])
[    0.045482] kernel: ACPI: LAPIC_NMI (acpi_id[0x5d] high edge lint[0x1])
[    0.045482] kernel: ACPI: LAPIC_NMI (acpi_id[0x5e] high edge lint[0x1])
[    0.045483] kernel: ACPI: LAPIC_NMI (acpi_id[0x5f] high edge lint[0x1])
[    0.045483] kernel: ACPI: LAPIC_NMI (acpi_id[0x60] high edge lint[0x1])
[    0.045484] kernel: ACPI: LAPIC_NMI (acpi_id[0x61] high edge lint[0x1])
[    0.045484] kernel: ACPI: LAPIC_NMI (acpi_id[0x62] high edge lint[0x1])
[    0.045485] kernel: ACPI: LAPIC_NMI (acpi_id[0x63] high edge lint[0x1])
[    0.045486] kernel: ACPI: LAPIC_NMI (acpi_id[0x64] high edge lint[0x1])
[    0.045486] kernel: ACPI: LAPIC_NMI (acpi_id[0x65] high edge lint[0x1])
[    0.045487] kernel: ACPI: LAPIC_NMI (acpi_id[0x66] high edge lint[0x1])
[    0.045487] kernel: ACPI: LAPIC_NMI (acpi_id[0x67] high edge lint[0x1])
[    0.045488] kernel: ACPI: LAPIC_NMI (acpi_id[0x68] high edge lint[0x1])
[    0.045488] kernel: ACPI: LAPIC_NMI (acpi_id[0x69] high edge lint[0x1])
[    0.045489] kernel: ACPI: LAPIC_NMI (acpi_id[0x6a] high edge lint[0x1])
[    0.045489] kernel: ACPI: LAPIC_NMI (acpi_id[0x6b] high edge lint[0x1])
[    0.045490] kernel: ACPI: LAPIC_NMI (acpi_id[0x6c] high edge lint[0x1])
[    0.045490] kernel: ACPI: LAPIC_NMI (acpi_id[0x6d] high edge lint[0x1])
[    0.045491] kernel: ACPI: LAPIC_NMI (acpi_id[0x6e] high edge lint[0x1])
[    0.045491] kernel: ACPI: LAPIC_NMI (acpi_id[0x6f] high edge lint[0x1])
[    0.045492] kernel: ACPI: LAPIC_NMI (acpi_id[0x70] high edge lint[0x1])
[    0.045492] kernel: ACPI: LAPIC_NMI (acpi_id[0x71] high edge lint[0x1])
[    0.045493] kernel: ACPI: LAPIC_NMI (acpi_id[0x72] high edge lint[0x1])
[    0.045493] kernel: ACPI: LAPIC_NMI (acpi_id[0x73] high edge lint[0x1])
[    0.045494] kernel: ACPI: LAPIC_NMI (acpi_id[0x74] high edge lint[0x1])
[    0.045494] kernel: ACPI: LAPIC_NMI (acpi_id[0x75] high edge lint[0x1])
[    0.045495] kernel: ACPI: LAPIC_NMI (acpi_id[0x76] high edge lint[0x1])
[    0.045495] kernel: ACPI: LAPIC_NMI (acpi_id[0x77] high edge lint[0x1])
[    0.045496] kernel: ACPI: LAPIC_NMI (acpi_id[0x78] high edge lint[0x1])
[    0.045496] kernel: ACPI: LAPIC_NMI (acpi_id[0x79] high edge lint[0x1])
[    0.045497] kernel: ACPI: LAPIC_NMI (acpi_id[0x7a] high edge lint[0x1])
[    0.045497] kernel: ACPI: LAPIC_NMI (acpi_id[0x7b] high edge lint[0x1])
[    0.045498] kernel: ACPI: LAPIC_NMI (acpi_id[0x7c] high edge lint[0x1])
[    0.045498] kernel: ACPI: LAPIC_NMI (acpi_id[0x7d] high edge lint[0x1])
[    0.045499] kernel: ACPI: LAPIC_NMI (acpi_id[0x7e] high edge lint[0x1])
[    0.045499] kernel: ACPI: LAPIC_NMI (acpi_id[0x7f] high edge lint[0x1])
[    0.045532] kernel: IOAPIC[0]: apic_id 128, version 32, address 0xfec00000, GSI 0-23
[    0.045536] kernel: ACPI: INT_SRC_OVR (bus 0 bus_irq 0 global_irq 2 high edge)
[    0.045541] kernel: ACPI: Using ACPI (MADT) for SMP configuration information
[    0.045542] kernel: ACPI: HPET id: 0x8086af01 base: 0xfed00000
[    0.045546] kernel: TSC deadline timer available
[    0.045547] kernel: smpboot: Allowing 128 CPUs, 126 hotplug CPUs
[    0.045561] kernel: PM: hibernation: Registered nosave memory: [mem 0x00000000-0x00000fff]
[    0.045562] kernel: PM: hibernation: Registered nosave memory: [mem 0x0009e000-0x0009efff]
[    0.045563] kernel: PM: hibernation: Registered nosave memory: [mem 0x0009f000-0x0009ffff]
[    0.045564] kernel: PM: hibernation: Registered nosave memory: [mem 0x000a0000-0x000dbfff]
[    0.045564] kernel: PM: hibernation: Registered nosave memory: [mem 0x000dc000-0x000fffff]
[    0.045565] kernel: PM: hibernation: Registered nosave memory: [mem 0xbfed0000-0xbfefefff]
[    0.045566] kernel: PM: hibernation: Registered nosave memory: [mem 0xbfeff000-0xbfefffff]
[    0.045566] kernel: PM: hibernation: Registered nosave memory: [mem 0xc0000000-0xefffffff]
[    0.045567] kernel: PM: hibernation: Registered nosave memory: [mem 0xf0000000-0xf7ffffff]
[    0.045568] kernel: PM: hibernation: Registered nosave memory: [mem 0xf8000000-0xfebfffff]
[    0.045568] kernel: PM: hibernation: Registered nosave memory: [mem 0xfec00000-0xfec0ffff]
[    0.045569] kernel: PM: hibernation: Registered nosave memory: [mem 0xfec10000-0xfedfffff]
[    0.045569] kernel: PM: hibernation: Registered nosave memory: [mem 0xfee00000-0xfee00fff]
[    0.045569] kernel: PM: hibernation: Registered nosave memory: [mem 0xfee01000-0xfffdffff]
[    0.045570] kernel: PM: hibernation: Registered nosave memory: [mem 0xfffe0000-0xffffffff]
[    0.045571] kernel: [mem 0xc0000000-0xefffffff] available for PCI devices
[    0.045572] kernel: Booting paravirtualized kernel on VMware hypervisor
[    0.045575] kernel: clocksource: refined-jiffies: mask: 0xffffffff max_cycles: 0xffffffff, max_idle_ns: 7645519600211568 ns
[    0.045580] kernel: setup_percpu: NR_CPUS:8192 nr_cpumask_bits:128 nr_cpu_ids:128 nr_node_ids:1
[    0.055216] kernel: percpu: Embedded 60 pages/cpu s208896 r8192 d28672 u262144
[    0.055225] kernel: pcpu-alloc: s208896 r8192 d28672 u262144 alloc=1*2097152
[    0.055228] kernel: pcpu-alloc: [0] 000 001 002 003 004 005 006 007 
[    0.055232] kernel: pcpu-alloc: [0] 008 009 010 011 012 013 014 015 
[    0.055235] kernel: pcpu-alloc: [0] 016 017 018 019 020 021 022 023 
[    0.055238] kernel: pcpu-alloc: [0] 024 025 026 027 028 029 030 031 
[    0.055241] kernel: pcpu-alloc: [0] 032 033 034 035 036 037 038 039 
[    0.055245] kernel: pcpu-alloc: [0] 040 041 042 043 044 045 046 047 
[    0.055248] kernel: pcpu-alloc: [0] 048 049 050 051 052 053 054 055 
[    0.055251] kernel: pcpu-alloc: [0] 056 057 058 059 060 061 062 063 
[    0.055254] kernel: pcpu-alloc: [0] 064 065 066 067 068 069 070 071 
[    0.055257] kernel: pcpu-alloc: [0] 072 073 074 075 076 077 078 079 
[    0.055260] kernel: pcpu-alloc: [0] 080 081 082 083 084 085 086 087 
[    0.055264] kernel: pcpu-alloc: [0] 088 089 090 091 092 093 094 095 
[    0.055267] kernel: pcpu-alloc: [0] 096 097 098 099 100 101 102 103 
[    0.055270] kernel: pcpu-alloc: [0] 104 105 106 107 108 109 110 111 
[    0.055273] kernel: pcpu-alloc: [0] 112 113 114 115 116 117 118 119 
[    0.055276] kernel: pcpu-alloc: [0] 120 121 122 123 124 125 126 127 
[    0.055316] kernel: Built 1 zonelists, mobility grouping on.  Total pages: 2064080
[    0.055317] kernel: Policy zone: Normal
[    0.055319] kernel: Kernel command line: BOOT_IMAGE=/boot/vmlinuz-5.15.0-69-generic root=UUID=477f5a7d-cddf-4e43-afe1-cd3b20500e86 ro find_preseed=/preseed.cfg auto noprompt priority=critical locale=en_US quiet
[    0.055418] kernel: Unknown kernel command line parameters "auto noprompt BOOT_IMAGE=/boot/vmlinuz-5.15.0-69-generic find_preseed=/preseed.cfg priority=critical locale=en_US", will be passed to user space.
[    0.055419] kernel: printk: log_buf_len individual max cpu contribution: 4096 bytes
[    0.055420] kernel: printk: log_buf_len total cpu_extra contributions: 520192 bytes
[    0.055420] kernel: printk: log_buf_len min size: 262144 bytes
[    0.056968] kernel: printk: log_buf_len: 1048576 bytes
[    0.056969] kernel: printk: early log buf free: 226592(86%)
[    0.059113] kernel: Dentry cache hash table entries: 1048576 (order: 11, 8388608 bytes, linear)
[    0.060179] kernel: Inode-cache hash table entries: 524288 (order: 10, 4194304 bytes, linear)
[    0.062265] kernel: mem auto-init: stack:off, heap alloc:on, heap free:off
[    0.087722] kernel: Memory: 8024552K/8388020K available (16393K kernel code, 4377K rwdata, 10808K rodata, 3244K init, 6560K bss, 363208K reserved, 0K cma-reserved)
[    0.088295] kernel: SLUB: HWalign=64, Order=0-3, MinObjects=0, CPUs=128, Nodes=1
[    0.088325] kernel: ftrace: allocating 50072 entries in 196 pages
[    0.109277] kernel: ftrace: allocated 196 pages with 3 groups
[    0.109672] kernel: rcu: Hierarchical RCU implementation.
[    0.109673] kernel: rcu:         RCU restricting CPUs from NR_CPUS=8192 to nr_cpu_ids=128.
[    0.109674] kernel:         Rude variant of Tasks RCU enabled.
[    0.109674] kernel:         Tracing variant of Tasks RCU enabled.
[    0.109675] kernel: rcu: RCU calculated value of scheduler-enlistment delay is 25 jiffies.
[    0.109676] kernel: rcu: Adjusting geometry for rcu_fanout_leaf=16, nr_cpu_ids=128
[    0.112624] kernel: NR_IRQS: 524544, nr_irqs: 1448, preallocated irqs: 16
[    0.112912] kernel: random: crng init done
[    0.114708] kernel: Console: colour VGA+ 80x25
[    0.114729] kernel: printk: console [tty0] enabled
[    0.114770] kernel: ACPI: Core revision 20210730
[    0.115239] kernel: clocksource: hpet: mask: 0xffffffff max_cycles: 0xffffffff, max_idle_ns: 133484882848 ns
[    0.115318] kernel: APIC: Switch to symmetric I/O mode setup
[    0.115510] kernel: x2apic enabled
[    0.115741] kernel: Switched APIC routing to physical x2apic.
[    0.116697] kernel: ..TIMER: vector=0x30 apic1=0 pin1=2 apic2=-1 pin2=-1
[    0.116719] kernel: clocksource: tsc-early: mask: 0xffffffffffffffff max_cycles: 0x2cd5a54b937, max_idle_ns: 440795309664 ns
[    0.116724] kernel: Calibrating delay loop (skipped) preset value.. 6220.79 BogoMIPS (lpj=12441588)
[    0.116726] kernel: pid_max: default: 131072 minimum: 1024
[    0.116763] kernel: LSM: Security Framework initializing
[    0.116773] kernel: landlock: Up and running.
[    0.116773] kernel: Yama: becoming mindful.
[    0.116805] kernel: AppArmor: AppArmor initialized
[    0.116871] kernel: Mount-cache hash table entries: 16384 (order: 5, 131072 bytes, linear)
[    0.116904] kernel: Mountpoint-cache hash table entries: 16384 (order: 5, 131072 bytes, linear)
[    0.117232] kernel: x86/cpu: User Mode Instruction Prevention (UMIP) activated
[    0.117294] kernel: Last level iTLB entries: 4KB 0, 2MB 0, 4MB 0
[    0.117295] kernel: Last level dTLB entries: 4KB 0, 2MB 0, 4MB 0, 1GB 0
[    0.117299] kernel: Spectre V1 : Mitigation: usercopy/swapgs barriers and __user pointer sanitization
[    0.117301] kernel: Spectre V2 : Mitigation: Enhanced IBRS
[    0.117301] kernel: Spectre V2 : Spectre v2 / SpectreRSB mitigation: Filling RSB on context switch
[    0.117302] kernel: Spectre V2 : Spectre v2 / PBRSB-eIBRS: Retire a single CALL on VMEXIT
[    0.117303] kernel: Spectre V2 : mitigation: Enabling conditional Indirect Branch Prediction Barrier
[    0.117304] kernel: Speculative Store Bypass: Mitigation: Speculative Store Bypass disabled via prctl and seccomp
[    0.135485] kernel: Freeing SMP alternatives memory: 40K
[    0.136914] kernel: smpboot: CPU0: 11th Gen Intel(R) Core(TM) i5-11300H @ 3.10GHz (family: 0x6, model: 0x8c, stepping: 0x1)
[    0.137094] kernel: Performance Events: Icelake events, core PMU driver.
[    0.137137] kernel: core: CPUID marked event: 'cpu cycles' unavailable
[    0.137137] kernel: core: CPUID marked event: 'instructions' unavailable
[    0.137138] kernel: core: CPUID marked event: 'bus cycles' unavailable
[    0.137138] kernel: core: CPUID marked event: 'cache references' unavailable
[    0.137138] kernel: core: CPUID marked event: 'cache misses' unavailable
[    0.137139] kernel: core: CPUID marked event: 'branch instructions' unavailable
[    0.137139] kernel: core: CPUID marked event: 'branch misses' unavailable
[    0.137141] kernel: ... version:                1
[    0.137141] kernel: ... bit width:              48
[    0.137142] kernel: ... generic registers:      8
[    0.137142] kernel: ... value mask:             0000ffffffffffff
[    0.137143] kernel: ... max period:             000000007fffffff
[    0.137143] kernel: ... fixed-purpose events:   0
[    0.137144] kernel: ... event mask:             0000000f000000ff
[    0.137241] kernel: rcu: Hierarchical SRCU implementation.
[    0.137568] kernel: NMI watchdog: Perf NMI watchdog permanently disabled
[    0.139286] kernel: smp: Bringing up secondary CPUs ...
[    0.139424] kernel: x86: Booting SMP configuration:
[    0.139424] kernel: .... node  #0, CPUs:          #1
[    0.140236] kernel: smp: Brought up 1 node, 2 CPUs
[    0.140236] kernel: smpboot: Max logical packages: 64
[    0.140236] kernel: smpboot: Total of 2 processors activated (12441.58 BogoMIPS)
[    0.140774] kernel: devtmpfs: initialized
[    0.140774] kernel: x86/mm: Memory block size: 128MB
[    0.141251] kernel: ACPI: PM: Registering ACPI NVS region [mem 0xbfeff000-0xbfefffff] (4096 bytes)
[    0.141251] kernel: clocksource: jiffies: mask: 0xffffffff max_cycles: 0xffffffff, max_idle_ns: 7645041785100000 ns
[    0.141580] kernel: futex hash table entries: 32768 (order: 9, 2097152 bytes, linear)
[    0.141838] kernel: pinctrl core: initialized pinctrl subsystem
[    0.142008] kernel: PM: RTC time: 14:43:37, date: 2023-04-15
[    0.142303] kernel: NET: Registered PF_NETLINK/PF_ROUTE protocol family
[    0.142754] kernel: DMA: preallocated 1024 KiB GFP_KERNEL pool for atomic allocations
[    0.143125] kernel: DMA: preallocated 1024 KiB GFP_KERNEL|GFP_DMA pool for atomic allocations
[    0.143192] kernel: DMA: preallocated 1024 KiB GFP_KERNEL|GFP_DMA32 pool for atomic allocations
[    0.143199] kernel: audit: initializing netlink subsys (disabled)
[    0.143248] kernel: audit: type=2000 audit(1681569817.028:1): state=initialized audit_enabled=0 res=1
[    0.143248] kernel: thermal_sys: Registered thermal governor 'fair_share'
[    0.143248] kernel: thermal_sys: Registered thermal governor 'bang_bang'
[    0.143248] kernel: thermal_sys: Registered thermal governor 'step_wise'
[    0.143248] kernel: thermal_sys: Registered thermal governor 'user_space'
[    0.143248] kernel: thermal_sys: Registered thermal governor 'power_allocator'
[    0.143248] kernel: EISA bus registered
[    0.143248] kernel: cpuidle: using governor ladder
[    0.143248] kernel: cpuidle: using governor menu
[    0.143248] kernel: Simple Boot Flag at 0x36 set to 0x80
[    0.144737] kernel: ACPI: bus type PCI registered
[    0.144739] kernel: acpiphp: ACPI Hot Plug PCI Controller Driver version: 0.5
[    0.144892] kernel: PCI: MMCONFIG for domain 0000 [bus 00-7f] at [mem 0xf0000000-0xf7ffffff] (base 0xf0000000)
[    0.144896] kernel: PCI: MMCONFIG at [mem 0xf0000000-0xf7ffffff] reserved in E820
[    0.144901] kernel: pmd_set_huge: Cannot satisfy [mem 0xf0000000-0xf0200000] with a huge-page mapping due to MTRR override.
[    0.145047] kernel: PCI: Using configuration type 1 for base access
[    0.145973] kernel: Kprobes globally optimized
[    0.145998] kernel: HugeTLB registered 1.00 GiB page size, pre-allocated 0 pages
[    0.145998] kernel: HugeTLB registered 2.00 MiB page size, pre-allocated 0 pages
[    0.148805] kernel: ACPI: Added _OSI(Module Device)
[    0.148806] kernel: ACPI: Added _OSI(Processor Device)
[    0.148807] kernel: ACPI: Added _OSI(3.0 _SCP Extensions)
[    0.148807] kernel: ACPI: Added _OSI(Processor Aggregator Device)
[    0.148808] kernel: ACPI: Added _OSI(Linux-Dell-Video)
[    0.148808] kernel: ACPI: Added _OSI(Linux-Lenovo-NV-HDMI-Audio)
[    0.148809] kernel: ACPI: Added _OSI(Linux-HPI-Hybrid-Graphics)
[    0.163631] kernel: ACPI: 1 ACPI AML tables successfully acquired and loaded
[    0.164997] kernel: ACPI: [Firmware Bug]: BIOS _OSI(Linux) query ignored
[    0.177617] kernel: ACPI: Interpreter enabled
[    0.177627] kernel: ACPI: PM: (supports S0 S1 S4 S5)
[    0.177628] kernel: ACPI: Using IOAPIC for interrupt routing
[    0.177642] kernel: PCI: Using host bridge windows from ACPI; if necessary, use "pci=nocrs" and report a bug
[    0.177643] kernel: PCI: Using E820 reservations for host bridge windows
[    0.178690] kernel: ACPI: Enabled 4 GPEs in block 00 to 0F
[    0.291766] kernel: ACPI: PCI Root Bridge [PCI0] (domain 0000 [bus 00-7f])
[    0.291773] kernel: acpi PNP0A03:00: _OSC: OS supports [ExtendedConfig ASPM ClockPM Segments MSI EDR HPX-Type3]
[    0.291909] kernel: acpi PNP0A03:00: _OSC: platform does not support [AER LTR DPC]
[    0.292056] kernel: acpi PNP0A03:00: _OSC: OS now controls [PCIeHotplug SHPCHotplug PME PCIeCapability]
[    0.293487] kernel: PCI host bridge to bus 0000:00
[    0.293489] kernel: pci_bus 0000:00: root bus resource [bus 00-7f]
[    0.293490] kernel: pci_bus 0000:00: root bus resource [io  0x0000-0x0cf7 window]
[    0.293491] kernel: pci_bus 0000:00: root bus resource [io  0x0d00-0xfeff window]
[    0.293492] kernel: pci_bus 0000:00: root bus resource [mem 0x000a0000-0x000bffff window]
[    0.293493] kernel: pci_bus 0000:00: root bus resource [mem 0x000d0000-0x000dbfff window]
[    0.293493] kernel: pci_bus 0000:00: root bus resource [mem 0xc0000000-0xfebfffff window]
[    0.293629] kernel: pci 0000:00:00.0: [8086:7190] type 00 class 0x060000
[    0.294523] kernel: pci 0000:00:01.0: [8086:7191] type 01 class 0x060400
[    0.296550] kernel: pci 0000:00:07.0: [8086:7110] type 00 class 0x060100
[    0.297240] kernel: pci 0000:00:07.1: [8086:7111] type 00 class 0x01018a
[    0.298325] kernel: pci 0000:00:07.1: reg 0x20: [io  0x1060-0x106f]
[    0.298670] kernel: pci 0000:00:07.1: legacy IDE quirk: reg 0x10: [io  0x01f0-0x01f7]
[    0.298671] kernel: pci 0000:00:07.1: legacy IDE quirk: reg 0x14: [io  0x03f6]
[    0.298671] kernel: pci 0000:00:07.1: legacy IDE quirk: reg 0x18: [io  0x0170-0x0177]
[    0.298672] kernel: pci 0000:00:07.1: legacy IDE quirk: reg 0x1c: [io  0x0376]
[    0.298940] kernel: pci 0000:00:07.3: [8086:7113] type 00 class 0x068000
[    0.299911] kernel: pci 0000:00:07.3: quirk: [io  0x1000-0x103f] claimed by PIIX4 ACPI
[    0.299920] kernel: pci 0000:00:07.3: quirk: [io  0x1040-0x104f] claimed by PIIX4 SMB
[    0.300237] kernel: pci 0000:00:07.7: [15ad:0740] type 00 class 0x088000
[    0.300588] kernel: pci 0000:00:07.7: reg 0x10: [io  0x1080-0x10bf]
[    0.300874] kernel: pci 0000:00:07.7: reg 0x14: [mem 0xfebfe000-0xfebfffff 64bit]
[    0.304438] kernel: pci 0000:00:0f.0: [15ad:0405] type 00 class 0x030000
[    0.305023] kernel: pci 0000:00:0f.0: reg 0x10: [io  0x1070-0x107f]
[    0.305551] kernel: pci 0000:00:0f.0: reg 0x14: [mem 0xe8000000-0xefffffff pref]
[    0.306116] kernel: pci 0000:00:0f.0: reg 0x18: [mem 0xfe000000-0xfe7fffff]
[    0.308192] kernel: pci 0000:00:0f.0: reg 0x30: [mem 0x00000000-0x00007fff pref]
[    0.308243] kernel: pci 0000:00:0f.0: Video device with shadowed ROM at [mem 0x000c0000-0x000dffff]
[    0.308840] kernel: pci 0000:00:10.0: [1000:0030] type 00 class 0x010000
[    0.309195] kernel: pci 0000:00:10.0: reg 0x10: [io  0x1400-0x14ff]
[    0.309476] kernel: pci 0000:00:10.0: reg 0x14: [mem 0xfeba0000-0xfebbffff 64bit]
[    0.309756] kernel: pci 0000:00:10.0: reg 0x1c: [mem 0xfebc0000-0xfebdffff 64bit]
[    0.310251] kernel: pci 0000:00:10.0: reg 0x30: [mem 0x00000000-0x00003fff pref]
[    0.310954] kernel: pci 0000:00:11.0: [15ad:0790] type 01 class 0x060401
[    0.312713] kernel: pci 0000:00:15.0: [15ad:07a0] type 01 class 0x060400
[    0.313364] kernel: pci 0000:00:15.0: PME# supported from D0 D3hot D3cold
[    0.313779] kernel: pci 0000:00:15.1: [15ad:07a0] type 01 class 0x060400
[    0.314415] kernel: pci 0000:00:15.1: PME# supported from D0 D3hot D3cold
[    0.314826] kernel: pci 0000:00:15.2: [15ad:07a0] type 01 class 0x060400
[    0.315461] kernel: pci 0000:00:15.2: PME# supported from D0 D3hot D3cold
[    0.315907] kernel: pci 0000:00:15.3: [15ad:07a0] type 01 class 0x060400
[    0.316551] kernel: pci 0000:00:15.3: PME# supported from D0 D3hot D3cold
[    0.316974] kernel: pci 0000:00:15.4: [15ad:07a0] type 01 class 0x060400
[    0.317610] kernel: pci 0000:00:15.4: PME# supported from D0 D3hot D3cold
[    0.318017] kernel: pci 0000:00:15.5: [15ad:07a0] type 01 class 0x060400
[    0.318654] kernel: pci 0000:00:15.5: PME# supported from D0 D3hot D3cold
[    0.319069] kernel: pci 0000:00:15.6: [15ad:07a0] type 01 class 0x060400
[    0.319706] kernel: pci 0000:00:15.6: PME# supported from D0 D3hot D3cold
[    0.320120] kernel: pci 0000:00:15.7: [15ad:07a0] type 01 class 0x060400
[    0.320754] kernel: pci 0000:00:15.7: PME# supported from D0 D3hot D3cold
[    0.321411] kernel: pci 0000:00:16.0: [15ad:07a0] type 01 class 0x060400
[    0.322054] kernel: pci 0000:00:16.0: PME# supported from D0 D3hot D3cold
[    0.322463] kernel: pci 0000:00:16.1: [15ad:07a0] type 01 class 0x060400
[    0.323106] kernel: pci 0000:00:16.1: PME# supported from D0 D3hot D3cold
[    0.323510] kernel: pci 0000:00:16.2: [15ad:07a0] type 01 class 0x060400
[    0.324175] kernel: pci 0000:00:16.2: PME# supported from D0 D3hot D3cold
[    0.324593] kernel: pci 0000:00:16.3: [15ad:07a0] type 01 class 0x060400
[    0.325231] kernel: pci 0000:00:16.3: PME# supported from D0 D3hot D3cold
[    0.325638] kernel: pci 0000:00:16.4: [15ad:07a0] type 01 class 0x060400
[    0.326281] kernel: pci 0000:00:16.4: PME# supported from D0 D3hot D3cold
[    0.326685] kernel: pci 0000:00:16.5: [15ad:07a0] type 01 class 0x060400
[    0.327323] kernel: pci 0000:00:16.5: PME# supported from D0 D3hot D3cold
[    0.327731] kernel: pci 0000:00:16.6: [15ad:07a0] type 01 class 0x060400
[    0.328368] kernel: pci 0000:00:16.6: PME# supported from D0 D3hot D3cold
[    0.328751] kernel: pci 0000:00:16.7: [15ad:07a0] type 01 class 0x060400
[    0.329389] kernel: pci 0000:00:16.7: PME# supported from D0 D3hot D3cold
[    0.330056] kernel: pci 0000:00:17.0: [15ad:07a0] type 01 class 0x060400
[    0.330694] kernel: pci 0000:00:17.0: PME# supported from D0 D3hot D3cold
[    0.331101] kernel: pci 0000:00:17.1: [15ad:07a0] type 01 class 0x060400
[    0.331754] kernel: pci 0000:00:17.1: PME# supported from D0 D3hot D3cold
[    0.332169] kernel: pci 0000:00:17.2: [15ad:07a0] type 01 class 0x060400
[    0.332811] kernel: pci 0000:00:17.2: PME# supported from D0 D3hot D3cold
[    0.333228] kernel: pci 0000:00:17.3: [15ad:07a0] type 01 class 0x060400
[    0.333874] kernel: pci 0000:00:17.3: PME# supported from D0 D3hot D3cold
[    0.334278] kernel: pci 0000:00:17.4: [15ad:07a0] type 01 class 0x060400
[    0.334921] kernel: pci 0000:00:17.4: PME# supported from D0 D3hot D3cold
[    0.335325] kernel: pci 0000:00:17.5: [15ad:07a0] type 01 class 0x060400
[    0.335967] kernel: pci 0000:00:17.5: PME# supported from D0 D3hot D3cold
[    0.336373] kernel: pci 0000:00:17.6: [15ad:07a0] type 01 class 0x060400
[    0.337011] kernel: pci 0000:00:17.6: PME# supported from D0 D3hot D3cold
[    0.337415] kernel: pci 0000:00:17.7: [15ad:07a0] type 01 class 0x060400
[    0.338060] kernel: pci 0000:00:17.7: PME# supported from D0 D3hot D3cold
[    0.338723] kernel: pci 0000:00:18.0: [15ad:07a0] type 01 class 0x060400
[    0.339361] kernel: pci 0000:00:18.0: PME# supported from D0 D3hot D3cold
[    0.339777] kernel: pci 0000:00:18.1: [15ad:07a0] type 01 class 0x060400
[    0.340414] kernel: pci 0000:00:18.1: PME# supported from D0 D3hot D3cold
[    0.340750] kernel: pci 0000:00:18.2: [15ad:07a0] type 01 class 0x060400
[    0.341388] kernel: pci 0000:00:18.2: PME# supported from D0 D3hot D3cold
[    0.341810] kernel: pci 0000:00:18.3: [15ad:07a0] type 01 class 0x060400
[    0.342447] kernel: pci 0000:00:18.3: PME# supported from D0 D3hot D3cold
[    0.342869] kernel: pci 0000:00:18.4: [15ad:07a0] type 01 class 0x060400
[    0.343507] kernel: pci 0000:00:18.4: PME# supported from D0 D3hot D3cold
[    0.343911] kernel: pci 0000:00:18.5: [15ad:07a0] type 01 class 0x060400
[    0.344548] kernel: pci 0000:00:18.5: PME# supported from D0 D3hot D3cold
[    0.344958] kernel: pci 0000:00:18.6: [15ad:07a0] type 01 class 0x060400
[    0.345602] kernel: pci 0000:00:18.6: PME# supported from D0 D3hot D3cold
[    0.346009] kernel: pci 0000:00:18.7: [15ad:07a0] type 01 class 0x060400
[    0.346652] kernel: pci 0000:00:18.7: PME# supported from D0 D3hot D3cold
[    0.349030] kernel: pci_bus 0000:01: extended config space not accessible
[    0.356453] kernel: pci 0000:00:01.0: PCI bridge to [bus 01]
[    0.356621] kernel: pci_bus 0000:02: extended config space not accessible
[    0.356721] kernel: acpiphp: Slot [32] registered
[    0.356730] kernel: acpiphp: Slot [33] registered
[    0.356744] kernel: acpiphp: Slot [34] registered
[    0.356758] kernel: acpiphp: Slot [35] registered
[    0.356772] kernel: acpiphp: Slot [36] registered
[    0.356786] kernel: acpiphp: Slot [37] registered
[    0.356799] kernel: acpiphp: Slot [38] registered
[    0.356812] kernel: acpiphp: Slot [39] registered
[    0.356827] kernel: acpiphp: Slot [40] registered
[    0.356840] kernel: acpiphp: Slot [41] registered
[    0.356854] kernel: acpiphp: Slot [42] registered
[    0.356867] kernel: acpiphp: Slot [43] registered
[    0.356880] kernel: acpiphp: Slot [44] registered
[    0.356893] kernel: acpiphp: Slot [45] registered
[    0.356908] kernel: acpiphp: Slot [46] registered
[    0.356922] kernel: acpiphp: Slot [47] registered
[    0.356935] kernel: acpiphp: Slot [48] registered
[    0.356948] kernel: acpiphp: Slot [49] registered
[    0.356961] kernel: acpiphp: Slot [50] registered
[    0.356974] kernel: acpiphp: Slot [51] registered
[    0.356987] kernel: acpiphp: Slot [52] registered
[    0.357003] kernel: acpiphp: Slot [53] registered
[    0.357016] kernel: acpiphp: Slot [54] registered
[    0.357029] kernel: acpiphp: Slot [55] registered
[    0.357042] kernel: acpiphp: Slot [56] registered
[    0.357055] kernel: acpiphp: Slot [57] registered
[    0.357069] kernel: acpiphp: Slot [58] registered
[    0.357084] kernel: acpiphp: Slot [59] registered
[    0.357097] kernel: acpiphp: Slot [60] registered
[    0.357110] kernel: acpiphp: Slot [61] registered
[    0.357123] kernel: acpiphp: Slot [62] registered
[    0.357136] kernel: acpiphp: Slot [63] registered
[    0.357236] kernel: pci 0000:02:00.0: [15ad:0774] type 00 class 0x0c0300
[    0.358233] kernel: pci 0000:02:00.0: reg 0x20: [io  0x2080-0x209f]
[    0.359498] kernel: pci 0000:02:01.0: [8086:100f] type 00 class 0x020000
[    0.360202] kernel: pci 0000:02:01.0: reg 0x10: [mem 0xfd5c0000-0xfd5dffff 64bit]
[    0.360533] kernel: pci 0000:02:01.0: reg 0x18: [mem 0xfdff0000-0xfdffffff 64bit]
[    0.360724] kernel: pci 0000:02:01.0: reg 0x20: [io  0x2000-0x203f]
[    0.361213] kernel: pci 0000:02:01.0: reg 0x30: [mem 0x00000000-0x0000ffff pref]
[    0.361456] kernel: pci 0000:02:01.0: PME# supported from D0 D3hot D3cold
[    0.362224] kernel: pci 0000:02:02.0: [1274:1371] type 00 class 0x040100
[    0.362454] kernel: pci 0000:02:02.0: reg 0x10: [io  0x2040-0x207f]
[    0.364211] kernel: pci 0000:02:03.0: [15ad:0770] type 00 class 0x0c0320
[    0.364479] kernel: pci 0000:02:03.0: reg 0x10: [mem 0xfd5ef000-0xfd5effff]
[    0.366440] kernel: pci 0000:02:04.0: [15ad:07e0] type 00 class 0x010601
[    0.367603] kernel: pci 0000:02:04.0: reg 0x24: [mem 0xfd5ee000-0xfd5eefff]
[    0.367784] kernel: pci 0000:02:04.0: reg 0x30: [mem 0x00000000-0x0000ffff pref]
[    0.368078] kernel: pci 0000:02:04.0: PME# supported from D3hot
[    0.375572] kernel: pci 0000:00:11.0: PCI bridge to [bus 02] (subtractive decode)
[    0.375589] kernel: pci 0000:00:11.0:   bridge window [io  0x2000-0x3fff]
[    0.375605] kernel: pci 0000:00:11.0:   bridge window [mem 0xfd500000-0xfdffffff]
[    0.375636] kernel: pci 0000:00:11.0:   bridge window [mem 0xe7b00000-0xe7ffffff 64bit pref]
[    0.375637] kernel: pci 0000:00:11.0:   bridge window [io  0x0000-0x0cf7 window] (subtractive decode)
[    0.375638] kernel: pci 0000:00:11.0:   bridge window [io  0x0d00-0xfeff window] (subtractive decode)
[    0.375639] kernel: pci 0000:00:11.0:   bridge window [mem 0x000a0000-0x000bffff window] (subtractive decode)
[    0.375640] kernel: pci 0000:00:11.0:   bridge window [mem 0x000d0000-0x000dbfff window] (subtractive decode)
[    0.375640] kernel: pci 0000:00:11.0:   bridge window [mem 0xc0000000-0xfebfffff window] (subtractive decode)
[    0.382302] kernel: pci 0000:00:15.0: PCI bridge to [bus 03]
[    0.382319] kernel: pci 0000:00:15.0:   bridge window [io  0x4000-0x4fff]
[    0.382335] kernel: pci 0000:00:15.0:   bridge window [mem 0xfd400000-0xfd4fffff]
[    0.382366] kernel: pci 0000:00:15.0:   bridge window [mem 0xe7a00000-0xe7afffff 64bit pref]
[    0.389669] kernel: pci 0000:00:15.1: PCI bridge to [bus 04]
[    0.389686] kernel: pci 0000:00:15.1:   bridge window [io  0x8000-0x8fff]
[    0.389703] kernel: pci 0000:00:15.1:   bridge window [mem 0xfd000000-0xfd0fffff]
[    0.389733] kernel: pci 0000:00:15.1:   bridge window [mem 0xe7600000-0xe76fffff 64bit pref]
[    0.396721] kernel: pci 0000:00:15.2: PCI bridge to [bus 05]
[    0.396730] kernel: pci 0000:00:15.2:   bridge window [io  0xc000-0xcfff]
[    0.396746] kernel: pci 0000:00:15.2:   bridge window [mem 0xfcc00000-0xfccfffff]
[    0.396777] kernel: pci 0000:00:15.2:   bridge window [mem 0xe7200000-0xe72fffff 64bit pref]
[    0.404425] kernel: pci 0000:00:15.3: PCI bridge to [bus 06]
[    0.404456] kernel: pci 0000:00:15.3:   bridge window [mem 0xfc800000-0xfc8fffff]
[    0.404487] kernel: pci 0000:00:15.3:   bridge window [mem 0xe6e00000-0xe6efffff 64bit pref]
[    0.411783] kernel: pci 0000:00:15.4: PCI bridge to [bus 07]
[    0.411814] kernel: pci 0000:00:15.4:   bridge window [mem 0xfc400000-0xfc4fffff]
[    0.411845] kernel: pci 0000:00:15.4:   bridge window [mem 0xe6a00000-0xe6afffff 64bit pref]
[    0.419147] kernel: pci 0000:00:15.5: PCI bridge to [bus 08]
[    0.419179] kernel: pci 0000:00:15.5:   bridge window [mem 0xfc000000-0xfc0fffff]
[    0.419210] kernel: pci 0000:00:15.5:   bridge window [mem 0xe6600000-0xe66fffff 64bit pref]
[    0.425703] kernel: pci 0000:00:15.6: PCI bridge to [bus 09]
[    0.425742] kernel: pci 0000:00:15.6:   bridge window [mem 0xfbc00000-0xfbcfffff]
[    0.425777] kernel: pci 0000:00:15.6:   bridge window [mem 0xe6200000-0xe62fffff 64bit pref]
[    0.433380] kernel: pci 0000:00:15.7: PCI bridge to [bus 0a]
[    0.433414] kernel: pci 0000:00:15.7:   bridge window [mem 0xfb800000-0xfb8fffff]
[    0.433445] kernel: pci 0000:00:15.7:   bridge window [mem 0xe5e00000-0xe5efffff 64bit pref]
[    0.440751] kernel: pci 0000:00:16.0: PCI bridge to [bus 0b]
[    0.440769] kernel: pci 0000:00:16.0:   bridge window [io  0x5000-0x5fff]
[    0.440786] kernel: pci 0000:00:16.0:   bridge window [mem 0xfd300000-0xfd3fffff]
[    0.440817] kernel: pci 0000:00:16.0:   bridge window [mem 0xe7900000-0xe79fffff 64bit pref]
[    0.448721] kernel: pci 0000:00:16.1: PCI bridge to [bus 0c]
[    0.448730] kernel: pci 0000:00:16.1:   bridge window [io  0x9000-0x9fff]
[    0.448746] kernel: pci 0000:00:16.1:   bridge window [mem 0xfcf00000-0xfcffffff]
[    0.448777] kernel: pci 0000:00:16.1:   bridge window [mem 0xe7500000-0xe75fffff 64bit pref]
[    0.456710] kernel: pci 0000:00:16.2: PCI bridge to [bus 0d]
[    0.456723] kernel: pci 0000:00:16.2:   bridge window [io  0xd000-0xdfff]
[    0.456739] kernel: pci 0000:00:16.2:   bridge window [mem 0xfcb00000-0xfcbfffff]
[    0.456771] kernel: pci 0000:00:16.2:   bridge window [mem 0xe7100000-0xe71fffff 64bit pref]
[    0.464100] kernel: pci 0000:00:16.3: PCI bridge to [bus 0e]
[    0.464131] kernel: pci 0000:00:16.3:   bridge window [mem 0xfc700000-0xfc7fffff]
[    0.464162] kernel: pci 0000:00:16.3:   bridge window [mem 0xe6d00000-0xe6dfffff 64bit pref]
[    0.471479] kernel: pci 0000:00:16.4: PCI bridge to [bus 0f]
[    0.471510] kernel: pci 0000:00:16.4:   bridge window [mem 0xfc300000-0xfc3fffff]
[    0.471542] kernel: pci 0000:00:16.4:   bridge window [mem 0xe6900000-0xe69fffff 64bit pref]
[    0.478892] kernel: pci 0000:00:16.5: PCI bridge to [bus 10]
[    0.478924] kernel: pci 0000:00:16.5:   bridge window [mem 0xfbf00000-0xfbffffff]
[    0.478955] kernel: pci 0000:00:16.5:   bridge window [mem 0xe6500000-0xe65fffff 64bit pref]
[    0.485261] kernel: pci 0000:00:16.6: PCI bridge to [bus 11]
[    0.485293] kernel: pci 0000:00:16.6:   bridge window [mem 0xfbb00000-0xfbbfffff]
[    0.485325] kernel: pci 0000:00:16.6:   bridge window [mem 0xe6100000-0xe61fffff 64bit pref]
[    0.492637] kernel: pci 0000:00:16.7: PCI bridge to [bus 12]
[    0.492668] kernel: pci 0000:00:16.7:   bridge window [mem 0xfb700000-0xfb7fffff]
[    0.492699] kernel: pci 0000:00:16.7:   bridge window [mem 0xe5d00000-0xe5dfffff 64bit pref]
[    0.500721] kernel: pci 0000:00:17.0: PCI bridge to [bus 13]
[    0.500730] kernel: pci 0000:00:17.0:   bridge window [io  0x6000-0x6fff]
[    0.500747] kernel: pci 0000:00:17.0:   bridge window [mem 0xfd200000-0xfd2fffff]
[    0.500778] kernel: pci 0000:00:17.0:   bridge window [mem 0xe7800000-0xe78fffff 64bit pref]
[    0.508387] kernel: pci 0000:00:17.1: PCI bridge to [bus 14]
[    0.508403] kernel: pci 0000:00:17.1:   bridge window [io  0xa000-0xafff]
[    0.508419] kernel: pci 0000:00:17.1:   bridge window [mem 0xfce00000-0xfcefffff]
[    0.508450] kernel: pci 0000:00:17.1:   bridge window [mem 0xe7400000-0xe74fffff 64bit pref]
[    0.514747] kernel: pci 0000:00:17.2: PCI bridge to [bus 15]
[    0.514764] kernel: pci 0000:00:17.2:   bridge window [io  0xe000-0xefff]
[    0.514780] kernel: pci 0000:00:17.2:   bridge window [mem 0xfca00000-0xfcafffff]
[    0.514811] kernel: pci 0000:00:17.2:   bridge window [mem 0xe7000000-0xe70fffff 64bit pref]
[    0.522143] kernel: pci 0000:00:17.3: PCI bridge to [bus 16]
[    0.522174] kernel: pci 0000:00:17.3:   bridge window [mem 0xfc600000-0xfc6fffff]
[    0.522205] kernel: pci 0000:00:17.3:   bridge window [mem 0xe6c00000-0xe6cfffff 64bit pref]
[    0.528721] kernel: pci 0000:00:17.4: PCI bridge to [bus 17]
[    0.528745] kernel: pci 0000:00:17.4:   bridge window [mem 0xfc200000-0xfc2fffff]
[    0.528776] kernel: pci 0000:00:17.4:   bridge window [mem 0xe6800000-0xe68fffff 64bit pref]
[    0.536721] kernel: pci 0000:00:17.5: PCI bridge to [bus 18]
[    0.536745] kernel: pci 0000:00:17.5:   bridge window [mem 0xfbe00000-0xfbefffff]
[    0.536776] kernel: pci 0000:00:17.5:   bridge window [mem 0xe6400000-0xe64fffff 64bit pref]
[    0.544283] kernel: pci 0000:00:17.6: PCI bridge to [bus 19]
[    0.544315] kernel: pci 0000:00:17.6:   bridge window [mem 0xfba00000-0xfbafffff]
[    0.544345] kernel: pci 0000:00:17.6:   bridge window [mem 0xe6000000-0xe60fffff 64bit pref]
[    0.551625] kernel: pci 0000:00:17.7: PCI bridge to [bus 1a]
[    0.551656] kernel: pci 0000:00:17.7:   bridge window [mem 0xfb600000-0xfb6fffff]
[    0.551687] kernel: pci 0000:00:17.7:   bridge window [mem 0xe5c00000-0xe5cfffff 64bit pref]
[    0.559064] kernel: pci 0000:00:18.0: PCI bridge to [bus 1b]
[    0.559508] kernel: pci 0000:00:18.0:   bridge window [io  0x7000-0x7fff]
[    0.559526] kernel: pci 0000:00:18.0:   bridge window [mem 0xfd100000-0xfd1fffff]
[    0.559560] kernel: pci 0000:00:18.0:   bridge window [mem 0xe7700000-0xe77fffff 64bit pref]
[    0.566133] kernel: pci 0000:00:18.1: PCI bridge to [bus 1c]
[    0.566150] kernel: pci 0000:00:18.1:   bridge window [io  0xb000-0xbfff]
[    0.566166] kernel: pci 0000:00:18.1:   bridge window [mem 0xfcd00000-0xfcdfffff]
[    0.566197] kernel: pci 0000:00:18.1:   bridge window [mem 0xe7300000-0xe73fffff 64bit pref]
[    0.572859] kernel: pci 0000:00:18.2: PCI bridge to [bus 1d]
[    0.572892] kernel: pci 0000:00:18.2:   bridge window [mem 0xfc900000-0xfc9fffff]
[    0.572923] kernel: pci 0000:00:18.2:   bridge window [mem 0xe6f00000-0xe6ffffff 64bit pref]
[    0.580234] kernel: pci 0000:00:18.3: PCI bridge to [bus 1e]
[    0.580266] kernel: pci 0000:00:18.3:   bridge window [mem 0xfc500000-0xfc5fffff]
[    0.580296] kernel: pci 0000:00:18.3:   bridge window [mem 0xe6b00000-0xe6bfffff 64bit pref]
[    0.586613] kernel: pci 0000:00:18.4: PCI bridge to [bus 1f]
[    0.586644] kernel: pci 0000:00:18.4:   bridge window [mem 0xfc100000-0xfc1fffff]
[    0.586675] kernel: pci 0000:00:18.4:   bridge window [mem 0xe6700000-0xe67fffff 64bit pref]
[    0.592978] kernel: pci 0000:00:18.5: PCI bridge to [bus 20]
[    0.593009] kernel: pci 0000:00:18.5:   bridge window [mem 0xfbd00000-0xfbdfffff]
[    0.593040] kernel: pci 0000:00:18.5:   bridge window [mem 0xe6300000-0xe63fffff 64bit pref]
[    0.600365] kernel: pci 0000:00:18.6: PCI bridge to [bus 21]
[    0.600396] kernel: pci 0000:00:18.6:   bridge window [mem 0xfb900000-0xfb9fffff]
[    0.600427] kernel: pci 0000:00:18.6:   bridge window [mem 0xe5f00000-0xe5ffffff 64bit pref]
[    0.607743] kernel: pci 0000:00:18.7: PCI bridge to [bus 22]
[    0.607774] kernel: pci 0000:00:18.7:   bridge window [mem 0xfb500000-0xfb5fffff]
[    0.607805] kernel: pci 0000:00:18.7:   bridge window [mem 0xe5b00000-0xe5bfffff 64bit pref]
[    0.609590] kernel: ACPI: PCI: Interrupt link LNKA configured for IRQ 9
[    0.609651] kernel: ACPI: PCI: Interrupt link LNKB configured for IRQ 11
[    0.609718] kernel: ACPI: PCI: Interrupt link LNKC configured for IRQ 10
[    0.609776] kernel: ACPI: PCI: Interrupt link LNKD configured for IRQ 7
[    0.634809] kernel: iommu: Default domain type: Translated 
[    0.634809] kernel: iommu: DMA domain TLB invalidation policy: lazy mode 
[    0.634809] kernel: SCSI subsystem initialized
[    0.634809] kernel: libata version 3.00 loaded.
[    0.634809] kernel: pci 0000:00:0f.0: vgaarb: setting as boot VGA device
[    0.634809] kernel: pci 0000:00:0f.0: vgaarb: VGA device added: decodes=io+mem,owns=io+mem,locks=none
[    0.634809] kernel: pci 0000:00:0f.0: vgaarb: bridge control possible
[    0.634809] kernel: vgaarb: loaded
[    0.634809] kernel: ACPI: bus type USB registered
[    0.634809] kernel: usbcore: registered new interface driver usbfs
[    0.634809] kernel: usbcore: registered new interface driver hub
[    0.634809] kernel: usbcore: registered new device driver usb
[    0.634809] kernel: pps_core: LinuxPPS API ver. 1 registered
[    0.634809] kernel: pps_core: Software ver. 5.3.6 - Copyright 2005-2007 Rodolfo Giometti <giometti@linux.it>
[    0.634809] kernel: PTP clock support registered
[    0.634809] kernel: EDAC MC: Ver: 3.0.0
[    0.636858] kernel: NetLabel: Initializing
[    0.636859] kernel: NetLabel:  domain hash size = 128
[    0.636860] kernel: NetLabel:  protocols = UNLABELED CIPSOv4 CALIPSO
[    0.636868] kernel: NetLabel:  unlabeled traffic allowed by default
[    0.636886] kernel: PCI: Using ACPI for IRQ routing
[    0.664721] kernel: PCI: pci_cache_line_size set to 64 bytes
[    0.665420] kernel: e820: reserve RAM buffer [mem 0x0009e800-0x0009ffff]
[    0.665422] kernel: e820: reserve RAM buffer [mem 0xbfed0000-0xbfffffff]
[    0.669671] kernel: hpet0: at MMIO 0xfed00000, IRQs 2, 8, 0, 0, 0, 0, 0, 0, 0, 0, 0, 0, 0, 0, 0, 0
[    0.669677] kernel: hpet0: 16 comparators, 64-bit 14.318180 MHz counter
[    0.671807] kernel: clocksource: Switched to clocksource tsc-early
[    0.679419] kernel: VFS: Disk quotas dquot_6.6.0
[    0.679455] kernel: VFS: Dquot-cache hash table entries: 512 (order 0, 4096 bytes)
[    0.679588] kernel: AppArmor: AppArmor Filesystem Enabled
[    0.679599] kernel: pnp: PnP ACPI init
[    0.679750] kernel: system 00:00: [io  0x1000-0x103f] has been reserved
[    0.679752] kernel: system 00:00: [io  0x1040-0x104f] has been reserved
[    0.679753] kernel: system 00:00: [io  0x0cf0-0x0cf1] has been reserved
[    0.679930] kernel: system 00:04: [mem 0xfed00000-0xfed003ff] has been reserved
[    0.681252] kernel: pnp 00:06: [dma 2]
[    0.681414] kernel: system 00:07: [io  0xfce0-0xfcff] has been reserved
[    0.681415] kernel: system 00:07: [mem 0xf0000000-0xf7ffffff] has been reserved
[    0.681416] kernel: system 00:07: [mem 0xfe800000-0xfe9fffff] has been reserved
[    0.700048] kernel: pnp: PnP ACPI: found 8 devices
[    0.709041] kernel: clocksource: acpi_pm: mask: 0xffffff max_cycles: 0xffffff, max_idle_ns: 2085701024 ns
[    0.709253] kernel: NET: Registered PF_INET protocol family
[    0.709642] kernel: IP idents hash table entries: 131072 (order: 8, 1048576 bytes, linear)
[    0.711050] kernel: tcp_listen_portaddr_hash hash table entries: 4096 (order: 4, 65536 bytes, linear)
[    0.711152] kernel: Table-perturb hash table entries: 65536 (order: 6, 262144 bytes, linear)
[    0.711339] kernel: TCP established hash table entries: 65536 (order: 7, 524288 bytes, linear)
[    0.711741] kernel: TCP bind hash table entries: 65536 (order: 8, 1048576 bytes, linear)
[    0.711785] kernel: TCP: Hash tables configured (established 65536 bind 65536)
[    0.712105] kernel: MPTCP token hash table entries: 8192 (order: 5, 196608 bytes, linear)
[    0.712167] kernel: UDP hash table entries: 4096 (order: 5, 131072 bytes, linear)
[    0.712229] kernel: UDP-Lite hash table entries: 4096 (order: 5, 131072 bytes, linear)
[    0.712378] kernel: NET: Registered PF_UNIX/PF_LOCAL protocol family
[    0.712381] kernel: NET: Registered PF_XDP protocol family
[    0.712393] kernel: pci 0000:00:15.3: bridge window [io  0x1000-0x0fff] to [bus 06] add_size 1000
[    0.712395] kernel: pci 0000:00:15.4: bridge window [io  0x1000-0x0fff] to [bus 07] add_size 1000
[    0.712396] kernel: pci 0000:00:15.5: bridge window [io  0x1000-0x0fff] to [bus 08] add_size 1000
[    0.712397] kernel: pci 0000:00:15.6: bridge window [io  0x1000-0x0fff] to [bus 09] add_size 1000
[    0.712398] kernel: pci 0000:00:15.7: bridge window [io  0x1000-0x0fff] to [bus 0a] add_size 1000
[    0.712399] kernel: pci 0000:00:16.3: bridge window [io  0x1000-0x0fff] to [bus 0e] add_size 1000
[    0.712400] kernel: pci 0000:00:16.4: bridge window [io  0x1000-0x0fff] to [bus 0f] add_size 1000
[    0.712401] kernel: pci 0000:00:16.5: bridge window [io  0x1000-0x0fff] to [bus 10] add_size 1000
[    0.712402] kernel: pci 0000:00:16.6: bridge window [io  0x1000-0x0fff] to [bus 11] add_size 1000
[    0.712403] kernel: pci 0000:00:16.7: bridge window [io  0x1000-0x0fff] to [bus 12] add_size 1000
[    0.712404] kernel: pci 0000:00:17.3: bridge window [io  0x1000-0x0fff] to [bus 16] add_size 1000
[    0.712405] kernel: pci 0000:00:17.4: bridge window [io  0x1000-0x0fff] to [bus 17] add_size 1000
[    0.712406] kernel: pci 0000:00:17.5: bridge window [io  0x1000-0x0fff] to [bus 18] add_size 1000
[    0.712407] kernel: pci 0000:00:17.6: bridge window [io  0x1000-0x0fff] to [bus 19] add_size 1000
[    0.712408] kernel: pci 0000:00:17.7: bridge window [io  0x1000-0x0fff] to [bus 1a] add_size 1000
[    0.712409] kernel: pci 0000:00:18.2: bridge window [io  0x1000-0x0fff] to [bus 1d] add_size 1000
[    0.712410] kernel: pci 0000:00:18.3: bridge window [io  0x1000-0x0fff] to [bus 1e] add_size 1000
[    0.712411] kernel: pci 0000:00:18.4: bridge window [io  0x1000-0x0fff] to [bus 1f] add_size 1000
[    0.712412] kernel: pci 0000:00:18.5: bridge window [io  0x1000-0x0fff] to [bus 20] add_size 1000
[    0.712413] kernel: pci 0000:00:18.6: bridge window [io  0x1000-0x0fff] to [bus 21] add_size 1000
[    0.712414] kernel: pci 0000:00:18.7: bridge window [io  0x1000-0x0fff] to [bus 22] add_size 1000
[    0.712423] kernel: pci 0000:00:10.0: BAR 6: assigned [mem 0xc0000000-0xc0003fff pref]
[    0.712426] kernel: pci 0000:00:15.3: BAR 13: no space for [io  size 0x1000]
[    0.712427] kernel: pci 0000:00:15.3: BAR 13: failed to assign [io  size 0x1000]
[    0.712428] kernel: pci 0000:00:15.4: BAR 13: no space for [io  size 0x1000]
[    0.712429] kernel: pci 0000:00:15.4: BAR 13: failed to assign [io  size 0x1000]
[    0.712429] kernel: pci 0000:00:15.5: BAR 13: no space for [io  size 0x1000]
[    0.712430] kernel: pci 0000:00:15.5: BAR 13: failed to assign [io  size 0x1000]
[    0.712431] kernel: pci 0000:00:15.6: BAR 13: no space for [io  size 0x1000]
[    0.712432] kernel: pci 0000:00:15.6: BAR 13: failed to assign [io  size 0x1000]
[    0.712433] kernel: pci 0000:00:15.7: BAR 13: no space for [io  size 0x1000]
[    0.712433] kernel: pci 0000:00:15.7: BAR 13: failed to assign [io  size 0x1000]
[    0.712434] kernel: pci 0000:00:16.3: BAR 13: no space for [io  size 0x1000]
[    0.712435] kernel: pci 0000:00:16.3: BAR 13: failed to assign [io  size 0x1000]
[    0.712435] kernel: pci 0000:00:16.4: BAR 13: no space for [io  size 0x1000]
[    0.712436] kernel: pci 0000:00:16.4: BAR 13: failed to assign [io  size 0x1000]
[    0.712437] kernel: pci 0000:00:16.5: BAR 13: no space for [io  size 0x1000]
[    0.712437] kernel: pci 0000:00:16.5: BAR 13: failed to assign [io  size 0x1000]
[    0.712438] kernel: pci 0000:00:16.6: BAR 13: no space for [io  size 0x1000]
[    0.712439] kernel: pci 0000:00:16.6: BAR 13: failed to assign [io  size 0x1000]
[    0.712440] kernel: pci 0000:00:16.7: BAR 13: no space for [io  size 0x1000]
[    0.712440] kernel: pci 0000:00:16.7: BAR 13: failed to assign [io  size 0x1000]
[    0.712441] kernel: pci 0000:00:17.3: BAR 13: no space for [io  size 0x1000]
[    0.712442] kernel: pci 0000:00:17.3: BAR 13: failed to assign [io  size 0x1000]
[    0.712443] kernel: pci 0000:00:17.4: BAR 13: no space for [io  size 0x1000]
[    0.712443] kernel: pci 0000:00:17.4: BAR 13: failed to assign [io  size 0x1000]
[    0.712444] kernel: pci 0000:00:17.5: BAR 13: no space for [io  size 0x1000]
[    0.712445] kernel: pci 0000:00:17.5: BAR 13: failed to assign [io  size 0x1000]
[    0.712446] kernel: pci 0000:00:17.6: BAR 13: no space for [io  size 0x1000]
[    0.712446] kernel: pci 0000:00:17.6: BAR 13: failed to assign [io  size 0x1000]
[    0.712447] kernel: pci 0000:00:17.7: BAR 13: no space for [io  size 0x1000]
[    0.712448] kernel: pci 0000:00:17.7: BAR 13: failed to assign [io  size 0x1000]
[    0.712448] kernel: pci 0000:00:18.2: BAR 13: no space for [io  size 0x1000]
[    0.712449] kernel: pci 0000:00:18.2: BAR 13: failed to assign [io  size 0x1000]
[    0.712450] kernel: pci 0000:00:18.3: BAR 13: no space for [io  size 0x1000]
[    0.712450] kernel: pci 0000:00:18.3: BAR 13: failed to assign [io  size 0x1000]
[    0.712451] kernel: pci 0000:00:18.4: BAR 13: no space for [io  size 0x1000]
[    0.712452] kernel: pci 0000:00:18.4: BAR 13: failed to assign [io  size 0x1000]
[    0.712453] kernel: pci 0000:00:18.5: BAR 13: no space for [io  size 0x1000]
[    0.712453] kernel: pci 0000:00:18.5: BAR 13: failed to assign [io  size 0x1000]
[    0.712454] kernel: pci 0000:00:18.6: BAR 13: no space for [io  size 0x1000]
[    0.712455] kernel: pci 0000:00:18.6: BAR 13: failed to assign [io  size 0x1000]
[    0.712456] kernel: pci 0000:00:18.7: BAR 13: no space for [io  size 0x1000]
[    0.712456] kernel: pci 0000:00:18.7: BAR 13: failed to assign [io  size 0x1000]
[    0.712458] kernel: pci 0000:00:18.7: BAR 13: no space for [io  size 0x1000]
[    0.712459] kernel: pci 0000:00:18.7: BAR 13: failed to assign [io  size 0x1000]
[    0.712460] kernel: pci 0000:00:18.6: BAR 13: no space for [io  size 0x1000]
[    0.712461] kernel: pci 0000:00:18.6: BAR 13: failed to assign [io  size 0x1000]
[    0.712461] kernel: pci 0000:00:18.5: BAR 13: no space for [io  size 0x1000]
[    0.712462] kernel: pci 0000:00:18.5: BAR 13: failed to assign [io  size 0x1000]
[    0.712463] kernel: pci 0000:00:18.4: BAR 13: no space for [io  size 0x1000]
[    0.712464] kernel: pci 0000:00:18.4: BAR 13: failed to assign [io  size 0x1000]
[    0.712464] kernel: pci 0000:00:18.3: BAR 13: no space for [io  size 0x1000]
[    0.712465] kernel: pci 0000:00:18.3: BAR 13: failed to assign [io  size 0x1000]
[    0.712466] kernel: pci 0000:00:18.2: BAR 13: no space for [io  size 0x1000]
[    0.712466] kernel: pci 0000:00:18.2: BAR 13: failed to assign [io  size 0x1000]
[    0.712467] kernel: pci 0000:00:17.7: BAR 13: no space for [io  size 0x1000]
[    0.712468] kernel: pci 0000:00:17.7: BAR 13: failed to assign [io  size 0x1000]
[    0.712469] kernel: pci 0000:00:17.6: BAR 13: no space for [io  size 0x1000]
[    0.712469] kernel: pci 0000:00:17.6: BAR 13: failed to assign [io  size 0x1000]
[    0.712470] kernel: pci 0000:00:17.5: BAR 13: no space for [io  size 0x1000]
[    0.712471] kernel: pci 0000:00:17.5: BAR 13: failed to assign [io  size 0x1000]
[    0.712472] kernel: pci 0000:00:17.4: BAR 13: no space for [io  size 0x1000]
[    0.712472] kernel: pci 0000:00:17.4: BAR 13: failed to assign [io  size 0x1000]
[    0.712473] kernel: pci 0000:00:17.3: BAR 13: no space for [io  size 0x1000]
[    0.712474] kernel: pci 0000:00:17.3: BAR 13: failed to assign [io  size 0x1000]
[    0.712475] kernel: pci 0000:00:16.7: BAR 13: no space for [io  size 0x1000]
[    0.712475] kernel: pci 0000:00:16.7: BAR 13: failed to assign [io  size 0x1000]
[    0.712476] kernel: pci 0000:00:16.6: BAR 13: no space for [io  size 0x1000]
[    0.712477] kernel: pci 0000:00:16.6: BAR 13: failed to assign [io  size 0x1000]
[    0.712478] kernel: pci 0000:00:16.5: BAR 13: no space for [io  size 0x1000]
[    0.712478] kernel: pci 0000:00:16.5: BAR 13: failed to assign [io  size 0x1000]
[    0.712479] kernel: pci 0000:00:16.4: BAR 13: no space for [io  size 0x1000]
[    0.712480] kernel: pci 0000:00:16.4: BAR 13: failed to assign [io  size 0x1000]
[    0.712481] kernel: pci 0000:00:16.3: BAR 13: no space for [io  size 0x1000]
[    0.712481] kernel: pci 0000:00:16.3: BAR 13: failed to assign [io  size 0x1000]
[    0.712482] kernel: pci 0000:00:15.7: BAR 13: no space for [io  size 0x1000]
[    0.712483] kernel: pci 0000:00:15.7: BAR 13: failed to assign [io  size 0x1000]
[    0.712483] kernel: pci 0000:00:15.6: BAR 13: no space for [io  size 0x1000]
[    0.712484] kernel: pci 0000:00:15.6: BAR 13: failed to assign [io  size 0x1000]
[    0.712485] kernel: pci 0000:00:15.5: BAR 13: no space for [io  size 0x1000]
[    0.712486] kernel: pci 0000:00:15.5: BAR 13: failed to assign [io  size 0x1000]
[    0.712486] kernel: pci 0000:00:15.4: BAR 13: no space for [io  size 0x1000]
[    0.712487] kernel: pci 0000:00:15.4: BAR 13: failed to assign [io  size 0x1000]
[    0.712488] kernel: pci 0000:00:15.3: BAR 13: no space for [io  size 0x1000]
[    0.712488] kernel: pci 0000:00:15.3: BAR 13: failed to assign [io  size 0x1000]
[    0.712490] kernel: pci 0000:00:01.0: PCI bridge to [bus 01]
[    0.712606] kernel: pci 0000:02:01.0: BAR 6: assigned [mem 0xfd500000-0xfd50ffff pref]
[    0.712607] kernel: pci 0000:02:04.0: BAR 6: assigned [mem 0xfd510000-0xfd51ffff pref]
[    0.712609] kernel: pci 0000:00:11.0: PCI bridge to [bus 02]
[    0.712619] kernel: pci 0000:00:11.0:   bridge window [io  0x2000-0x3fff]
[    0.712646] kernel: pci 0000:00:11.0:   bridge window [mem 0xfd500000-0xfdffffff]
[    0.712664] kernel: pci 0000:00:11.0:   bridge window [mem 0xe7b00000-0xe7ffffff 64bit pref]
[    0.712697] kernel: pci 0000:00:15.0: PCI bridge to [bus 03]
[    0.712706] kernel: pci 0000:00:15.0:   bridge window [io  0x4000-0x4fff]
[    0.712739] kernel: pci 0000:00:15.0:   bridge window [mem 0xfd400000-0xfd4fffff]
[    0.712756] kernel: pci 0000:00:15.0:   bridge window [mem 0xe7a00000-0xe7afffff 64bit pref]
[    0.712819] kernel: pci 0000:00:15.1: PCI bridge to [bus 04]
[    0.712828] kernel: pci 0000:00:15.1:   bridge window [io  0x8000-0x8fff]
[    0.712851] kernel: pci 0000:00:15.1:   bridge window [mem 0xfd000000-0xfd0fffff]
[    0.712867] kernel: pci 0000:00:15.1:   bridge window [mem 0xe7600000-0xe76fffff 64bit pref]
[    0.712904] kernel: pci 0000:00:15.2: PCI bridge to [bus 05]
[    0.712913] kernel: pci 0000:00:15.2:   bridge window [io  0xc000-0xcfff]
[    0.712936] kernel: pci 0000:00:15.2:   bridge window [mem 0xfcc00000-0xfccfffff]
[    0.712952] kernel: pci 0000:00:15.2:   bridge window [mem 0xe7200000-0xe72fffff 64bit pref]
[    0.712989] kernel: pci 0000:00:15.3: PCI bridge to [bus 06]
[    0.713012] kernel: pci 0000:00:15.3:   bridge window [mem 0xfc800000-0xfc8fffff]
[    0.713028] kernel: pci 0000:00:15.3:   bridge window [mem 0xe6e00000-0xe6efffff 64bit pref]
[    0.713064] kernel: pci 0000:00:15.4: PCI bridge to [bus 07]
[    0.713088] kernel: pci 0000:00:15.4:   bridge window [mem 0xfc400000-0xfc4fffff]
[    0.713104] kernel: pci 0000:00:15.4:   bridge window [mem 0xe6a00000-0xe6afffff 64bit pref]
[    0.713176] kernel: pci 0000:00:15.5: PCI bridge to [bus 08]
[    0.713200] kernel: pci 0000:00:15.5:   bridge window [mem 0xfc000000-0xfc0fffff]
[    0.713217] kernel: pci 0000:00:15.5:   bridge window [mem 0xe6600000-0xe66fffff 64bit pref]
[    0.713253] kernel: pci 0000:00:15.6: PCI bridge to [bus 09]
[    0.713277] kernel: pci 0000:00:15.6:   bridge window [mem 0xfbc00000-0xfbcfffff]
[    0.713293] kernel: pci 0000:00:15.6:   bridge window [mem 0xe6200000-0xe62fffff 64bit pref]
[    0.713329] kernel: pci 0000:00:15.7: PCI bridge to [bus 0a]
[    0.713353] kernel: pci 0000:00:15.7:   bridge window [mem 0xfb800000-0xfb8fffff]
[    0.713369] kernel: pci 0000:00:15.7:   bridge window [mem 0xe5e00000-0xe5efffff 64bit pref]
[    0.713404] kernel: pci 0000:00:16.0: PCI bridge to [bus 0b]
[    0.713414] kernel: pci 0000:00:16.0:   bridge window [io  0x5000-0x5fff]
[    0.713437] kernel: pci 0000:00:16.0:   bridge window [mem 0xfd300000-0xfd3fffff]
[    0.713453] kernel: pci 0000:00:16.0:   bridge window [mem 0xe7900000-0xe79fffff 64bit pref]
[    0.713490] kernel: pci 0000:00:16.1: PCI bridge to [bus 0c]
[    0.713498] kernel: pci 0000:00:16.1:   bridge window [io  0x9000-0x9fff]
[    0.713528] kernel: pci 0000:00:16.1:   bridge window [mem 0xfcf00000-0xfcffffff]
[    0.713544] kernel: pci 0000:00:16.1:   bridge window [mem 0xe7500000-0xe75fffff 64bit pref]
[    0.713580] kernel: pci 0000:00:16.2: PCI bridge to [bus 0d]
[    0.713589] kernel: pci 0000:00:16.2:   bridge window [io  0xd000-0xdfff]
[    0.713613] kernel: pci 0000:00:16.2:   bridge window [mem 0xfcb00000-0xfcbfffff]
[    0.713629] kernel: pci 0000:00:16.2:   bridge window [mem 0xe7100000-0xe71fffff 64bit pref]
[    0.713665] kernel: pci 0000:00:16.3: PCI bridge to [bus 0e]
[    0.713688] kernel: pci 0000:00:16.3:   bridge window [mem 0xfc700000-0xfc7fffff]
[    0.713704] kernel: pci 0000:00:16.3:   bridge window [mem 0xe6d00000-0xe6dfffff 64bit pref]
[    0.713740] kernel: pci 0000:00:16.4: PCI bridge to [bus 0f]
[    0.713763] kernel: pci 0000:00:16.4:   bridge window [mem 0xfc300000-0xfc3fffff]
[    0.713779] kernel: pci 0000:00:16.4:   bridge window [mem 0xe6900000-0xe69fffff 64bit pref]
[    0.713816] kernel: pci 0000:00:16.5: PCI bridge to [bus 10]
[    0.713839] kernel: pci 0000:00:16.5:   bridge window [mem 0xfbf00000-0xfbffffff]
[    0.713855] kernel: pci 0000:00:16.5:   bridge window [mem 0xe6500000-0xe65fffff 64bit pref]
[    0.713891] kernel: pci 0000:00:16.6: PCI bridge to [bus 11]
[    0.713914] kernel: pci 0000:00:16.6:   bridge window [mem 0xfbb00000-0xfbbfffff]
[    0.713931] kernel: pci 0000:00:16.6:   bridge window [mem 0xe6100000-0xe61fffff 64bit pref]
[    0.713966] kernel: pci 0000:00:16.7: PCI bridge to [bus 12]
[    0.713990] kernel: pci 0000:00:16.7:   bridge window [mem 0xfb700000-0xfb7fffff]
[    0.714006] kernel: pci 0000:00:16.7:   bridge window [mem 0xe5d00000-0xe5dfffff 64bit pref]
[    0.714042] kernel: pci 0000:00:17.0: PCI bridge to [bus 13]
[    0.714051] kernel: pci 0000:00:17.0:   bridge window [io  0x6000-0x6fff]
[    0.714074] kernel: pci 0000:00:17.0:   bridge window [mem 0xfd200000-0xfd2fffff]
[    0.714090] kernel: pci 0000:00:17.0:   bridge window [mem 0xe7800000-0xe78fffff 64bit pref]
[    0.714127] kernel: pci 0000:00:17.1: PCI bridge to [bus 14]
[    0.714136] kernel: pci 0000:00:17.1:   bridge window [io  0xa000-0xafff]
[    0.714159] kernel: pci 0000:00:17.1:   bridge window [mem 0xfce00000-0xfcefffff]
[    0.714175] kernel: pci 0000:00:17.1:   bridge window [mem 0xe7400000-0xe74fffff 64bit pref]
[    0.714211] kernel: pci 0000:00:17.2: PCI bridge to [bus 15]
[    0.714220] kernel: pci 0000:00:17.2:   bridge window [io  0xe000-0xefff]
[    0.714243] kernel: pci 0000:00:17.2:   bridge window [mem 0xfca00000-0xfcafffff]
[    0.714259] kernel: pci 0000:00:17.2:   bridge window [mem 0xe7000000-0xe70fffff 64bit pref]
[    0.714295] kernel: pci 0000:00:17.3: PCI bridge to [bus 16]
[    0.714319] kernel: pci 0000:00:17.3:   bridge window [mem 0xfc600000-0xfc6fffff]
[    0.714335] kernel: pci 0000:00:17.3:   bridge window [mem 0xe6c00000-0xe6cfffff 64bit pref]
[    0.714371] kernel: pci 0000:00:17.4: PCI bridge to [bus 17]
[    0.714394] kernel: pci 0000:00:17.4:   bridge window [mem 0xfc200000-0xfc2fffff]
[    0.714410] kernel: pci 0000:00:17.4:   bridge window [mem 0xe6800000-0xe68fffff 64bit pref]
[    0.714446] kernel: pci 0000:00:17.5: PCI bridge to [bus 18]
[    0.714470] kernel: pci 0000:00:17.5:   bridge window [mem 0xfbe00000-0xfbefffff]
[    0.714486] kernel: pci 0000:00:17.5:   bridge window [mem 0xe6400000-0xe64fffff 64bit pref]
[    0.714528] kernel: pci 0000:00:17.6: PCI bridge to [bus 19]
[    0.714551] kernel: pci 0000:00:17.6:   bridge window [mem 0xfba00000-0xfbafffff]
[    0.714567] kernel: pci 0000:00:17.6:   bridge window [mem 0xe6000000-0xe60fffff 64bit pref]
[    0.714603] kernel: pci 0000:00:17.7: PCI bridge to [bus 1a]
[    0.714627] kernel: pci 0000:00:17.7:   bridge window [mem 0xfb600000-0xfb6fffff]
[    0.714643] kernel: pci 0000:00:17.7:   bridge window [mem 0xe5c00000-0xe5cfffff 64bit pref]
[    0.714678] kernel: pci 0000:00:18.0: PCI bridge to [bus 1b]
[    0.714687] kernel: pci 0000:00:18.0:   bridge window [io  0x7000-0x7fff]
[    0.714711] kernel: pci 0000:00:18.0:   bridge window [mem 0xfd100000-0xfd1fffff]
[    0.714727] kernel: pci 0000:00:18.0:   bridge window [mem 0xe7700000-0xe77fffff 64bit pref]
[    0.714763] kernel: pci 0000:00:18.1: PCI bridge to [bus 1c]
[    0.714772] kernel: pci 0000:00:18.1:   bridge window [io  0xb000-0xbfff]
[    0.714795] kernel: pci 0000:00:18.1:   bridge window [mem 0xfcd00000-0xfcdfffff]
[    0.714811] kernel: pci 0000:00:18.1:   bridge window [mem 0xe7300000-0xe73fffff 64bit pref]
[    0.714847] kernel: pci 0000:00:18.2: PCI bridge to [bus 1d]
[    0.714871] kernel: pci 0000:00:18.2:   bridge window [mem 0xfc900000-0xfc9fffff]
[    0.714887] kernel: pci 0000:00:18.2:   bridge window [mem 0xe6f00000-0xe6ffffff 64bit pref]
[    0.714923] kernel: pci 0000:00:18.3: PCI bridge to [bus 1e]
[    0.714946] kernel: pci 0000:00:18.3:   bridge window [mem 0xfc500000-0xfc5fffff]
[    0.714963] kernel: pci 0000:00:18.3:   bridge window [mem 0xe6b00000-0xe6bfffff 64bit pref]
[    0.714999] kernel: pci 0000:00:18.4: PCI bridge to [bus 1f]
[    0.715022] kernel: pci 0000:00:18.4:   bridge window [mem 0xfc100000-0xfc1fffff]
[    0.715038] kernel: pci 0000:00:18.4:   bridge window [mem 0xe6700000-0xe67fffff 64bit pref]
[    0.715074] kernel: pci 0000:00:18.5: PCI bridge to [bus 20]
[    0.715098] kernel: pci 0000:00:18.5:   bridge window [mem 0xfbd00000-0xfbdfffff]
[    0.715114] kernel: pci 0000:00:18.5:   bridge window [mem 0xe6300000-0xe63fffff 64bit pref]
[    0.715150] kernel: pci 0000:00:18.6: PCI bridge to [bus 21]
[    0.715174] kernel: pci 0000:00:18.6:   bridge window [mem 0xfb900000-0xfb9fffff]
[    0.715190] kernel: pci 0000:00:18.6:   bridge window [mem 0xe5f00000-0xe5ffffff 64bit pref]
[    0.715225] kernel: pci 0000:00:18.7: PCI bridge to [bus 22]
[    0.715249] kernel: pci 0000:00:18.7:   bridge window [mem 0xfb500000-0xfb5fffff]
[    0.715265] kernel: pci 0000:00:18.7:   bridge window [mem 0xe5b00000-0xe5bfffff 64bit pref]
[    0.715301] kernel: pci_bus 0000:00: resource 4 [io  0x0000-0x0cf7 window]
[    0.715303] kernel: pci_bus 0000:00: resource 5 [io  0x0d00-0xfeff window]
[    0.715303] kernel: pci_bus 0000:00: resource 6 [mem 0x000a0000-0x000bffff window]
[    0.715304] kernel: pci_bus 0000:00: resource 7 [mem 0x000d0000-0x000dbfff window]
[    0.715305] kernel: pci_bus 0000:00: resource 8 [mem 0xc0000000-0xfebfffff window]
[    0.715306] kernel: pci_bus 0000:02: resource 0 [io  0x2000-0x3fff]
[    0.715306] kernel: pci_bus 0000:02: resource 1 [mem 0xfd500000-0xfdffffff]
[    0.715307] kernel: pci_bus 0000:02: resource 2 [mem 0xe7b00000-0xe7ffffff 64bit pref]
[    0.715308] kernel: pci_bus 0000:02: resource 4 [io  0x0000-0x0cf7 window]
[    0.715308] kernel: pci_bus 0000:02: resource 5 [io  0x0d00-0xfeff window]
[    0.715309] kernel: pci_bus 0000:02: resource 6 [mem 0x000a0000-0x000bffff window]
[    0.715310] kernel: pci_bus 0000:02: resource 7 [mem 0x000d0000-0x000dbfff window]
[    0.715310] kernel: pci_bus 0000:02: resource 8 [mem 0xc0000000-0xfebfffff window]
[    0.715311] kernel: pci_bus 0000:03: resource 0 [io  0x4000-0x4fff]
[    0.715312] kernel: pci_bus 0000:03: resource 1 [mem 0xfd400000-0xfd4fffff]
[    0.715313] kernel: pci_bus 0000:03: resource 2 [mem 0xe7a00000-0xe7afffff 64bit pref]
[    0.715313] kernel: pci_bus 0000:04: resource 0 [io  0x8000-0x8fff]
[    0.715314] kernel: pci_bus 0000:04: resource 1 [mem 0xfd000000-0xfd0fffff]
[    0.715315] kernel: pci_bus 0000:04: resource 2 [mem 0xe7600000-0xe76fffff 64bit pref]
[    0.715316] kernel: pci_bus 0000:05: resource 0 [io  0xc000-0xcfff]
[    0.715316] kernel: pci_bus 0000:05: resource 1 [mem 0xfcc00000-0xfccfffff]
[    0.715317] kernel: pci_bus 0000:05: resource 2 [mem 0xe7200000-0xe72fffff 64bit pref]
[    0.715318] kernel: pci_bus 0000:06: resource 1 [mem 0xfc800000-0xfc8fffff]
[    0.715318] kernel: pci_bus 0000:06: resource 2 [mem 0xe6e00000-0xe6efffff 64bit pref]
[    0.715319] kernel: pci_bus 0000:07: resource 1 [mem 0xfc400000-0xfc4fffff]
[    0.715320] kernel: pci_bus 0000:07: resource 2 [mem 0xe6a00000-0xe6afffff 64bit pref]
[    0.715320] kernel: pci_bus 0000:08: resource 1 [mem 0xfc000000-0xfc0fffff]
[    0.715321] kernel: pci_bus 0000:08: resource 2 [mem 0xe6600000-0xe66fffff 64bit pref]
[    0.715321] kernel: pci_bus 0000:09: resource 1 [mem 0xfbc00000-0xfbcfffff]
[    0.715322] kernel: pci_bus 0000:09: resource 2 [mem 0xe6200000-0xe62fffff 64bit pref]
[    0.715323] kernel: pci_bus 0000:0a: resource 1 [mem 0xfb800000-0xfb8fffff]
[    0.715323] kernel: pci_bus 0000:0a: resource 2 [mem 0xe5e00000-0xe5efffff 64bit pref]
[    0.715324] kernel: pci_bus 0000:0b: resource 0 [io  0x5000-0x5fff]
[    0.715325] kernel: pci_bus 0000:0b: resource 1 [mem 0xfd300000-0xfd3fffff]
[    0.715325] kernel: pci_bus 0000:0b: resource 2 [mem 0xe7900000-0xe79fffff 64bit pref]
[    0.715326] kernel: pci_bus 0000:0c: resource 0 [io  0x9000-0x9fff]
[    0.715327] kernel: pci_bus 0000:0c: resource 1 [mem 0xfcf00000-0xfcffffff]
[    0.715327] kernel: pci_bus 0000:0c: resource 2 [mem 0xe7500000-0xe75fffff 64bit pref]
[    0.715328] kernel: pci_bus 0000:0d: resource 0 [io  0xd000-0xdfff]
[    0.715329] kernel: pci_bus 0000:0d: resource 1 [mem 0xfcb00000-0xfcbfffff]
[    0.715329] kernel: pci_bus 0000:0d: resource 2 [mem 0xe7100000-0xe71fffff 64bit pref]
