May  7 11:57:04 ree-virtual-machine kernel: [   16.883331] loop18: detected capacity change from 0 to 8
May  7 11:57:05 ree-virtual-machine kernel: [   17.285452] kauditd_printk_skb: 33 callbacks suppressed
May  7 11:57:05 ree-virtual-machine kernel: [   17.285454] audit: type=1400 audit(1683431825.200:45): apparmor="DENIED" operation="capable" class="cap" profile="/snap/snapd/18596/usr/lib/snapd/snap-confine" pid=1131 comm="snap-confine" capability=12  capname="net_admin"
May  7 11:57:05 ree-virtual-machine kernel: [   17.285606] audit: type=1400 audit(1683431825.200:46): apparmor="DENIED" operation="capable" class="cap" profile="/snap/snapd/18596/usr/lib/snapd/snap-confine" pid=1131 comm="snap-confine" capability=38  capname="perfmon"
May  7 11:57:05 ree-virtual-machine kernel: [   17.692465] e1000: ens33 NIC Link is Up 1000 Mbps Full Duplex, Flow Control: None
May  7 11:57:05 ree-virtual-machine kernel: [   17.693706] IPv6: ADDRCONF(NETDEV_CHANGE): ens33: link becomes ready
May  7 11:57:06 ree-virtual-machine kernel: [   18.829979] rfkill: input handler disabled
May  7 11:57:07 ree-virtual-machine kernel: [   19.399755] vmwgfx 0000:00:0f.0: [drm] Using CursorMob mobid 35, max dimension 2048
May  7 11:57:07 ree-virtual-machine kernel: [   19.457491] vmwgfx 0000:00:0f.0: [drm] Using CursorMob mobid 1, max dimension 2048
May  7 11:57:21 ree-virtual-machine kernel: [   33.899664] audit: type=1400 audit(1683431841.812:47): apparmor="DENIED" operation="capable" class="cap" profile="/snap/snapd/18596/usr/lib/snapd/snap-confine" pid=1622 comm="snap-confine" capability=12  capname="net_admin"
May  7 11:57:21 ree-virtual-machine kernel: [   33.899796] audit: type=1400 audit(1683431841.812:48): apparmor="DENIED" operation="capable" class="cap" profile="/snap/snapd/18596/usr/lib/snapd/snap-confine" pid=1622 comm="snap-confine" capability=38  capname="perfmon"
May  7 11:57:22 ree-virtual-machine kernel: [   34.121345] rfkill: input handler enabled
May  7 11:57:23 ree-virtual-machine kernel: [   35.227480] audit: type=1326 audit(1683431843.140:49): auid=1000 uid=1000 gid=1000 ses=3 subj=snap.snapd-desktop-integration.snapd-desktop-integration pid=1880 comm="snapd-desktop-i" exe="/snap/snapd-desktop-integration/57/usr/bin/snapd-desktop-integration" sig=0 arch=c000003e syscall=314 compat=0 ip=0x7fc053a79a3d code=0x50000
May  7 11:57:23 ree-virtual-machine kernel: [   35.942077] ISO 9660 Extensions: Microsoft Joliet Level 3
May  7 11:57:23 ree-virtual-machine kernel: [   35.966934] ISO 9660 Extensions: RRIP_1991A
May  7 11:57:24 ree-virtual-machine kernel: [   36.286253] rfkill: input handler disabled
May  7 11:57:24 ree-virtual-machine kernel: [   36.497483] audit: type=1400 audit(1683431844.408:50): apparmor="DENIED" operation="capable" class="cap" profile="/snap/snapd/18596/usr/lib/snapd/snap-confine" pid=2112 comm="snap-confine" capability=12  capname="net_admin"
May  7 11:57:24 ree-virtual-machine kernel: [   36.497492] audit: type=1400 audit(1683431844.408:51): apparmor="DENIED" operation="capable" class="cap" profile="/snap/snapd/18596/usr/lib/snapd/snap-confine" pid=2112 comm="snap-confine" capability=38  capname="perfmon"
May  7 11:57:25 ree-virtual-machine kernel: [   37.770326] audit: type=1326 audit(1683431845.684:52): auid=1000 uid=1000 gid=1000 ses=3 subj=snap.snapd-desktop-integration.snapd-desktop-integration pid=2360 comm="snapd-desktop-i" exe="/snap/snapd-desktop-integration/57/usr/bin/snapd-desktop-integration" sig=0 arch=c000003e syscall=314 compat=0 ip=0x7ff59bbb5a3d code=0x50000
May  7 11:57:26 ree-virtual-machine kernel: [   38.381680] audit: type=1326 audit(1683431846.296:53): auid=1000 uid=1000 gid=1000 ses=3 subj=snap.snap-store.snap-store pid=2112 comm="snap-store" exe="/snap/snap-store/638/usr/bin/snap-store" sig=0 arch=c000003e syscall=314 compat=0 ip=0x7f9f76c5973d code=0x50000
May  7 11:57:26 ree-virtual-machine kernel: [   38.612264] input: VMware DnD UInput pointer as /devices/virtual/input/input6
May  7 11:57:28 ree-virtual-machine kernel: [   40.119112] audit: type=1107 audit(1683431848.032:54): pid=916 uid=102 auid=4294967295 ses=4294967295 subj=unconfined msg='apparmor="DENIED" operation="dbus_method_call"  bus="system" path="/org/freedesktop/PolicyKit1/Authority" interface="org.freedesktop.DBus.Properties" member="GetAll" mask="send" name=":1.3" pid=2112 label="snap.snap-store.snap-store" peer_pid=943 peer_label="unconfined"
May  7 11:57:28 ree-virtual-machine kernel: [   40.119112]  exe="/usr/bin/dbus-daemon" sauid=102 hostname=? addr=? terminal=?'
May  7 11:57:28 ree-virtual-machine kernel: [   40.119422] audit: type=1107 audit(1683431848.032:55): pid=916 uid=102 auid=4294967295 ses=4294967295 subj=unconfined msg='apparmor="DENIED" operation="dbus_method_call"  bus="system" path="/org/freedesktop/PolicyKit1/Authority" interface="org.freedesktop.PolicyKit1.Authority" member="CheckAuthorization" mask="send" name=":1.3" pid=2112 label="snap.snap-store.snap-store" peer_pid=943 peer_label="unconfined"
May  7 11:57:28 ree-virtual-machine kernel: [   40.119422]  exe="/usr/bin/dbus-daemon" sauid=102 hostname=? addr=? terminal=?'
May  7 11:57:28 ree-virtual-machine kernel: [   40.121870] audit: type=1107 audit(1683431848.036:56): pid=916 uid=102 auid=4294967295 ses=4294967295 subj=unconfined msg='apparmor="DENIED" operation="dbus_method_call"  bus="system" path="/org/freedesktop/PolicyKit1/Authority" interface="org.freedesktop.DBus.Properties" member="GetAll" mask="send" name=":1.3" pid=2112 label="snap.snap-store.snap-store" peer_pid=943 peer_label="unconfined"
May  7 11:57:28 ree-virtual-machine kernel: [   40.121870]  exe="/usr/bin/dbus-daemon" sauid=102 hostname=? addr=? terminal=?'
May  7 11:57:28 ree-virtual-machine kernel: [   40.122206] audit: type=1107 audit(1683431848.036:57): pid=916 uid=102 auid=4294967295 ses=4294967295 subj=unconfined msg='apparmor="DENIED" operation="dbus_method_call"  bus="system" path="/org/freedesktop/PolicyKit1/Authority" interface="org.freedesktop.PolicyKit1.Authority" member="CheckAuthorization" mask="send" name=":1.3" pid=2112 label="snap.snap-store.snap-store" peer_pid=943 peer_label="unconfined"
May  7 11:57:28 ree-virtual-machine kernel: [   40.122206]  exe="/usr/bin/dbus-daemon" sauid=102 hostname=? addr=? terminal=?'
May  7 11:57:28 ree-virtual-machine kernel: [   40.568569] audit: type=1400 audit(1683431848.484:58): apparmor="DENIED" operation="open" class="file" profile="snap.snap-store.snap-store" name="/etc/PackageKit/Vendor.conf" pid=2112 comm="snap-store" requested_mask="r" denied_mask="r" fsuid=1000 ouid=0
May  7 11:57:28 ree-virtual-machine kernel: [   41.067468] audit: type=1400 audit(1683431848.980:59): apparmor="DENIED" operation="open" class="file" profile="snap.snap-store.snap-store" name="/etc/appstream.conf" pid=2112 comm="snap-store" requested_mask="r" denied_mask="r" fsuid=1000 ouid=0
May  7 11:57:44 ree-virtual-machine kernel: [   58.297656] audit: type=1326 audit(1683431864.187:60): auid=1000 uid=1000 gid=1000 ses=3 subj=snap.snap-store.snap-store pid=2112 comm="pool-org.gnome." exe="/snap/snap-store/638/usr/bin/snap-store" sig=0 arch=c000003e syscall=93 compat=0 ip=0x7f9f76c5039b code=0x50000
May  7 12:02:23 ree-virtual-machine kernel: [  337.285689] loop18: detected capacity change from 0 to 129712
May  7 12:02:24 ree-virtual-machine kernel: [  338.153947] loop19: detected capacity change from 0 to 943224
May  7 12:02:24 ree-virtual-machine kernel: [  339.067105] audit: type=1400 audit(1683432144.953:61): apparmor="STATUS" operation="profile_replace" profile="unconfined" name="snap.snapd-desktop-integration.hook.configure" pid=4809 comm="apparmor_parser"
May  7 12:02:25 ree-virtual-machine kernel: [  339.586257] audit: type=1400 audit(1683432145.473:62): apparmor="STATUS" operation="profile_replace" profile="unconfined" name="snap.snapd-desktop-integration.snapd-desktop-integration" pid=4810 comm="apparmor_parser"
May  7 12:02:25 ree-virtual-machine kernel: [  339.879441] audit: type=1400 audit(1683432145.765:63): apparmor="STATUS" operation="profile_replace" info="same as current profile, skipping" profile="unconfined" name="snap-update-ns.snapd-desktop-integration" pid=4808 comm="apparmor_parser"
May  7 14:14:41 ree-virtual-machine kernel: [ 8275.769994] audit: type=1400 audit(1683440081.748:64): apparmor="DENIED" operation="open" class="file" profile="snap-update-ns.firefox" name="/var/lib/" pid=6170 comm="5" requested_mask="r" denied_mask="r" fsuid=0 ouid=0
May  7 14:14:41 ree-virtual-machine kernel: [ 8275.770082] audit: type=1400 audit(1683440081.748:65): apparmor="DENIED" operation="open" class="file" profile="snap-update-ns.firefox" name="/var/lib/" pid=6170 comm="5" requested_mask="r" denied_mask="r" fsuid=0 ouid=0
May  7 14:14:41 ree-virtual-machine kernel: [ 8275.770243] audit: type=1400 audit(1683440081.748:66): apparmor="DENIED" operation="open" class="file" profile="snap-update-ns.firefox" name="/var/lib/" pid=6170 comm="5" requested_mask="r" denied_mask="r" fsuid=0 ouid=0
May  7 14:14:41 ree-virtual-machine kernel: [ 8275.770326] audit: type=1400 audit(1683440081.748:67): apparmor="DENIED" operation="open" class="file" profile="snap-update-ns.firefox" name="/var/lib/" pid=6170 comm="5" requested_mask="r" denied_mask="r" fsuid=0 ouid=0
May  7 14:14:45 ree-virtual-machine kernel: [ 8279.060503] audit: type=1326 audit(1683440085.036:68): auid=1000 uid=1000 gid=1000 ses=3 subj=snap.firefox.firefox pid=6143 comm="firefox" exe="/snap/firefox/2605/usr/lib/firefox/firefox" sig=0 arch=c000003e syscall=314 compat=0 ip=0x7fc6c060173d code=0x50000
May  7 19:58:27 ree-virtual-machine kernel: [28901.724346] audit: type=1326 audit(1683460707.925:69): auid=1000 uid=1000 gid=1000 ses=3 subj=snap.snap-store.snap-store pid=2112 comm="pool-org.gnome." exe="/snap/snap-store/638/usr/bin/snap-store" sig=0 arch=c000003e syscall=93 compat=0 ip=0x7f9f76c5039b code=0x50000
May  7 23:42:48 ree-virtual-machine kernel: [42361.819641] hrtimer: interrupt took 34927796 ns
May  8 00:00:17 ree-virtual-machine kernel: [43411.002386] audit: type=1400 audit(1683475217.402:70): apparmor="DENIED" operation="capable" class="cap" profile="/usr/sbin/cupsd" pid=51602 comm="cupsd" capability=12  capname="net_admin"
May  8 12:52:08 ree-virtual-machine kernel: [    0.000000] Linux version 5.19.0-41-generic (buildd@lcy02-amd64-045) (x86_64-linux-gnu-gcc (Ubuntu 11.3.0-1ubuntu1~22.04.1) 11.3.0, GNU ld (GNU Binutils for Ubuntu) 2.38) #42~22.04.1-Ubuntu SMP PREEMPT_DYNAMIC Tue Apr 18 17:40:00 UTC 2 (Ubuntu 5.19.0-41.42~22.04.1-generic 5.19.17)
May  8 12:52:08 ree-virtual-machine kernel: [    0.000000] Command line: BOOT_IMAGE=/boot/vmlinuz-5.19.0-41-generic root=UUID=8de9989f-a6e4-4c92-a044-2c6d1909bf50 ro find_preseed=/preseed.cfg auto noprompt priority=critical locale=en_US quiet splash
May  8 12:52:08 ree-virtual-machine kernel: [    0.000000] KERNEL supported cpus:
May  8 12:52:08 ree-virtual-machine kernel: [    0.000000]   Intel GenuineIntel
May  8 12:52:08 ree-virtual-machine kernel: [    0.000000]   AMD AuthenticAMD
May  8 12:52:08 ree-virtual-machine kernel: [    0.000000]   Hygon HygonGenuine
May  8 12:52:08 ree-virtual-machine kernel: [    0.000000]   Centaur CentaurHauls
May  8 12:52:08 ree-virtual-machine kernel: [    0.000000]   zhaoxin   Shanghai  
May  8 12:52:08 ree-virtual-machine kernel: [    0.000000] Disabled fast string operations
May  8 12:52:08 ree-virtual-machine kernel: [    0.000000] x86/fpu: Supporting XSAVE feature 0x001: 'x87 floating point registers'
May  8 12:52:08 ree-virtual-machine kernel: [    0.000000] x86/fpu: Supporting XSAVE feature 0x002: 'SSE registers'
May  8 12:52:08 ree-virtual-machine kernel: [    0.000000] x86/fpu: Supporting XSAVE feature 0x004: 'AVX registers'
May  8 12:52:08 ree-virtual-machine kernel: [    0.000000] x86/fpu: xstate_offset[2]:  576, xstate_sizes[2]:  256
May  8 12:52:08 ree-virtual-machine kernel: [    0.000000] x86/fpu: Enabled xstate features 0x7, context size is 832 bytes, using 'compacted' format.
May  8 12:52:08 ree-virtual-machine kernel: [    0.000000] signal: max sigframe size: 1776
May  8 12:52:08 ree-virtual-machine kernel: [    0.000000] BIOS-provided physical RAM map:
May  8 12:52:08 ree-virtual-machine kernel: [    0.000000] BIOS-e820: [mem 0x0000000000000000-0x000000000009e7ff] usable
May  8 12:52:08 ree-virtual-machine kernel: [    0.000000] BIOS-e820: [mem 0x000000000009e800-0x000000000009ffff] reserved
May  8 12:52:08 ree-virtual-machine kernel: [    0.000000] BIOS-e820: [mem 0x00000000000dc000-0x00000000000fffff] reserved
May  8 12:52:08 ree-virtual-machine kernel: [    0.000000] BIOS-e820: [mem 0x0000000000100000-0x00000000bfecffff] usable
May  8 12:52:08 ree-virtual-machine kernel: [    0.000000] BIOS-e820: [mem 0x00000000bfed0000-0x00000000bfefefff] ACPI data
May  8 12:52:08 ree-virtual-machine kernel: [    0.000000] BIOS-e820: [mem 0x00000000bfeff000-0x00000000bfefffff] ACPI NVS
May  8 12:52:08 ree-virtual-machine kernel: [    0.000000] BIOS-e820: [mem 0x00000000bff00000-0x00000000bfffffff] usable
May  8 12:52:08 ree-virtual-machine kernel: [    0.000000] BIOS-e820: [mem 0x00000000f0000000-0x00000000f7ffffff] reserved
May  8 12:52:08 ree-virtual-machine kernel: [    0.000000] BIOS-e820: [mem 0x00000000fec00000-0x00000000fec0ffff] reserved
May  8 12:52:08 ree-virtual-machine kernel: [    0.000000] BIOS-e820: [mem 0x00000000fee00000-0x00000000fee00fff] reserved
May  8 12:52:08 ree-virtual-machine kernel: [    0.000000] BIOS-e820: [mem 0x00000000fffe0000-0x00000000ffffffff] reserved
May  8 12:52:08 ree-virtual-machine kernel: [    0.000000] BIOS-e820: [mem 0x0000000100000000-0x000000043fffffff] usable
May  8 12:52:08 ree-virtual-machine kernel: [    0.000000] NX (Execute Disable) protection: active
May  8 12:52:08 ree-virtual-machine kernel: [    0.000000] SMBIOS 2.7 present.
May  8 12:52:08 ree-virtual-machine kernel: [    0.000000] DMI: VMware, Inc. VMware Virtual Platform/440BX Desktop Reference Platform, BIOS 6.00 11/12/2020
May  8 12:52:08 ree-virtual-machine kernel: [    0.000000] vmware: hypercall mode: 0x02
May  8 12:52:08 ree-virtual-machine kernel: [    0.000000] Hypervisor detected: VMware
May  8 12:52:08 ree-virtual-machine kernel: [    0.000000] vmware: TSC freq read from hypervisor : 3600.004 MHz
May  8 12:52:08 ree-virtual-machine kernel: [    0.000000] vmware: Host bus clock speed read from hypervisor : 66000000 Hz
May  8 12:52:08 ree-virtual-machine kernel: [    0.000000] vmware: using clock offset of 7459006007 ns
May  8 12:52:08 ree-virtual-machine kernel: [    0.000014] tsc: Detected 3600.004 MHz processor
May  8 12:52:08 ree-virtual-machine kernel: [    0.001324] e820: update [mem 0x00000000-0x00000fff] usable ==> reserved
May  8 12:52:08 ree-virtual-machine kernel: [    0.001328] e820: remove [mem 0x000a0000-0x000fffff] usable
May  8 12:52:08 ree-virtual-machine kernel: [    0.001333] last_pfn = 0x440000 max_arch_pfn = 0x400000000
May  8 12:52:08 ree-virtual-machine kernel: [    0.001355] x86/PAT: Configuration [0-7]: WB  WC  UC- UC  WB  WP  UC- WT  
May  8 12:52:08 ree-virtual-machine kernel: [    0.001364] total RAM covered: 523264M
May  8 12:52:08 ree-virtual-machine kernel: [    0.001418]  gran_size: 64K 	chunk_size: 64K 	num_reg: 8  	lose cover RAM: 256G
May  8 12:52:08 ree-virtual-machine kernel: [    0.001420]  gran_size: 64K 	chunk_size: 128K 	num_reg: 8  	lose cover RAM: 256G
May  8 12:52:08 ree-virtual-machine kernel: [    0.001421]  gran_size: 64K 	chunk_size: 256K 	num_reg: 8  	lose cover RAM: 256G
May  8 12:52:08 ree-virtual-machine kernel: [    0.001422]  gran_size: 64K 	chunk_size: 512K 	num_reg: 8  	lose cover RAM: 256G
May  8 12:52:08 ree-virtual-machine kernel: [    0.001423]  gran_size: 64K 	chunk_size: 1M 	num_reg: 8  	lose cover RAM: 256G
May  8 12:52:08 ree-virtual-machine kernel: [    0.001424]  gran_size: 64K 	chunk_size: 2M 	num_reg: 8  	lose cover RAM: 256G
May  8 12:52:08 ree-virtual-machine kernel: [    0.001425]  gran_size: 64K 	chunk_size: 4M 	num_reg: 8  	lose cover RAM: 256G
May  8 12:52:08 ree-virtual-machine kernel: [    0.001425]  gran_size: 64K 	chunk_size: 8M 	num_reg: 8  	lose cover RAM: 256G
May  8 12:52:08 ree-virtual-machine kernel: [    0.001426]  gran_size: 64K 	chunk_size: 16M 	num_reg: 8  	lose cover RAM: 256G
May  8 12:52:08 ree-virtual-machine kernel: [    0.001427]  gran_size: 64K 	chunk_size: 32M 	num_reg: 8  	lose cover RAM: 256G
May  8 12:52:08 ree-virtual-machine kernel: [    0.001428]  gran_size: 64K 	chunk_size: 64M 	num_reg: 8  	lose cover RAM: 256G
May  8 12:52:08 ree-virtual-machine kernel: [    0.001429]  gran_size: 64K 	chunk_size: 128M 	num_reg: 8  	lose cover RAM: 256G
May  8 12:52:08 ree-virtual-machine kernel: [    0.001430]  gran_size: 64K 	chunk_size: 256M 	num_reg: 8  	lose cover RAM: 256G
May  8 12:52:08 ree-virtual-machine kernel: [    0.001430]  gran_size: 64K 	chunk_size: 512M 	num_reg: 8  	lose cover RAM: 256G
May  8 12:52:08 ree-virtual-machine kernel: [    0.001431]  gran_size: 64K 	chunk_size: 1G 	num_reg: 8  	lose cover RAM: 256G
May  8 12:52:08 ree-virtual-machine kernel: [    0.001432]  gran_size: 64K 	chunk_size: 2G 	num_reg: 8  	lose cover RAM: 256G
May  8 12:52:08 ree-virtual-machine kernel: [    0.001433]  gran_size: 128K 	chunk_size: 128K 	num_reg: 8  	lose cover RAM: 256G
May  8 12:52:08 ree-virtual-machine kernel: [    0.001434]  gran_size: 128K 	chunk_size: 256K 	num_reg: 8  	lose cover RAM: 256G
May  8 12:52:08 ree-virtual-machine kernel: [    0.001435]  gran_size: 128K 	chunk_size: 512K 	num_reg: 8  	lose cover RAM: 256G
May  8 12:52:08 ree-virtual-machine kernel: [    0.001435]  gran_size: 128K 	chunk_size: 1M 	num_reg: 8  	lose cover RAM: 256G
May  8 12:52:08 ree-virtual-machine kernel: [    0.001436]  gran_size: 128K 	chunk_size: 2M 	num_reg: 8  	lose cover RAM: 256G
May  8 12:52:08 ree-virtual-machine kernel: [    0.001437]  gran_size: 128K 	chunk_size: 4M 	num_reg: 8  	lose cover RAM: 256G
May  8 12:52:08 ree-virtual-machine kernel: [    0.001438]  gran_size: 128K 	chunk_size: 8M 	num_reg: 8  	lose cover RAM: 256G
May  8 12:52:08 ree-virtual-machine kernel: [    0.001439]  gran_size: 128K 	chunk_size: 16M 	num_reg: 8  	lose cover RAM: 256G
May  8 12:52:08 ree-virtual-machine kernel: [    0.001439]  gran_size: 128K 	chunk_size: 32M 	num_reg: 8  	lose cover RAM: 256G
May  8 12:52:08 ree-virtual-machine kernel: [    0.001440]  gran_size: 128K 	chunk_size: 64M 	num_reg: 8  	lose cover RAM: 256G
May  8 12:52:08 ree-virtual-machine kernel: [    0.001441]  gran_size: 128K 	chunk_size: 128M 	num_reg: 8  	lose cover RAM: 256G
May  8 12:52:08 ree-virtual-machine kernel: [    0.001442]  gran_size: 128K 	chunk_size: 256M 	num_reg: 8  	lose cover RAM: 256G
May  8 12:52:08 ree-virtual-machine kernel: [    0.001443]  gran_size: 128K 	chunk_size: 512M 	num_reg: 8  	lose cover RAM: 256G
May  8 12:52:08 ree-virtual-machine kernel: [    0.001444]  gran_size: 128K 	chunk_size: 1G 	num_reg: 8  	lose cover RAM: 256G
May  8 12:52:08 ree-virtual-machine kernel: [    0.001444]  gran_size: 128K 	chunk_size: 2G 	num_reg: 8  	lose cover RAM: 256G
May  8 12:52:08 ree-virtual-machine kernel: [    0.001445]  gran_size: 256K 	chunk_size: 256K 	num_reg: 8  	lose cover RAM: 256G
May  8 12:52:08 ree-virtual-machine kernel: [    0.001446]  gran_size: 256K 	chunk_size: 512K 	num_reg: 8  	lose cover RAM: 256G
May  8 12:52:08 ree-virtual-machine kernel: [    0.001447]  gran_size: 256K 	chunk_size: 1M 	num_reg: 8  	lose cover RAM: 256G
May  8 12:52:08 ree-virtual-machine kernel: [    0.001448]  gran_size: 256K 	chunk_size: 2M 	num_reg: 8  	lose cover RAM: 256G
May  8 12:52:08 ree-virtual-machine kernel: [    0.001448]  gran_size: 256K 	chunk_size: 4M 	num_reg: 8  	lose cover RAM: 256G
May  8 12:52:08 ree-virtual-machine kernel: [    0.001449]  gran_size: 256K 	chunk_size: 8M 	num_reg: 8  	lose cover RAM: 256G
May  8 12:52:08 ree-virtual-machine kernel: [    0.001450]  gran_size: 256K 	chunk_size: 16M 	num_reg: 8  	lose cover RAM: 256G
May  8 12:52:08 ree-virtual-machine kernel: [    0.001451]  gran_size: 256K 	chunk_size: 32M 	num_reg: 8  	lose cover RAM: 256G
May  8 12:52:08 ree-virtual-machine kernel: [    0.001452]  gran_size: 256K 	chunk_size: 64M 	num_reg: 8  	lose cover RAM: 256G
May  8 12:52:08 ree-virtual-machine kernel: [    0.001453]  gran_size: 256K 	chunk_size: 128M 	num_reg: 8  	lose cover RAM: 256G
May  8 12:52:08 ree-virtual-machine kernel: [    0.001453]  gran_size: 256K 	chunk_size: 256M 	num_reg: 8  	lose cover RAM: 256G
May  8 12:52:08 ree-virtual-machine kernel: [    0.001454]  gran_size: 256K 	chunk_size: 512M 	num_reg: 8  	lose cover RAM: 256G
May  8 12:52:08 ree-virtual-machine kernel: [    0.001455]  gran_size: 256K 	chunk_size: 1G 	num_reg: 8  	lose cover RAM: 256G
May  8 12:52:08 ree-virtual-machine kernel: [    0.001456]  gran_size: 256K 	chunk_size: 2G 	num_reg: 8  	lose cover RAM: 256G
May  8 12:52:08 ree-virtual-machine kernel: [    0.001457]  gran_size: 512K 	chunk_size: 512K 	num_reg: 8  	lose cover RAM: 256G
May  8 12:52:08 ree-virtual-machine kernel: [    0.001457]  gran_size: 512K 	chunk_size: 1M 	num_reg: 8  	lose cover RAM: 256G
May  8 12:52:08 ree-virtual-machine kernel: [    0.001458]  gran_size: 512K 	chunk_size: 2M 	num_reg: 8  	lose cover RAM: 256G
May  8 12:52:08 ree-virtual-machine kernel: [    0.001459]  gran_size: 512K 	chunk_size: 4M 	num_reg: 8  	lose cover RAM: 256G
May  8 12:52:08 ree-virtual-machine kernel: [    0.001460]  gran_size: 512K 	chunk_size: 8M 	num_reg: 8  	lose cover RAM: 256G
May  8 12:52:08 ree-virtual-machine kernel: [    0.001461]  gran_size: 512K 	chunk_size: 16M 	num_reg: 8  	lose cover RAM: 256G
May  8 12:52:08 ree-virtual-machine kernel: [    0.001462]  gran_size: 512K 	chunk_size: 32M 	num_reg: 8  	lose cover RAM: 256G
May  8 12:52:08 ree-virtual-machine kernel: [    0.001462]  gran_size: 512K 	chunk_size: 64M 	num_reg: 8  	lose cover RAM: 256G
May  8 12:52:08 ree-virtual-machine kernel: [    0.001463]  gran_size: 512K 	chunk_size: 128M 	num_reg: 8  	lose cover RAM: 256G
May  8 12:52:08 ree-virtual-machine kernel: [    0.001464]  gran_size: 512K 	chunk_size: 256M 	num_reg: 8  	lose cover RAM: 256G
May  8 12:52:08 ree-virtual-machine kernel: [    0.001465]  gran_size: 512K 	chunk_size: 512M 	num_reg: 8  	lose cover RAM: 256G
May  8 12:52:08 ree-virtual-machine kernel: [    0.001466]  gran_size: 512K 	chunk_size: 1G 	num_reg: 8  	lose cover RAM: 256G
May  8 12:52:08 ree-virtual-machine kernel: [    0.001466]  gran_size: 512K 	chunk_size: 2G 	num_reg: 8  	lose cover RAM: 256G
May  8 12:52:08 ree-virtual-machine kernel: [    0.001467]  gran_size: 1M 	chunk_size: 1M 	num_reg: 8  	lose cover RAM: 256G
May  8 12:52:08 ree-virtual-machine kernel: [    0.001468]  gran_size: 1M 	chunk_size: 2M 	num_reg: 8  	lose cover RAM: 256G
May  8 12:52:08 ree-virtual-machine kernel: [    0.001469]  gran_size: 1M 	chunk_size: 4M 	num_reg: 8  	lose cover RAM: 256G
May  8 12:52:08 ree-virtual-machine kernel: [    0.001470]  gran_size: 1M 	chunk_size: 8M 	num_reg: 8  	lose cover RAM: 256G
May  8 12:52:08 ree-virtual-machine kernel: [    0.001470]  gran_size: 1M 	chunk_size: 16M 	num_reg: 8  	lose cover RAM: 256G
May  8 12:52:08 ree-virtual-machine kernel: [    0.001471]  gran_size: 1M 	chunk_size: 32M 	num_reg: 8  	lose cover RAM: 256G
May  8 12:52:08 ree-virtual-machine kernel: [    0.001472]  gran_size: 1M 	chunk_size: 64M 	num_reg: 8  	lose cover RAM: 256G
May  8 12:52:08 ree-virtual-machine kernel: [    0.001473]  gran_size: 1M 	chunk_size: 128M 	num_reg: 8  	lose cover RAM: 256G
May  8 12:52:08 ree-virtual-machine kernel: [    0.001474]  gran_size: 1M 	chunk_size: 256M 	num_reg: 8  	lose cover RAM: 256G
May  8 12:52:08 ree-virtual-machine kernel: [    0.001474]  gran_size: 1M 	chunk_size: 512M 	num_reg: 8  	lose cover RAM: 256G
May  8 12:52:08 ree-virtual-machine kernel: [    0.001475]  gran_size: 1M 	chunk_size: 1G 	num_reg: 8  	lose cover RAM: 256G
May  8 12:52:08 ree-virtual-machine kernel: [    0.001476]  gran_size: 1M 	chunk_size: 2G 	num_reg: 8  	lose cover RAM: 256G
May  8 12:52:08 ree-virtual-machine kernel: [    0.001477]  gran_size: 2M 	chunk_size: 2M 	num_reg: 8  	lose cover RAM: 256G
May  8 12:52:08 ree-virtual-machine kernel: [    0.001478]  gran_size: 2M 	chunk_size: 4M 	num_reg: 8  	lose cover RAM: 256G
May  8 12:52:08 ree-virtual-machine kernel: [    0.001478]  gran_size: 2M 	chunk_size: 8M 	num_reg: 8  	lose cover RAM: 256G
May  8 12:52:08 ree-virtual-machine kernel: [    0.001479]  gran_size: 2M 	chunk_size: 16M 	num_reg: 8  	lose cover RAM: 256G
May  8 12:52:08 ree-virtual-machine kernel: [    0.001480]  gran_size: 2M 	chunk_size: 32M 	num_reg: 8  	lose cover RAM: 256G
May  8 12:52:08 ree-virtual-machine kernel: [    0.001481]  gran_size: 2M 	chunk_size: 64M 	num_reg: 8  	lose cover RAM: 256G
May  8 12:52:08 ree-virtual-machine kernel: [    0.001482]  gran_size: 2M 	chunk_size: 128M 	num_reg: 8  	lose cover RAM: 256G
May  8 12:52:08 ree-virtual-machine kernel: [    0.001483]  gran_size: 2M 	chunk_size: 256M 	num_reg: 8  	lose cover RAM: 256G
May  8 12:52:08 ree-virtual-machine kernel: [    0.001483]  gran_size: 2M 	chunk_size: 512M 	num_reg: 8  	lose cover RAM: 256G
May  8 12:52:08 ree-virtual-machine kernel: [    0.001484]  gran_size: 2M 	chunk_size: 1G 	num_reg: 8  	lose cover RAM: 256G
May  8 12:52:08 ree-virtual-machine kernel: [    0.001485]  gran_size: 2M 	chunk_size: 2G 	num_reg: 8  	lose cover RAM: 256G
May  8 12:52:08 ree-virtual-machine kernel: [    0.001486]  gran_size: 4M 	chunk_size: 4M 	num_reg: 8  	lose cover RAM: 256G
May  8 12:52:08 ree-virtual-machine kernel: [    0.001487]  gran_size: 4M 	chunk_size: 8M 	num_reg: 8  	lose cover RAM: 256G
May  8 12:52:08 ree-virtual-machine kernel: [    0.001487]  gran_size: 4M 	chunk_size: 16M 	num_reg: 8  	lose cover RAM: 256G
May  8 12:52:08 ree-virtual-machine kernel: [    0.001488]  gran_size: 4M 	chunk_size: 32M 	num_reg: 8  	lose cover RAM: 256G
May  8 12:52:08 ree-virtual-machine kernel: [    0.001489]  gran_size: 4M 	chunk_size: 64M 	num_reg: 8  	lose cover RAM: 256G
May  8 12:52:08 ree-virtual-machine kernel: [    0.001490]  gran_size: 4M 	chunk_size: 128M 	num_reg: 8  	lose cover RAM: 256G
May  8 12:52:08 ree-virtual-machine kernel: [    0.001491]  gran_size: 4M 	chunk_size: 256M 	num_reg: 8  	lose cover RAM: 256G
May  8 12:52:08 ree-virtual-machine kernel: [    0.001491]  gran_size: 4M 	chunk_size: 512M 	num_reg: 8  	lose cover RAM: 256G
May  8 12:52:08 ree-virtual-machine kernel: [    0.001492]  gran_size: 4M 	chunk_size: 1G 	num_reg: 8  	lose cover RAM: 256G
May  8 12:52:08 ree-virtual-machine kernel: [    0.001493]  gran_size: 4M 	chunk_size: 2G 	num_reg: 8  	lose cover RAM: 256G
May  8 12:52:08 ree-virtual-machine kernel: [    0.001494]  gran_size: 8M 	chunk_size: 8M 	num_reg: 8  	lose cover RAM: 256G
May  8 12:52:08 ree-virtual-machine kernel: [    0.001495]  gran_size: 8M 	chunk_size: 16M 	num_reg: 8  	lose cover RAM: 256G
May  8 12:52:08 ree-virtual-machine kernel: [    0.001495]  gran_size: 8M 	chunk_size: 32M 	num_reg: 8  	lose cover RAM: 256G
May  8 12:52:08 ree-virtual-machine kernel: [    0.001496]  gran_size: 8M 	chunk_size: 64M 	num_reg: 8  	lose cover RAM: 256G
May  8 12:52:08 ree-virtual-machine kernel: [    0.001497]  gran_size: 8M 	chunk_size: 128M 	num_reg: 8  	lose cover RAM: 256G
May  8 12:52:08 ree-virtual-machine kernel: [    0.001498]  gran_size: 8M 	chunk_size: 256M 	num_reg: 8  	lose cover RAM: 256G
May  8 12:52:08 ree-virtual-machine kernel: [    0.001499]  gran_size: 8M 	chunk_size: 512M 	num_reg: 8  	lose cover RAM: 256G
May  8 12:52:08 ree-virtual-machine kernel: [    0.001499]  gran_size: 8M 	chunk_size: 1G 	num_reg: 8  	lose cover RAM: 256G
May  8 12:52:08 ree-virtual-machine kernel: [    0.001500]  gran_size: 8M 	chunk_size: 2G 	num_reg: 8  	lose cover RAM: 256G
May  8 12:52:08 ree-virtual-machine kernel: [    0.001501]  gran_size: 16M 	chunk_size: 16M 	num_reg: 8  	lose cover RAM: 256G
May  8 12:52:08 ree-virtual-machine kernel: [    0.001502]  gran_size: 16M 	chunk_size: 32M 	num_reg: 8  	lose cover RAM: 256G
May  8 12:52:08 ree-virtual-machine kernel: [    0.001503]  gran_size: 16M 	chunk_size: 64M 	num_reg: 8  	lose cover RAM: 256G
May  8 12:52:08 ree-virtual-machine kernel: [    0.001503]  gran_size: 16M 	chunk_size: 128M 	num_reg: 8  	lose cover RAM: 256G
May  8 12:52:08 ree-virtual-machine kernel: [    0.001504]  gran_size: 16M 	chunk_size: 256M 	num_reg: 8  	lose cover RAM: 256G
May  8 12:52:08 ree-virtual-machine kernel: [    0.001505]  gran_size: 16M 	chunk_size: 512M 	num_reg: 8  	lose cover RAM: 256G
May  8 12:52:08 ree-virtual-machine kernel: [    0.001506]  gran_size: 16M 	chunk_size: 1G 	num_reg: 8  	lose cover RAM: 256G
May  8 12:52:08 ree-virtual-machine kernel: [    0.001507]  gran_size: 16M 	chunk_size: 2G 	num_reg: 8  	lose cover RAM: 256G
May  8 12:52:08 ree-virtual-machine kernel: [    0.001508]  gran_size: 32M 	chunk_size: 32M 	num_reg: 8  	lose cover RAM: 256G
May  8 12:52:08 ree-virtual-machine kernel: [    0.001508]  gran_size: 32M 	chunk_size: 64M 	num_reg: 8  	lose cover RAM: 256G
May  8 12:52:08 ree-virtual-machine kernel: [    0.001509]  gran_size: 32M 	chunk_size: 128M 	num_reg: 8  	lose cover RAM: 256G
May  8 12:52:08 ree-virtual-machine kernel: [    0.001510]  gran_size: 32M 	chunk_size: 256M 	num_reg: 8  	lose cover RAM: 256G
May  8 12:52:08 ree-virtual-machine kernel: [    0.001511]  gran_size: 32M 	chunk_size: 512M 	num_reg: 8  	lose cover RAM: 256G
May  8 12:52:08 ree-virtual-machine kernel: [    0.001512]  gran_size: 32M 	chunk_size: 1G 	num_reg: 8  	lose cover RAM: 256G
May  8 12:52:08 ree-virtual-machine kernel: [    0.001512]  gran_size: 32M 	chunk_size: 2G 	num_reg: 8  	lose cover RAM: 256G
May  8 12:52:08 ree-virtual-machine kernel: [    0.001513]  gran_size: 64M 	chunk_size: 64M 	num_reg: 8  	lose cover RAM: 256G
May  8 12:52:08 ree-virtual-machine kernel: [    0.001514]  gran_size: 64M 	chunk_size: 128M 	num_reg: 8  	lose cover RAM: 256G
May  8 12:52:08 ree-virtual-machine kernel: [    0.001515]  gran_size: 64M 	chunk_size: 256M 	num_reg: 8  	lose cover RAM: 256G
May  8 12:52:08 ree-virtual-machine kernel: [    0.001516]  gran_size: 64M 	chunk_size: 512M 	num_reg: 8  	lose cover RAM: 256G
May  8 12:52:08 ree-virtual-machine kernel: [    0.001516]  gran_size: 64M 	chunk_size: 1G 	num_reg: 8  	lose cover RAM: 256G
May  8 12:52:08 ree-virtual-machine kernel: [    0.001517]  gran_size: 64M 	chunk_size: 2G 	num_reg: 8  	lose cover RAM: 256G
May  8 12:52:08 ree-virtual-machine kernel: [    0.001518]  gran_size: 128M 	chunk_size: 128M 	num_reg: 8  	lose cover RAM: 256G
May  8 12:52:08 ree-virtual-machine kernel: [    0.001519]  gran_size: 128M 	chunk_size: 256M 	num_reg: 8  	lose cover RAM: 256G
May  8 12:52:08 ree-virtual-machine kernel: [    0.001520]  gran_size: 128M 	chunk_size: 512M 	num_reg: 8  	lose cover RAM: 256G
May  8 12:52:08 ree-virtual-machine kernel: [    0.001521]  gran_size: 128M 	chunk_size: 1G 	num_reg: 8  	lose cover RAM: 256G
May  8 12:52:08 ree-virtual-machine kernel: [    0.001521]  gran_size: 128M 	chunk_size: 2G 	num_reg: 8  	lose cover RAM: 256G
May  8 12:52:08 ree-virtual-machine kernel: [    0.001522]  gran_size: 256M 	chunk_size: 256M 	num_reg: 8  	lose cover RAM: 256G
May  8 12:52:08 ree-virtual-machine kernel: [    0.001523]  gran_size: 256M 	chunk_size: 512M 	num_reg: 8  	lose cover RAM: 256G
May  8 12:52:08 ree-virtual-machine kernel: [    0.001524]  gran_size: 256M 	chunk_size: 1G 	num_reg: 8  	lose cover RAM: 256G
May  8 12:52:08 ree-virtual-machine kernel: [    0.001525]  gran_size: 256M 	chunk_size: 2G 	num_reg: 8  	lose cover RAM: 256G
May  8 12:52:08 ree-virtual-machine kernel: [    0.001525]  gran_size: 512M 	chunk_size: 512M 	num_reg: 8  	lose cover RAM: 256G
May  8 12:52:08 ree-virtual-machine kernel: [    0.001526]  gran_size: 512M 	chunk_size: 1G 	num_reg: 8  	lose cover RAM: 256G
May  8 12:52:08 ree-virtual-machine kernel: [    0.001527]  gran_size: 512M 	chunk_size: 2G 	num_reg: 8  	lose cover RAM: 256G
May  8 12:52:08 ree-virtual-machine kernel: [    0.001528]  gran_size: 1G 	chunk_size: 1G 	num_reg: 8  	lose cover RAM: 256G
May  8 12:52:08 ree-virtual-machine kernel: [    0.001529]  gran_size: 1G 	chunk_size: 2G 	num_reg: 8  	lose cover RAM: 256G
May  8 12:52:08 ree-virtual-machine kernel: [    0.001529]  gran_size: 2G 	chunk_size: 2G 	num_reg: 8  	lose cover RAM: 1G
May  8 12:52:08 ree-virtual-machine kernel: [    0.001530] mtrr_cleanup: can not find optimal value
May  8 12:52:08 ree-virtual-machine kernel: [    0.001531] please specify mtrr_gran_size/mtrr_chunk_size
May  8 12:52:08 ree-virtual-machine kernel: [    0.001535] e820: update [mem 0xc0000000-0xffffffff] usable ==> reserved
May  8 12:52:08 ree-virtual-machine kernel: [    0.001543] last_pfn = 0xc0000 max_arch_pfn = 0x400000000
May  8 12:52:08 ree-virtual-machine kernel: [    0.010436] found SMP MP-table at [mem 0x000f6a70-0x000f6a7f]
May  8 12:52:08 ree-virtual-machine kernel: [    0.010475] Using GB pages for direct mapping
May  8 12:52:08 ree-virtual-machine kernel: [    0.010552] RAMDISK: [mem 0x2f4a1000-0x33a47fff]
May  8 12:52:08 ree-virtual-machine kernel: [    0.010558] ACPI: Early table checksum verification disabled
May  8 12:52:08 ree-virtual-machine kernel: [    0.010562] ACPI: RSDP 0x00000000000F6A00 000024 (v02 PTLTD )
May  8 12:52:08 ree-virtual-machine kernel: [    0.010567] ACPI: XSDT 0x00000000BFEDB633 00005C (v01 INTEL  440BX    06040000 VMW  01324272)
May  8 12:52:08 ree-virtual-machine kernel: [    0.010573] ACPI: FACP 0x00000000BFEFEE73 0000F4 (v04 INTEL  440BX    06040000 PTL  000F4240)
May  8 12:52:08 ree-virtual-machine kernel: [    0.010585] ACPI: DSDT 0x00000000BFEDD001 021E72 (v01 PTLTD  Custom   06040000 MSFT 03000001)
May  8 12:52:08 ree-virtual-machine kernel: [    0.010589] ACPI: FACS 0x00000000BFEFFFC0 000040
May  8 12:52:08 ree-virtual-machine kernel: [    0.010591] ACPI: FACS 0x00000000BFEFFFC0 000040
May  8 12:52:08 ree-virtual-machine kernel: [    0.010594] ACPI: BOOT 0x00000000BFEDCFB4 000028 (v01 PTLTD  $SBFTBL$ 06040000  LTP 00000001)
May  8 12:52:08 ree-virtual-machine kernel: [    0.010597] ACPI: APIC 0x00000000BFEDC872 000742 (v01 PTLTD  ? APIC   06040000  LTP 00000000)
May  8 12:52:08 ree-virtual-machine kernel: [    0.010600] ACPI: MCFG 0x00000000BFEDC836 00003C (v01 PTLTD  $PCITBL$ 06040000  LTP 00000001)
May  8 12:52:08 ree-virtual-machine kernel: [    0.010603] ACPI: SRAT 0x00000000BFEDB72F 0008D0 (v02 VMWARE MEMPLUG  06040000 VMW  00000001)
May  8 12:52:08 ree-virtual-machine kernel: [    0.010605] ACPI: HPET 0x00000000BFEDB6F7 000038 (v01 VMWARE VMW HPET 06040000 VMW  00000001)
May  8 12:52:08 ree-virtual-machine kernel: [    0.010608] ACPI: WAET 0x00000000BFEDB6CF 000028 (v01 VMWARE VMW WAET 06040000 VMW  00000001)
May  8 12:52:08 ree-virtual-machine kernel: [    0.010610] ACPI: Reserving FACP table memory at [mem 0xbfefee73-0xbfefef66]
May  8 12:52:08 ree-virtual-machine kernel: [    0.010612] ACPI: Reserving DSDT table memory at [mem 0xbfedd001-0xbfefee72]
May  8 12:52:08 ree-virtual-machine kernel: [    0.010612] ACPI: Reserving FACS table memory at [mem 0xbfefffc0-0xbfefffff]
May  8 12:52:08 ree-virtual-machine kernel: [    0.010613] ACPI: Reserving FACS table memory at [mem 0xbfefffc0-0xbfefffff]
May  8 12:52:08 ree-virtual-machine kernel: [    0.010613] ACPI: Reserving BOOT table memory at [mem 0xbfedcfb4-0xbfedcfdb]
May  8 12:52:08 ree-virtual-machine kernel: [    0.010614] ACPI: Reserving APIC table memory at [mem 0xbfedc872-0xbfedcfb3]
May  8 12:52:08 ree-virtual-machine kernel: [    0.010614] ACPI: Reserving MCFG table memory at [mem 0xbfedc836-0xbfedc871]
May  8 12:52:08 ree-virtual-machine kernel: [    0.010615] ACPI: Reserving SRAT table memory at [mem 0xbfedb72f-0xbfedbffe]
May  8 12:52:08 ree-virtual-machine kernel: [    0.010616] ACPI: Reserving HPET table memory at [mem 0xbfedb6f7-0xbfedb72e]
May  8 12:52:08 ree-virtual-machine kernel: [    0.010616] ACPI: Reserving WAET table memory at [mem 0xbfedb6cf-0xbfedb6f6]
May  8 12:52:08 ree-virtual-machine kernel: [    0.010689] system APIC only can use physical flat
May  8 12:52:08 ree-virtual-machine kernel: [    0.010691] Setting APIC routing to physical flat.
May  8 12:52:08 ree-virtual-machine kernel: [    0.010799] SRAT: PXM 0 -> APIC 0x00 -> Node 0
May  8 12:52:08 ree-virtual-machine kernel: [    0.010802] SRAT: PXM 0 -> APIC 0x01 -> Node 0
May  8 12:52:08 ree-virtual-machine kernel: [    0.010802] SRAT: PXM 0 -> APIC 0x02 -> Node 0
May  8 12:52:08 ree-virtual-machine kernel: [    0.010803] SRAT: PXM 0 -> APIC 0x03 -> Node 0
May  8 12:52:08 ree-virtual-machine kernel: [    0.010804] SRAT: PXM 0 -> APIC 0x04 -> Node 0
May  8 12:52:08 ree-virtual-machine kernel: [    0.010804] SRAT: PXM 0 -> APIC 0x05 -> Node 0
May  8 12:52:08 ree-virtual-machine kernel: [    0.010805] SRAT: PXM 0 -> APIC 0x06 -> Node 0
May  8 12:52:08 ree-virtual-machine kernel: [    0.010806] SRAT: PXM 0 -> APIC 0x07 -> Node 0
May  8 12:52:08 ree-virtual-machine kernel: [    0.010806] SRAT: PXM 0 -> APIC 0x08 -> Node 0
May  8 12:52:08 ree-virtual-machine kernel: [    0.010807] SRAT: PXM 0 -> APIC 0x09 -> Node 0
May  8 12:52:08 ree-virtual-machine kernel: [    0.010808] SRAT: PXM 0 -> APIC 0x0a -> Node 0
May  8 12:52:08 ree-virtual-machine kernel: [    0.010808] SRAT: PXM 0 -> APIC 0x0b -> Node 0
May  8 12:52:08 ree-virtual-machine kernel: [    0.010809] SRAT: PXM 0 -> APIC 0x0c -> Node 0
May  8 12:52:08 ree-virtual-machine kernel: [    0.010810] SRAT: PXM 0 -> APIC 0x0d -> Node 0
May  8 12:52:08 ree-virtual-machine kernel: [    0.010811] SRAT: PXM 0 -> APIC 0x0e -> Node 0
May  8 12:52:08 ree-virtual-machine kernel: [    0.010811] SRAT: PXM 0 -> APIC 0x0f -> Node 0
May  8 12:52:08 ree-virtual-machine kernel: [    0.010812] SRAT: PXM 0 -> APIC 0x10 -> Node 0
May  8 12:52:08 ree-virtual-machine kernel: [    0.010813] SRAT: PXM 0 -> APIC 0x11 -> Node 0
May  8 12:52:08 ree-virtual-machine kernel: [    0.010813] SRAT: PXM 0 -> APIC 0x12 -> Node 0
May  8 12:52:08 ree-virtual-machine kernel: [    0.010814] SRAT: PXM 0 -> APIC 0x13 -> Node 0
May  8 12:52:08 ree-virtual-machine kernel: [    0.010815] SRAT: PXM 0 -> APIC 0x14 -> Node 0
May  8 12:52:08 ree-virtual-machine kernel: [    0.010815] SRAT: PXM 0 -> APIC 0x15 -> Node 0
May  8 12:52:08 ree-virtual-machine kernel: [    0.010816] SRAT: PXM 0 -> APIC 0x16 -> Node 0
May  8 12:52:08 ree-virtual-machine kernel: [    0.010816] SRAT: PXM 0 -> APIC 0x17 -> Node 0
May  8 12:52:08 ree-virtual-machine kernel: [    0.010817] SRAT: PXM 0 -> APIC 0x18 -> Node 0
May  8 12:52:08 ree-virtual-machine kernel: [    0.010818] SRAT: PXM 0 -> APIC 0x19 -> Node 0
May  8 12:52:08 ree-virtual-machine kernel: [    0.010818] SRAT: PXM 0 -> APIC 0x1a -> Node 0
May  8 12:52:08 ree-virtual-machine kernel: [    0.010819] SRAT: PXM 0 -> APIC 0x1b -> Node 0
May  8 12:52:08 ree-virtual-machine kernel: [    0.010820] SRAT: PXM 0 -> APIC 0x1c -> Node 0
May  8 12:52:08 ree-virtual-machine kernel: [    0.010820] SRAT: PXM 0 -> APIC 0x1d -> Node 0
May  8 12:52:08 ree-virtual-machine kernel: [    0.010821] SRAT: PXM 0 -> APIC 0x1e -> Node 0
May  8 12:52:08 ree-virtual-machine kernel: [    0.010822] SRAT: PXM 0 -> APIC 0x1f -> Node 0
May  8 12:52:08 ree-virtual-machine kernel: [    0.010822] SRAT: PXM 0 -> APIC 0x20 -> Node 0
May  8 12:52:08 ree-virtual-machine kernel: [    0.010823] SRAT: PXM 0 -> APIC 0x21 -> Node 0
May  8 12:52:08 ree-virtual-machine kernel: [    0.010824] SRAT: PXM 0 -> APIC 0x22 -> Node 0
May  8 12:52:08 ree-virtual-machine kernel: [    0.010824] SRAT: PXM 0 -> APIC 0x23 -> Node 0
May  8 12:52:08 ree-virtual-machine kernel: [    0.010825] SRAT: PXM 0 -> APIC 0x24 -> Node 0
May  8 12:52:08 ree-virtual-machine kernel: [    0.010826] SRAT: PXM 0 -> APIC 0x25 -> Node 0
May  8 12:52:08 ree-virtual-machine kernel: [    0.010826] SRAT: PXM 0 -> APIC 0x26 -> Node 0
May  8 12:52:08 ree-virtual-machine kernel: [    0.010827] SRAT: PXM 0 -> APIC 0x27 -> Node 0
May  8 12:52:08 ree-virtual-machine kernel: [    0.010827] SRAT: PXM 0 -> APIC 0x28 -> Node 0
May  8 12:52:08 ree-virtual-machine kernel: [    0.010828] SRAT: PXM 0 -> APIC 0x29 -> Node 0
May  8 12:52:08 ree-virtual-machine kernel: [    0.010828] SRAT: PXM 0 -> APIC 0x2a -> Node 0
May  8 12:52:08 ree-virtual-machine kernel: [    0.010829] SRAT: PXM 0 -> APIC 0x2b -> Node 0
May  8 12:52:08 ree-virtual-machine kernel: [    0.010829] SRAT: PXM 0 -> APIC 0x2c -> Node 0
May  8 12:52:08 ree-virtual-machine kernel: [    0.010830] SRAT: PXM 0 -> APIC 0x2d -> Node 0
May  8 12:52:08 ree-virtual-machine kernel: [    0.010830] SRAT: PXM 0 -> APIC 0x2e -> Node 0
May  8 12:52:08 ree-virtual-machine kernel: [    0.010831] SRAT: PXM 0 -> APIC 0x2f -> Node 0
May  8 12:52:08 ree-virtual-machine kernel: [    0.010832] SRAT: PXM 0 -> APIC 0x30 -> Node 0
May  8 12:52:08 ree-virtual-machine kernel: [    0.010832] SRAT: PXM 0 -> APIC 0x31 -> Node 0
May  8 12:52:08 ree-virtual-machine kernel: [    0.010833] SRAT: PXM 0 -> APIC 0x32 -> Node 0
May  8 12:52:08 ree-virtual-machine kernel: [    0.010833] SRAT: PXM 0 -> APIC 0x33 -> Node 0
May  8 12:52:08 ree-virtual-machine kernel: [    0.010834] SRAT: PXM 0 -> APIC 0x34 -> Node 0
May  8 12:52:08 ree-virtual-machine kernel: [    0.010834] SRAT: PXM 0 -> APIC 0x35 -> Node 0
May  8 12:52:08 ree-virtual-machine kernel: [    0.010835] SRAT: PXM 0 -> APIC 0x36 -> Node 0
May  8 12:52:08 ree-virtual-machine kernel: [    0.010835] SRAT: PXM 0 -> APIC 0x37 -> Node 0
May  8 12:52:08 ree-virtual-machine kernel: [    0.010836] SRAT: PXM 0 -> APIC 0x38 -> Node 0
May  8 12:52:08 ree-virtual-machine kernel: [    0.010837] SRAT: PXM 0 -> APIC 0x39 -> Node 0
May  8 12:52:08 ree-virtual-machine kernel: [    0.010837] SRAT: PXM 0 -> APIC 0x3a -> Node 0
May  8 12:52:08 ree-virtual-machine kernel: [    0.010838] SRAT: PXM 0 -> APIC 0x3b -> Node 0
May  8 12:52:08 ree-virtual-machine kernel: [    0.010838] SRAT: PXM 0 -> APIC 0x3c -> Node 0
May  8 12:52:08 ree-virtual-machine kernel: [    0.010839] SRAT: PXM 0 -> APIC 0x3d -> Node 0
May  8 12:52:08 ree-virtual-machine kernel: [    0.010839] SRAT: PXM 0 -> APIC 0x3e -> Node 0
May  8 12:52:08 ree-virtual-machine kernel: [    0.010840] SRAT: PXM 0 -> APIC 0x3f -> Node 0
May  8 12:52:08 ree-virtual-machine kernel: [    0.010840] SRAT: PXM 0 -> APIC 0x40 -> Node 0
May  8 12:52:08 ree-virtual-machine kernel: [    0.010841] SRAT: PXM 0 -> APIC 0x41 -> Node 0
May  8 12:52:08 ree-virtual-machine kernel: [    0.010841] SRAT: PXM 0 -> APIC 0x42 -> Node 0
May  8 12:52:08 ree-virtual-machine kernel: [    0.010842] SRAT: PXM 0 -> APIC 0x43 -> Node 0
May  8 12:52:08 ree-virtual-machine kernel: [    0.010842] SRAT: PXM 0 -> APIC 0x44 -> Node 0
May  8 12:52:08 ree-virtual-machine kernel: [    0.010843] SRAT: PXM 0 -> APIC 0x45 -> Node 0
May  8 12:52:08 ree-virtual-machine kernel: [    0.010844] SRAT: PXM 0 -> APIC 0x46 -> Node 0
May  8 12:52:08 ree-virtual-machine kernel: [    0.010844] SRAT: PXM 0 -> APIC 0x47 -> Node 0
May  8 12:52:08 ree-virtual-machine kernel: [    0.010845] SRAT: PXM 0 -> APIC 0x48 -> Node 0
May  8 12:52:08 ree-virtual-machine kernel: [    0.010845] SRAT: PXM 0 -> APIC 0x49 -> Node 0
May  8 12:52:08 ree-virtual-machine kernel: [    0.010846] SRAT: PXM 0 -> APIC 0x4a -> Node 0
May  8 12:52:08 ree-virtual-machine kernel: [    0.010846] SRAT: PXM 0 -> APIC 0x4b -> Node 0
May  8 12:52:08 ree-virtual-machine kernel: [    0.010847] SRAT: PXM 0 -> APIC 0x4c -> Node 0
May  8 12:52:08 ree-virtual-machine kernel: [    0.010847] SRAT: PXM 0 -> APIC 0x4d -> Node 0
May  8 12:52:08 ree-virtual-machine kernel: [    0.010848] SRAT: PXM 0 -> APIC 0x4e -> Node 0
May  8 12:52:08 ree-virtual-machine kernel: [    0.010848] SRAT: PXM 0 -> APIC 0x4f -> Node 0
May  8 12:52:08 ree-virtual-machine kernel: [    0.010849] SRAT: PXM 0 -> APIC 0x50 -> Node 0
May  8 12:52:08 ree-virtual-machine kernel: [    0.010849] SRAT: PXM 0 -> APIC 0x51 -> Node 0
May  8 12:52:08 ree-virtual-machine kernel: [    0.010850] SRAT: PXM 0 -> APIC 0x52 -> Node 0
May  8 12:52:08 ree-virtual-machine kernel: [    0.010851] SRAT: PXM 0 -> APIC 0x53 -> Node 0
May  8 12:52:08 ree-virtual-machine kernel: [    0.010851] SRAT: PXM 0 -> APIC 0x54 -> Node 0
May  8 12:52:08 ree-virtual-machine kernel: [    0.010852] SRAT: PXM 0 -> APIC 0x55 -> Node 0
May  8 12:52:08 ree-virtual-machine kernel: [    0.010852] SRAT: PXM 0 -> APIC 0x56 -> Node 0
May  8 12:52:08 ree-virtual-machine kernel: [    0.010853] SRAT: PXM 0 -> APIC 0x57 -> Node 0
May  8 12:52:08 ree-virtual-machine kernel: [    0.010853] SRAT: PXM 0 -> APIC 0x58 -> Node 0
May  8 12:52:08 ree-virtual-machine kernel: [    0.010854] SRAT: PXM 0 -> APIC 0x59 -> Node 0
May  8 12:52:08 ree-virtual-machine kernel: [    0.010854] SRAT: PXM 0 -> APIC 0x5a -> Node 0
May  8 12:52:08 ree-virtual-machine kernel: [    0.010855] SRAT: PXM 0 -> APIC 0x5b -> Node 0
May  8 12:52:08 ree-virtual-machine kernel: [    0.010855] SRAT: PXM 0 -> APIC 0x5c -> Node 0
May  8 12:52:08 ree-virtual-machine kernel: [    0.010856] SRAT: PXM 0 -> APIC 0x5d -> Node 0
May  8 12:52:08 ree-virtual-machine kernel: [    0.010857] SRAT: PXM 0 -> APIC 0x5e -> Node 0
May  8 12:52:08 ree-virtual-machine kernel: [    0.010857] SRAT: PXM 0 -> APIC 0x5f -> Node 0
May  8 12:52:08 ree-virtual-machine kernel: [    0.010858] SRAT: PXM 0 -> APIC 0x60 -> Node 0
May  8 12:52:08 ree-virtual-machine kernel: [    0.010858] SRAT: PXM 0 -> APIC 0x61 -> Node 0
May  8 12:52:08 ree-virtual-machine kernel: [    0.010859] SRAT: PXM 0 -> APIC 0x62 -> Node 0
May  8 12:52:08 ree-virtual-machine kernel: [    0.010859] SRAT: PXM 0 -> APIC 0x63 -> Node 0
May  8 12:52:08 ree-virtual-machine kernel: [    0.010860] SRAT: PXM 0 -> APIC 0x64 -> Node 0
May  8 12:52:08 ree-virtual-machine kernel: [    0.010860] SRAT: PXM 0 -> APIC 0x65 -> Node 0
May  8 12:52:08 ree-virtual-machine kernel: [    0.010861] SRAT: PXM 0 -> APIC 0x66 -> Node 0
May  8 12:52:08 ree-virtual-machine kernel: [    0.010861] SRAT: PXM 0 -> APIC 0x67 -> Node 0
May  8 12:52:08 ree-virtual-machine kernel: [    0.010862] SRAT: PXM 0 -> APIC 0x68 -> Node 0
May  8 12:52:08 ree-virtual-machine kernel: [    0.010862] SRAT: PXM 0 -> APIC 0x69 -> Node 0
May  8 12:52:08 ree-virtual-machine kernel: [    0.010863] SRAT: PXM 0 -> APIC 0x6a -> Node 0
May  8 12:52:08 ree-virtual-machine kernel: [    0.010863] SRAT: PXM 0 -> APIC 0x6b -> Node 0
May  8 12:52:08 ree-virtual-machine kernel: [    0.010864] SRAT: PXM 0 -> APIC 0x6c -> Node 0
May  8 12:52:08 ree-virtual-machine kernel: [    0.010865] SRAT: PXM 0 -> APIC 0x6d -> Node 0
May  8 12:52:08 ree-virtual-machine kernel: [    0.010865] SRAT: PXM 0 -> APIC 0x6e -> Node 0
May  8 12:52:08 ree-virtual-machine kernel: [    0.010866] SRAT: PXM 0 -> APIC 0x6f -> Node 0
May  8 12:52:08 ree-virtual-machine kernel: [    0.010866] SRAT: PXM 0 -> APIC 0x70 -> Node 0
May  8 12:52:08 ree-virtual-machine kernel: [    0.010867] SRAT: PXM 0 -> APIC 0x71 -> Node 0
May  8 12:52:08 ree-virtual-machine kernel: [    0.010867] SRAT: PXM 0 -> APIC 0x72 -> Node 0
May  8 12:52:08 ree-virtual-machine kernel: [    0.010868] SRAT: PXM 0 -> APIC 0x73 -> Node 0
May  8 12:52:08 ree-virtual-machine kernel: [    0.010868] SRAT: PXM 0 -> APIC 0x74 -> Node 0
May  8 12:52:08 ree-virtual-machine kernel: [    0.010869] SRAT: PXM 0 -> APIC 0x75 -> Node 0
May  8 12:52:08 ree-virtual-machine kernel: [    0.010869] SRAT: PXM 0 -> APIC 0x76 -> Node 0
May  8 12:52:08 ree-virtual-machine kernel: [    0.010870] SRAT: PXM 0 -> APIC 0x77 -> Node 0
May  8 12:52:08 ree-virtual-machine kernel: [    0.010870] SRAT: PXM 0 -> APIC 0x78 -> Node 0
May  8 12:52:08 ree-virtual-machine kernel: [    0.010871] SRAT: PXM 0 -> APIC 0x79 -> Node 0
May  8 12:52:08 ree-virtual-machine kernel: [    0.010871] SRAT: PXM 0 -> APIC 0x7a -> Node 0
May  8 12:52:08 ree-virtual-machine kernel: [    0.010872] SRAT: PXM 0 -> APIC 0x7b -> Node 0
May  8 12:52:08 ree-virtual-machine kernel: [    0.010872] SRAT: PXM 0 -> APIC 0x7c -> Node 0
May  8 12:52:08 ree-virtual-machine kernel: [    0.010873] SRAT: PXM 0 -> APIC 0x7d -> Node 0
May  8 12:52:08 ree-virtual-machine kernel: [    0.010873] SRAT: PXM 0 -> APIC 0x7e -> Node 0
May  8 12:52:08 ree-virtual-machine kernel: [    0.010874] SRAT: PXM 0 -> APIC 0x7f -> Node 0
May  8 12:52:08 ree-virtual-machine kernel: [    0.010876] ACPI: SRAT: Node 0 PXM 0 [mem 0x00000000-0x0009ffff]
May  8 12:52:08 ree-virtual-machine kernel: [    0.010878] ACPI: SRAT: Node 0 PXM 0 [mem 0x00100000-0xbfffffff]
May  8 12:52:08 ree-virtual-machine kernel: [    0.010879] ACPI: SRAT: Node 0 PXM 0 [mem 0x100000000-0x43fffffff]
May  8 12:52:08 ree-virtual-machine kernel: [    0.010880] ACPI: SRAT: Node 0 PXM 0 [mem 0x440000000-0x403fffffff] hotplug
May  8 12:52:08 ree-virtual-machine kernel: [    0.010884] NUMA: Node 0 [mem 0x00000000-0x0009ffff] + [mem 0x00100000-0xbfffffff] -> [mem 0x00000000-0xbfffffff]
May  8 12:52:08 ree-virtual-machine kernel: [    0.010885] NUMA: Node 0 [mem 0x00000000-0xbfffffff] + [mem 0x100000000-0x43fffffff] -> [mem 0x00000000-0x43fffffff]
May  8 12:52:08 ree-virtual-machine kernel: [    0.010892] NODE_DATA(0) allocated [mem 0x43ffd5000-0x43fffffff]
May  8 12:52:08 ree-virtual-machine kernel: [    0.011958] Zone ranges:
May  8 12:52:08 ree-virtual-machine kernel: [    0.011960]   DMA      [mem 0x0000000000001000-0x0000000000ffffff]
May  8 12:52:08 ree-virtual-machine kernel: [    0.011962]   DMA32    [mem 0x0000000001000000-0x00000000ffffffff]
May  8 12:52:08 ree-virtual-machine kernel: [    0.011963]   Normal   [mem 0x0000000100000000-0x000000043fffffff]
May  8 12:52:08 ree-virtual-machine kernel: [    0.011964]   Device   empty
May  8 12:52:08 ree-virtual-machine kernel: [    0.011965] Movable zone start for each node
May  8 12:52:08 ree-virtual-machine kernel: [    0.011967] Early memory node ranges
May  8 12:52:08 ree-virtual-machine kernel: [    0.011967]   node   0: [mem 0x0000000000001000-0x000000000009dfff]
May  8 12:52:08 ree-virtual-machine kernel: [    0.011968]   node   0: [mem 0x0000000000100000-0x00000000bfecffff]
May  8 12:52:08 ree-virtual-machine kernel: [    0.011969]   node   0: [mem 0x00000000bff00000-0x00000000bfffffff]
May  8 12:52:08 ree-virtual-machine kernel: [    0.011970]   node   0: [mem 0x0000000100000000-0x000000043fffffff]
May  8 12:52:08 ree-virtual-machine kernel: [    0.011972] Initmem setup node 0 [mem 0x0000000000001000-0x000000043fffffff]
May  8 12:52:08 ree-virtual-machine kernel: [    0.012030] On node 0, zone DMA: 1 pages in unavailable ranges
May  8 12:52:08 ree-virtual-machine kernel: [    0.012852] On node 0, zone DMA: 98 pages in unavailable ranges
May  8 12:52:08 ree-virtual-machine kernel: [    0.180362] On node 0, zone DMA32: 48 pages in unavailable ranges
May  8 12:52:08 ree-virtual-machine kernel: [    0.852966] ACPI: PM-Timer IO Port: 0x1008
May  8 12:52:08 ree-virtual-machine kernel: [    0.852975] system APIC only can use physical flat
May  8 12:52:08 ree-virtual-machine kernel: [    0.852986] ACPI: LAPIC_NMI (acpi_id[0x00] high edge lint[0x1])
May  8 12:52:08 ree-virtual-machine kernel: [    0.852988] ACPI: LAPIC_NMI (acpi_id[0x01] high edge lint[0x1])
May  8 12:52:08 ree-virtual-machine kernel: [    0.852988] ACPI: LAPIC_NMI (acpi_id[0x02] high edge lint[0x1])
May  8 12:52:08 ree-virtual-machine kernel: [    0.852989] ACPI: LAPIC_NMI (acpi_id[0x03] high edge lint[0x1])
May  8 12:52:08 ree-virtual-machine kernel: [    0.852990] ACPI: LAPIC_NMI (acpi_id[0x04] high edge lint[0x1])
May  8 12:52:08 ree-virtual-machine kernel: [    0.852991] ACPI: LAPIC_NMI (acpi_id[0x05] high edge lint[0x1])
May  8 12:52:08 ree-virtual-machine kernel: [    0.852991] ACPI: LAPIC_NMI (acpi_id[0x06] high edge lint[0x1])
May  8 12:52:08 ree-virtual-machine kernel: [    0.852992] ACPI: LAPIC_NMI (acpi_id[0x07] high edge lint[0x1])
May  8 12:52:08 ree-virtual-machine kernel: [    0.852993] ACPI: LAPIC_NMI (acpi_id[0x08] high edge lint[0x1])
May  8 12:52:08 ree-virtual-machine kernel: [    0.852993] ACPI: LAPIC_NMI (acpi_id[0x09] high edge lint[0x1])
May  8 12:52:08 ree-virtual-machine kernel: [    0.852994] ACPI: LAPIC_NMI (acpi_id[0x0a] high edge lint[0x1])
May  8 12:52:08 ree-virtual-machine kernel: [    0.852994] ACPI: LAPIC_NMI (acpi_id[0x0b] high edge lint[0x1])
May  8 12:52:08 ree-virtual-machine kernel: [    0.852995] ACPI: LAPIC_NMI (acpi_id[0x0c] high edge lint[0x1])
May  8 12:52:08 ree-virtual-machine kernel: [    0.852996] ACPI: LAPIC_NMI (acpi_id[0x0d] high edge lint[0x1])
May  8 12:52:08 ree-virtual-machine kernel: [    0.852996] ACPI: LAPIC_NMI (acpi_id[0x0e] high edge lint[0x1])
May  8 12:52:08 ree-virtual-machine kernel: [    0.852997] ACPI: LAPIC_NMI (acpi_id[0x0f] high edge lint[0x1])
May  8 12:52:08 ree-virtual-machine kernel: [    0.852997] ACPI: LAPIC_NMI (acpi_id[0x10] high edge lint[0x1])
May  8 12:52:08 ree-virtual-machine kernel: [    0.852998] ACPI: LAPIC_NMI (acpi_id[0x11] high edge lint[0x1])
May  8 12:52:08 ree-virtual-machine kernel: [    0.852998] ACPI: LAPIC_NMI (acpi_id[0x12] high edge lint[0x1])
May  8 12:52:08 ree-virtual-machine kernel: [    0.852999] ACPI: LAPIC_NMI (acpi_id[0x13] high edge lint[0x1])
May  8 12:52:08 ree-virtual-machine kernel: [    0.853000] ACPI: LAPIC_NMI (acpi_id[0x14] high edge lint[0x1])
May  8 12:52:08 ree-virtual-machine kernel: [    0.853000] ACPI: LAPIC_NMI (acpi_id[0x15] high edge lint[0x1])
May  8 12:52:08 ree-virtual-machine kernel: [    0.853001] ACPI: LAPIC_NMI (acpi_id[0x16] high edge lint[0x1])
May  8 12:52:08 ree-virtual-machine kernel: [    0.853002] ACPI: LAPIC_NMI (acpi_id[0x17] high edge lint[0x1])
May  8 12:52:08 ree-virtual-machine kernel: [    0.853002] ACPI: LAPIC_NMI (acpi_id[0x18] high edge lint[0x1])
May  8 12:52:08 ree-virtual-machine kernel: [    0.853003] ACPI: LAPIC_NMI (acpi_id[0x19] high edge lint[0x1])
May  8 12:52:08 ree-virtual-machine kernel: [    0.853004] ACPI: LAPIC_NMI (acpi_id[0x1a] high edge lint[0x1])
May  8 12:52:08 ree-virtual-machine kernel: [    0.853004] ACPI: LAPIC_NMI (acpi_id[0x1b] high edge lint[0x1])
May  8 12:52:08 ree-virtual-machine kernel: [    0.853005] ACPI: LAPIC_NMI (acpi_id[0x1c] high edge lint[0x1])
May  8 12:52:08 ree-virtual-machine kernel: [    0.853005] ACPI: LAPIC_NMI (acpi_id[0x1d] high edge lint[0x1])
May  8 12:52:08 ree-virtual-machine kernel: [    0.853006] ACPI: LAPIC_NMI (acpi_id[0x1e] high edge lint[0x1])
May  8 12:52:08 ree-virtual-machine kernel: [    0.853007] ACPI: LAPIC_NMI (acpi_id[0x1f] high edge lint[0x1])
May  8 12:52:08 ree-virtual-machine kernel: [    0.853007] ACPI: LAPIC_NMI (acpi_id[0x20] high edge lint[0x1])
May  8 12:52:08 ree-virtual-machine kernel: [    0.853008] ACPI: LAPIC_NMI (acpi_id[0x21] high edge lint[0x1])
May  8 12:52:08 ree-virtual-machine kernel: [    0.853008] ACPI: LAPIC_NMI (acpi_id[0x22] high edge lint[0x1])
May  8 12:52:08 ree-virtual-machine kernel: [    0.853009] ACPI: LAPIC_NMI (acpi_id[0x23] high edge lint[0x1])
May  8 12:52:08 ree-virtual-machine kernel: [    0.853010] ACPI: LAPIC_NMI (acpi_id[0x24] high edge lint[0x1])
May  8 12:52:08 ree-virtual-machine kernel: [    0.853010] ACPI: LAPIC_NMI (acpi_id[0x25] high edge lint[0x1])
May  8 12:52:08 ree-virtual-machine kernel: [    0.853011] ACPI: LAPIC_NMI (acpi_id[0x26] high edge lint[0x1])
May  8 12:52:08 ree-virtual-machine kernel: [    0.853012] ACPI: LAPIC_NMI (acpi_id[0x27] high edge lint[0x1])
May  8 12:52:08 ree-virtual-machine kernel: [    0.853012] ACPI: LAPIC_NMI (acpi_id[0x28] high edge lint[0x1])
May  8 12:52:08 ree-virtual-machine kernel: [    0.853013] ACPI: LAPIC_NMI (acpi_id[0x29] high edge lint[0x1])
May  8 12:52:08 ree-virtual-machine kernel: [    0.853013] ACPI: LAPIC_NMI (acpi_id[0x2a] high edge lint[0x1])
May  8 12:52:08 ree-virtual-machine kernel: [    0.853014] ACPI: LAPIC_NMI (acpi_id[0x2b] high edge lint[0x1])
May  8 12:52:08 ree-virtual-machine kernel: [    0.853015] ACPI: LAPIC_NMI (acpi_id[0x2c] high edge lint[0x1])
May  8 12:52:08 ree-virtual-machine kernel: [    0.853015] ACPI: LAPIC_NMI (acpi_id[0x2d] high edge lint[0x1])
May  8 12:52:08 ree-virtual-machine kernel: [    0.853016] ACPI: LAPIC_NMI (acpi_id[0x2e] high edge lint[0x1])
May  8 12:52:08 ree-virtual-machine kernel: [    0.853016] ACPI: LAPIC_NMI (acpi_id[0x2f] high edge lint[0x1])
May  8 12:52:08 ree-virtual-machine kernel: [    0.853017] ACPI: LAPIC_NMI (acpi_id[0x30] high edge lint[0x1])
May  8 12:52:08 ree-virtual-machine kernel: [    0.853018] ACPI: LAPIC_NMI (acpi_id[0x31] high edge lint[0x1])
May  8 12:52:08 ree-virtual-machine kernel: [    0.853018] ACPI: LAPIC_NMI (acpi_id[0x32] high edge lint[0x1])
May  8 12:52:08 ree-virtual-machine kernel: [    0.853019] ACPI: LAPIC_NMI (acpi_id[0x33] high edge lint[0x1])
May  8 12:52:08 ree-virtual-machine kernel: [    0.853020] ACPI: LAPIC_NMI (acpi_id[0x34] high edge lint[0x1])
May  8 12:52:08 ree-virtual-machine kernel: [    0.853020] ACPI: LAPIC_NMI (acpi_id[0x35] high edge lint[0x1])
May  8 12:52:08 ree-virtual-machine kernel: [    0.853021] ACPI: LAPIC_NMI (acpi_id[0x36] high edge lint[0x1])
May  8 12:52:08 ree-virtual-machine kernel: [    0.853021] ACPI: LAPIC_NMI (acpi_id[0x37] high edge lint[0x1])
May  8 12:52:08 ree-virtual-machine kernel: [    0.853022] ACPI: LAPIC_NMI (acpi_id[0x38] high edge lint[0x1])
May  8 12:52:08 ree-virtual-machine kernel: [    0.853023] ACPI: LAPIC_NMI (acpi_id[0x39] high edge lint[0x1])
May  8 12:52:08 ree-virtual-machine kernel: [    0.853023] ACPI: LAPIC_NMI (acpi_id[0x3a] high edge lint[0x1])
May  8 12:52:08 ree-virtual-machine kernel: [    0.853024] ACPI: LAPIC_NMI (acpi_id[0x3b] high edge lint[0x1])
May  8 12:52:08 ree-virtual-machine kernel: [    0.853024] ACPI: LAPIC_NMI (acpi_id[0x3c] high edge lint[0x1])
May  8 12:52:08 ree-virtual-machine kernel: [    0.853025] ACPI: LAPIC_NMI (acpi_id[0x3d] high edge lint[0x1])
May  8 12:52:08 ree-virtual-machine kernel: [    0.853026] ACPI: LAPIC_NMI (acpi_id[0x3e] high edge lint[0x1])
May  8 12:52:08 ree-virtual-machine kernel: [    0.853026] ACPI: LAPIC_NMI (acpi_id[0x3f] high edge lint[0x1])
May  8 12:52:08 ree-virtual-machine kernel: [    0.853027] ACPI: LAPIC_NMI (acpi_id[0x40] high edge lint[0x1])
May  8 12:52:08 ree-virtual-machine kernel: [    0.853028] ACPI: LAPIC_NMI (acpi_id[0x41] high edge lint[0x1])
May  8 12:52:08 ree-virtual-machine kernel: [    0.853028] ACPI: LAPIC_NMI (acpi_id[0x42] high edge lint[0x1])
May  8 12:52:08 ree-virtual-machine kernel: [    0.853029] ACPI: LAPIC_NMI (acpi_id[0x43] high edge lint[0x1])
May  8 12:52:08 ree-virtual-machine kernel: [    0.853029] ACPI: LAPIC_NMI (acpi_id[0x44] high edge lint[0x1])
May  8 12:52:08 ree-virtual-machine kernel: [    0.853030] ACPI: LAPIC_NMI (acpi_id[0x45] high edge lint[0x1])
May  8 12:52:08 ree-virtual-machine kernel: [    0.853031] ACPI: LAPIC_NMI (acpi_id[0x46] high edge lint[0x1])
May  8 12:52:08 ree-virtual-machine kernel: [    0.853031] ACPI: LAPIC_NMI (acpi_id[0x47] high edge lint[0x1])
May  8 12:52:08 ree-virtual-machine kernel: [    0.853032] ACPI: LAPIC_NMI (acpi_id[0x48] high edge lint[0x1])
May  8 12:52:08 ree-virtual-machine kernel: [    0.853032] ACPI: LAPIC_NMI (acpi_id[0x49] high edge lint[0x1])
May  8 12:52:08 ree-virtual-machine kernel: [    0.853033] ACPI: LAPIC_NMI (acpi_id[0x4a] high edge lint[0x1])
May  8 12:52:08 ree-virtual-machine kernel: [    0.853034] ACPI: LAPIC_NMI (acpi_id[0x4b] high edge lint[0x1])
May  8 12:52:08 ree-virtual-machine kernel: [    0.853034] ACPI: LAPIC_NMI (acpi_id[0x4c] high edge lint[0x1])
May  8 12:52:08 ree-virtual-machine kernel: [    0.853035] ACPI: LAPIC_NMI (acpi_id[0x4d] high edge lint[0x1])
May  8 12:52:08 ree-virtual-machine kernel: [    0.853035] ACPI: LAPIC_NMI (acpi_id[0x4e] high edge lint[0x1])
May  8 12:52:08 ree-virtual-machine kernel: [    0.853036] ACPI: LAPIC_NMI (acpi_id[0x4f] high edge lint[0x1])
May  8 12:52:08 ree-virtual-machine kernel: [    0.853037] ACPI: LAPIC_NMI (acpi_id[0x50] high edge lint[0x1])
May  8 12:52:08 ree-virtual-machine kernel: [    0.853037] ACPI: LAPIC_NMI (acpi_id[0x51] high edge lint[0x1])
May  8 12:52:08 ree-virtual-machine kernel: [    0.853038] ACPI: LAPIC_NMI (acpi_id[0x52] high edge lint[0x1])
May  8 12:52:08 ree-virtual-machine kernel: [    0.853038] ACPI: LAPIC_NMI (acpi_id[0x53] high edge lint[0x1])
May  8 12:52:08 ree-virtual-machine kernel: [    0.853039] ACPI: LAPIC_NMI (acpi_id[0x54] high edge lint[0x1])
May  8 12:52:08 ree-virtual-machine kernel: [    0.853040] ACPI: LAPIC_NMI (acpi_id[0x55] high edge lint[0x1])
May  8 12:52:08 ree-virtual-machine kernel: [    0.853040] ACPI: LAPIC_NMI (acpi_id[0x56] high edge lint[0x1])
May  8 12:52:08 ree-virtual-machine kernel: [    0.853041] ACPI: LAPIC_NMI (acpi_id[0x57] high edge lint[0x1])
May  8 12:52:08 ree-virtual-machine kernel: [    0.853041] ACPI: LAPIC_NMI (acpi_id[0x58] high edge lint[0x1])
May  8 12:52:08 ree-virtual-machine kernel: [    0.853042] ACPI: LAPIC_NMI (acpi_id[0x59] high edge lint[0x1])
May  8 12:52:08 ree-virtual-machine kernel: [    0.853042] ACPI: LAPIC_NMI (acpi_id[0x5a] high edge lint[0x1])
May  8 12:52:08 ree-virtual-machine kernel: [    0.853043] ACPI: LAPIC_NMI (acpi_id[0x5b] high edge lint[0x1])
May  8 12:52:08 ree-virtual-machine kernel: [    0.853044] ACPI: LAPIC_NMI (acpi_id[0x5c] high edge lint[0x1])
May  8 12:52:08 ree-virtual-machine kernel: [    0.853044] ACPI: LAPIC_NMI (acpi_id[0x5d] high edge lint[0x1])
May  8 12:52:08 ree-virtual-machine kernel: [    0.853045] ACPI: LAPIC_NMI (acpi_id[0x5e] high edge lint[0x1])
May  8 12:52:08 ree-virtual-machine kernel: [    0.853046] ACPI: LAPIC_NMI (acpi_id[0x5f] high edge lint[0x1])
May  8 12:52:08 ree-virtual-machine kernel: [    0.853046] ACPI: LAPIC_NMI (acpi_id[0x60] high edge lint[0x1])
May  8 12:52:08 ree-virtual-machine kernel: [    0.853047] ACPI: LAPIC_NMI (acpi_id[0x61] high edge lint[0x1])
May  8 12:52:08 ree-virtual-machine kernel: [    0.853047] ACPI: LAPIC_NMI (acpi_id[0x62] high edge lint[0x1])
May  8 12:52:08 ree-virtual-machine kernel: [    0.853048] ACPI: LAPIC_NMI (acpi_id[0x63] high edge lint[0x1])
May  8 12:52:08 ree-virtual-machine kernel: [    0.853049] ACPI: LAPIC_NMI (acpi_id[0x64] high edge lint[0x1])
May  8 12:52:08 ree-virtual-machine kernel: [    0.853049] ACPI: LAPIC_NMI (acpi_id[0x65] high edge lint[0x1])
May  8 12:52:08 ree-virtual-machine kernel: [    0.853050] ACPI: LAPIC_NMI (acpi_id[0x66] high edge lint[0x1])
May  8 12:52:08 ree-virtual-machine kernel: [    0.853050] ACPI: LAPIC_NMI (acpi_id[0x67] high edge lint[0x1])
May  8 12:52:08 ree-virtual-machine kernel: [    0.853051] ACPI: LAPIC_NMI (acpi_id[0x68] high edge lint[0x1])
May  8 12:52:08 ree-virtual-machine kernel: [    0.853052] ACPI: LAPIC_NMI (acpi_id[0x69] high edge lint[0x1])
May  8 12:52:08 ree-virtual-machine kernel: [    0.853052] ACPI: LAPIC_NMI (acpi_id[0x6a] high edge lint[0x1])
May  8 12:52:08 ree-virtual-machine kernel: [    0.853053] ACPI: LAPIC_NMI (acpi_id[0x6b] high edge lint[0x1])
May  8 12:52:08 ree-virtual-machine kernel: [    0.853053] ACPI: LAPIC_NMI (acpi_id[0x6c] high edge lint[0x1])
May  8 12:52:08 ree-virtual-machine kernel: [    0.853054] ACPI: LAPIC_NMI (acpi_id[0x6d] high edge lint[0x1])
May  8 12:52:08 ree-virtual-machine kernel: [    0.853054] ACPI: LAPIC_NMI (acpi_id[0x6e] high edge lint[0x1])
May  8 12:52:08 ree-virtual-machine kernel: [    0.853055] ACPI: LAPIC_NMI (acpi_id[0x6f] high edge lint[0x1])
May  8 12:52:08 ree-virtual-machine kernel: [    0.853056] ACPI: LAPIC_NMI (acpi_id[0x70] high edge lint[0x1])
May  8 12:52:08 ree-virtual-machine kernel: [    0.853056] ACPI: LAPIC_NMI (acpi_id[0x71] high edge lint[0x1])
May  8 12:52:08 ree-virtual-machine kernel: [    0.853057] ACPI: LAPIC_NMI (acpi_id[0x72] high edge lint[0x1])
May  8 12:52:08 ree-virtual-machine kernel: [    0.853057] ACPI: LAPIC_NMI (acpi_id[0x73] high edge lint[0x1])
May  8 12:52:08 ree-virtual-machine kernel: [    0.853058] ACPI: LAPIC_NMI (acpi_id[0x74] high edge lint[0x1])
May  8 12:52:08 ree-virtual-machine kernel: [    0.853059] ACPI: LAPIC_NMI (acpi_id[0x75] high edge lint[0x1])
May  8 12:52:08 ree-virtual-machine kernel: [    0.853059] ACPI: LAPIC_NMI (acpi_id[0x76] high edge lint[0x1])
May  8 12:52:08 ree-virtual-machine kernel: [    0.853060] ACPI: LAPIC_NMI (acpi_id[0x77] high edge lint[0x1])
May  8 12:52:08 ree-virtual-machine kernel: [    0.853060] ACPI: LAPIC_NMI (acpi_id[0x78] high edge lint[0x1])
May  8 12:52:08 ree-virtual-machine kernel: [    0.853061] ACPI: LAPIC_NMI (acpi_id[0x79] high edge lint[0x1])
May  8 12:52:08 ree-virtual-machine kernel: [    0.853062] ACPI: LAPIC_NMI (acpi_id[0x7a] high edge lint[0x1])
May  8 12:52:08 ree-virtual-machine kernel: [    0.853062] ACPI: LAPIC_NMI (acpi_id[0x7b] high edge lint[0x1])
May  8 12:52:08 ree-virtual-machine kernel: [    0.853063] ACPI: LAPIC_NMI (acpi_id[0x7c] high edge lint[0x1])
May  8 12:52:08 ree-virtual-machine kernel: [    0.853063] ACPI: LAPIC_NMI (acpi_id[0x7d] high edge lint[0x1])
May  8 12:52:08 ree-virtual-machine kernel: [    0.853064] ACPI: LAPIC_NMI (acpi_id[0x7e] high edge lint[0x1])
May  8 12:52:08 ree-virtual-machine kernel: [    0.853065] ACPI: LAPIC_NMI (acpi_id[0x7f] high edge lint[0x1])
May  8 12:52:08 ree-virtual-machine kernel: [    0.853099] IOAPIC[0]: apic_id 128, version 32, address 0xfec00000, GSI 0-23
May  8 12:52:08 ree-virtual-machine kernel: [    0.853104] ACPI: INT_SRC_OVR (bus 0 bus_irq 0 global_irq 2 high edge)
May  8 12:52:08 ree-virtual-machine kernel: [    0.853110] ACPI: Using ACPI (MADT) for SMP configuration information
May  8 12:52:08 ree-virtual-machine kernel: [    0.853111] ACPI: HPET id: 0x8086af01 base: 0xfed00000
May  8 12:52:08 ree-virtual-machine kernel: [    0.853115] TSC deadline timer available
May  8 12:52:08 ree-virtual-machine kernel: [    0.853121] smpboot: Allowing 128 CPUs, 124 hotplug CPUs
May  8 12:52:08 ree-virtual-machine kernel: [    0.853132] PM: hibernation: Registered nosave memory: [mem 0x00000000-0x00000fff]
May  8 12:52:08 ree-virtual-machine kernel: [    0.853134] PM: hibernation: Registered nosave memory: [mem 0x0009e000-0x0009efff]
May  8 12:52:08 ree-virtual-machine kernel: [    0.853134] PM: hibernation: Registered nosave memory: [mem 0x0009f000-0x0009ffff]
May  8 12:52:08 ree-virtual-machine kernel: [    0.853135] PM: hibernation: Registered nosave memory: [mem 0x000a0000-0x000dbfff]
May  8 12:52:08 ree-virtual-machine kernel: [    0.853135] PM: hibernation: Registered nosave memory: [mem 0x000dc000-0x000fffff]
May  8 12:52:08 ree-virtual-machine kernel: [    0.853136] PM: hibernation: Registered nosave memory: [mem 0xbfed0000-0xbfefefff]
May  8 12:52:08 ree-virtual-machine kernel: [    0.853137] PM: hibernation: Registered nosave memory: [mem 0xbfeff000-0xbfefffff]
May  8 12:52:08 ree-virtual-machine kernel: [    0.853137] PM: hibernation: Registered nosave memory: [mem 0xc0000000-0xefffffff]
May  8 12:52:08 ree-virtual-machine kernel: [    0.853138] PM: hibernation: Registered nosave memory: [mem 0xf0000000-0xf7ffffff]
May  8 12:52:08 ree-virtual-machine kernel: [    0.853138] PM: hibernation: Registered nosave memory: [mem 0xf8000000-0xfebfffff]
May  8 12:52:08 ree-virtual-machine kernel: [    0.853139] PM: hibernation: Registered nosave memory: [mem 0xfec00000-0xfec0ffff]
May  8 12:52:08 ree-virtual-machine kernel: [    0.853139] PM: hibernation: Registered nosave memory: [mem 0xfec10000-0xfedfffff]
May  8 12:52:08 ree-virtual-machine kernel: [    0.853140] PM: hibernation: Registered nosave memory: [mem 0xfee00000-0xfee00fff]
May  8 12:52:08 ree-virtual-machine kernel: [    0.853140] PM: hibernation: Registered nosave memory: [mem 0xfee01000-0xfffdffff]
May  8 12:52:08 ree-virtual-machine kernel: [    0.853141] PM: hibernation: Registered nosave memory: [mem 0xfffe0000-0xffffffff]
May  8 12:52:08 ree-virtual-machine kernel: [    0.853142] [mem 0xc0000000-0xefffffff] available for PCI devices
May  8 12:52:08 ree-virtual-machine kernel: [    0.853142] Booting paravirtualized kernel on VMware hypervisor
May  8 12:52:08 ree-virtual-machine kernel: [    0.853145] clocksource: refined-jiffies: mask: 0xffffffff max_cycles: 0xffffffff, max_idle_ns: 7645519600211568 ns
May  8 12:52:08 ree-virtual-machine kernel: [    0.853178] setup_percpu: NR_CPUS:8192 nr_cpumask_bits:128 nr_cpu_ids:128 nr_node_ids:1
May  8 12:52:08 ree-virtual-machine kernel: [    1.053517] percpu: Embedded 61 pages/cpu s212992 r8192 d28672 u262144
May  8 12:52:08 ree-virtual-machine kernel: [    1.053529] pcpu-alloc: s212992 r8192 d28672 u262144 alloc=1*2097152
May  8 12:52:08 ree-virtual-machine kernel: [    1.053532] pcpu-alloc: [0] 000 001 002 003 004 005 006 007 
May  8 12:52:08 ree-virtual-machine kernel: [    1.053536] pcpu-alloc: [0] 008 009 010 011 012 013 014 015 
May  8 12:52:08 ree-virtual-machine kernel: [    1.053539] pcpu-alloc: [0] 016 017 018 019 020 021 022 023 
May  8 12:52:08 ree-virtual-machine kernel: [    1.053543] pcpu-alloc: [0] 024 025 026 027 028 029 030 031 
May  8 12:52:08 ree-virtual-machine kernel: [    1.053546] pcpu-alloc: [0] 032 033 034 035 036 037 038 039 
May  8 12:52:08 ree-virtual-machine kernel: [    1.053549] pcpu-alloc: [0] 040 041 042 043 044 045 046 047 
May  8 12:52:08 ree-virtual-machine kernel: [    1.053552] pcpu-alloc: [0] 048 049 050 051 052 053 054 055 
May  8 12:52:08 ree-virtual-machine kernel: [    1.053555] pcpu-alloc: [0] 056 057 058 059 060 061 062 063 
May  8 12:52:08 ree-virtual-machine kernel: [    1.053558] pcpu-alloc: [0] 064 065 066 067 068 069 070 071 
May  8 12:52:08 ree-virtual-machine kernel: [    1.053561] pcpu-alloc: [0] 072 073 074 075 076 077 078 079 
May  8 12:52:08 ree-virtual-machine kernel: [    1.053564] pcpu-alloc: [0] 080 081 082 083 084 085 086 087 
May  8 12:52:08 ree-virtual-machine kernel: [    1.053567] pcpu-alloc: [0] 088 089 090 091 092 093 094 095 
May  8 12:52:08 ree-virtual-machine kernel: [    1.053570] pcpu-alloc: [0] 096 097 098 099 100 101 102 103 
May  8 12:52:08 ree-virtual-machine kernel: [    1.053573] pcpu-alloc: [0] 104 105 106 107 108 109 110 111 
May  8 12:52:08 ree-virtual-machine kernel: [    1.053576] pcpu-alloc: [0] 112 113 114 115 116 117 118 119 
May  8 12:52:08 ree-virtual-machine kernel: [    1.053579] pcpu-alloc: [0] 120 121 122 123 124 125 126 127 
May  8 12:52:08 ree-virtual-machine kernel: [    1.053639] Fallback order for Node 0: 0 
May  8 12:52:08 ree-virtual-machine kernel: [    1.053650] Built 1 zonelists, mobility grouping on.  Total pages: 4128464
May  8 12:52:08 ree-virtual-machine kernel: [    1.053652] Policy zone: Normal
May  8 12:52:08 ree-virtual-machine kernel: [    1.053653] Kernel command line: BOOT_IMAGE=/boot/vmlinuz-5.19.0-41-generic root=UUID=8de9989f-a6e4-4c92-a044-2c6d1909bf50 ro find_preseed=/preseed.cfg auto noprompt priority=critical locale=en_US quiet splash
May  8 12:52:08 ree-virtual-machine kernel: [    1.053744] Unknown kernel command line parameters "auto noprompt splash BOOT_IMAGE=/boot/vmlinuz-5.19.0-41-generic find_preseed=/preseed.cfg priority=critical locale=en_US", will be passed to user space.
May  8 12:52:08 ree-virtual-machine kernel: [    1.053745] printk: log_buf_len individual max cpu contribution: 4096 bytes
May  8 12:52:08 ree-virtual-machine kernel: [    1.053746] printk: log_buf_len total cpu_extra contributions: 520192 bytes
May  8 12:52:08 ree-virtual-machine kernel: [    1.053746] printk: log_buf_len min size: 262144 bytes
May  8 12:52:08 ree-virtual-machine kernel: [    1.079332] printk: log_buf_len: 1048576 bytes
May  8 12:52:08 ree-virtual-machine kernel: [    1.079336] printk: early log buf free: 226664(86%)
May  8 12:52:08 ree-virtual-machine kernel: [    1.231655] Dentry cache hash table entries: 2097152 (order: 12, 16777216 bytes, linear)
May  8 12:52:08 ree-virtual-machine kernel: [    1.283603] Inode-cache hash table entries: 1048576 (order: 11, 8388608 bytes, linear)
May  8 12:52:08 ree-virtual-machine kernel: [    1.286428] mem auto-init: stack:off, heap alloc:on, heap free:off
May  8 12:52:08 ree-virtual-machine kernel: [    1.618010] Memory: 16270128K/16776628K available (18440K kernel code, 4052K rwdata, 11300K rodata, 3164K init, 4908K bss, 506240K reserved, 0K cma-reserved)
May  8 12:52:08 ree-virtual-machine kernel: [    1.619359] SLUB: HWalign=64, Order=0-3, MinObjects=0, CPUs=128, Nodes=1
May  8 12:52:08 ree-virtual-machine kernel: [    1.619451] ftrace: allocating 52226 entries in 205 pages
May  8 12:52:08 ree-virtual-machine kernel: [    1.628664] ftrace: allocated 205 pages with 5 groups
May  8 12:52:08 ree-virtual-machine kernel: [    1.630916] Dynamic Preempt: voluntary
May  8 12:52:08 ree-virtual-machine kernel: [    1.631335] rcu: Preemptible hierarchical RCU implementation.
May  8 12:52:08 ree-virtual-machine kernel: [    1.631337] rcu: 	RCU restricting CPUs from NR_CPUS=8192 to nr_cpu_ids=128.
May  8 12:52:08 ree-virtual-machine kernel: [    1.631338] 	Trampoline variant of Tasks RCU enabled.
May  8 12:52:08 ree-virtual-machine kernel: [    1.631339] 	Rude variant of Tasks RCU enabled.
May  8 12:52:08 ree-virtual-machine kernel: [    1.631339] 	Tracing variant of Tasks RCU enabled.
May  8 12:52:08 ree-virtual-machine kernel: [    1.631339] rcu: RCU calculated value of scheduler-enlistment delay is 25 jiffies.
May  8 12:52:08 ree-virtual-machine kernel: [    1.631340] rcu: Adjusting geometry for rcu_fanout_leaf=16, nr_cpu_ids=128
May  8 12:52:08 ree-virtual-machine kernel: [    1.636866] NR_IRQS: 524544, nr_irqs: 1448, preallocated irqs: 16
May  8 12:52:08 ree-virtual-machine kernel: [    1.637213] rcu: srcu_init: Setting srcu_struct sizes to big.
May  8 12:52:08 ree-virtual-machine kernel: [    1.637399] random: crng init done
May  8 12:52:08 ree-virtual-machine kernel: [    1.638850] Console: colour VGA+ 80x25
May  8 12:52:08 ree-virtual-machine kernel: [    1.638885] printk: console [tty0] enabled
May  8 12:52:08 ree-virtual-machine kernel: [    1.639013] ACPI: Core revision 20220331
May  8 12:52:08 ree-virtual-machine kernel: [    1.639596] clocksource: hpet: mask: 0xffffffff max_cycles: 0xffffffff, max_idle_ns: 133484882848 ns
May  8 12:52:08 ree-virtual-machine kernel: [    1.639726] APIC: Switch to symmetric I/O mode setup
May  8 12:52:08 ree-virtual-machine kernel: [    1.640015] x2apic enabled
May  8 12:52:08 ree-virtual-machine kernel: [    1.640188] Switched APIC routing to physical x2apic.
May  8 12:52:08 ree-virtual-machine kernel: [    1.640933] ..TIMER: vector=0x30 apic1=0 pin1=2 apic2=-1 pin2=-1
May  8 12:52:08 ree-virtual-machine kernel: [    1.640955] clocksource: tsc-early: mask: 0xffffffffffffffff max_cycles: 0x33e456ed7d0, max_idle_ns: 440795322762 ns
May  8 12:52:08 ree-virtual-machine kernel: [    1.640962] Calibrating delay loop (skipped) preset value.. 7200.00 BogoMIPS (lpj=14400016)
May  8 12:52:08 ree-virtual-machine kernel: [    1.640964] pid_max: default: 131072 minimum: 1024
May  8 12:52:08 ree-virtual-machine kernel: [    1.641051] LSM: Security Framework initializing
May  8 12:52:08 ree-virtual-machine kernel: [    1.641062] landlock: Up and running.
May  8 12:52:08 ree-virtual-machine kernel: [    1.641063] Yama: becoming mindful.
May  8 12:52:08 ree-virtual-machine kernel: [    1.641282] AppArmor: AppArmor initialized
May  8 12:52:08 ree-virtual-machine kernel: [    1.642192] Mount-cache hash table entries: 32768 (order: 6, 262144 bytes, linear)
May  8 12:52:08 ree-virtual-machine kernel: [    1.642992] Mountpoint-cache hash table entries: 32768 (order: 6, 262144 bytes, linear)
May  8 12:52:08 ree-virtual-machine kernel: [    1.645618] Disabled fast string operations
May  8 12:52:08 ree-virtual-machine kernel: [    1.645720] Last level iTLB entries: 4KB 128, 2MB 8, 4MB 8
May  8 12:52:08 ree-virtual-machine kernel: [    1.645722] Last level dTLB entries: 4KB 64, 2MB 0, 4MB 0, 1GB 4
May  8 12:52:08 ree-virtual-machine kernel: [    1.645727] Spectre V1 : Mitigation: usercopy/swapgs barriers and __user pointer sanitization
May  8 12:52:08 ree-virtual-machine kernel: [    1.645843] Spectre V2 : Mitigation: IBRS
May  8 12:52:08 ree-virtual-machine kernel: [    1.645845] Spectre V2 : Spectre v2 / SpectreRSB mitigation: Filling RSB on context switch
May  8 12:52:08 ree-virtual-machine kernel: [    1.645846] Spectre V2 : Spectre v2 / SpectreRSB : Filling RSB on VMEXIT
May  8 12:52:08 ree-virtual-machine kernel: [    1.645847] RETBleed: Mitigation: IBRS
May  8 12:52:08 ree-virtual-machine kernel: [    1.645850] Spectre V2 : mitigation: Enabling conditional Indirect Branch Prediction Barrier
May  8 12:52:08 ree-virtual-machine kernel: [    1.645851] Speculative Store Bypass: Mitigation: Speculative Store Bypass disabled via prctl
May  8 12:52:08 ree-virtual-machine kernel: [    1.645857] MDS: Mitigation: Clear CPU buffers
May  8 12:52:08 ree-virtual-machine kernel: [    1.645858] MMIO Stale Data: Mitigation: Clear CPU buffers
May  8 12:52:08 ree-virtual-machine kernel: [    1.645859] SRBDS: Unknown: Dependent on hypervisor status
May  8 12:52:08 ree-virtual-machine kernel: [    1.666906] Freeing SMP alternatives memory: 44K
May  8 12:52:08 ree-virtual-machine kernel: [    1.669596] smpboot: CPU0: Intel(R) Core(TM) i7-9700K CPU @ 3.60GHz (family: 0x6, model: 0x9e, stepping: 0xc)
May  8 12:52:08 ree-virtual-machine kernel: [    1.670389] cblist_init_generic: Setting adjustable number of callback queues.
May  8 12:52:08 ree-virtual-machine kernel: [    1.670424] cblist_init_generic: Setting shift to 7 and lim to 1.
May  8 12:52:08 ree-virtual-machine kernel: [    1.670622] cblist_init_generic: Setting shift to 7 and lim to 1.
May  8 12:52:08 ree-virtual-machine kernel: [    1.670714] cblist_init_generic: Setting shift to 7 and lim to 1.
May  8 12:52:08 ree-virtual-machine kernel: [    1.670795] Performance Events: Skylake events, core PMU driver.
May  8 12:52:08 ree-virtual-machine kernel: [    1.670834] core: CPUID marked event: 'cpu cycles' unavailable
May  8 12:52:08 ree-virtual-machine kernel: [    1.670835] core: CPUID marked event: 'instructions' unavailable
May  8 12:52:08 ree-virtual-machine kernel: [    1.670835] core: CPUID marked event: 'bus cycles' unavailable
May  8 12:52:08 ree-virtual-machine kernel: [    1.670836] core: CPUID marked event: 'cache references' unavailable
May  8 12:52:08 ree-virtual-machine kernel: [    1.670836] core: CPUID marked event: 'cache misses' unavailable
May  8 12:52:08 ree-virtual-machine kernel: [    1.670837] core: CPUID marked event: 'branch instructions' unavailable
May  8 12:52:08 ree-virtual-machine kernel: [    1.670837] core: CPUID marked event: 'branch misses' unavailable
May  8 12:52:08 ree-virtual-machine kernel: [    1.670839] ... version:                1
May  8 12:52:08 ree-virtual-machine kernel: [    1.670840] ... bit width:              48
May  8 12:52:08 ree-virtual-machine kernel: [    1.670841] ... generic registers:      8
May  8 12:52:08 ree-virtual-machine kernel: [    1.670841] ... value mask:             0000ffffffffffff
May  8 12:52:08 ree-virtual-machine kernel: [    1.670842] ... max period:             000000007fffffff
May  8 12:52:08 ree-virtual-machine kernel: [    1.670843] ... fixed-purpose events:   0
May  8 12:52:08 ree-virtual-machine kernel: [    1.670843] ... event mask:             00000000000000ff
May  8 12:52:08 ree-virtual-machine kernel: [    1.671025] rcu: Hierarchical SRCU implementation.
May  8 12:52:08 ree-virtual-machine kernel: [    1.671026] rcu: 	Max phase no-delay instances is 1000.
May  8 12:52:08 ree-virtual-machine kernel: [    1.672100] NMI watchdog: Perf NMI watchdog permanently disabled
May  8 12:52:08 ree-virtual-machine kernel: [    1.685526] smp: Bringing up secondary CPUs ...
May  8 12:52:08 ree-virtual-machine kernel: [    1.686471] x86: Booting SMP configuration:
May  8 12:52:08 ree-virtual-machine kernel: [    1.686474] .... node  #0, CPUs:          #1
May  8 12:52:08 ree-virtual-machine kernel: [    0.007592] Disabled fast string operations
May  8 12:52:08 ree-virtual-machine kernel: [    1.689697]    #2
May  8 12:52:08 ree-virtual-machine kernel: [    0.007592] Disabled fast string operations
May  8 12:52:08 ree-virtual-machine kernel: [    1.690482]    #3
May  8 12:52:08 ree-virtual-machine kernel: [    0.007592] Disabled fast string operations
May  8 12:52:08 ree-virtual-machine kernel: [    1.690633] smp: Brought up 1 node, 4 CPUs
May  8 12:52:08 ree-virtual-machine kernel: [    1.690633] smpboot: Max logical packages: 32
May  8 12:52:08 ree-virtual-machine kernel: [    1.690633] smpboot: Total of 4 processors activated (28800.03 BogoMIPS)
May  8 12:52:08 ree-virtual-machine kernel: [    1.698466] devtmpfs: initialized
May  8 12:52:08 ree-virtual-machine kernel: [    1.698466] x86/mm: Memory block size: 128MB
May  8 12:52:08 ree-virtual-machine kernel: [    1.702850] ACPI: PM: Registering ACPI NVS region [mem 0xbfeff000-0xbfefffff] (4096 bytes)
May  8 12:52:08 ree-virtual-machine kernel: [    1.702850] clocksource: jiffies: mask: 0xffffffff max_cycles: 0xffffffff, max_idle_ns: 7645041785100000 ns
May  8 12:52:08 ree-virtual-machine kernel: [    1.710857] futex hash table entries: 32768 (order: 9, 2097152 bytes, linear)
May  8 12:52:08 ree-virtual-machine kernel: [    1.711520] pinctrl core: initialized pinctrl subsystem
May  8 12:52:08 ree-virtual-machine kernel: [    1.711788] PM: RTC time: 04:52:01, date: 2023-05-08
May  8 12:52:08 ree-virtual-machine kernel: [    1.718961] NET: Registered PF_NETLINK/PF_ROUTE protocol family
May  8 12:52:08 ree-virtual-machine kernel: [    1.725993] DMA: preallocated 2048 KiB GFP_KERNEL pool for atomic allocations
May  8 12:52:08 ree-virtual-machine kernel: [    1.726261] DMA: preallocated 2048 KiB GFP_KERNEL|GFP_DMA pool for atomic allocations
May  8 12:52:08 ree-virtual-machine kernel: [    1.726505] DMA: preallocated 2048 KiB GFP_KERNEL|GFP_DMA32 pool for atomic allocations
May  8 12:52:08 ree-virtual-machine kernel: [    1.726524] audit: initializing netlink subsys (disabled)
May  8 12:52:08 ree-virtual-machine kernel: [    1.726562] audit: type=2000 audit(1683521521.084:1): state=initialized audit_enabled=0 res=1
May  8 12:52:08 ree-virtual-machine kernel: [    1.726562] thermal_sys: Registered thermal governor 'fair_share'
May  8 12:52:08 ree-virtual-machine kernel: [    1.726562] thermal_sys: Registered thermal governor 'bang_bang'
May  8 12:52:08 ree-virtual-machine kernel: [    1.726562] thermal_sys: Registered thermal governor 'step_wise'
May  8 12:52:08 ree-virtual-machine kernel: [    1.726562] thermal_sys: Registered thermal governor 'user_space'
May  8 12:52:08 ree-virtual-machine kernel: [    1.726562] thermal_sys: Registered thermal governor 'power_allocator'
May  8 12:52:08 ree-virtual-machine kernel: [    1.726562] EISA bus registered
May  8 12:52:08 ree-virtual-machine kernel: [    1.726562] cpuidle: using governor ladder
May  8 12:52:08 ree-virtual-machine kernel: [    1.726562] cpuidle: using governor menu
May  8 12:52:08 ree-virtual-machine kernel: [    1.726562] Simple Boot Flag at 0x36 set to 0x80
May  8 12:52:08 ree-virtual-machine kernel: [    1.726562] HugeTLB: can optimize 4095 vmemmap pages for hugepages-1048576kB
May  8 12:52:08 ree-virtual-machine kernel: [    1.726562] acpiphp: ACPI Hot Plug PCI Controller Driver version: 0.5
May  8 12:52:08 ree-virtual-machine kernel: [    1.726562] PCI: MMCONFIG for domain 0000 [bus 00-7f] at [mem 0xf0000000-0xf7ffffff] (base 0xf0000000)
May  8 12:52:08 ree-virtual-machine kernel: [    1.726562] PCI: MMCONFIG at [mem 0xf0000000-0xf7ffffff] reserved in E820
May  8 12:52:08 ree-virtual-machine kernel: [    1.726562] pmd_set_huge: Cannot satisfy [mem 0xf0000000-0xf0200000] with a huge-page mapping due to MTRR override.
May  8 12:52:08 ree-virtual-machine kernel: [    1.726562] PCI: Using configuration type 1 for base access
May  8 12:52:08 ree-virtual-machine kernel: [    1.730086] kprobes: kprobe jump-optimization is enabled. All kprobes are optimized if possible.
May  8 12:52:08 ree-virtual-machine kernel: [    1.734781] HugeTLB: can optimize 7 vmemmap pages for hugepages-2048kB
May  8 12:52:08 ree-virtual-machine kernel: [    1.734781] HugeTLB registered 1.00 GiB page size, pre-allocated 0 pages
May  8 12:52:08 ree-virtual-machine kernel: [    1.734781] HugeTLB registered 2.00 MiB page size, pre-allocated 0 pages
May  8 12:52:08 ree-virtual-machine kernel: [    1.737203] ACPI: Added _OSI(Module Device)
May  8 12:52:08 ree-virtual-machine kernel: [    1.737205] ACPI: Added _OSI(Processor Device)
May  8 12:52:08 ree-virtual-machine kernel: [    1.737206] ACPI: Added _OSI(3.0 _SCP Extensions)
May  8 12:52:08 ree-virtual-machine kernel: [    1.737207] ACPI: Added _OSI(Processor Aggregator Device)
May  8 12:52:08 ree-virtual-machine kernel: [    1.737208] ACPI: Added _OSI(Linux-Dell-Video)
May  8 12:52:08 ree-virtual-machine kernel: [    1.737208] ACPI: Added _OSI(Linux-Lenovo-NV-HDMI-Audio)
May  8 12:52:08 ree-virtual-machine kernel: [    1.737209] ACPI: Added _OSI(Linux-HPI-Hybrid-Graphics)
May  8 12:52:08 ree-virtual-machine kernel: [    1.763366] ACPI: 1 ACPI AML tables successfully acquired and loaded
May  8 12:52:08 ree-virtual-machine kernel: [    1.766585] ACPI: [Firmware Bug]: BIOS _OSI(Linux) query ignored
May  8 12:52:08 ree-virtual-machine kernel: [    1.794055] ACPI: Interpreter enabled
May  8 12:52:08 ree-virtual-machine kernel: [    1.794075] ACPI: PM: (supports S0 S1 S4 S5)
May  8 12:52:08 ree-virtual-machine kernel: [    1.794077] ACPI: Using IOAPIC for interrupt routing
May  8 12:52:08 ree-virtual-machine kernel: [    1.794300] PCI: Using host bridge windows from ACPI; if necessary, use "pci=nocrs" and report a bug
May  8 12:52:08 ree-virtual-machine kernel: [    1.794301] PCI: Using E820 reservations for host bridge windows
May  8 12:52:08 ree-virtual-machine kernel: [    1.796671] ACPI: Enabled 4 GPEs in block 00 to 0F
May  8 12:52:08 ree-virtual-machine kernel: [    1.987286] ACPI: PCI Root Bridge [PCI0] (domain 0000 [bus 00-7f])
May  8 12:52:08 ree-virtual-machine kernel: [    1.987298] acpi PNP0A03:00: _OSC: OS supports [ExtendedConfig ASPM ClockPM Segments MSI EDR HPX-Type3]
May  8 12:52:08 ree-virtual-machine kernel: [    1.987424] acpi PNP0A03:00: _OSC: platform does not support [AER LTR DPC]
May  8 12:52:08 ree-virtual-machine kernel: [    1.987668] acpi PNP0A03:00: _OSC: OS now controls [PCIeHotplug SHPCHotplug PME PCIeCapability]
May  8 12:52:08 ree-virtual-machine kernel: [    1.987668] PCI host bridge to bus 0000:00
May  8 12:52:08 ree-virtual-machine kernel: [    1.987668] pci_bus 0000:00: root bus resource [mem 0x000a0000-0x000bffff window]
May  8 12:52:08 ree-virtual-machine kernel: [    1.987668] pci_bus 0000:00: root bus resource [mem 0x000d0000-0x000dbfff window]
May  8 12:52:08 ree-virtual-machine kernel: [    1.987668] pci_bus 0000:00: root bus resource [mem 0xc0000000-0xfebfffff window]
May  8 12:52:08 ree-virtual-machine kernel: [    1.987668] pci_bus 0000:00: root bus resource [io  0x0000-0x0cf7 window]
May  8 12:52:08 ree-virtual-machine kernel: [    1.987668] pci_bus 0000:00: root bus resource [io  0x0d00-0xfeff window]
May  8 12:52:08 ree-virtual-machine kernel: [    1.987668] pci_bus 0000:00: root bus resource [bus 00-7f]
May  8 12:52:08 ree-virtual-machine kernel: [    1.987668] pci 0000:00:00.0: [8086:7190] type 00 class 0x060000
May  8 12:52:08 ree-virtual-machine kernel: [    1.987668] pci 0000:00:01.0: [8086:7191] type 01 class 0x060400
May  8 12:52:08 ree-virtual-machine kernel: [    1.987722] pci 0000:00:07.0: [8086:7110] type 00 class 0x060100
May  8 12:52:08 ree-virtual-machine kernel: [    1.988335] pci 0000:00:07.1: [8086:7111] type 00 class 0x01018a
May  8 12:52:08 ree-virtual-machine kernel: [    1.988958] pci 0000:00:07.1: reg 0x20: [io  0x1060-0x106f]
May  8 12:52:08 ree-virtual-machine kernel: [    1.988958] pci 0000:00:07.1: legacy IDE quirk: reg 0x10: [io  0x01f0-0x01f7]
May  8 12:52:08 ree-virtual-machine kernel: [    1.988958] pci 0000:00:07.1: legacy IDE quirk: reg 0x14: [io  0x03f6]
May  8 12:52:08 ree-virtual-machine kernel: [    1.988958] pci 0000:00:07.1: legacy IDE quirk: reg 0x18: [io  0x0170-0x0177]
May  8 12:52:08 ree-virtual-machine kernel: [    1.988958] pci 0000:00:07.1: legacy IDE quirk: reg 0x1c: [io  0x0376]
May  8 12:52:08 ree-virtual-machine kernel: [    1.988958] pci 0000:00:07.3: [8086:7113] type 00 class 0x068000
May  8 12:52:08 ree-virtual-machine kernel: [    1.988958] pci 0000:00:07.3: quirk: [io  0x1000-0x103f] claimed by PIIX4 ACPI
May  8 12:52:08 ree-virtual-machine kernel: [    1.988958] pci 0000:00:07.3: quirk: [io  0x1040-0x104f] claimed by PIIX4 SMB
May  8 12:52:08 ree-virtual-machine kernel: [    1.988958] pci 0000:00:07.7: [15ad:0740] type 00 class 0x088000
May  8 12:52:08 ree-virtual-machine kernel: [    1.988958] pci 0000:00:07.7: reg 0x10: [io  0x1080-0x10bf]
May  8 12:52:08 ree-virtual-machine kernel: [    1.988958] pci 0000:00:07.7: reg 0x14: [mem 0xfebc0000-0xfebfffff 64bit]
May  8 12:52:08 ree-virtual-machine kernel: [    1.996962] pci 0000:00:0f.0: [15ad:0405] type 00 class 0x030000
May  8 12:52:08 ree-virtual-machine kernel: [    1.996962] pci 0000:00:0f.0: reg 0x10: [io  0x1070-0x107f]
May  8 12:52:08 ree-virtual-machine kernel: [    1.996962] pci 0000:00:0f.0: reg 0x14: [mem 0xe8000000-0xefffffff pref]
May  8 12:52:08 ree-virtual-machine kernel: [    1.997628] pci 0000:00:0f.0: reg 0x18: [mem 0xfe000000-0xfe7fffff]
May  8 12:52:08 ree-virtual-machine kernel: [    2.000179] pci 0000:00:0f.0: reg 0x30: [mem 0x00000000-0x00007fff pref]
May  8 12:52:08 ree-virtual-machine kernel: [    2.000231] pci 0000:00:0f.0: Video device with shadowed ROM at [mem 0x000c0000-0x000dffff]
May  8 12:52:08 ree-virtual-machine kernel: [    2.000602] pci 0000:00:10.0: [1000:0030] type 00 class 0x010000
May  8 12:52:08 ree-virtual-machine kernel: [    2.000966] pci 0000:00:10.0: reg 0x10: [io  0x1400-0x14ff]
May  8 12:52:08 ree-virtual-machine kernel: [    2.001381] pci 0000:00:10.0: reg 0x14: [mem 0xfeb80000-0xfeb9ffff 64bit]
May  8 12:52:08 ree-virtual-machine kernel: [    2.001761] pci 0000:00:10.0: reg 0x1c: [mem 0xfeba0000-0xfebbffff 64bit]
May  8 12:52:08 ree-virtual-machine kernel: [    2.002540] pci 0000:00:10.0: reg 0x30: [mem 0x00000000-0x00003fff pref]
May  8 12:52:08 ree-virtual-machine kernel: [    2.003069] pci 0000:00:11.0: [15ad:0790] type 01 class 0x060401
May  8 12:52:08 ree-virtual-machine kernel: [    2.004319] pci 0000:00:15.0: [15ad:07a0] type 01 class 0x060400
May  8 12:52:08 ree-virtual-machine kernel: [    2.004979] pci 0000:00:15.0: PME# supported from D0 D3hot D3cold
May  8 12:52:08 ree-virtual-machine kernel: [    2.005338] pci 0000:00:15.1: [15ad:07a0] type 01 class 0x060400
May  8 12:52:08 ree-virtual-machine kernel: [    2.005997] pci 0000:00:15.1: PME# supported from D0 D3hot D3cold
May  8 12:52:08 ree-virtual-machine kernel: [    2.006369] pci 0000:00:15.2: [15ad:07a0] type 01 class 0x060400
May  8 12:52:08 ree-virtual-machine kernel: [    2.007014] pci 0000:00:15.2: PME# supported from D0 D3hot D3cold
May  8 12:52:08 ree-virtual-machine kernel: [    2.007399] pci 0000:00:15.3: [15ad:07a0] type 01 class 0x060400
May  8 12:52:08 ree-virtual-machine kernel: [    2.008045] pci 0000:00:15.3: PME# supported from D0 D3hot D3cold
May  8 12:52:08 ree-virtual-machine kernel: [    2.008398] pci 0000:00:15.4: [15ad:07a0] type 01 class 0x060400
May  8 12:52:08 ree-virtual-machine kernel: [    2.009045] pci 0000:00:15.4: PME# supported from D0 D3hot D3cold
May  8 12:52:08 ree-virtual-machine kernel: [    2.009412] pci 0000:00:15.5: [15ad:07a0] type 01 class 0x060400
May  8 12:52:08 ree-virtual-machine kernel: [    2.010062] pci 0000:00:15.5: PME# supported from D0 D3hot D3cold
May  8 12:52:08 ree-virtual-machine kernel: [    2.010430] pci 0000:00:15.6: [15ad:07a0] type 01 class 0x060400
May  8 12:52:08 ree-virtual-machine kernel: [    2.011079] pci 0000:00:15.6: PME# supported from D0 D3hot D3cold
May  8 12:52:08 ree-virtual-machine kernel: [    2.011567] pci 0000:00:15.7: [15ad:07a0] type 01 class 0x060400
May  8 12:52:08 ree-virtual-machine kernel: [    2.012246] pci 0000:00:15.7: PME# supported from D0 D3hot D3cold
May  8 12:52:08 ree-virtual-machine kernel: [    2.012638] pci 0000:00:16.0: [15ad:07a0] type 01 class 0x060400
May  8 12:52:08 ree-virtual-machine kernel: [    2.013303] pci 0000:00:16.0: PME# supported from D0 D3hot D3cold
May  8 12:52:08 ree-virtual-machine kernel: [    2.013666] pci 0000:00:16.1: [15ad:07a0] type 01 class 0x060400
May  8 12:52:08 ree-virtual-machine kernel: [    2.014312] pci 0000:00:16.1: PME# supported from D0 D3hot D3cold
May  8 12:52:08 ree-virtual-machine kernel: [    2.014674] pci 0000:00:16.2: [15ad:07a0] type 01 class 0x060400
May  8 12:52:08 ree-virtual-machine kernel: [    2.015329] pci 0000:00:16.2: PME# supported from D0 D3hot D3cold
May  8 12:52:08 ree-virtual-machine kernel: [    2.015809] pci 0000:00:16.3: [15ad:07a0] type 01 class 0x060400
May  8 12:52:08 ree-virtual-machine kernel: [    2.016486] pci 0000:00:16.3: PME# supported from D0 D3hot D3cold
May  8 12:52:08 ree-virtual-machine kernel: [    2.016938] pci 0000:00:16.4: [15ad:07a0] type 01 class 0x060400
May  8 12:52:08 ree-virtual-machine kernel: [    2.017606] pci 0000:00:16.4: PME# supported from D0 D3hot D3cold
May  8 12:52:08 ree-virtual-machine kernel: [    2.017988] pci 0000:00:16.5: [15ad:07a0] type 01 class 0x060400
May  8 12:52:08 ree-virtual-machine kernel: [    2.018640] pci 0000:00:16.5: PME# supported from D0 D3hot D3cold
May  8 12:52:08 ree-virtual-machine kernel: [    2.019013] pci 0000:00:16.6: [15ad:07a0] type 01 class 0x060400
May  8 12:52:08 ree-virtual-machine kernel: [    2.019662] pci 0000:00:16.6: PME# supported from D0 D3hot D3cold
May  8 12:52:08 ree-virtual-machine kernel: [    2.020210] pci 0000:00:16.7: [15ad:07a0] type 01 class 0x060400
May  8 12:52:08 ree-virtual-machine kernel: [    2.020869] pci 0000:00:16.7: PME# supported from D0 D3hot D3cold
May  8 12:52:08 ree-virtual-machine kernel: [    2.021257] pci 0000:00:17.0: [15ad:07a0] type 01 class 0x060400
May  8 12:52:08 ree-virtual-machine kernel: [    2.022005] pci 0000:00:17.0: PME# supported from D0 D3hot D3cold
May  8 12:52:08 ree-virtual-machine kernel: [    2.022440] pci 0000:00:17.1: [15ad:07a0] type 01 class 0x060400
May  8 12:52:08 ree-virtual-machine kernel: [    2.023117] pci 0000:00:17.1: PME# supported from D0 D3hot D3cold
May  8 12:52:08 ree-virtual-machine kernel: [    2.023476] pci 0000:00:17.2: [15ad:07a0] type 01 class 0x060400
May  8 12:52:08 ree-virtual-machine kernel: [    2.024124] pci 0000:00:17.2: PME# supported from D0 D3hot D3cold
May  8 12:52:08 ree-virtual-machine kernel: [    2.024519] pci 0000:00:17.3: [15ad:07a0] type 01 class 0x060400
May  8 12:52:08 ree-virtual-machine kernel: [    2.024519] pci 0000:00:17.3: PME# supported from D0 D3hot D3cold
May  8 12:52:08 ree-virtual-machine kernel: [    2.024519] pci 0000:00:17.4: [15ad:07a0] type 01 class 0x060400
May  8 12:52:08 ree-virtual-machine kernel: [    2.024519] pci 0000:00:17.4: PME# supported from D0 D3hot D3cold
May  8 12:52:08 ree-virtual-machine kernel: [    2.024519] pci 0000:00:17.5: [15ad:07a0] type 01 class 0x060400
May  8 12:52:08 ree-virtual-machine kernel: [    2.024519] pci 0000:00:17.5: PME# supported from D0 D3hot D3cold
May  8 12:52:08 ree-virtual-machine kernel: [    2.024519] pci 0000:00:17.6: [15ad:07a0] type 01 class 0x060400
May  8 12:52:08 ree-virtual-machine kernel: [    2.024519] pci 0000:00:17.6: PME# supported from D0 D3hot D3cold
May  8 12:52:08 ree-virtual-machine kernel: [    2.024679] pci 0000:00:17.7: [15ad:07a0] type 01 class 0x060400
May  8 12:52:08 ree-virtual-machine kernel: [    2.024958] pci 0000:00:17.7: PME# supported from D0 D3hot D3cold
May  8 12:52:08 ree-virtual-machine kernel: [    2.024958] pci 0000:00:18.0: [15ad:07a0] type 01 class 0x060400
May  8 12:52:08 ree-virtual-machine kernel: [    2.024958] pci 0000:00:18.0: PME# supported from D0 D3hot D3cold
May  8 12:52:08 ree-virtual-machine kernel: [    2.024958] pci 0000:00:18.1: [15ad:07a0] type 01 class 0x060400
May  8 12:52:08 ree-virtual-machine kernel: [    2.024958] pci 0000:00:18.1: PME# supported from D0 D3hot D3cold
May  8 12:52:08 ree-virtual-machine kernel: [    2.024958] pci 0000:00:18.2: [15ad:07a0] type 01 class 0x060400
May  8 12:52:08 ree-virtual-machine kernel: [    2.024958] pci 0000:00:18.2: PME# supported from D0 D3hot D3cold
May  8 12:52:08 ree-virtual-machine kernel: [    2.024958] pci 0000:00:18.3: [15ad:07a0] type 01 class 0x060400
May  8 12:52:08 ree-virtual-machine kernel: [    2.029448] pci 0000:00:18.3: PME# supported from D0 D3hot D3cold
May  8 12:52:08 ree-virtual-machine kernel: [    2.029855] pci 0000:00:18.4: [15ad:07a0] type 01 class 0x060400
May  8 12:52:08 ree-virtual-machine kernel: [    2.030480] pci 0000:00:18.4: PME# supported from D0 D3hot D3cold
May  8 12:52:08 ree-virtual-machine kernel: [    2.030860] pci 0000:00:18.5: [15ad:07a0] type 01 class 0x060400
May  8 12:52:08 ree-virtual-machine kernel: [    2.031488] pci 0000:00:18.5: PME# supported from D0 D3hot D3cold
May  8 12:52:08 ree-virtual-machine kernel: [    2.031867] pci 0000:00:18.6: [15ad:07a0] type 01 class 0x060400
May  8 12:52:08 ree-virtual-machine kernel: [    2.032493] pci 0000:00:18.6: PME# supported from D0 D3hot D3cold
May  8 12:52:08 ree-virtual-machine kernel: [    2.033093] pci 0000:00:18.7: [15ad:07a0] type 01 class 0x060400
May  8 12:52:08 ree-virtual-machine kernel: [    2.033876] pci 0000:00:18.7: PME# supported from D0 D3hot D3cold
May  8 12:52:08 ree-virtual-machine kernel: [    2.035911] pci_bus 0000:01: extended config space not accessible
May  8 12:52:08 ree-virtual-machine kernel: [    2.041157] pci 0000:00:01.0: PCI bridge to [bus 01]
May  8 12:52:08 ree-virtual-machine kernel: [    2.041330] pci_bus 0000:02: extended config space not accessible
May  8 12:52:08 ree-virtual-machine kernel: [    2.041652] acpiphp: Slot [32] registered
May  8 12:52:08 ree-virtual-machine kernel: [    2.041673] acpiphp: Slot [33] registered
May  8 12:52:08 ree-virtual-machine kernel: [    2.041708] acpiphp: Slot [34] registered
May  8 12:52:08 ree-virtual-machine kernel: [    2.041728] acpiphp: Slot [35] registered
May  8 12:52:08 ree-virtual-machine kernel: [    2.041746] acpiphp: Slot [36] registered
May  8 12:52:08 ree-virtual-machine kernel: [    2.041765] acpiphp: Slot [37] registered
May  8 12:52:08 ree-virtual-machine kernel: [    2.041783] acpiphp: Slot [38] registered
May  8 12:52:08 ree-virtual-machine kernel: [    2.041800] acpiphp: Slot [39] registered
May  8 12:52:08 ree-virtual-machine kernel: [    2.041818] acpiphp: Slot [40] registered
May  8 12:52:08 ree-virtual-machine kernel: [    2.041851] acpiphp: Slot [41] registered
May  8 12:52:08 ree-virtual-machine kernel: [    2.041870] acpiphp: Slot [42] registered
May  8 12:52:08 ree-virtual-machine kernel: [    2.041887] acpiphp: Slot [43] registered
May  8 12:52:08 ree-virtual-machine kernel: [    2.041905] acpiphp: Slot [44] registered
May  8 12:52:08 ree-virtual-machine kernel: [    2.041924] acpiphp: Slot [45] registered
May  8 12:52:08 ree-virtual-machine kernel: [    2.041942] acpiphp: Slot [46] registered
May  8 12:52:08 ree-virtual-machine kernel: [    2.041976] acpiphp: Slot [47] registered
May  8 12:52:08 ree-virtual-machine kernel: [    2.041995] acpiphp: Slot [48] registered
May  8 12:52:08 ree-virtual-machine kernel: [    2.042013] acpiphp: Slot [49] registered
May  8 12:52:08 ree-virtual-machine kernel: [    2.042032] acpiphp: Slot [50] registered
May  8 12:52:08 ree-virtual-machine kernel: [    2.042049] acpiphp: Slot [51] registered
May  8 12:52:08 ree-virtual-machine kernel: [    2.042067] acpiphp: Slot [52] registered
May  8 12:52:08 ree-virtual-machine kernel: [    2.042100] acpiphp: Slot [53] registered
May  8 12:52:08 ree-virtual-machine kernel: [    2.042119] acpiphp: Slot [54] registered
