[    0.000000] kernel: Linux version 5.19.0-41-generic (buildd@lcy02-amd64-045) (x86_64-linux-gnu-gcc (Ubuntu 11.3.0-1ubuntu1~22.04.1) 11.3.0, GNU ld (GNU Binutils for Ubuntu) 2.38) #42~22.04.1-Ubuntu SMP PREEMPT_DYNAMIC Tue Apr 18 17:40:00 UTC 2 (Ubuntu 5.19.0-41.42~22.04.1-generic 5.19.17)
[    0.000000] kernel: Command line: BOOT_IMAGE=/boot/vmlinuz-5.19.0-41-generic root=UUID=8de9989f-a6e4-4c92-a044-2c6d1909bf50 ro find_preseed=/preseed.cfg auto noprompt priority=critical locale=en_US quiet splash
[    0.000000] kernel: KERNEL supported cpus:
[    0.000000] kernel:   Intel GenuineIntel
[    0.000000] kernel:   AMD AuthenticAMD
[    0.000000] kernel:   Hygon HygonGenuine
[    0.000000] kernel:   Centaur CentaurHauls
[    0.000000] kernel:   zhaoxin   Shanghai  
[    0.000000] kernel: Disabled fast string operations
[    0.000000] kernel: x86/fpu: Supporting XSAVE feature 0x001: 'x87 floating point registers'
[    0.000000] kernel: x86/fpu: Supporting XSAVE feature 0x002: 'SSE registers'
[    0.000000] kernel: x86/fpu: Supporting XSAVE feature 0x004: 'AVX registers'
[    0.000000] kernel: x86/fpu: xstate_offset[2]:  576, xstate_sizes[2]:  256
[    0.000000] kernel: x86/fpu: Enabled xstate features 0x7, context size is 832 bytes, using 'compacted' format.
[    0.000000] kernel: signal: max sigframe size: 1776
[    0.000000] kernel: BIOS-provided physical RAM map:
[    0.000000] kernel: BIOS-e820: [mem 0x0000000000000000-0x000000000009e7ff] usable
[    0.000000] kernel: BIOS-e820: [mem 0x000000000009e800-0x000000000009ffff] reserved
[    0.000000] kernel: BIOS-e820: [mem 0x00000000000dc000-0x00000000000fffff] reserved
[    0.000000] kernel: BIOS-e820: [mem 0x0000000000100000-0x00000000bfecffff] usable
[    0.000000] kernel: BIOS-e820: [mem 0x00000000bfed0000-0x00000000bfefefff] ACPI data
[    0.000000] kernel: BIOS-e820: [mem 0x00000000bfeff000-0x00000000bfefffff] ACPI NVS
[    0.000000] kernel: BIOS-e820: [mem 0x00000000bff00000-0x00000000bfffffff] usable
[    0.000000] kernel: BIOS-e820: [mem 0x00000000f0000000-0x00000000f7ffffff] reserved
[    0.000000] kernel: BIOS-e820: [mem 0x00000000fec00000-0x00000000fec0ffff] reserved
[    0.000000] kernel: BIOS-e820: [mem 0x00000000fee00000-0x00000000fee00fff] reserved
[    0.000000] kernel: BIOS-e820: [mem 0x00000000fffe0000-0x00000000ffffffff] reserved
[    0.000000] kernel: BIOS-e820: [mem 0x0000000100000000-0x000000043fffffff] usable
[    0.000000] kernel: NX (Execute Disable) protection: active
[    0.000000] kernel: SMBIOS 2.7 present.
[    0.000000] kernel: DMI: VMware, Inc. VMware Virtual Platform/440BX Desktop Reference Platform, BIOS 6.00 11/12/2020
[    0.000000] kernel: vmware: hypercall mode: 0x02
[    0.000000] kernel: Hypervisor detected: VMware
[    0.000000] kernel: vmware: TSC freq read from hypervisor : 3600.004 MHz
[    0.000000] kernel: vmware: Host bus clock speed read from hypervisor : 66000000 Hz
[    0.000000] kernel: vmware: using clock offset of 7459006007 ns
[    0.000014] kernel: tsc: Detected 3600.004 MHz processor
[    0.001324] kernel: e820: update [mem 0x00000000-0x00000fff] usable ==> reserved
[    0.001328] kernel: e820: remove [mem 0x000a0000-0x000fffff] usable
[    0.001333] kernel: last_pfn = 0x440000 max_arch_pfn = 0x400000000
[    0.001355] kernel: x86/PAT: Configuration [0-7]: WB  WC  UC- UC  WB  WP  UC- WT  
[    0.001364] kernel: total RAM covered: 523264M
[    0.001418] kernel:  gran_size: 64K         chunk_size: 64K         num_reg: 8          lose cover RAM: 256G
[    0.001420] kernel:  gran_size: 64K         chunk_size: 128K         num_reg: 8          lose cover RAM: 256G
[    0.001421] kernel:  gran_size: 64K         chunk_size: 256K         num_reg: 8          lose cover RAM: 256G
[    0.001422] kernel:  gran_size: 64K         chunk_size: 512K         num_reg: 8          lose cover RAM: 256G
[    0.001423] kernel:  gran_size: 64K         chunk_size: 1M         num_reg: 8          lose cover RAM: 256G
[    0.001424] kernel:  gran_size: 64K         chunk_size: 2M         num_reg: 8          lose cover RAM: 256G
[    0.001425] kernel:  gran_size: 64K         chunk_size: 4M         num_reg: 8          lose cover RAM: 256G
[    0.001425] kernel:  gran_size: 64K         chunk_size: 8M         num_reg: 8          lose cover RAM: 256G
[    0.001426] kernel:  gran_size: 64K         chunk_size: 16M         num_reg: 8          lose cover RAM: 256G
[    0.001427] kernel:  gran_size: 64K         chunk_size: 32M         num_reg: 8          lose cover RAM: 256G
[    0.001428] kernel:  gran_size: 64K         chunk_size: 64M         num_reg: 8          lose cover RAM: 256G
[    0.001429] kernel:  gran_size: 64K         chunk_size: 128M         num_reg: 8          lose cover RAM: 256G
[    0.001430] kernel:  gran_size: 64K         chunk_size: 256M         num_reg: 8          lose cover RAM: 256G
[    0.001430] kernel:  gran_size: 64K         chunk_size: 512M         num_reg: 8          lose cover RAM: 256G
[    0.001431] kernel:  gran_size: 64K         chunk_size: 1G         num_reg: 8          lose cover RAM: 256G
[    0.001432] kernel:  gran_size: 64K         chunk_size: 2G         num_reg: 8          lose cover RAM: 256G
[    0.001433] kernel:  gran_size: 128K         chunk_size: 128K         num_reg: 8          lose cover RAM: 256G
[    0.001434] kernel:  gran_size: 128K         chunk_size: 256K         num_reg: 8          lose cover RAM: 256G
[    0.001435] kernel:  gran_size: 128K         chunk_size: 512K         num_reg: 8          lose cover RAM: 256G
[    0.001435] kernel:  gran_size: 128K         chunk_size: 1M         num_reg: 8          lose cover RAM: 256G
[    0.001436] kernel:  gran_size: 128K         chunk_size: 2M         num_reg: 8          lose cover RAM: 256G
[    0.001437] kernel:  gran_size: 128K         chunk_size: 4M         num_reg: 8          lose cover RAM: 256G
[    0.001438] kernel:  gran_size: 128K         chunk_size: 8M         num_reg: 8          lose cover RAM: 256G
[    0.001439] kernel:  gran_size: 128K         chunk_size: 16M         num_reg: 8          lose cover RAM: 256G
[    0.001439] kernel:  gran_size: 128K         chunk_size: 32M         num_reg: 8          lose cover RAM: 256G
[    0.001440] kernel:  gran_size: 128K         chunk_size: 64M         num_reg: 8          lose cover RAM: 256G
[    0.001441] kernel:  gran_size: 128K         chunk_size: 128M         num_reg: 8          lose cover RAM: 256G
[    0.001442] kernel:  gran_size: 128K         chunk_size: 256M         num_reg: 8          lose cover RAM: 256G
[    0.001443] kernel:  gran_size: 128K         chunk_size: 512M         num_reg: 8          lose cover RAM: 256G
[    0.001444] kernel:  gran_size: 128K         chunk_size: 1G         num_reg: 8          lose cover RAM: 256G
[    0.001444] kernel:  gran_size: 128K         chunk_size: 2G         num_reg: 8          lose cover RAM: 256G
[    0.001445] kernel:  gran_size: 256K         chunk_size: 256K         num_reg: 8          lose cover RAM: 256G
[    0.001446] kernel:  gran_size: 256K         chunk_size: 512K         num_reg: 8          lose cover RAM: 256G
[    0.001447] kernel:  gran_size: 256K         chunk_size: 1M         num_reg: 8          lose cover RAM: 256G
[    0.001448] kernel:  gran_size: 256K         chunk_size: 2M         num_reg: 8          lose cover RAM: 256G
[    0.001448] kernel:  gran_size: 256K         chunk_size: 4M         num_reg: 8          lose cover RAM: 256G
[    0.001449] kernel:  gran_size: 256K         chunk_size: 8M         num_reg: 8          lose cover RAM: 256G
[    0.001450] kernel:  gran_size: 256K         chunk_size: 16M         num_reg: 8          lose cover RAM: 256G
[    0.001451] kernel:  gran_size: 256K         chunk_size: 32M         num_reg: 8          lose cover RAM: 256G
[    0.001452] kernel:  gran_size: 256K         chunk_size: 64M         num_reg: 8          lose cover RAM: 256G
[    0.001453] kernel:  gran_size: 256K         chunk_size: 128M         num_reg: 8          lose cover RAM: 256G
[    0.001453] kernel:  gran_size: 256K         chunk_size: 256M         num_reg: 8          lose cover RAM: 256G
[    0.001454] kernel:  gran_size: 256K         chunk_size: 512M         num_reg: 8          lose cover RAM: 256G
[    0.001455] kernel:  gran_size: 256K         chunk_size: 1G         num_reg: 8          lose cover RAM: 256G
[    0.001456] kernel:  gran_size: 256K         chunk_size: 2G         num_reg: 8          lose cover RAM: 256G
[    0.001457] kernel:  gran_size: 512K         chunk_size: 512K         num_reg: 8          lose cover RAM: 256G
[    0.001457] kernel:  gran_size: 512K         chunk_size: 1M         num_reg: 8          lose cover RAM: 256G
[    0.001458] kernel:  gran_size: 512K         chunk_size: 2M         num_reg: 8          lose cover RAM: 256G
[    0.001459] kernel:  gran_size: 512K         chunk_size: 4M         num_reg: 8          lose cover RAM: 256G
[    0.001460] kernel:  gran_size: 512K         chunk_size: 8M         num_reg: 8          lose cover RAM: 256G
[    0.001461] kernel:  gran_size: 512K         chunk_size: 16M         num_reg: 8          lose cover RAM: 256G
[    0.001462] kernel:  gran_size: 512K         chunk_size: 32M         num_reg: 8          lose cover RAM: 256G
[    0.001462] kernel:  gran_size: 512K         chunk_size: 64M         num_reg: 8          lose cover RAM: 256G
[    0.001463] kernel:  gran_size: 512K         chunk_size: 128M         num_reg: 8          lose cover RAM: 256G
[    0.001464] kernel:  gran_size: 512K         chunk_size: 256M         num_reg: 8          lose cover RAM: 256G
[    0.001465] kernel:  gran_size: 512K         chunk_size: 512M         num_reg: 8          lose cover RAM: 256G
[    0.001466] kernel:  gran_size: 512K         chunk_size: 1G         num_reg: 8          lose cover RAM: 256G
[    0.001466] kernel:  gran_size: 512K         chunk_size: 2G         num_reg: 8          lose cover RAM: 256G
[    0.001467] kernel:  gran_size: 1M         chunk_size: 1M         num_reg: 8          lose cover RAM: 256G
[    0.001468] kernel:  gran_size: 1M         chunk_size: 2M         num_reg: 8          lose cover RAM: 256G
[    0.001469] kernel:  gran_size: 1M         chunk_size: 4M         num_reg: 8          lose cover RAM: 256G
[    0.001470] kernel:  gran_size: 1M         chunk_size: 8M         num_reg: 8          lose cover RAM: 256G
[    0.001470] kernel:  gran_size: 1M         chunk_size: 16M         num_reg: 8          lose cover RAM: 256G
[    0.001471] kernel:  gran_size: 1M         chunk_size: 32M         num_reg: 8          lose cover RAM: 256G
[    0.001472] kernel:  gran_size: 1M         chunk_size: 64M         num_reg: 8          lose cover RAM: 256G
[    0.001473] kernel:  gran_size: 1M         chunk_size: 128M         num_reg: 8          lose cover RAM: 256G
[    0.001474] kernel:  gran_size: 1M         chunk_size: 256M         num_reg: 8          lose cover RAM: 256G
[    0.001474] kernel:  gran_size: 1M         chunk_size: 512M         num_reg: 8          lose cover RAM: 256G
[    0.001475] kernel:  gran_size: 1M         chunk_size: 1G         num_reg: 8          lose cover RAM: 256G
[    0.001476] kernel:  gran_size: 1M         chunk_size: 2G         num_reg: 8          lose cover RAM: 256G
[    0.001477] kernel:  gran_size: 2M         chunk_size: 2M         num_reg: 8          lose cover RAM: 256G
[    0.001478] kernel:  gran_size: 2M         chunk_size: 4M         num_reg: 8          lose cover RAM: 256G
[    0.001478] kernel:  gran_size: 2M         chunk_size: 8M         num_reg: 8          lose cover RAM: 256G
[    0.001479] kernel:  gran_size: 2M         chunk_size: 16M         num_reg: 8          lose cover RAM: 256G
[    0.001480] kernel:  gran_size: 2M         chunk_size: 32M         num_reg: 8          lose cover RAM: 256G
[    0.001481] kernel:  gran_size: 2M         chunk_size: 64M         num_reg: 8          lose cover RAM: 256G
[    0.001482] kernel:  gran_size: 2M         chunk_size: 128M         num_reg: 8          lose cover RAM: 256G
[    0.001483] kernel:  gran_size: 2M         chunk_size: 256M         num_reg: 8          lose cover RAM: 256G
[    0.001483] kernel:  gran_size: 2M         chunk_size: 512M         num_reg: 8          lose cover RAM: 256G
[    0.001484] kernel:  gran_size: 2M         chunk_size: 1G         num_reg: 8          lose cover RAM: 256G
[    0.001485] kernel:  gran_size: 2M         chunk_size: 2G         num_reg: 8          lose cover RAM: 256G
[    0.001486] kernel:  gran_size: 4M         chunk_size: 4M         num_reg: 8          lose cover RAM: 256G
[    0.001487] kernel:  gran_size: 4M         chunk_size: 8M         num_reg: 8          lose cover RAM: 256G
[    0.001487] kernel:  gran_size: 4M         chunk_size: 16M         num_reg: 8          lose cover RAM: 256G
[    0.001488] kernel:  gran_size: 4M         chunk_size: 32M         num_reg: 8          lose cover RAM: 256G
[    0.001489] kernel:  gran_size: 4M         chunk_size: 64M         num_reg: 8          lose cover RAM: 256G
[    0.001490] kernel:  gran_size: 4M         chunk_size: 128M         num_reg: 8          lose cover RAM: 256G
[    0.001491] kernel:  gran_size: 4M         chunk_size: 256M         num_reg: 8          lose cover RAM: 256G
[    0.001491] kernel:  gran_size: 4M         chunk_size: 512M         num_reg: 8          lose cover RAM: 256G
[    0.001492] kernel:  gran_size: 4M         chunk_size: 1G         num_reg: 8          lose cover RAM: 256G
[    0.001493] kernel:  gran_size: 4M         chunk_size: 2G         num_reg: 8          lose cover RAM: 256G
[    0.001494] kernel:  gran_size: 8M         chunk_size: 8M         num_reg: 8          lose cover RAM: 256G
[    0.001495] kernel:  gran_size: 8M         chunk_size: 16M         num_reg: 8          lose cover RAM: 256G
[    0.001495] kernel:  gran_size: 8M         chunk_size: 32M         num_reg: 8          lose cover RAM: 256G
[    0.001496] kernel:  gran_size: 8M         chunk_size: 64M         num_reg: 8          lose cover RAM: 256G
[    0.001497] kernel:  gran_size: 8M         chunk_size: 128M         num_reg: 8          lose cover RAM: 256G
[    0.001498] kernel:  gran_size: 8M         chunk_size: 256M         num_reg: 8          lose cover RAM: 256G
[    0.001499] kernel:  gran_size: 8M         chunk_size: 512M         num_reg: 8          lose cover RAM: 256G
[    0.001499] kernel:  gran_size: 8M         chunk_size: 1G         num_reg: 8          lose cover RAM: 256G
[    0.001500] kernel:  gran_size: 8M         chunk_size: 2G         num_reg: 8          lose cover RAM: 256G
[    0.001501] kernel:  gran_size: 16M         chunk_size: 16M         num_reg: 8          lose cover RAM: 256G
[    0.001502] kernel:  gran_size: 16M         chunk_size: 32M         num_reg: 8          lose cover RAM: 256G
[    0.001503] kernel:  gran_size: 16M         chunk_size: 64M         num_reg: 8          lose cover RAM: 256G
[    0.001503] kernel:  gran_size: 16M         chunk_size: 128M         num_reg: 8          lose cover RAM: 256G
[    0.001504] kernel:  gran_size: 16M         chunk_size: 256M         num_reg: 8          lose cover RAM: 256G
[    0.001505] kernel:  gran_size: 16M         chunk_size: 512M         num_reg: 8          lose cover RAM: 256G
[    0.001506] kernel:  gran_size: 16M         chunk_size: 1G         num_reg: 8          lose cover RAM: 256G
[    0.001507] kernel:  gran_size: 16M         chunk_size: 2G         num_reg: 8          lose cover RAM: 256G
[    0.001508] kernel:  gran_size: 32M         chunk_size: 32M         num_reg: 8          lose cover RAM: 256G
[    0.001508] kernel:  gran_size: 32M         chunk_size: 64M         num_reg: 8          lose cover RAM: 256G
[    0.001509] kernel:  gran_size: 32M         chunk_size: 128M         num_reg: 8          lose cover RAM: 256G
[    0.001510] kernel:  gran_size: 32M         chunk_size: 256M         num_reg: 8          lose cover RAM: 256G
[    0.001511] kernel:  gran_size: 32M         chunk_size: 512M         num_reg: 8          lose cover RAM: 256G
[    0.001512] kernel:  gran_size: 32M         chunk_size: 1G         num_reg: 8          lose cover RAM: 256G
[    0.001512] kernel:  gran_size: 32M         chunk_size: 2G         num_reg: 8          lose cover RAM: 256G
[    0.001513] kernel:  gran_size: 64M         chunk_size: 64M         num_reg: 8          lose cover RAM: 256G
[    0.001514] kernel:  gran_size: 64M         chunk_size: 128M         num_reg: 8          lose cover RAM: 256G
[    0.001515] kernel:  gran_size: 64M         chunk_size: 256M         num_reg: 8          lose cover RAM: 256G
[    0.001516] kernel:  gran_size: 64M         chunk_size: 512M         num_reg: 8          lose cover RAM: 256G
[    0.001516] kernel:  gran_size: 64M         chunk_size: 1G         num_reg: 8          lose cover RAM: 256G
[    0.001517] kernel:  gran_size: 64M         chunk_size: 2G         num_reg: 8          lose cover RAM: 256G
[    0.001518] kernel:  gran_size: 128M         chunk_size: 128M         num_reg: 8          lose cover RAM: 256G
[    0.001519] kernel:  gran_size: 128M         chunk_size: 256M         num_reg: 8          lose cover RAM: 256G
[    0.001520] kernel:  gran_size: 128M         chunk_size: 512M         num_reg: 8          lose cover RAM: 256G
[    0.001521] kernel:  gran_size: 128M         chunk_size: 1G         num_reg: 8          lose cover RAM: 256G
[    0.001521] kernel:  gran_size: 128M         chunk_size: 2G         num_reg: 8          lose cover RAM: 256G
[    0.001522] kernel:  gran_size: 256M         chunk_size: 256M         num_reg: 8          lose cover RAM: 256G
[    0.001523] kernel:  gran_size: 256M         chunk_size: 512M         num_reg: 8          lose cover RAM: 256G
[    0.001524] kernel:  gran_size: 256M         chunk_size: 1G         num_reg: 8          lose cover RAM: 256G
[    0.001525] kernel:  gran_size: 256M         chunk_size: 2G         num_reg: 8          lose cover RAM: 256G
[    0.001525] kernel:  gran_size: 512M         chunk_size: 512M         num_reg: 8          lose cover RAM: 256G
[    0.001526] kernel:  gran_size: 512M         chunk_size: 1G         num_reg: 8          lose cover RAM: 256G
[    0.001527] kernel:  gran_size: 512M         chunk_size: 2G         num_reg: 8          lose cover RAM: 256G
[    0.001528] kernel:  gran_size: 1G         chunk_size: 1G         num_reg: 8          lose cover RAM: 256G
[    0.001529] kernel:  gran_size: 1G         chunk_size: 2G         num_reg: 8          lose cover RAM: 256G
[    0.001529] kernel:  gran_size: 2G         chunk_size: 2G         num_reg: 8          lose cover RAM: 1G
[    0.001530] kernel: mtrr_cleanup: can not find optimal value
[    0.001531] kernel: please specify mtrr_gran_size/mtrr_chunk_size
[    0.001535] kernel: e820: update [mem 0xc0000000-0xffffffff] usable ==> reserved
[    0.001543] kernel: last_pfn = 0xc0000 max_arch_pfn = 0x400000000
[    0.010436] kernel: found SMP MP-table at [mem 0x000f6a70-0x000f6a7f]
[    0.010475] kernel: Using GB pages for direct mapping
[    0.010552] kernel: RAMDISK: [mem 0x2f4a1000-0x33a47fff]
[    0.010558] kernel: ACPI: Early table checksum verification disabled
[    0.010562] kernel: ACPI: RSDP 0x00000000000F6A00 000024 (v02 PTLTD )
[    0.010567] kernel: ACPI: XSDT 0x00000000BFEDB633 00005C (v01 INTEL  440BX    06040000 VMW  01324272)
[    0.010573] kernel: ACPI: FACP 0x00000000BFEFEE73 0000F4 (v04 INTEL  440BX    06040000 PTL  000F4240)
[    0.010585] kernel: ACPI: DSDT 0x00000000BFEDD001 021E72 (v01 PTLTD  Custom   06040000 MSFT 03000001)
[    0.010589] kernel: ACPI: FACS 0x00000000BFEFFFC0 000040
[    0.010591] kernel: ACPI: FACS 0x00000000BFEFFFC0 000040
[    0.010594] kernel: ACPI: BOOT 0x00000000BFEDCFB4 000028 (v01 PTLTD  $SBFTBL$ 06040000  LTP 00000001)
[    0.010597] kernel: ACPI: APIC 0x00000000BFEDC872 000742 (v01 PTLTD  ? APIC   06040000  LTP 00000000)
[    0.010600] kernel: ACPI: MCFG 0x00000000BFEDC836 00003C (v01 PTLTD  $PCITBL$ 06040000  LTP 00000001)
[    0.010603] kernel: ACPI: SRAT 0x00000000BFEDB72F 0008D0 (v02 VMWARE MEMPLUG  06040000 VMW  00000001)
[    0.010605] kernel: ACPI: HPET 0x00000000BFEDB6F7 000038 (v01 VMWARE VMW HPET 06040000 VMW  00000001)
[    0.010608] kernel: ACPI: WAET 0x00000000BFEDB6CF 000028 (v01 VMWARE VMW WAET 06040000 VMW  00000001)
[    0.010610] kernel: ACPI: Reserving FACP table memory at [mem 0xbfefee73-0xbfefef66]
[    0.010612] kernel: ACPI: Reserving DSDT table memory at [mem 0xbfedd001-0xbfefee72]
[    0.010612] kernel: ACPI: Reserving FACS table memory at [mem 0xbfefffc0-0xbfefffff]
[    0.010613] kernel: ACPI: Reserving FACS table memory at [mem 0xbfefffc0-0xbfefffff]
[    0.010613] kernel: ACPI: Reserving BOOT table memory at [mem 0xbfedcfb4-0xbfedcfdb]
[    0.010614] kernel: ACPI: Reserving APIC table memory at [mem 0xbfedc872-0xbfedcfb3]
[    0.010614] kernel: ACPI: Reserving MCFG table memory at [mem 0xbfedc836-0xbfedc871]
[    0.010615] kernel: ACPI: Reserving SRAT table memory at [mem 0xbfedb72f-0xbfedbffe]
[    0.010616] kernel: ACPI: Reserving HPET table memory at [mem 0xbfedb6f7-0xbfedb72e]
[    0.010616] kernel: ACPI: Reserving WAET table memory at [mem 0xbfedb6cf-0xbfedb6f6]
[    0.010689] kernel: system APIC only can use physical flat
[    0.010691] kernel: Setting APIC routing to physical flat.
[    0.010799] kernel: SRAT: PXM 0 -> APIC 0x00 -> Node 0
[    0.010802] kernel: SRAT: PXM 0 -> APIC 0x01 -> Node 0
[    0.010802] kernel: SRAT: PXM 0 -> APIC 0x02 -> Node 0
[    0.010803] kernel: SRAT: PXM 0 -> APIC 0x03 -> Node 0
[    0.010804] kernel: SRAT: PXM 0 -> APIC 0x04 -> Node 0
[    0.010804] kernel: SRAT: PXM 0 -> APIC 0x05 -> Node 0
[    0.010805] kernel: SRAT: PXM 0 -> APIC 0x06 -> Node 0
[    0.010806] kernel: SRAT: PXM 0 -> APIC 0x07 -> Node 0
[    0.010806] kernel: SRAT: PXM 0 -> APIC 0x08 -> Node 0
[    0.010807] kernel: SRAT: PXM 0 -> APIC 0x09 -> Node 0
[    0.010808] kernel: SRAT: PXM 0 -> APIC 0x0a -> Node 0
[    0.010808] kernel: SRAT: PXM 0 -> APIC 0x0b -> Node 0
[    0.010809] kernel: SRAT: PXM 0 -> APIC 0x0c -> Node 0
[    0.010810] kernel: SRAT: PXM 0 -> APIC 0x0d -> Node 0
[    0.010811] kernel: SRAT: PXM 0 -> APIC 0x0e -> Node 0
[    0.010811] kernel: SRAT: PXM 0 -> APIC 0x0f -> Node 0
[    0.010812] kernel: SRAT: PXM 0 -> APIC 0x10 -> Node 0
[    0.010813] kernel: SRAT: PXM 0 -> APIC 0x11 -> Node 0
[    0.010813] kernel: SRAT: PXM 0 -> APIC 0x12 -> Node 0
[    0.010814] kernel: SRAT: PXM 0 -> APIC 0x13 -> Node 0
[    0.010815] kernel: SRAT: PXM 0 -> APIC 0x14 -> Node 0
[    0.010815] kernel: SRAT: PXM 0 -> APIC 0x15 -> Node 0
[    0.010816] kernel: SRAT: PXM 0 -> APIC 0x16 -> Node 0
[    0.010816] kernel: SRAT: PXM 0 -> APIC 0x17 -> Node 0
[    0.010817] kernel: SRAT: PXM 0 -> APIC 0x18 -> Node 0
[    0.010818] kernel: SRAT: PXM 0 -> APIC 0x19 -> Node 0
[    0.010818] kernel: SRAT: PXM 0 -> APIC 0x1a -> Node 0
[    0.010819] kernel: SRAT: PXM 0 -> APIC 0x1b -> Node 0
[    0.010820] kernel: SRAT: PXM 0 -> APIC 0x1c -> Node 0
[    0.010820] kernel: SRAT: PXM 0 -> APIC 0x1d -> Node 0
[    0.010821] kernel: SRAT: PXM 0 -> APIC 0x1e -> Node 0
[    0.010822] kernel: SRAT: PXM 0 -> APIC 0x1f -> Node 0
[    0.010822] kernel: SRAT: PXM 0 -> APIC 0x20 -> Node 0
[    0.010823] kernel: SRAT: PXM 0 -> APIC 0x21 -> Node 0
[    0.010824] kernel: SRAT: PXM 0 -> APIC 0x22 -> Node 0
[    0.010824] kernel: SRAT: PXM 0 -> APIC 0x23 -> Node 0
[    0.010825] kernel: SRAT: PXM 0 -> APIC 0x24 -> Node 0
[    0.010826] kernel: SRAT: PXM 0 -> APIC 0x25 -> Node 0
[    0.010826] kernel: SRAT: PXM 0 -> APIC 0x26 -> Node 0
[    0.010827] kernel: SRAT: PXM 0 -> APIC 0x27 -> Node 0
[    0.010827] kernel: SRAT: PXM 0 -> APIC 0x28 -> Node 0
[    0.010828] kernel: SRAT: PXM 0 -> APIC 0x29 -> Node 0
[    0.010828] kernel: SRAT: PXM 0 -> APIC 0x2a -> Node 0
[    0.010829] kernel: SRAT: PXM 0 -> APIC 0x2b -> Node 0
[    0.010829] kernel: SRAT: PXM 0 -> APIC 0x2c -> Node 0
[    0.010830] kernel: SRAT: PXM 0 -> APIC 0x2d -> Node 0
[    0.010830] kernel: SRAT: PXM 0 -> APIC 0x2e -> Node 0
[    0.010831] kernel: SRAT: PXM 0 -> APIC 0x2f -> Node 0
[    0.010832] kernel: SRAT: PXM 0 -> APIC 0x30 -> Node 0
[    0.010832] kernel: SRAT: PXM 0 -> APIC 0x31 -> Node 0
[    0.010833] kernel: SRAT: PXM 0 -> APIC 0x32 -> Node 0
[    0.010833] kernel: SRAT: PXM 0 -> APIC 0x33 -> Node 0
[    0.010834] kernel: SRAT: PXM 0 -> APIC 0x34 -> Node 0
[    0.010834] kernel: SRAT: PXM 0 -> APIC 0x35 -> Node 0
[    0.010835] kernel: SRAT: PXM 0 -> APIC 0x36 -> Node 0
[    0.010835] kernel: SRAT: PXM 0 -> APIC 0x37 -> Node 0
[    0.010836] kernel: SRAT: PXM 0 -> APIC 0x38 -> Node 0
[    0.010837] kernel: SRAT: PXM 0 -> APIC 0x39 -> Node 0
[    0.010837] kernel: SRAT: PXM 0 -> APIC 0x3a -> Node 0
[    0.010838] kernel: SRAT: PXM 0 -> APIC 0x3b -> Node 0
[    0.010838] kernel: SRAT: PXM 0 -> APIC 0x3c -> Node 0
[    0.010839] kernel: SRAT: PXM 0 -> APIC 0x3d -> Node 0
[    0.010839] kernel: SRAT: PXM 0 -> APIC 0x3e -> Node 0
[    0.010840] kernel: SRAT: PXM 0 -> APIC 0x3f -> Node 0
[    0.010840] kernel: SRAT: PXM 0 -> APIC 0x40 -> Node 0
[    0.010841] kernel: SRAT: PXM 0 -> APIC 0x41 -> Node 0
[    0.010841] kernel: SRAT: PXM 0 -> APIC 0x42 -> Node 0
[    0.010842] kernel: SRAT: PXM 0 -> APIC 0x43 -> Node 0
[    0.010842] kernel: SRAT: PXM 0 -> APIC 0x44 -> Node 0
[    0.010843] kernel: SRAT: PXM 0 -> APIC 0x45 -> Node 0
[    0.010844] kernel: SRAT: PXM 0 -> APIC 0x46 -> Node 0
[    0.010844] kernel: SRAT: PXM 0 -> APIC 0x47 -> Node 0
[    0.010845] kernel: SRAT: PXM 0 -> APIC 0x48 -> Node 0
[    0.010845] kernel: SRAT: PXM 0 -> APIC 0x49 -> Node 0
[    0.010846] kernel: SRAT: PXM 0 -> APIC 0x4a -> Node 0
[    0.010846] kernel: SRAT: PXM 0 -> APIC 0x4b -> Node 0
[    0.010847] kernel: SRAT: PXM 0 -> APIC 0x4c -> Node 0
[    0.010847] kernel: SRAT: PXM 0 -> APIC 0x4d -> Node 0
[    0.010848] kernel: SRAT: PXM 0 -> APIC 0x4e -> Node 0
[    0.010848] kernel: SRAT: PXM 0 -> APIC 0x4f -> Node 0
[    0.010849] kernel: SRAT: PXM 0 -> APIC 0x50 -> Node 0
[    0.010849] kernel: SRAT: PXM 0 -> APIC 0x51 -> Node 0
[    0.010850] kernel: SRAT: PXM 0 -> APIC 0x52 -> Node 0
[    0.010851] kernel: SRAT: PXM 0 -> APIC 0x53 -> Node 0
[    0.010851] kernel: SRAT: PXM 0 -> APIC 0x54 -> Node 0
[    0.010852] kernel: SRAT: PXM 0 -> APIC 0x55 -> Node 0
[    0.010852] kernel: SRAT: PXM 0 -> APIC 0x56 -> Node 0
[    0.010853] kernel: SRAT: PXM 0 -> APIC 0x57 -> Node 0
[    0.010853] kernel: SRAT: PXM 0 -> APIC 0x58 -> Node 0
[    0.010854] kernel: SRAT: PXM 0 -> APIC 0x59 -> Node 0
[    0.010854] kernel: SRAT: PXM 0 -> APIC 0x5a -> Node 0
[    0.010855] kernel: SRAT: PXM 0 -> APIC 0x5b -> Node 0
[    0.010855] kernel: SRAT: PXM 0 -> APIC 0x5c -> Node 0
[    0.010856] kernel: SRAT: PXM 0 -> APIC 0x5d -> Node 0
[    0.010857] kernel: SRAT: PXM 0 -> APIC 0x5e -> Node 0
[    0.010857] kernel: SRAT: PXM 0 -> APIC 0x5f -> Node 0
[    0.010858] kernel: SRAT: PXM 0 -> APIC 0x60 -> Node 0
[    0.010858] kernel: SRAT: PXM 0 -> APIC 0x61 -> Node 0
[    0.010859] kernel: SRAT: PXM 0 -> APIC 0x62 -> Node 0
[    0.010859] kernel: SRAT: PXM 0 -> APIC 0x63 -> Node 0
[    0.010860] kernel: SRAT: PXM 0 -> APIC 0x64 -> Node 0
[    0.010860] kernel: SRAT: PXM 0 -> APIC 0x65 -> Node 0
[    0.010861] kernel: SRAT: PXM 0 -> APIC 0x66 -> Node 0
[    0.010861] kernel: SRAT: PXM 0 -> APIC 0x67 -> Node 0
[    0.010862] kernel: SRAT: PXM 0 -> APIC 0x68 -> Node 0
[    0.010862] kernel: SRAT: PXM 0 -> APIC 0x69 -> Node 0
[    0.010863] kernel: SRAT: PXM 0 -> APIC 0x6a -> Node 0
[    0.010863] kernel: SRAT: PXM 0 -> APIC 0x6b -> Node 0
[    0.010864] kernel: SRAT: PXM 0 -> APIC 0x6c -> Node 0
[    0.010865] kernel: SRAT: PXM 0 -> APIC 0x6d -> Node 0
[    0.010865] kernel: SRAT: PXM 0 -> APIC 0x6e -> Node 0
[    0.010866] kernel: SRAT: PXM 0 -> APIC 0x6f -> Node 0
[    0.010866] kernel: SRAT: PXM 0 -> APIC 0x70 -> Node 0
[    0.010867] kernel: SRAT: PXM 0 -> APIC 0x71 -> Node 0
[    0.010867] kernel: SRAT: PXM 0 -> APIC 0x72 -> Node 0
[    0.010868] kernel: SRAT: PXM 0 -> APIC 0x73 -> Node 0
[    0.010868] kernel: SRAT: PXM 0 -> APIC 0x74 -> Node 0
[    0.010869] kernel: SRAT: PXM 0 -> APIC 0x75 -> Node 0
[    0.010869] kernel: SRAT: PXM 0 -> APIC 0x76 -> Node 0
[    0.010870] kernel: SRAT: PXM 0 -> APIC 0x77 -> Node 0
[    0.010870] kernel: SRAT: PXM 0 -> APIC 0x78 -> Node 0
[    0.010871] kernel: SRAT: PXM 0 -> APIC 0x79 -> Node 0
[    0.010871] kernel: SRAT: PXM 0 -> APIC 0x7a -> Node 0
[    0.010872] kernel: SRAT: PXM 0 -> APIC 0x7b -> Node 0
[    0.010872] kernel: SRAT: PXM 0 -> APIC 0x7c -> Node 0
[    0.010873] kernel: SRAT: PXM 0 -> APIC 0x7d -> Node 0
[    0.010873] kernel: SRAT: PXM 0 -> APIC 0x7e -> Node 0
[    0.010874] kernel: SRAT: PXM 0 -> APIC 0x7f -> Node 0
[    0.010876] kernel: ACPI: SRAT: Node 0 PXM 0 [mem 0x00000000-0x0009ffff]
[    0.010878] kernel: ACPI: SRAT: Node 0 PXM 0 [mem 0x00100000-0xbfffffff]
[    0.010879] kernel: ACPI: SRAT: Node 0 PXM 0 [mem 0x100000000-0x43fffffff]
[    0.010880] kernel: ACPI: SRAT: Node 0 PXM 0 [mem 0x440000000-0x403fffffff] hotplug
[    0.010884] kernel: NUMA: Node 0 [mem 0x00000000-0x0009ffff] + [mem 0x00100000-0xbfffffff] -> [mem 0x00000000-0xbfffffff]
[    0.010885] kernel: NUMA: Node 0 [mem 0x00000000-0xbfffffff] + [mem 0x100000000-0x43fffffff] -> [mem 0x00000000-0x43fffffff]
[    0.010892] kernel: NODE_DATA(0) allocated [mem 0x43ffd5000-0x43fffffff]
[    0.011958] kernel: Zone ranges:
[    0.011960] kernel:   DMA      [mem 0x0000000000001000-0x0000000000ffffff]
[    0.011962] kernel:   DMA32    [mem 0x0000000001000000-0x00000000ffffffff]
[    0.011963] kernel:   Normal   [mem 0x0000000100000000-0x000000043fffffff]
[    0.011964] kernel:   Device   empty
[    0.011965] kernel: Movable zone start for each node
[    0.011967] kernel: Early memory node ranges
[    0.011967] kernel:   node   0: [mem 0x0000000000001000-0x000000000009dfff]
[    0.011968] kernel:   node   0: [mem 0x0000000000100000-0x00000000bfecffff]
[    0.011969] kernel:   node   0: [mem 0x00000000bff00000-0x00000000bfffffff]
[    0.011970] kernel:   node   0: [mem 0x0000000100000000-0x000000043fffffff]
[    0.011972] kernel: Initmem setup node 0 [mem 0x0000000000001000-0x000000043fffffff]
[    0.012030] kernel: On node 0, zone DMA: 1 pages in unavailable ranges
[    0.012852] kernel: On node 0, zone DMA: 98 pages in unavailable ranges
[    0.180362] kernel: On node 0, zone DMA32: 48 pages in unavailable ranges
[    0.852966] kernel: ACPI: PM-Timer IO Port: 0x1008
[    0.852975] kernel: system APIC only can use physical flat
[    0.852986] kernel: ACPI: LAPIC_NMI (acpi_id[0x00] high edge lint[0x1])
[    0.852988] kernel: ACPI: LAPIC_NMI (acpi_id[0x01] high edge lint[0x1])
[    0.852988] kernel: ACPI: LAPIC_NMI (acpi_id[0x02] high edge lint[0x1])
[    0.852989] kernel: ACPI: LAPIC_NMI (acpi_id[0x03] high edge lint[0x1])
[    0.852990] kernel: ACPI: LAPIC_NMI (acpi_id[0x04] high edge lint[0x1])
[    0.852991] kernel: ACPI: LAPIC_NMI (acpi_id[0x05] high edge lint[0x1])
[    0.852991] kernel: ACPI: LAPIC_NMI (acpi_id[0x06] high edge lint[0x1])
[    0.852992] kernel: ACPI: LAPIC_NMI (acpi_id[0x07] high edge lint[0x1])
[    0.852993] kernel: ACPI: LAPIC_NMI (acpi_id[0x08] high edge lint[0x1])
[    0.852993] kernel: ACPI: LAPIC_NMI (acpi_id[0x09] high edge lint[0x1])
[    0.852994] kernel: ACPI: LAPIC_NMI (acpi_id[0x0a] high edge lint[0x1])
[    0.852994] kernel: ACPI: LAPIC_NMI (acpi_id[0x0b] high edge lint[0x1])
[    0.852995] kernel: ACPI: LAPIC_NMI (acpi_id[0x0c] high edge lint[0x1])
[    0.852996] kernel: ACPI: LAPIC_NMI (acpi_id[0x0d] high edge lint[0x1])
[    0.852996] kernel: ACPI: LAPIC_NMI (acpi_id[0x0e] high edge lint[0x1])
[    0.852997] kernel: ACPI: LAPIC_NMI (acpi_id[0x0f] high edge lint[0x1])
[    0.852997] kernel: ACPI: LAPIC_NMI (acpi_id[0x10] high edge lint[0x1])
[    0.852998] kernel: ACPI: LAPIC_NMI (acpi_id[0x11] high edge lint[0x1])
[    0.852998] kernel: ACPI: LAPIC_NMI (acpi_id[0x12] high edge lint[0x1])
[    0.852999] kernel: ACPI: LAPIC_NMI (acpi_id[0x13] high edge lint[0x1])
[    0.853000] kernel: ACPI: LAPIC_NMI (acpi_id[0x14] high edge lint[0x1])
[    0.853000] kernel: ACPI: LAPIC_NMI (acpi_id[0x15] high edge lint[0x1])
[    0.853001] kernel: ACPI: LAPIC_NMI (acpi_id[0x16] high edge lint[0x1])
[    0.853002] kernel: ACPI: LAPIC_NMI (acpi_id[0x17] high edge lint[0x1])
[    0.853002] kernel: ACPI: LAPIC_NMI (acpi_id[0x18] high edge lint[0x1])
[    0.853003] kernel: ACPI: LAPIC_NMI (acpi_id[0x19] high edge lint[0x1])
[    0.853004] kernel: ACPI: LAPIC_NMI (acpi_id[0x1a] high edge lint[0x1])
[    0.853004] kernel: ACPI: LAPIC_NMI (acpi_id[0x1b] high edge lint[0x1])
[    0.853005] kernel: ACPI: LAPIC_NMI (acpi_id[0x1c] high edge lint[0x1])
[    0.853005] kernel: ACPI: LAPIC_NMI (acpi_id[0x1d] high edge lint[0x1])
[    0.853006] kernel: ACPI: LAPIC_NMI (acpi_id[0x1e] high edge lint[0x1])
[    0.853007] kernel: ACPI: LAPIC_NMI (acpi_id[0x1f] high edge lint[0x1])
[    0.853007] kernel: ACPI: LAPIC_NMI (acpi_id[0x20] high edge lint[0x1])
[    0.853008] kernel: ACPI: LAPIC_NMI (acpi_id[0x21] high edge lint[0x1])
[    0.853008] kernel: ACPI: LAPIC_NMI (acpi_id[0x22] high edge lint[0x1])
[    0.853009] kernel: ACPI: LAPIC_NMI (acpi_id[0x23] high edge lint[0x1])
[    0.853010] kernel: ACPI: LAPIC_NMI (acpi_id[0x24] high edge lint[0x1])
[    0.853010] kernel: ACPI: LAPIC_NMI (acpi_id[0x25] high edge lint[0x1])
[    0.853011] kernel: ACPI: LAPIC_NMI (acpi_id[0x26] high edge lint[0x1])
[    0.853012] kernel: ACPI: LAPIC_NMI (acpi_id[0x27] high edge lint[0x1])
[    0.853012] kernel: ACPI: LAPIC_NMI (acpi_id[0x28] high edge lint[0x1])
[    0.853013] kernel: ACPI: LAPIC_NMI (acpi_id[0x29] high edge lint[0x1])
[    0.853013] kernel: ACPI: LAPIC_NMI (acpi_id[0x2a] high edge lint[0x1])
[    0.853014] kernel: ACPI: LAPIC_NMI (acpi_id[0x2b] high edge lint[0x1])
[    0.853015] kernel: ACPI: LAPIC_NMI (acpi_id[0x2c] high edge lint[0x1])
[    0.853015] kernel: ACPI: LAPIC_NMI (acpi_id[0x2d] high edge lint[0x1])
[    0.853016] kernel: ACPI: LAPIC_NMI (acpi_id[0x2e] high edge lint[0x1])
[    0.853016] kernel: ACPI: LAPIC_NMI (acpi_id[0x2f] high edge lint[0x1])
[    0.853017] kernel: ACPI: LAPIC_NMI (acpi_id[0x30] high edge lint[0x1])
[    0.853018] kernel: ACPI: LAPIC_NMI (acpi_id[0x31] high edge lint[0x1])
[    0.853018] kernel: ACPI: LAPIC_NMI (acpi_id[0x32] high edge lint[0x1])
[    0.853019] kernel: ACPI: LAPIC_NMI (acpi_id[0x33] high edge lint[0x1])
[    0.853020] kernel: ACPI: LAPIC_NMI (acpi_id[0x34] high edge lint[0x1])
[    0.853020] kernel: ACPI: LAPIC_NMI (acpi_id[0x35] high edge lint[0x1])
[    0.853021] kernel: ACPI: LAPIC_NMI (acpi_id[0x36] high edge lint[0x1])
[    0.853021] kernel: ACPI: LAPIC_NMI (acpi_id[0x37] high edge lint[0x1])
[    0.853022] kernel: ACPI: LAPIC_NMI (acpi_id[0x38] high edge lint[0x1])
[    0.853023] kernel: ACPI: LAPIC_NMI (acpi_id[0x39] high edge lint[0x1])
[    0.853023] kernel: ACPI: LAPIC_NMI (acpi_id[0x3a] high edge lint[0x1])
[    0.853024] kernel: ACPI: LAPIC_NMI (acpi_id[0x3b] high edge lint[0x1])
[    0.853024] kernel: ACPI: LAPIC_NMI (acpi_id[0x3c] high edge lint[0x1])
[    0.853025] kernel: ACPI: LAPIC_NMI (acpi_id[0x3d] high edge lint[0x1])
[    0.853026] kernel: ACPI: LAPIC_NMI (acpi_id[0x3e] high edge lint[0x1])
[    0.853026] kernel: ACPI: LAPIC_NMI (acpi_id[0x3f] high edge lint[0x1])
[    0.853027] kernel: ACPI: LAPIC_NMI (acpi_id[0x40] high edge lint[0x1])
[    0.853028] kernel: ACPI: LAPIC_NMI (acpi_id[0x41] high edge lint[0x1])
[    0.853028] kernel: ACPI: LAPIC_NMI (acpi_id[0x42] high edge lint[0x1])
[    0.853029] kernel: ACPI: LAPIC_NMI (acpi_id[0x43] high edge lint[0x1])
[    0.853029] kernel: ACPI: LAPIC_NMI (acpi_id[0x44] high edge lint[0x1])
[    0.853030] kernel: ACPI: LAPIC_NMI (acpi_id[0x45] high edge lint[0x1])
[    0.853031] kernel: ACPI: LAPIC_NMI (acpi_id[0x46] high edge lint[0x1])
[    0.853031] kernel: ACPI: LAPIC_NMI (acpi_id[0x47] high edge lint[0x1])
[    0.853032] kernel: ACPI: LAPIC_NMI (acpi_id[0x48] high edge lint[0x1])
[    0.853032] kernel: ACPI: LAPIC_NMI (acpi_id[0x49] high edge lint[0x1])
[    0.853033] kernel: ACPI: LAPIC_NMI (acpi_id[0x4a] high edge lint[0x1])
[    0.853034] kernel: ACPI: LAPIC_NMI (acpi_id[0x4b] high edge lint[0x1])
[    0.853034] kernel: ACPI: LAPIC_NMI (acpi_id[0x4c] high edge lint[0x1])
[    0.853035] kernel: ACPI: LAPIC_NMI (acpi_id[0x4d] high edge lint[0x1])
[    0.853035] kernel: ACPI: LAPIC_NMI (acpi_id[0x4e] high edge lint[0x1])
[    0.853036] kernel: ACPI: LAPIC_NMI (acpi_id[0x4f] high edge lint[0x1])
[    0.853037] kernel: ACPI: LAPIC_NMI (acpi_id[0x50] high edge lint[0x1])
[    0.853037] kernel: ACPI: LAPIC_NMI (acpi_id[0x51] high edge lint[0x1])
[    0.853038] kernel: ACPI: LAPIC_NMI (acpi_id[0x52] high edge lint[0x1])
[    0.853038] kernel: ACPI: LAPIC_NMI (acpi_id[0x53] high edge lint[0x1])
[    0.853039] kernel: ACPI: LAPIC_NMI (acpi_id[0x54] high edge lint[0x1])
[    0.853040] kernel: ACPI: LAPIC_NMI (acpi_id[0x55] high edge lint[0x1])
[    0.853040] kernel: ACPI: LAPIC_NMI (acpi_id[0x56] high edge lint[0x1])
[    0.853041] kernel: ACPI: LAPIC_NMI (acpi_id[0x57] high edge lint[0x1])
[    0.853041] kernel: ACPI: LAPIC_NMI (acpi_id[0x58] high edge lint[0x1])
[    0.853042] kernel: ACPI: LAPIC_NMI (acpi_id[0x59] high edge lint[0x1])
[    0.853042] kernel: ACPI: LAPIC_NMI (acpi_id[0x5a] high edge lint[0x1])
[    0.853043] kernel: ACPI: LAPIC_NMI (acpi_id[0x5b] high edge lint[0x1])
[    0.853044] kernel: ACPI: LAPIC_NMI (acpi_id[0x5c] high edge lint[0x1])
[    0.853044] kernel: ACPI: LAPIC_NMI (acpi_id[0x5d] high edge lint[0x1])
[    0.853045] kernel: ACPI: LAPIC_NMI (acpi_id[0x5e] high edge lint[0x1])
[    0.853046] kernel: ACPI: LAPIC_NMI (acpi_id[0x5f] high edge lint[0x1])
[    0.853046] kernel: ACPI: LAPIC_NMI (acpi_id[0x60] high edge lint[0x1])
[    0.853047] kernel: ACPI: LAPIC_NMI (acpi_id[0x61] high edge lint[0x1])
[    0.853047] kernel: ACPI: LAPIC_NMI (acpi_id[0x62] high edge lint[0x1])
[    0.853048] kernel: ACPI: LAPIC_NMI (acpi_id[0x63] high edge lint[0x1])
[    0.853049] kernel: ACPI: LAPIC_NMI (acpi_id[0x64] high edge lint[0x1])
[    0.853049] kernel: ACPI: LAPIC_NMI (acpi_id[0x65] high edge lint[0x1])
[    0.853050] kernel: ACPI: LAPIC_NMI (acpi_id[0x66] high edge lint[0x1])
[    0.853050] kernel: ACPI: LAPIC_NMI (acpi_id[0x67] high edge lint[0x1])
[    0.853051] kernel: ACPI: LAPIC_NMI (acpi_id[0x68] high edge lint[0x1])
[    0.853052] kernel: ACPI: LAPIC_NMI (acpi_id[0x69] high edge lint[0x1])
[    0.853052] kernel: ACPI: LAPIC_NMI (acpi_id[0x6a] high edge lint[0x1])
[    0.853053] kernel: ACPI: LAPIC_NMI (acpi_id[0x6b] high edge lint[0x1])
[    0.853053] kernel: ACPI: LAPIC_NMI (acpi_id[0x6c] high edge lint[0x1])
[    0.853054] kernel: ACPI: LAPIC_NMI (acpi_id[0x6d] high edge lint[0x1])
[    0.853054] kernel: ACPI: LAPIC_NMI (acpi_id[0x6e] high edge lint[0x1])
[    0.853055] kernel: ACPI: LAPIC_NMI (acpi_id[0x6f] high edge lint[0x1])
[    0.853056] kernel: ACPI: LAPIC_NMI (acpi_id[0x70] high edge lint[0x1])
[    0.853056] kernel: ACPI: LAPIC_NMI (acpi_id[0x71] high edge lint[0x1])
[    0.853057] kernel: ACPI: LAPIC_NMI (acpi_id[0x72] high edge lint[0x1])
[    0.853057] kernel: ACPI: LAPIC_NMI (acpi_id[0x73] high edge lint[0x1])
[    0.853058] kernel: ACPI: LAPIC_NMI (acpi_id[0x74] high edge lint[0x1])
[    0.853059] kernel: ACPI: LAPIC_NMI (acpi_id[0x75] high edge lint[0x1])
[    0.853059] kernel: ACPI: LAPIC_NMI (acpi_id[0x76] high edge lint[0x1])
[    0.853060] kernel: ACPI: LAPIC_NMI (acpi_id[0x77] high edge lint[0x1])
[    0.853060] kernel: ACPI: LAPIC_NMI (acpi_id[0x78] high edge lint[0x1])
[    0.853061] kernel: ACPI: LAPIC_NMI (acpi_id[0x79] high edge lint[0x1])
[    0.853062] kernel: ACPI: LAPIC_NMI (acpi_id[0x7a] high edge lint[0x1])
[    0.853062] kernel: ACPI: LAPIC_NMI (acpi_id[0x7b] high edge lint[0x1])
[    0.853063] kernel: ACPI: LAPIC_NMI (acpi_id[0x7c] high edge lint[0x1])
[    0.853063] kernel: ACPI: LAPIC_NMI (acpi_id[0x7d] high edge lint[0x1])
[    0.853064] kernel: ACPI: LAPIC_NMI (acpi_id[0x7e] high edge lint[0x1])
[    0.853065] kernel: ACPI: LAPIC_NMI (acpi_id[0x7f] high edge lint[0x1])
[    0.853099] kernel: IOAPIC[0]: apic_id 128, version 32, address 0xfec00000, GSI 0-23
[    0.853104] kernel: ACPI: INT_SRC_OVR (bus 0 bus_irq 0 global_irq 2 high edge)
[    0.853110] kernel: ACPI: Using ACPI (MADT) for SMP configuration information
[    0.853111] kernel: ACPI: HPET id: 0x8086af01 base: 0xfed00000
[    0.853115] kernel: TSC deadline timer available
[    0.853121] kernel: smpboot: Allowing 128 CPUs, 124 hotplug CPUs
[    0.853132] kernel: PM: hibernation: Registered nosave memory: [mem 0x00000000-0x00000fff]
[    0.853134] kernel: PM: hibernation: Registered nosave memory: [mem 0x0009e000-0x0009efff]
[    0.853134] kernel: PM: hibernation: Registered nosave memory: [mem 0x0009f000-0x0009ffff]
[    0.853135] kernel: PM: hibernation: Registered nosave memory: [mem 0x000a0000-0x000dbfff]
[    0.853135] kernel: PM: hibernation: Registered nosave memory: [mem 0x000dc000-0x000fffff]
[    0.853136] kernel: PM: hibernation: Registered nosave memory: [mem 0xbfed0000-0xbfefefff]
[    0.853137] kernel: PM: hibernation: Registered nosave memory: [mem 0xbfeff000-0xbfefffff]
[    0.853137] kernel: PM: hibernation: Registered nosave memory: [mem 0xc0000000-0xefffffff]
[    0.853138] kernel: PM: hibernation: Registered nosave memory: [mem 0xf0000000-0xf7ffffff]
[    0.853138] kernel: PM: hibernation: Registered nosave memory: [mem 0xf8000000-0xfebfffff]
[    0.853139] kernel: PM: hibernation: Registered nosave memory: [mem 0xfec00000-0xfec0ffff]
[    0.853139] kernel: PM: hibernation: Registered nosave memory: [mem 0xfec10000-0xfedfffff]
[    0.853140] kernel: PM: hibernation: Registered nosave memory: [mem 0xfee00000-0xfee00fff]
[    0.853140] kernel: PM: hibernation: Registered nosave memory: [mem 0xfee01000-0xfffdffff]
[    0.853141] kernel: PM: hibernation: Registered nosave memory: [mem 0xfffe0000-0xffffffff]
[    0.853142] kernel: [mem 0xc0000000-0xefffffff] available for PCI devices
[    0.853142] kernel: Booting paravirtualized kernel on VMware hypervisor
[    0.853145] kernel: clocksource: refined-jiffies: mask: 0xffffffff max_cycles: 0xffffffff, max_idle_ns: 7645519600211568 ns
[    0.853178] kernel: setup_percpu: NR_CPUS:8192 nr_cpumask_bits:128 nr_cpu_ids:128 nr_node_ids:1
[    1.053517] kernel: percpu: Embedded 61 pages/cpu s212992 r8192 d28672 u262144
[    1.053529] kernel: pcpu-alloc: s212992 r8192 d28672 u262144 alloc=1*2097152
[    1.053532] kernel: pcpu-alloc: [0] 000 001 002 003 004 005 006 007 
[    1.053536] kernel: pcpu-alloc: [0] 008 009 010 011 012 013 014 015 
[    1.053539] kernel: pcpu-alloc: [0] 016 017 018 019 020 021 022 023 
[    1.053543] kernel: pcpu-alloc: [0] 024 025 026 027 028 029 030 031 
[    1.053546] kernel: pcpu-alloc: [0] 032 033 034 035 036 037 038 039 
[    1.053549] kernel: pcpu-alloc: [0] 040 041 042 043 044 045 046 047 
[    1.053552] kernel: pcpu-alloc: [0] 048 049 050 051 052 053 054 055 
[    1.053555] kernel: pcpu-alloc: [0] 056 057 058 059 060 061 062 063 
[    1.053558] kernel: pcpu-alloc: [0] 064 065 066 067 068 069 070 071 
[    1.053561] kernel: pcpu-alloc: [0] 072 073 074 075 076 077 078 079 
[    1.053564] kernel: pcpu-alloc: [0] 080 081 082 083 084 085 086 087 
[    1.053567] kernel: pcpu-alloc: [0] 088 089 090 091 092 093 094 095 
[    1.053570] kernel: pcpu-alloc: [0] 096 097 098 099 100 101 102 103 
[    1.053573] kernel: pcpu-alloc: [0] 104 105 106 107 108 109 110 111 
[    1.053576] kernel: pcpu-alloc: [0] 112 113 114 115 116 117 118 119 
[    1.053579] kernel: pcpu-alloc: [0] 120 121 122 123 124 125 126 127 
[    1.053639] kernel: Fallback order for Node 0: 0 
[    1.053650] kernel: Built 1 zonelists, mobility grouping on.  Total pages: 4128464
[    1.053652] kernel: Policy zone: Normal
[    1.053653] kernel: Kernel command line: BOOT_IMAGE=/boot/vmlinuz-5.19.0-41-generic root=UUID=8de9989f-a6e4-4c92-a044-2c6d1909bf50 ro find_preseed=/preseed.cfg auto noprompt priority=critical locale=en_US quiet splash
[    1.053744] kernel: Unknown kernel command line parameters "auto noprompt splash BOOT_IMAGE=/boot/vmlinuz-5.19.0-41-generic find_preseed=/preseed.cfg priority=critical locale=en_US", will be passed to user space.
[    1.053745] kernel: printk: log_buf_len individual max cpu contribution: 4096 bytes
[    1.053746] kernel: printk: log_buf_len total cpu_extra contributions: 520192 bytes
[    1.053746] kernel: printk: log_buf_len min size: 262144 bytes
[    1.079332] kernel: printk: log_buf_len: 1048576 bytes
[    1.079336] kernel: printk: early log buf free: 226664(86%)
[    1.231655] kernel: Dentry cache hash table entries: 2097152 (order: 12, 16777216 bytes, linear)
[    1.283603] kernel: Inode-cache hash table entries: 1048576 (order: 11, 8388608 bytes, linear)
[    1.286428] kernel: mem auto-init: stack:off, heap alloc:on, heap free:off
[    1.618010] kernel: Memory: 16270128K/16776628K available (18440K kernel code, 4052K rwdata, 11300K rodata, 3164K init, 4908K bss, 506240K reserved, 0K cma-reserved)
[    1.619359] kernel: SLUB: HWalign=64, Order=0-3, MinObjects=0, CPUs=128, Nodes=1
[    1.619451] kernel: ftrace: allocating 52226 entries in 205 pages
[    1.628664] kernel: ftrace: allocated 205 pages with 5 groups
[    1.630916] kernel: Dynamic Preempt: voluntary
[    1.631335] kernel: rcu: Preemptible hierarchical RCU implementation.
[    1.631337] kernel: rcu:         RCU restricting CPUs from NR_CPUS=8192 to nr_cpu_ids=128.
[    1.631338] kernel:         Trampoline variant of Tasks RCU enabled.
[    1.631339] kernel:         Rude variant of Tasks RCU enabled.
[    1.631339] kernel:         Tracing variant of Tasks RCU enabled.
[    1.631339] kernel: rcu: RCU calculated value of scheduler-enlistment delay is 25 jiffies.
[    1.631340] kernel: rcu: Adjusting geometry for rcu_fanout_leaf=16, nr_cpu_ids=128
[    1.636866] kernel: NR_IRQS: 524544, nr_irqs: 1448, preallocated irqs: 16
[    1.637213] kernel: rcu: srcu_init: Setting srcu_struct sizes to big.
[    1.637399] kernel: random: crng init done
[    1.638850] kernel: Console: colour VGA+ 80x25
[    1.638885] kernel: printk: console [tty0] enabled
[    1.639013] kernel: ACPI: Core revision 20220331
[    1.639596] kernel: clocksource: hpet: mask: 0xffffffff max_cycles: 0xffffffff, max_idle_ns: 133484882848 ns
[    1.639726] kernel: APIC: Switch to symmetric I/O mode setup
[    1.640015] kernel: x2apic enabled
[    1.640188] kernel: Switched APIC routing to physical x2apic.
[    1.640933] kernel: ..TIMER: vector=0x30 apic1=0 pin1=2 apic2=-1 pin2=-1
[    1.640955] kernel: clocksource: tsc-early: mask: 0xffffffffffffffff max_cycles: 0x33e456ed7d0, max_idle_ns: 440795322762 ns
[    1.640962] kernel: Calibrating delay loop (skipped) preset value.. 7200.00 BogoMIPS (lpj=14400016)
[    1.640964] kernel: pid_max: default: 131072 minimum: 1024
[    1.641051] kernel: LSM: Security Framework initializing
[    1.641062] kernel: landlock: Up and running.
[    1.641063] kernel: Yama: becoming mindful.
[    1.641282] kernel: AppArmor: AppArmor initialized
[    1.642192] kernel: Mount-cache hash table entries: 32768 (order: 6, 262144 bytes, linear)
[    1.642992] kernel: Mountpoint-cache hash table entries: 32768 (order: 6, 262144 bytes, linear)
[    1.645618] kernel: Disabled fast string operations
[    1.645720] kernel: Last level iTLB entries: 4KB 128, 2MB 8, 4MB 8
[    1.645722] kernel: Last level dTLB entries: 4KB 64, 2MB 0, 4MB 0, 1GB 4
[    1.645727] kernel: Spectre V1 : Mitigation: usercopy/swapgs barriers and __user pointer sanitization
[    1.645843] kernel: Spectre V2 : Mitigation: IBRS
[    1.645845] kernel: Spectre V2 : Spectre v2 / SpectreRSB mitigation: Filling RSB on context switch
[    1.645846] kernel: Spectre V2 : Spectre v2 / SpectreRSB : Filling RSB on VMEXIT
[    1.645847] kernel: RETBleed: Mitigation: IBRS
[    1.645850] kernel: Spectre V2 : mitigation: Enabling conditional Indirect Branch Prediction Barrier
[    1.645851] kernel: Speculative Store Bypass: Mitigation: Speculative Store Bypass disabled via prctl
[    1.645857] kernel: MDS: Mitigation: Clear CPU buffers
[    1.645858] kernel: MMIO Stale Data: Mitigation: Clear CPU buffers
[    1.645859] kernel: SRBDS: Unknown: Dependent on hypervisor status
[    1.666906] kernel: Freeing SMP alternatives memory: 44K
[    1.669596] kernel: smpboot: CPU0: Intel(R) Core(TM) i7-9700K CPU @ 3.60GHz (family: 0x6, model: 0x9e, stepping: 0xc)
[    1.670389] kernel: cblist_init_generic: Setting adjustable number of callback queues.
[    1.670424] kernel: cblist_init_generic: Setting shift to 7 and lim to 1.
[    1.670622] kernel: cblist_init_generic: Setting shift to 7 and lim to 1.
[    1.670714] kernel: cblist_init_generic: Setting shift to 7 and lim to 1.
[    1.670795] kernel: Performance Events: Skylake events, core PMU driver.
[    1.670834] kernel: core: CPUID marked event: 'cpu cycles' unavailable
[    1.670835] kernel: core: CPUID marked event: 'instructions' unavailable
[    1.670835] kernel: core: CPUID marked event: 'bus cycles' unavailable
[    1.670836] kernel: core: CPUID marked event: 'cache references' unavailable
[    1.670836] kernel: core: CPUID marked event: 'cache misses' unavailable
[    1.670837] kernel: core: CPUID marked event: 'branch instructions' unavailable
[    1.670837] kernel: core: CPUID marked event: 'branch misses' unavailable
[    1.670839] kernel: ... version:                1
[    1.670840] kernel: ... bit width:              48
[    1.670841] kernel: ... generic registers:      8
[    1.670841] kernel: ... value mask:             0000ffffffffffff
[    1.670842] kernel: ... max period:             000000007fffffff
[    1.670843] kernel: ... fixed-purpose events:   0
[    1.670843] kernel: ... event mask:             00000000000000ff
[    1.671025] kernel: rcu: Hierarchical SRCU implementation.
[    1.671026] kernel: rcu:         Max phase no-delay instances is 1000.
[    1.672100] kernel: NMI watchdog: Perf NMI watchdog permanently disabled
[    1.685526] kernel: smp: Bringing up secondary CPUs ...
[    1.686471] kernel: x86: Booting SMP configuration:
[    1.686474] kernel: .... node  #0, CPUs:          #1
[    0.007592] kernel: Disabled fast string operations
[    1.689697] kernel:    #2
[    0.007592] kernel: Disabled fast string operations
[    1.690482] kernel:    #3
[    0.007592] kernel: Disabled fast string operations
[    1.690633] kernel: smp: Brought up 1 node, 4 CPUs
[    1.690633] kernel: smpboot: Max logical packages: 32
[    1.690633] kernel: smpboot: Total of 4 processors activated (28800.03 BogoMIPS)
[    1.698466] kernel: devtmpfs: initialized
[    1.698466] kernel: x86/mm: Memory block size: 128MB
[    1.702850] kernel: ACPI: PM: Registering ACPI NVS region [mem 0xbfeff000-0xbfefffff] (4096 bytes)
[    1.702850] kernel: clocksource: jiffies: mask: 0xffffffff max_cycles: 0xffffffff, max_idle_ns: 7645041785100000 ns
[    1.710857] kernel: futex hash table entries: 32768 (order: 9, 2097152 bytes, linear)
[    1.711520] kernel: pinctrl core: initialized pinctrl subsystem
[    1.711788] kernel: PM: RTC time: 04:52:01, date: 2023-05-08
[    1.718961] kernel: NET: Registered PF_NETLINK/PF_ROUTE protocol family
[    1.725993] kernel: DMA: preallocated 2048 KiB GFP_KERNEL pool for atomic allocations
[    1.726261] kernel: DMA: preallocated 2048 KiB GFP_KERNEL|GFP_DMA pool for atomic allocations
[    1.726505] kernel: DMA: preallocated 2048 KiB GFP_KERNEL|GFP_DMA32 pool for atomic allocations
[    1.726524] kernel: audit: initializing netlink subsys (disabled)
[    1.726562] kernel: audit: type=2000 audit(1683521521.084:1): state=initialized audit_enabled=0 res=1
[    1.726562] kernel: thermal_sys: Registered thermal governor 'fair_share'
[    1.726562] kernel: thermal_sys: Registered thermal governor 'bang_bang'
[    1.726562] kernel: thermal_sys: Registered thermal governor 'step_wise'
[    1.726562] kernel: thermal_sys: Registered thermal governor 'user_space'
[    1.726562] kernel: thermal_sys: Registered thermal governor 'power_allocator'
[    1.726562] kernel: EISA bus registered
[    1.726562] kernel: cpuidle: using governor ladder
[    1.726562] kernel: cpuidle: using governor menu
[    1.726562] kernel: Simple Boot Flag at 0x36 set to 0x80
[    1.726562] kernel: HugeTLB: can optimize 4095 vmemmap pages for hugepages-1048576kB
[    1.726562] kernel: acpiphp: ACPI Hot Plug PCI Controller Driver version: 0.5
[    1.726562] kernel: PCI: MMCONFIG for domain 0000 [bus 00-7f] at [mem 0xf0000000-0xf7ffffff] (base 0xf0000000)
[    1.726562] kernel: PCI: MMCONFIG at [mem 0xf0000000-0xf7ffffff] reserved in E820
[    1.726562] kernel: pmd_set_huge: Cannot satisfy [mem 0xf0000000-0xf0200000] with a huge-page mapping due to MTRR override.
[    1.726562] kernel: PCI: Using configuration type 1 for base access
[    1.730086] kernel: kprobes: kprobe jump-optimization is enabled. All kprobes are optimized if possible.
[    1.734781] kernel: HugeTLB: can optimize 7 vmemmap pages for hugepages-2048kB
[    1.734781] kernel: HugeTLB registered 1.00 GiB page size, pre-allocated 0 pages
[    1.734781] kernel: HugeTLB registered 2.00 MiB page size, pre-allocated 0 pages
[    1.737203] kernel: ACPI: Added _OSI(Module Device)
[    1.737205] kernel: ACPI: Added _OSI(Processor Device)
[    1.737206] kernel: ACPI: Added _OSI(3.0 _SCP Extensions)
[    1.737207] kernel: ACPI: Added _OSI(Processor Aggregator Device)
[    1.737208] kernel: ACPI: Added _OSI(Linux-Dell-Video)
[    1.737208] kernel: ACPI: Added _OSI(Linux-Lenovo-NV-HDMI-Audio)
[    1.737209] kernel: ACPI: Added _OSI(Linux-HPI-Hybrid-Graphics)
[    1.763366] kernel: ACPI: 1 ACPI AML tables successfully acquired and loaded
[    1.766585] kernel: ACPI: [Firmware Bug]: BIOS _OSI(Linux) query ignored
[    1.794055] kernel: ACPI: Interpreter enabled
[    1.794075] kernel: ACPI: PM: (supports S0 S1 S4 S5)
[    1.794077] kernel: ACPI: Using IOAPIC for interrupt routing
[    1.794300] kernel: PCI: Using host bridge windows from ACPI; if necessary, use "pci=nocrs" and report a bug
[    1.794301] kernel: PCI: Using E820 reservations for host bridge windows
[    1.796671] kernel: ACPI: Enabled 4 GPEs in block 00 to 0F
[    1.987286] kernel: ACPI: PCI Root Bridge [PCI0] (domain 0000 [bus 00-7f])
[    1.987298] kernel: acpi PNP0A03:00: _OSC: OS supports [ExtendedConfig ASPM ClockPM Segments MSI EDR HPX-Type3]
[    1.987424] kernel: acpi PNP0A03:00: _OSC: platform does not support [AER LTR DPC]
[    1.987668] kernel: acpi PNP0A03:00: _OSC: OS now controls [PCIeHotplug SHPCHotplug PME PCIeCapability]
[    1.987668] kernel: PCI host bridge to bus 0000:00
[    1.987668] kernel: pci_bus 0000:00: root bus resource [mem 0x000a0000-0x000bffff window]
[    1.987668] kernel: pci_bus 0000:00: root bus resource [mem 0x000d0000-0x000dbfff window]
[    1.987668] kernel: pci_bus 0000:00: root bus resource [mem 0xc0000000-0xfebfffff window]
[    1.987668] kernel: pci_bus 0000:00: root bus resource [io  0x0000-0x0cf7 window]
[    1.987668] kernel: pci_bus 0000:00: root bus resource [io  0x0d00-0xfeff window]
[    1.987668] kernel: pci_bus 0000:00: root bus resource [bus 00-7f]
[    1.987668] kernel: pci 0000:00:00.0: [8086:7190] type 00 class 0x060000
[    1.987668] kernel: pci 0000:00:01.0: [8086:7191] type 01 class 0x060400
[    1.987722] kernel: pci 0000:00:07.0: [8086:7110] type 00 class 0x060100
[    1.988335] kernel: pci 0000:00:07.1: [8086:7111] type 00 class 0x01018a
[    1.988958] kernel: pci 0000:00:07.1: reg 0x20: [io  0x1060-0x106f]
[    1.988958] kernel: pci 0000:00:07.1: legacy IDE quirk: reg 0x10: [io  0x01f0-0x01f7]
[    1.988958] kernel: pci 0000:00:07.1: legacy IDE quirk: reg 0x14: [io  0x03f6]
[    1.988958] kernel: pci 0000:00:07.1: legacy IDE quirk: reg 0x18: [io  0x0170-0x0177]
[    1.988958] kernel: pci 0000:00:07.1: legacy IDE quirk: reg 0x1c: [io  0x0376]
[    1.988958] kernel: pci 0000:00:07.3: [8086:7113] type 00 class 0x068000
[    1.988958] kernel: pci 0000:00:07.3: quirk: [io  0x1000-0x103f] claimed by PIIX4 ACPI
[    1.988958] kernel: pci 0000:00:07.3: quirk: [io  0x1040-0x104f] claimed by PIIX4 SMB
[    1.988958] kernel: pci 0000:00:07.7: [15ad:0740] type 00 class 0x088000
[    1.988958] kernel: pci 0000:00:07.7: reg 0x10: [io  0x1080-0x10bf]
[    1.988958] kernel: pci 0000:00:07.7: reg 0x14: [mem 0xfebc0000-0xfebfffff 64bit]
[    1.996962] kernel: pci 0000:00:0f.0: [15ad:0405] type 00 class 0x030000
[    1.996962] kernel: pci 0000:00:0f.0: reg 0x10: [io  0x1070-0x107f]
[    1.996962] kernel: pci 0000:00:0f.0: reg 0x14: [mem 0xe8000000-0xefffffff pref]
[    1.997628] kernel: pci 0000:00:0f.0: reg 0x18: [mem 0xfe000000-0xfe7fffff]
[    2.000179] kernel: pci 0000:00:0f.0: reg 0x30: [mem 0x00000000-0x00007fff pref]
[    2.000231] kernel: pci 0000:00:0f.0: Video device with shadowed ROM at [mem 0x000c0000-0x000dffff]
[    2.000602] kernel: pci 0000:00:10.0: [1000:0030] type 00 class 0x010000
[    2.000966] kernel: pci 0000:00:10.0: reg 0x10: [io  0x1400-0x14ff]
[    2.001381] kernel: pci 0000:00:10.0: reg 0x14: [mem 0xfeb80000-0xfeb9ffff 64bit]
[    2.001761] kernel: pci 0000:00:10.0: reg 0x1c: [mem 0xfeba0000-0xfebbffff 64bit]
[    2.002540] kernel: pci 0000:00:10.0: reg 0x30: [mem 0x00000000-0x00003fff pref]
[    2.003069] kernel: pci 0000:00:11.0: [15ad:0790] type 01 class 0x060401
[    2.004319] kernel: pci 0000:00:15.0: [15ad:07a0] type 01 class 0x060400
[    2.004979] kernel: pci 0000:00:15.0: PME# supported from D0 D3hot D3cold
[    2.005338] kernel: pci 0000:00:15.1: [15ad:07a0] type 01 class 0x060400
[    2.005997] kernel: pci 0000:00:15.1: PME# supported from D0 D3hot D3cold
[    2.006369] kernel: pci 0000:00:15.2: [15ad:07a0] type 01 class 0x060400
[    2.007014] kernel: pci 0000:00:15.2: PME# supported from D0 D3hot D3cold
[    2.007399] kernel: pci 0000:00:15.3: [15ad:07a0] type 01 class 0x060400
[    2.008045] kernel: pci 0000:00:15.3: PME# supported from D0 D3hot D3cold
[    2.008398] kernel: pci 0000:00:15.4: [15ad:07a0] type 01 class 0x060400
[    2.009045] kernel: pci 0000:00:15.4: PME# supported from D0 D3hot D3cold
[    2.009412] kernel: pci 0000:00:15.5: [15ad:07a0] type 01 class 0x060400
[    2.010062] kernel: pci 0000:00:15.5: PME# supported from D0 D3hot D3cold
[    2.010430] kernel: pci 0000:00:15.6: [15ad:07a0] type 01 class 0x060400
[    2.011079] kernel: pci 0000:00:15.6: PME# supported from D0 D3hot D3cold
[    2.011567] kernel: pci 0000:00:15.7: [15ad:07a0] type 01 class 0x060400
[    2.012246] kernel: pci 0000:00:15.7: PME# supported from D0 D3hot D3cold
[    2.012638] kernel: pci 0000:00:16.0: [15ad:07a0] type 01 class 0x060400
[    2.013303] kernel: pci 0000:00:16.0: PME# supported from D0 D3hot D3cold
[    2.013666] kernel: pci 0000:00:16.1: [15ad:07a0] type 01 class 0x060400
[    2.014312] kernel: pci 0000:00:16.1: PME# supported from D0 D3hot D3cold
[    2.014674] kernel: pci 0000:00:16.2: [15ad:07a0] type 01 class 0x060400
[    2.015329] kernel: pci 0000:00:16.2: PME# supported from D0 D3hot D3cold
[    2.015809] kernel: pci 0000:00:16.3: [15ad:07a0] type 01 class 0x060400
[    2.016486] kernel: pci 0000:00:16.3: PME# supported from D0 D3hot D3cold
[    2.016938] kernel: pci 0000:00:16.4: [15ad:07a0] type 01 class 0x060400
[    2.017606] kernel: pci 0000:00:16.4: PME# supported from D0 D3hot D3cold
[    2.017988] kernel: pci 0000:00:16.5: [15ad:07a0] type 01 class 0x060400
[    2.018640] kernel: pci 0000:00:16.5: PME# supported from D0 D3hot D3cold
[    2.019013] kernel: pci 0000:00:16.6: [15ad:07a0] type 01 class 0x060400
[    2.019662] kernel: pci 0000:00:16.6: PME# supported from D0 D3hot D3cold
[    2.020210] kernel: pci 0000:00:16.7: [15ad:07a0] type 01 class 0x060400
[    2.020869] kernel: pci 0000:00:16.7: PME# supported from D0 D3hot D3cold
[    2.021257] kernel: pci 0000:00:17.0: [15ad:07a0] type 01 class 0x060400
[    2.022005] kernel: pci 0000:00:17.0: PME# supported from D0 D3hot D3cold
[    2.022440] kernel: pci 0000:00:17.1: [15ad:07a0] type 01 class 0x060400
[    2.023117] kernel: pci 0000:00:17.1: PME# supported from D0 D3hot D3cold
[    2.023476] kernel: pci 0000:00:17.2: [15ad:07a0] type 01 class 0x060400
[    2.024124] kernel: pci 0000:00:17.2: PME# supported from D0 D3hot D3cold
[    2.024519] kernel: pci 0000:00:17.3: [15ad:07a0] type 01 class 0x060400
[    2.024519] kernel: pci 0000:00:17.3: PME# supported from D0 D3hot D3cold
[    2.024519] kernel: pci 0000:00:17.4: [15ad:07a0] type 01 class 0x060400
[    2.024519] kernel: pci 0000:00:17.4: PME# supported from D0 D3hot D3cold
[    2.024519] kernel: pci 0000:00:17.5: [15ad:07a0] type 01 class 0x060400
[    2.024519] kernel: pci 0000:00:17.5: PME# supported from D0 D3hot D3cold
[    2.024519] kernel: pci 0000:00:17.6: [15ad:07a0] type 01 class 0x060400
[    2.024519] kernel: pci 0000:00:17.6: PME# supported from D0 D3hot D3cold
[    2.024679] kernel: pci 0000:00:17.7: [15ad:07a0] type 01 class 0x060400
[    2.024958] kernel: pci 0000:00:17.7: PME# supported from D0 D3hot D3cold
[    2.024958] kernel: pci 0000:00:18.0: [15ad:07a0] type 01 class 0x060400
[    2.024958] kernel: pci 0000:00:18.0: PME# supported from D0 D3hot D3cold
[    2.024958] kernel: pci 0000:00:18.1: [15ad:07a0] type 01 class 0x060400
[    2.024958] kernel: pci 0000:00:18.1: PME# supported from D0 D3hot D3cold
[    2.024958] kernel: pci 0000:00:18.2: [15ad:07a0] type 01 class 0x060400
[    2.024958] kernel: pci 0000:00:18.2: PME# supported from D0 D3hot D3cold
[    2.024958] kernel: pci 0000:00:18.3: [15ad:07a0] type 01 class 0x060400
[    2.029448] kernel: pci 0000:00:18.3: PME# supported from D0 D3hot D3cold
[    2.029855] kernel: pci 0000:00:18.4: [15ad:07a0] type 01 class 0x060400
[    2.030480] kernel: pci 0000:00:18.4: PME# supported from D0 D3hot D3cold
[    2.030860] kernel: pci 0000:00:18.5: [15ad:07a0] type 01 class 0x060400
[    2.031488] kernel: pci 0000:00:18.5: PME# supported from D0 D3hot D3cold
[    2.031867] kernel: pci 0000:00:18.6: [15ad:07a0] type 01 class 0x060400
[    2.032493] kernel: pci 0000:00:18.6: PME# supported from D0 D3hot D3cold
[    2.033093] kernel: pci 0000:00:18.7: [15ad:07a0] type 01 class 0x060400
[    2.033876] kernel: pci 0000:00:18.7: PME# supported from D0 D3hot D3cold
[    2.035911] kernel: pci_bus 0000:01: extended config space not accessible
[    2.041157] kernel: pci 0000:00:01.0: PCI bridge to [bus 01]
[    2.041330] kernel: pci_bus 0000:02: extended config space not accessible
[    2.041652] kernel: acpiphp: Slot [32] registered
[    2.041673] kernel: acpiphp: Slot [33] registered
[    2.041708] kernel: acpiphp: Slot [34] registered
[    2.041728] kernel: acpiphp: Slot [35] registered
[    2.041746] kernel: acpiphp: Slot [36] registered
[    2.041765] kernel: acpiphp: Slot [37] registered
[    2.041783] kernel: acpiphp: Slot [38] registered
[    2.041800] kernel: acpiphp: Slot [39] registered
[    2.041818] kernel: acpiphp: Slot [40] registered
[    2.041851] kernel: acpiphp: Slot [41] registered
[    2.041870] kernel: acpiphp: Slot [42] registered
[    2.041887] kernel: acpiphp: Slot [43] registered
[    2.041905] kernel: acpiphp: Slot [44] registered
[    2.041924] kernel: acpiphp: Slot [45] registered
[    2.041942] kernel: acpiphp: Slot [46] registered
[    2.041976] kernel: acpiphp: Slot [47] registered
[    2.041995] kernel: acpiphp: Slot [48] registered
[    2.042013] kernel: acpiphp: Slot [49] registered
[    2.042032] kernel: acpiphp: Slot [50] registered
[    2.042049] kernel: acpiphp: Slot [51] registered
[    2.042067] kernel: acpiphp: Slot [52] registered
[    2.042100] kernel: acpiphp: Slot [53] registered
[    2.042119] kernel: acpiphp: Slot [54] registered
[    2.042137] kernel: acpiphp: Slot [55] registered
[    2.042155] kernel: acpiphp: Slot [56] registered
[    2.042172] kernel: acpiphp: Slot [57] registered
[    2.042190] kernel: acpiphp: Slot [58] registered
[    2.042207] kernel: acpiphp: Slot [59] registered
[    2.042240] kernel: acpiphp: Slot [60] registered
[    2.042259] kernel: acpiphp: Slot [61] registered
[    2.042277] kernel: acpiphp: Slot [62] registered
[    2.042295] kernel: acpiphp: Slot [63] registered
[    2.042354] kernel: pci 0000:02:00.0: [15ad:0774] type 00 class 0x0c0300
[    2.043540] kernel: pci 0000:02:00.0: reg 0x20: [io  0x2080-0x209f]
[    2.045011] kernel: pci 0000:02:01.0: [8086:100f] type 00 class 0x020000
[    2.045523] kernel: pci 0000:02:01.0: reg 0x10: [mem 0xfd5c0000-0xfd5dffff 64bit]
[    2.045987] kernel: pci 0000:02:01.0: reg 0x18: [mem 0xfdff0000-0xfdffffff 64bit]
[    2.046411] kernel: pci 0000:02:01.0: reg 0x20: [io  0x2000-0x203f]
[    2.047300] kernel: pci 0000:02:01.0: reg 0x30: [mem 0x00000000-0x0000ffff pref]
[    2.047549] kernel: pci 0000:02:01.0: PME# supported from D0 D3hot D3cold
[    2.048357] kernel: pci 0000:02:02.0: [1274:1371] type 00 class 0x040100
[    2.048648] kernel: pci 0000:02:02.0: reg 0x10: [io  0x2040-0x207f]
[    2.050838] kernel: pci 0000:02:03.0: [15ad:0770] type 00 class 0x0c0320
[    2.051146] kernel: pci 0000:02:03.0: reg 0x10: [mem 0xfd5ef000-0xfd5effff]
[    2.053474] kernel: pci 0000:02:04.0: [15ad:07e0] type 00 class 0x010601
[    2.055270] kernel: pci 0000:02:04.0: reg 0x24: [mem 0xfd5ee000-0xfd5eefff]
[    2.055510] kernel: pci 0000:02:04.0: reg 0x30: [mem 0x00000000-0x0000ffff pref]
[    2.055863] kernel: pci 0000:02:04.0: PME# supported from D3hot
[    2.061328] kernel: pci 0000:00:11.0: PCI bridge to [bus 02] (subtractive decode)
[    2.061375] kernel: pci 0000:00:11.0:   bridge window [io  0x2000-0x3fff]
[    2.061448] kernel: pci 0000:00:11.0:   bridge window [mem 0xfd500000-0xfdffffff]
[    2.061479] kernel: pci 0000:00:11.0:   bridge window [mem 0xe7b00000-0xe7ffffff 64bit pref]
[    2.061481] kernel: pci 0000:00:11.0:   bridge window [mem 0x000a0000-0x000bffff window] (subtractive decode)
[    2.061482] kernel: pci 0000:00:11.0:   bridge window [mem 0x000d0000-0x000dbfff window] (subtractive decode)
[    2.061483] kernel: pci 0000:00:11.0:   bridge window [mem 0xc0000000-0xfebfffff window] (subtractive decode)
[    2.061484] kernel: pci 0000:00:11.0:   bridge window [io  0x0000-0x0cf7 window] (subtractive decode)
[    2.061485] kernel: pci 0000:00:11.0:   bridge window [io  0x0d00-0xfeff window] (subtractive decode)
[    2.061950] kernel: pci 0000:00:15.0: PCI bridge to [bus 03]
[    2.061967] kernel: pci 0000:00:15.0:   bridge window [io  0x4000-0x4fff]
[    2.061983] kernel: pci 0000:00:15.0:   bridge window [mem 0xfd400000-0xfd4fffff]
[    2.062013] kernel: pci 0000:00:15.0:   bridge window [mem 0xe7a00000-0xe7afffff 64bit pref]
[    2.062457] kernel: pci 0000:00:15.1: PCI bridge to [bus 04]
[    2.062475] kernel: pci 0000:00:15.1:   bridge window [io  0x8000-0x8fff]
[    2.062491] kernel: pci 0000:00:15.1:   bridge window [mem 0xfd000000-0xfd0fffff]
[    2.062521] kernel: pci 0000:00:15.1:   bridge window [mem 0xe7600000-0xe76fffff 64bit pref]
[    2.062937] kernel: pci 0000:00:15.2: PCI bridge to [bus 05]
[    2.062954] kernel: pci 0000:00:15.2:   bridge window [io  0xc000-0xcfff]
[    2.062970] kernel: pci 0000:00:15.2:   bridge window [mem 0xfcc00000-0xfccfffff]
[    2.063000] kernel: pci 0000:00:15.2:   bridge window [mem 0xe7200000-0xe72fffff 64bit pref]
[    2.063438] kernel: pci 0000:00:15.3: PCI bridge to [bus 06]
[    2.063470] kernel: pci 0000:00:15.3:   bridge window [mem 0xfc800000-0xfc8fffff]
[    2.063500] kernel: pci 0000:00:15.3:   bridge window [mem 0xe6e00000-0xe6efffff 64bit pref]
[    2.063930] kernel: pci 0000:00:15.4: PCI bridge to [bus 07]
[    2.063962] kernel: pci 0000:00:15.4:   bridge window [mem 0xfc400000-0xfc4fffff]
[    2.063992] kernel: pci 0000:00:15.4:   bridge window [mem 0xe6a00000-0xe6afffff 64bit pref]
[    2.064432] kernel: pci 0000:00:15.5: PCI bridge to [bus 08]
[    2.064463] kernel: pci 0000:00:15.5:   bridge window [mem 0xfc000000-0xfc0fffff]
[    2.064494] kernel: pci 0000:00:15.5:   bridge window [mem 0xe6600000-0xe66fffff 64bit pref]
[    2.064908] kernel: pci 0000:00:15.6: PCI bridge to [bus 09]
[    2.064938] kernel: pci 0000:00:15.6:   bridge window [mem 0xfbc00000-0xfbcfffff]
[    2.064969] kernel: pci 0000:00:15.6:   bridge window [mem 0xe6200000-0xe62fffff 64bit pref]
[    2.065431] kernel: pci 0000:00:15.7: PCI bridge to [bus 0a]
[    2.065463] kernel: pci 0000:00:15.7:   bridge window [mem 0xfb800000-0xfb8fffff]
[    2.065493] kernel: pci 0000:00:15.7:   bridge window [mem 0xe5e00000-0xe5efffff 64bit pref]
[    2.065939] kernel: pci 0000:00:16.0: PCI bridge to [bus 0b]
[    2.065955] kernel: pci 0000:00:16.0:   bridge window [io  0x5000-0x5fff]
[    2.065971] kernel: pci 0000:00:16.0:   bridge window [mem 0xfd300000-0xfd3fffff]
[    2.066001] kernel: pci 0000:00:16.0:   bridge window [mem 0xe7900000-0xe79fffff 64bit pref]
[    2.066426] kernel: pci 0000:00:16.1: PCI bridge to [bus 0c]
[    2.066442] kernel: pci 0000:00:16.1:   bridge window [io  0x9000-0x9fff]
[    2.066458] kernel: pci 0000:00:16.1:   bridge window [mem 0xfcf00000-0xfcffffff]
[    2.066488] kernel: pci 0000:00:16.1:   bridge window [mem 0xe7500000-0xe75fffff 64bit pref]
[    2.066917] kernel: pci 0000:00:16.2: PCI bridge to [bus 0d]
[    2.066934] kernel: pci 0000:00:16.2:   bridge window [io  0xd000-0xdfff]
[    2.066950] kernel: pci 0000:00:16.2:   bridge window [mem 0xfcb00000-0xfcbfffff]
[    2.066980] kernel: pci 0000:00:16.2:   bridge window [mem 0xe7100000-0xe71fffff 64bit pref]
[    2.067417] kernel: pci 0000:00:16.3: PCI bridge to [bus 0e]
[    2.067448] kernel: pci 0000:00:16.3:   bridge window [mem 0xfc700000-0xfc7fffff]
[    2.067478] kernel: pci 0000:00:16.3:   bridge window [mem 0xe6d00000-0xe6dfffff 64bit pref]
[    2.067908] kernel: pci 0000:00:16.4: PCI bridge to [bus 0f]
[    2.067939] kernel: pci 0000:00:16.4:   bridge window [mem 0xfc300000-0xfc3fffff]
[    2.067969] kernel: pci 0000:00:16.4:   bridge window [mem 0xe6900000-0xe69fffff 64bit pref]
[    2.068393] kernel: pci 0000:00:16.5: PCI bridge to [bus 10]
[    2.068423] kernel: pci 0000:00:16.5:   bridge window [mem 0xfbf00000-0xfbffffff]
[    2.068453] kernel: pci 0000:00:16.5:   bridge window [mem 0xe6500000-0xe65fffff 64bit pref]
[    2.068881] kernel: pci 0000:00:16.6: PCI bridge to [bus 11]
[    2.068913] kernel: pci 0000:00:16.6:   bridge window [mem 0xfbb00000-0xfbbfffff]
[    2.068943] kernel: pci 0000:00:16.6:   bridge window [mem 0xe6100000-0xe61fffff 64bit pref]
[    2.068943] kernel: pci 0000:00:16.7: PCI bridge to [bus 12]
[    2.068943] kernel: pci 0000:00:16.7:   bridge window [mem 0xfb700000-0xfb7fffff]
[    2.068943] kernel: pci 0000:00:16.7:   bridge window [mem 0xe5d00000-0xe5dfffff 64bit pref]
[    2.068943] kernel: pci 0000:00:17.0: PCI bridge to [bus 13]
[    2.068943] kernel: pci 0000:00:17.0:   bridge window [io  0x6000-0x6fff]
[    2.068943] kernel: pci 0000:00:17.0:   bridge window [mem 0xfd200000-0xfd2fffff]
[    2.068943] kernel: pci 0000:00:17.0:   bridge window [mem 0xe7800000-0xe78fffff 64bit pref]
[    2.068943] kernel: pci 0000:00:17.1: PCI bridge to [bus 14]
[    2.068943] kernel: pci 0000:00:17.1:   bridge window [io  0xa000-0xafff]
[    2.068943] kernel: pci 0000:00:17.1:   bridge window [mem 0xfce00000-0xfcefffff]
[    2.068943] kernel: pci 0000:00:17.1:   bridge window [mem 0xe7400000-0xe74fffff 64bit pref]
[    2.068943] kernel: pci 0000:00:17.2: PCI bridge to [bus 15]
[    2.068943] kernel: pci 0000:00:17.2:   bridge window [io  0xe000-0xefff]
[    2.068943] kernel: pci 0000:00:17.2:   bridge window [mem 0xfca00000-0xfcafffff]
[    2.068943] kernel: pci 0000:00:17.2:   bridge window [mem 0xe7000000-0xe70fffff 64bit pref]
[    2.068943] kernel: pci 0000:00:17.3: PCI bridge to [bus 16]
[    2.068943] kernel: pci 0000:00:17.3:   bridge window [mem 0xfc600000-0xfc6fffff]
[    2.068943] kernel: pci 0000:00:17.3:   bridge window [mem 0xe6c00000-0xe6cfffff 64bit pref]
[    2.068943] kernel: pci 0000:00:17.4: PCI bridge to [bus 17]
[    2.068943] kernel: pci 0000:00:17.4:   bridge window [mem 0xfc200000-0xfc2fffff]
[    2.068943] kernel: pci 0000:00:17.4:   bridge window [mem 0xe6800000-0xe68fffff 64bit pref]
[    2.068943] kernel: pci 0000:00:17.5: PCI bridge to [bus 18]
[    2.068943] kernel: pci 0000:00:17.5:   bridge window [mem 0xfbe00000-0xfbefffff]
[    2.068943] kernel: pci 0000:00:17.5:   bridge window [mem 0xe6400000-0xe64fffff 64bit pref]
[    2.068958] kernel: pci 0000:00:17.6: PCI bridge to [bus 19]
[    2.068958] kernel: pci 0000:00:17.6:   bridge window [mem 0xfba00000-0xfbafffff]
[    2.068958] kernel: pci 0000:00:17.6:   bridge window [mem 0xe6000000-0xe60fffff 64bit pref]
[    2.068958] kernel: pci 0000:00:17.7: PCI bridge to [bus 1a]
[    2.068958] kernel: pci 0000:00:17.7:   bridge window [mem 0xfb600000-0xfb6fffff]
[    2.068958] kernel: pci 0000:00:17.7:   bridge window [mem 0xe5c00000-0xe5cfffff 64bit pref]
[    2.068958] kernel: pci 0000:00:18.0: PCI bridge to [bus 1b]
[    2.068958] kernel: pci 0000:00:18.0:   bridge window [io  0x7000-0x7fff]
[    2.068958] kernel: pci 0000:00:18.0:   bridge window [mem 0xfd100000-0xfd1fffff]
[    2.068958] kernel: pci 0000:00:18.0:   bridge window [mem 0xe7700000-0xe77fffff 64bit pref]
[    2.068958] kernel: pci 0000:00:18.1: PCI bridge to [bus 1c]
[    2.068958] kernel: pci 0000:00:18.1:   bridge window [io  0xb000-0xbfff]
[    2.068958] kernel: pci 0000:00:18.1:   bridge window [mem 0xfcd00000-0xfcdfffff]
[    2.068958] kernel: pci 0000:00:18.1:   bridge window [mem 0xe7300000-0xe73fffff 64bit pref]
[    2.068958] kernel: pci 0000:00:18.2: PCI bridge to [bus 1d]
[    2.068958] kernel: pci 0000:00:18.2:   bridge window [mem 0xfc900000-0xfc9fffff]
[    2.068958] kernel: pci 0000:00:18.2:   bridge window [mem 0xe6f00000-0xe6ffffff 64bit pref]
[    2.068958] kernel: pci 0000:00:18.3: PCI bridge to [bus 1e]
[    2.068958] kernel: pci 0000:00:18.3:   bridge window [mem 0xfc500000-0xfc5fffff]
[    2.068958] kernel: pci 0000:00:18.3:   bridge window [mem 0xe6b00000-0xe6bfffff 64bit pref]
[    2.068958] kernel: pci 0000:00:18.4: PCI bridge to [bus 1f]
[    2.068958] kernel: pci 0000:00:18.4:   bridge window [mem 0xfc100000-0xfc1fffff]
[    2.068958] kernel: pci 0000:00:18.4:   bridge window [mem 0xe6700000-0xe67fffff 64bit pref]
[    2.068958] kernel: pci 0000:00:18.5: PCI bridge to [bus 20]
[    2.068958] kernel: pci 0000:00:18.5:   bridge window [mem 0xfbd00000-0xfbdfffff]
[    2.068958] kernel: pci 0000:00:18.5:   bridge window [mem 0xe6300000-0xe63fffff 64bit pref]
[    2.068958] kernel: pci 0000:00:18.6: PCI bridge to [bus 21]
[    2.072982] kernel: pci 0000:00:18.6:   bridge window [mem 0xfb900000-0xfb9fffff]
[    2.073012] kernel: pci 0000:00:18.6:   bridge window [mem 0xe5f00000-0xe5ffffff 64bit pref]
[    2.073511] kernel: pci 0000:00:18.7: PCI bridge to [bus 22]
[    2.073544] kernel: pci 0000:00:18.7:   bridge window [mem 0xfb500000-0xfb5fffff]
[    2.073588] kernel: pci 0000:00:18.7:   bridge window [mem 0xe5b00000-0xe5bfffff 64bit pref]
[    2.075863] kernel: ACPI: PCI: Interrupt link LNKA configured for IRQ 9
[    2.075948] kernel: ACPI: PCI: Interrupt link LNKB configured for IRQ 11
[    2.076029] kernel: ACPI: PCI: Interrupt link LNKC configured for IRQ 10
[    2.076109] kernel: ACPI: PCI: Interrupt link LNKD configured for IRQ 7
[    2.124982] kernel: iommu: Default domain type: Translated 
[    2.124986] kernel: iommu: DMA domain TLB invalidation policy: lazy mode 
[    2.125449] kernel: SCSI subsystem initialized
[    2.125485] kernel: libata version 3.00 loaded.
[    2.125485] kernel: ACPI: bus type USB registered
[    2.125485] kernel: usbcore: registered new interface driver usbfs
[    2.125485] kernel: usbcore: registered new interface driver hub
[    2.125485] kernel: usbcore: registered new device driver usb
[    2.125485] kernel: pps_core: LinuxPPS API ver. 1 registered
[    2.125485] kernel: pps_core: Software ver. 5.3.6 - Copyright 2005-2007 Rodolfo Giometti <giometti@linux.it>
[    2.125485] kernel: PTP clock support registered
[    2.125485] kernel: EDAC MC: Ver: 3.0.0
[    2.129519] kernel: NetLabel: Initializing
[    2.129522] kernel: NetLabel:  domain hash size = 128
[    2.129523] kernel: NetLabel:  protocols = UNLABELED CIPSOv4 CALIPSO
[    2.129535] kernel: NetLabel:  unlabeled traffic allowed by default
[    2.129578] kernel: mctp: management component transport protocol core
[    2.129578] kernel: NET: Registered PF_MCTP protocol family
[    2.129578] kernel: PCI: Using ACPI for IRQ routing
[    2.154995] kernel: PCI: pci_cache_line_size set to 64 bytes
[    2.155743] kernel: e820: reserve RAM buffer [mem 0x0009e800-0x0009ffff]
[    2.155747] kernel: e820: reserve RAM buffer [mem 0xbfed0000-0xbfffffff]
[    2.156983] kernel: pci 0000:00:0f.0: vgaarb: setting as boot VGA device
[    2.156985] kernel: pci 0000:00:0f.0: vgaarb: bridge control possible
[    2.156986] kernel: pci 0000:00:0f.0: vgaarb: VGA device added: decodes=io+mem,owns=io+mem,locks=none
[    2.156994] kernel: vgaarb: loaded
[    2.157753] kernel: hpet0: at MMIO 0xfed00000, IRQs 2, 8, 0, 0, 0, 0, 0, 0, 0, 0, 0, 0, 0, 0, 0, 0
[    2.157763] kernel: hpet0: 16 comparators, 64-bit 14.318180 MHz counter
[    2.160963] kernel: clocksource: Switched to clocksource tsc-early
[    2.210718] kernel: VFS: Disk quotas dquot_6.6.0
[    2.210786] kernel: VFS: Dquot-cache hash table entries: 512 (order 0, 4096 bytes)
[    2.211470] kernel: AppArmor: AppArmor Filesystem Enabled
[    2.211494] kernel: pnp: PnP ACPI init
[    2.211720] kernel: system 00:00: [io  0x1000-0x103f] has been reserved
[    2.211723] kernel: system 00:00: [io  0x1040-0x104f] has been reserved
[    2.211725] kernel: system 00:00: [io  0x0cf0-0x0cf1] has been reserved
[    2.212109] kernel: system 00:04: [mem 0xfed00000-0xfed003ff] has been reserved
[    2.214574] kernel: pnp 00:06: [dma 2]
[    2.214904] kernel: system 00:07: [io  0xfce0-0xfcff] has been reserved
[    2.214908] kernel: system 00:07: [mem 0xf0000000-0xf7ffffff] has been reserved
[    2.214910] kernel: system 00:07: [mem 0xfe800000-0xfe9fffff] has been reserved
[    2.253356] kernel: pnp: PnP ACPI: found 8 devices
[    2.264797] kernel: clocksource: acpi_pm: mask: 0xffffff max_cycles: 0xffffff, max_idle_ns: 2085701024 ns
[    2.265167] kernel: NET: Registered PF_INET protocol family
[    2.272340] kernel: IP idents hash table entries: 262144 (order: 9, 2097152 bytes, linear)
[    2.283070] kernel: tcp_listen_portaddr_hash hash table entries: 8192 (order: 5, 131072 bytes, linear)
[    2.283916] kernel: Table-perturb hash table entries: 65536 (order: 6, 262144 bytes, linear)
[    2.287402] kernel: TCP established hash table entries: 131072 (order: 8, 1048576 bytes, linear)
[    2.290793] kernel: TCP bind hash table entries: 65536 (order: 8, 1048576 bytes, linear)
[    2.290844] kernel: TCP: Hash tables configured (established 131072 bind 65536)
[    2.293917] kernel: MPTCP token hash table entries: 16384 (order: 6, 393216 bytes, linear)
[    2.294821] kernel: UDP hash table entries: 8192 (order: 6, 262144 bytes, linear)
[    2.295718] kernel: UDP-Lite hash table entries: 8192 (order: 6, 262144 bytes, linear)
[    2.296720] kernel: NET: Registered PF_UNIX/PF_LOCAL protocol family
[    2.296726] kernel: NET: Registered PF_XDP protocol family
[    2.296741] kernel: pci 0000:00:15.3: bridge window [io  0x1000-0x0fff] to [bus 06] add_size 1000
[    2.296744] kernel: pci 0000:00:15.4: bridge window [io  0x1000-0x0fff] to [bus 07] add_size 1000
[    2.296746] kernel: pci 0000:00:15.5: bridge window [io  0x1000-0x0fff] to [bus 08] add_size 1000
[    2.296747] kernel: pci 0000:00:15.6: bridge window [io  0x1000-0x0fff] to [bus 09] add_size 1000
[    2.296749] kernel: pci 0000:00:15.7: bridge window [io  0x1000-0x0fff] to [bus 0a] add_size 1000
[    2.296750] kernel: pci 0000:00:16.3: bridge window [io  0x1000-0x0fff] to [bus 0e] add_size 1000
[    2.296752] kernel: pci 0000:00:16.4: bridge window [io  0x1000-0x0fff] to [bus 0f] add_size 1000
[    2.296753] kernel: pci 0000:00:16.5: bridge window [io  0x1000-0x0fff] to [bus 10] add_size 1000
[    2.296754] kernel: pci 0000:00:16.6: bridge window [io  0x1000-0x0fff] to [bus 11] add_size 1000
[    2.296756] kernel: pci 0000:00:16.7: bridge window [io  0x1000-0x0fff] to [bus 12] add_size 1000
[    2.296758] kernel: pci 0000:00:17.3: bridge window [io  0x1000-0x0fff] to [bus 16] add_size 1000
[    2.296759] kernel: pci 0000:00:17.4: bridge window [io  0x1000-0x0fff] to [bus 17] add_size 1000
[    2.296760] kernel: pci 0000:00:17.5: bridge window [io  0x1000-0x0fff] to [bus 18] add_size 1000
[    2.296761] kernel: pci 0000:00:17.6: bridge window [io  0x1000-0x0fff] to [bus 19] add_size 1000
[    2.296763] kernel: pci 0000:00:17.7: bridge window [io  0x1000-0x0fff] to [bus 1a] add_size 1000
[    2.296765] kernel: pci 0000:00:18.2: bridge window [io  0x1000-0x0fff] to [bus 1d] add_size 1000
[    2.296766] kernel: pci 0000:00:18.3: bridge window [io  0x1000-0x0fff] to [bus 1e] add_size 1000
[    2.296767] kernel: pci 0000:00:18.4: bridge window [io  0x1000-0x0fff] to [bus 1f] add_size 1000
[    2.296768] kernel: pci 0000:00:18.5: bridge window [io  0x1000-0x0fff] to [bus 20] add_size 1000
[    2.296770] kernel: pci 0000:00:18.6: bridge window [io  0x1000-0x0fff] to [bus 21] add_size 1000
[    2.296771] kernel: pci 0000:00:18.7: bridge window [io  0x1000-0x0fff] to [bus 22] add_size 1000
[    2.296783] kernel: pci 0000:00:10.0: BAR 6: assigned [mem 0xc0000000-0xc0003fff pref]
[    2.296786] kernel: pci 0000:00:15.3: BAR 13: no space for [io  size 0x1000]
[    2.296788] kernel: pci 0000:00:15.3: BAR 13: failed to assign [io  size 0x1000]
[    2.296790] kernel: pci 0000:00:15.4: BAR 13: no space for [io  size 0x1000]
[    2.296791] kernel: pci 0000:00:15.4: BAR 13: failed to assign [io  size 0x1000]
[    2.296793] kernel: pci 0000:00:15.5: BAR 13: no space for [io  size 0x1000]
[    2.296794] kernel: pci 0000:00:15.5: BAR 13: failed to assign [io  size 0x1000]
[    2.296795] kernel: pci 0000:00:15.6: BAR 13: no space for [io  size 0x1000]
[    2.296796] kernel: pci 0000:00:15.6: BAR 13: failed to assign [io  size 0x1000]
[    2.296798] kernel: pci 0000:00:15.7: BAR 13: no space for [io  size 0x1000]
[    2.296799] kernel: pci 0000:00:15.7: BAR 13: failed to assign [io  size 0x1000]
[    2.296800] kernel: pci 0000:00:16.3: BAR 13: no space for [io  size 0x1000]
[    2.296801] kernel: pci 0000:00:16.3: BAR 13: failed to assign [io  size 0x1000]
[    2.296803] kernel: pci 0000:00:16.4: BAR 13: no space for [io  size 0x1000]
[    2.296804] kernel: pci 0000:00:16.4: BAR 13: failed to assign [io  size 0x1000]
[    2.296805] kernel: pci 0000:00:16.5: BAR 13: no space for [io  size 0x1000]
[    2.296806] kernel: pci 0000:00:16.5: BAR 13: failed to assign [io  size 0x1000]
[    2.296807] kernel: pci 0000:00:16.6: BAR 13: no space for [io  size 0x1000]
[    2.296808] kernel: pci 0000:00:16.6: BAR 13: failed to assign [io  size 0x1000]
[    2.296810] kernel: pci 0000:00:16.7: BAR 13: no space for [io  size 0x1000]
[    2.296811] kernel: pci 0000:00:16.7: BAR 13: failed to assign [io  size 0x1000]
[    2.296812] kernel: pci 0000:00:17.3: BAR 13: no space for [io  size 0x1000]
[    2.296813] kernel: pci 0000:00:17.3: BAR 13: failed to assign [io  size 0x1000]
[    2.296815] kernel: pci 0000:00:17.4: BAR 13: no space for [io  size 0x1000]
[    2.296816] kernel: pci 0000:00:17.4: BAR 13: failed to assign [io  size 0x1000]
[    2.296817] kernel: pci 0000:00:17.5: BAR 13: no space for [io  size 0x1000]
[    2.296818] kernel: pci 0000:00:17.5: BAR 13: failed to assign [io  size 0x1000]
[    2.296820] kernel: pci 0000:00:17.6: BAR 13: no space for [io  size 0x1000]
[    2.296821] kernel: pci 0000:00:17.6: BAR 13: failed to assign [io  size 0x1000]
[    2.296822] kernel: pci 0000:00:17.7: BAR 13: no space for [io  size 0x1000]
[    2.296823] kernel: pci 0000:00:17.7: BAR 13: failed to assign [io  size 0x1000]
[    2.296825] kernel: pci 0000:00:18.2: BAR 13: no space for [io  size 0x1000]
[    2.296826] kernel: pci 0000:00:18.2: BAR 13: failed to assign [io  size 0x1000]
[    2.296827] kernel: pci 0000:00:18.3: BAR 13: no space for [io  size 0x1000]
[    2.296828] kernel: pci 0000:00:18.3: BAR 13: failed to assign [io  size 0x1000]
[    2.296830] kernel: pci 0000:00:18.4: BAR 13: no space for [io  size 0x1000]
[    2.296831] kernel: pci 0000:00:18.4: BAR 13: failed to assign [io  size 0x1000]
[    2.296832] kernel: pci 0000:00:18.5: BAR 13: no space for [io  size 0x1000]
[    2.296833] kernel: pci 0000:00:18.5: BAR 13: failed to assign [io  size 0x1000]
[    2.296834] kernel: pci 0000:00:18.6: BAR 13: no space for [io  size 0x1000]
[    2.296835] kernel: pci 0000:00:18.6: BAR 13: failed to assign [io  size 0x1000]
[    2.296837] kernel: pci 0000:00:18.7: BAR 13: no space for [io  size 0x1000]
[    2.296838] kernel: pci 0000:00:18.7: BAR 13: failed to assign [io  size 0x1000]
[    2.296843] kernel: pci 0000:00:18.7: BAR 13: no space for [io  size 0x1000]
[    2.296844] kernel: pci 0000:00:18.7: BAR 13: failed to assign [io  size 0x1000]
[    2.296846] kernel: pci 0000:00:18.6: BAR 13: no space for [io  size 0x1000]
[    2.296846] kernel: pci 0000:00:18.6: BAR 13: failed to assign [io  size 0x1000]
[    2.296848] kernel: pci 0000:00:18.5: BAR 13: no space for [io  size 0x1000]
[    2.296849] kernel: pci 0000:00:18.5: BAR 13: failed to assign [io  size 0x1000]
[    2.296850] kernel: pci 0000:00:18.4: BAR 13: no space for [io  size 0x1000]
[    2.296851] kernel: pci 0000:00:18.4: BAR 13: failed to assign [io  size 0x1000]
[    2.296853] kernel: pci 0000:00:18.3: BAR 13: no space for [io  size 0x1000]
[    2.296854] kernel: pci 0000:00:18.3: BAR 13: failed to assign [io  size 0x1000]
[    2.296855] kernel: pci 0000:00:18.2: BAR 13: no space for [io  size 0x1000]
[    2.296856] kernel: pci 0000:00:18.2: BAR 13: failed to assign [io  size 0x1000]
[    2.296858] kernel: pci 0000:00:17.7: BAR 13: no space for [io  size 0x1000]
[    2.296858] kernel: pci 0000:00:17.7: BAR 13: failed to assign [io  size 0x1000]
[    2.296860] kernel: pci 0000:00:17.6: BAR 13: no space for [io  size 0x1000]
[    2.296861] kernel: pci 0000:00:17.6: BAR 13: failed to assign [io  size 0x1000]
[    2.296862] kernel: pci 0000:00:17.5: BAR 13: no space for [io  size 0x1000]
[    2.296863] kernel: pci 0000:00:17.5: BAR 13: failed to assign [io  size 0x1000]
[    2.296865] kernel: pci 0000:00:17.4: BAR 13: no space for [io  size 0x1000]
[    2.296866] kernel: pci 0000:00:17.4: BAR 13: failed to assign [io  size 0x1000]
[    2.296867] kernel: pci 0000:00:17.3: BAR 13: no space for [io  size 0x1000]
[    2.296868] kernel: pci 0000:00:17.3: BAR 13: failed to assign [io  size 0x1000]
[    2.296869] kernel: pci 0000:00:16.7: BAR 13: no space for [io  size 0x1000]
[    2.296870] kernel: pci 0000:00:16.7: BAR 13: failed to assign [io  size 0x1000]
[    2.296872] kernel: pci 0000:00:16.6: BAR 13: no space for [io  size 0x1000]
[    2.296873] kernel: pci 0000:00:16.6: BAR 13: failed to assign [io  size 0x1000]
[    2.296874] kernel: pci 0000:00:16.5: BAR 13: no space for [io  size 0x1000]
[    2.296875] kernel: pci 0000:00:16.5: BAR 13: failed to assign [io  size 0x1000]
[    2.296877] kernel: pci 0000:00:16.4: BAR 13: no space for [io  size 0x1000]
[    2.296877] kernel: pci 0000:00:16.4: BAR 13: failed to assign [io  size 0x1000]
[    2.296879] kernel: pci 0000:00:16.3: BAR 13: no space for [io  size 0x1000]
[    2.296880] kernel: pci 0000:00:16.3: BAR 13: failed to assign [io  size 0x1000]
[    2.296881] kernel: pci 0000:00:15.7: BAR 13: no space for [io  size 0x1000]
[    2.296882] kernel: pci 0000:00:15.7: BAR 13: failed to assign [io  size 0x1000]
[    2.296884] kernel: pci 0000:00:15.6: BAR 13: no space for [io  size 0x1000]
[    2.296885] kernel: pci 0000:00:15.6: BAR 13: failed to assign [io  size 0x1000]
[    2.296886] kernel: pci 0000:00:15.5: BAR 13: no space for [io  size 0x1000]
[    2.296887] kernel: pci 0000:00:15.5: BAR 13: failed to assign [io  size 0x1000]
[    2.296888] kernel: pci 0000:00:15.4: BAR 13: no space for [io  size 0x1000]
[    2.296889] kernel: pci 0000:00:15.4: BAR 13: failed to assign [io  size 0x1000]
[    2.296891] kernel: pci 0000:00:15.3: BAR 13: no space for [io  size 0x1000]
[    2.296892] kernel: pci 0000:00:15.3: BAR 13: failed to assign [io  size 0x1000]
[    2.296894] kernel: pci 0000:00:01.0: PCI bridge to [bus 01]
[    2.297008] kernel: pci 0000:02:01.0: BAR 6: assigned [mem 0xfd500000-0xfd50ffff pref]
[    2.297011] kernel: pci 0000:02:04.0: BAR 6: assigned [mem 0xfd510000-0xfd51ffff pref]
[    2.297013] kernel: pci 0000:00:11.0: PCI bridge to [bus 02]
[    2.297026] kernel: pci 0000:00:11.0:   bridge window [io  0x2000-0x3fff]
[    2.297056] kernel: pci 0000:00:11.0:   bridge window [mem 0xfd500000-0xfdffffff]
[    2.297074] kernel: pci 0000:00:11.0:   bridge window [mem 0xe7b00000-0xe7ffffff 64bit pref]
[    2.297106] kernel: pci 0000:00:15.0: PCI bridge to [bus 03]
[    2.297123] kernel: pci 0000:00:15.0:   bridge window [io  0x4000-0x4fff]
[    2.297148] kernel: pci 0000:00:15.0:   bridge window [mem 0xfd400000-0xfd4fffff]
[    2.297165] kernel: pci 0000:00:15.0:   bridge window [mem 0xe7a00000-0xe7afffff 64bit pref]
[    2.297226] kernel: pci 0000:00:15.1: PCI bridge to [bus 04]
[    2.297245] kernel: pci 0000:00:15.1:   bridge window [io  0x8000-0x8fff]
[    2.297270] kernel: pci 0000:00:15.1:   bridge window [mem 0xfd000000-0xfd0fffff]
[    2.297287] kernel: pci 0000:00:15.1:   bridge window [mem 0xe7600000-0xe76fffff 64bit pref]
[    2.297333] kernel: pci 0000:00:15.2: PCI bridge to [bus 05]
[    2.297344] kernel: pci 0000:00:15.2:   bridge window [io  0xc000-0xcfff]
[    2.297367] kernel: pci 0000:00:15.2:   bridge window [mem 0xfcc00000-0xfccfffff]
[    2.297384] kernel: pci 0000:00:15.2:   bridge window [mem 0xe7200000-0xe72fffff 64bit pref]
[    2.297426] kernel: pci 0000:00:15.3: PCI bridge to [bus 06]
[    2.297452] kernel: pci 0000:00:15.3:   bridge window [mem 0xfc800000-0xfc8fffff]
[    2.297469] kernel: pci 0000:00:15.3:   bridge window [mem 0xe6e00000-0xe6efffff 64bit pref]
[    2.297509] kernel: pci 0000:00:15.4: PCI bridge to [bus 07]
[    2.297534] kernel: pci 0000:00:15.4:   bridge window [mem 0xfc400000-0xfc4fffff]
[    2.297550] kernel: pci 0000:00:15.4:   bridge window [mem 0xe6a00000-0xe6afffff 64bit pref]
[    2.297590] kernel: pci 0000:00:15.5: PCI bridge to [bus 08]
[    2.297621] kernel: pci 0000:00:15.5:   bridge window [mem 0xfc000000-0xfc0fffff]
[    2.297638] kernel: pci 0000:00:15.5:   bridge window [mem 0xe6600000-0xe66fffff 64bit pref]
[    2.297679] kernel: pci 0000:00:15.6: PCI bridge to [bus 09]
[    2.297704] kernel: pci 0000:00:15.6:   bridge window [mem 0xfbc00000-0xfbcfffff]
[    2.297721] kernel: pci 0000:00:15.6:   bridge window [mem 0xe6200000-0xe62fffff 64bit pref]
[    2.297763] kernel: pci 0000:00:15.7: PCI bridge to [bus 0a]
[    2.297788] kernel: pci 0000:00:15.7:   bridge window [mem 0xfb800000-0xfb8fffff]
[    2.297804] kernel: pci 0000:00:15.7:   bridge window [mem 0xe5e00000-0xe5efffff 64bit pref]
[    2.297843] kernel: pci 0000:00:16.0: PCI bridge to [bus 0b]
[    2.297853] kernel: pci 0000:00:16.0:   bridge window [io  0x5000-0x5fff]
[    2.297877] kernel: pci 0000:00:16.0:   bridge window [mem 0xfd300000-0xfd3fffff]
[    2.297894] kernel: pci 0000:00:16.0:   bridge window [mem 0xe7900000-0xe79fffff 64bit pref]
[    2.297933] kernel: pci 0000:00:16.1: PCI bridge to [bus 0c]
[    2.297944] kernel: pci 0000:00:16.1:   bridge window [io  0x9000-0x9fff]
[    2.297967] kernel: pci 0000:00:16.1:   bridge window [mem 0xfcf00000-0xfcffffff]
[    2.297983] kernel: pci 0000:00:16.1:   bridge window [mem 0xe7500000-0xe75fffff 64bit pref]
[    2.298024] kernel: pci 0000:00:16.2: PCI bridge to [bus 0d]
[    2.298033] kernel: pci 0000:00:16.2:   bridge window [io  0xd000-0xdfff]
[    2.298058] kernel: pci 0000:00:16.2:   bridge window [mem 0xfcb00000-0xfcbfffff]
[    2.298074] kernel: pci 0000:00:16.2:   bridge window [mem 0xe7100000-0xe71fffff 64bit pref]
[    2.298116] kernel: pci 0000:00:16.3: PCI bridge to [bus 0e]
[    2.298140] kernel: pci 0000:00:16.3:   bridge window [mem 0xfc700000-0xfc7fffff]
[    2.298157] kernel: pci 0000:00:16.3:   bridge window [mem 0xe6d00000-0xe6dfffff 64bit pref]
[    2.298196] kernel: pci 0000:00:16.4: PCI bridge to [bus 0f]
[    2.298222] kernel: pci 0000:00:16.4:   bridge window [mem 0xfc300000-0xfc3fffff]
[    2.298239] kernel: pci 0000:00:16.4:   bridge window [mem 0xe6900000-0xe69fffff 64bit pref]
[    2.298279] kernel: pci 0000:00:16.5: PCI bridge to [bus 10]
[    2.298304] kernel: pci 0000:00:16.5:   bridge window [mem 0xfbf00000-0xfbffffff]
[    2.298320] kernel: pci 0000:00:16.5:   bridge window [mem 0xe6500000-0xe65fffff 64bit pref]
[    2.298360] kernel: pci 0000:00:16.6: PCI bridge to [bus 11]
[    2.298385] kernel: pci 0000:00:16.6:   bridge window [mem 0xfbb00000-0xfbbfffff]
[    2.298402] kernel: pci 0000:00:16.6:   bridge window [mem 0xe6100000-0xe61fffff 64bit pref]
[    2.298445] kernel: pci 0000:00:16.7: PCI bridge to [bus 12]
[    2.298470] kernel: pci 0000:00:16.7:   bridge window [mem 0xfb700000-0xfb7fffff]
[    2.298486] kernel: pci 0000:00:16.7:   bridge window [mem 0xe5d00000-0xe5dfffff 64bit pref]
[    2.298526] kernel: pci 0000:00:17.0: PCI bridge to [bus 13]
[    2.298536] kernel: pci 0000:00:17.0:   bridge window [io  0x6000-0x6fff]
[    2.298559] kernel: pci 0000:00:17.0:   bridge window [mem 0xfd200000-0xfd2fffff]
[    2.298577] kernel: pci 0000:00:17.0:   bridge window [mem 0xe7800000-0xe78fffff 64bit pref]
[    2.298619] kernel: pci 0000:00:17.1: PCI bridge to [bus 14]
[    2.298629] kernel: pci 0000:00:17.1:   bridge window [io  0xa000-0xafff]
[    2.298654] kernel: pci 0000:00:17.1:   bridge window [mem 0xfce00000-0xfcefffff]
[    2.298671] kernel: pci 0000:00:17.1:   bridge window [mem 0xe7400000-0xe74fffff 64bit pref]
[    2.298710] kernel: pci 0000:00:17.2: PCI bridge to [bus 15]
[    2.298720] kernel: pci 0000:00:17.2:   bridge window [io  0xe000-0xefff]
[    2.298743] kernel: pci 0000:00:17.2:   bridge window [mem 0xfca00000-0xfcafffff]
[    2.298759] kernel: pci 0000:00:17.2:   bridge window [mem 0xe7000000-0xe70fffff 64bit pref]
[    2.298799] kernel: pci 0000:00:17.3: PCI bridge to [bus 16]
[    2.298824] kernel: pci 0000:00:17.3:   bridge window [mem 0xfc600000-0xfc6fffff]
[    2.298841] kernel: pci 0000:00:17.3:   bridge window [mem 0xe6c00000-0xe6cfffff 64bit pref]
[    2.298881] kernel: pci 0000:00:17.4: PCI bridge to [bus 17]
[    2.298906] kernel: pci 0000:00:17.4:   bridge window [mem 0xfc200000-0xfc2fffff]
[    2.298922] kernel: pci 0000:00:17.4:   bridge window [mem 0xe6800000-0xe68fffff 64bit pref]
[    2.298963] kernel: pci 0000:00:17.5: PCI bridge to [bus 18]
[    2.298987] kernel: pci 0000:00:17.5:   bridge window [mem 0xfbe00000-0xfbefffff]
[    2.299004] kernel: pci 0000:00:17.5:   bridge window [mem 0xe6400000-0xe64fffff 64bit pref]
[    2.299044] kernel: pci 0000:00:17.6: PCI bridge to [bus 19]
[    2.299068] kernel: pci 0000:00:17.6:   bridge window [mem 0xfba00000-0xfbafffff]
[    2.299085] kernel: pci 0000:00:17.6:   bridge window [mem 0xe6000000-0xe60fffff 64bit pref]
[    2.299130] kernel: pci 0000:00:17.7: PCI bridge to [bus 1a]
[    2.299157] kernel: pci 0000:00:17.7:   bridge window [mem 0xfb600000-0xfb6fffff]
[    2.299173] kernel: pci 0000:00:17.7:   bridge window [mem 0xe5c00000-0xe5cfffff 64bit pref]
[    2.299213] kernel: pci 0000:00:18.0: PCI bridge to [bus 1b]
[    2.299223] kernel: pci 0000:00:18.0:   bridge window [io  0x7000-0x7fff]
[    2.299250] kernel: pci 0000:00:18.0:   bridge window [mem 0xfd100000-0xfd1fffff]
[    2.299268] kernel: pci 0000:00:18.0:   bridge window [mem 0xe7700000-0xe77fffff 64bit pref]
[    2.299308] kernel: pci 0000:00:18.1: PCI bridge to [bus 1c]
[    2.299319] kernel: pci 0000:00:18.1:   bridge window [io  0xb000-0xbfff]
[    2.299342] kernel: pci 0000:00:18.1:   bridge window [mem 0xfcd00000-0xfcdfffff]
[    2.299359] kernel: pci 0000:00:18.1:   bridge window [mem 0xe7300000-0xe73fffff 64bit pref]
[    2.299405] kernel: pci 0000:00:18.2: PCI bridge to [bus 1d]
[    2.299429] kernel: pci 0000:00:18.2:   bridge window [mem 0xfc900000-0xfc9fffff]
[    2.299447] kernel: pci 0000:00:18.2:   bridge window [mem 0xe6f00000-0xe6ffffff 64bit pref]
[    2.299488] kernel: pci 0000:00:18.3: PCI bridge to [bus 1e]
[    2.299513] kernel: pci 0000:00:18.3:   bridge window [mem 0xfc500000-0xfc5fffff]
[    2.299529] kernel: pci 0000:00:18.3:   bridge window [mem 0xe6b00000-0xe6bfffff 64bit pref]
[    2.299570] kernel: pci 0000:00:18.4: PCI bridge to [bus 1f]
[    2.299595] kernel: pci 0000:00:18.4:   bridge window [mem 0xfc100000-0xfc1fffff]
[    2.299618] kernel: pci 0000:00:18.4:   bridge window [mem 0xe6700000-0xe67fffff 64bit pref]
[    2.299659] kernel: pci 0000:00:18.5: PCI bridge to [bus 20]
[    2.299684] kernel: pci 0000:00:18.5:   bridge window [mem 0xfbd00000-0xfbdfffff]
[    2.299700] kernel: pci 0000:00:18.5:   bridge window [mem 0xe6300000-0xe63fffff 64bit pref]
[    2.299740] kernel: pci 0000:00:18.6: PCI bridge to [bus 21]
[    2.299765] kernel: pci 0000:00:18.6:   bridge window [mem 0xfb900000-0xfb9fffff]
[    2.299782] kernel: pci 0000:00:18.6:   bridge window [mem 0xe5f00000-0xe5ffffff 64bit pref]
[    2.299822] kernel: pci 0000:00:18.7: PCI bridge to [bus 22]
[    2.299846] kernel: pci 0000:00:18.7:   bridge window [mem 0xfb500000-0xfb5fffff]
[    2.299863] kernel: pci 0000:00:18.7:   bridge window [mem 0xe5b00000-0xe5bfffff 64bit pref]
[    2.299904] kernel: pci_bus 0000:00: resource 4 [mem 0x000a0000-0x000bffff window]
[    2.299906] kernel: pci_bus 0000:00: resource 5 [mem 0x000d0000-0x000dbfff window]
[    2.299907] kernel: pci_bus 0000:00: resource 6 [mem 0xc0000000-0xfebfffff window]
[    2.299908] kernel: pci_bus 0000:00: resource 7 [io  0x0000-0x0cf7 window]
[    2.299909] kernel: pci_bus 0000:00: resource 8 [io  0x0d00-0xfeff window]
[    2.299911] kernel: pci_bus 0000:02: resource 0 [io  0x2000-0x3fff]
[    2.299911] kernel: pci_bus 0000:02: resource 1 [mem 0xfd500000-0xfdffffff]
[    2.299912] kernel: pci_bus 0000:02: resource 2 [mem 0xe7b00000-0xe7ffffff 64bit pref]
[    2.299913] kernel: pci_bus 0000:02: resource 4 [mem 0x000a0000-0x000bffff window]
[    2.299914] kernel: pci_bus 0000:02: resource 5 [mem 0x000d0000-0x000dbfff window]
[    2.299916] kernel: pci_bus 0000:02: resource 6 [mem 0xc0000000-0xfebfffff window]
[    2.299917] kernel: pci_bus 0000:02: resource 7 [io  0x0000-0x0cf7 window]
[    2.299918] kernel: pci_bus 0000:02: resource 8 [io  0x0d00-0xfeff window]
[    2.299919] kernel: pci_bus 0000:03: resource 0 [io  0x4000-0x4fff]
[    2.299920] kernel: pci_bus 0000:03: resource 1 [mem 0xfd400000-0xfd4fffff]
[    2.299921] kernel: pci_bus 0000:03: resource 2 [mem 0xe7a00000-0xe7afffff 64bit pref]
[    2.299922] kernel: pci_bus 0000:04: resource 0 [io  0x8000-0x8fff]
[    2.299923] kernel: pci_bus 0000:04: resource 1 [mem 0xfd000000-0xfd0fffff]
[    2.299924] kernel: pci_bus 0000:04: resource 2 [mem 0xe7600000-0xe76fffff 64bit pref]
[    2.299925] kernel: pci_bus 0000:05: resource 0 [io  0xc000-0xcfff]
[    2.299926] kernel: pci_bus 0000:05: resource 1 [mem 0xfcc00000-0xfccfffff]
[    2.299927] kernel: pci_bus 0000:05: resource 2 [mem 0xe7200000-0xe72fffff 64bit pref]
[    2.299928] kernel: pci_bus 0000:06: resource 1 [mem 0xfc800000-0xfc8fffff]
[    2.299929] kernel: pci_bus 0000:06: resource 2 [mem 0xe6e00000-0xe6efffff 64bit pref]
[    2.299930] kernel: pci_bus 0000:07: resource 1 [mem 0xfc400000-0xfc4fffff]
[    2.299931] kernel: pci_bus 0000:07: resource 2 [mem 0xe6a00000-0xe6afffff 64bit pref]
[    2.299933] kernel: pci_bus 0000:08: resource 1 [mem 0xfc000000-0xfc0fffff]
[    2.299933] kernel: pci_bus 0000:08: resource 2 [mem 0xe6600000-0xe66fffff 64bit pref]
