[    0.000000] kernel: Linux version 5.15.0-69-generic (buildd@lcy02-amd64-071) (gcc (Ubuntu 9.4.0-1ubuntu1~20.04.1) 9.4.0, GNU ld (GNU Binutils for Ubuntu) 2.34) #76~20.04.1-Ubuntu SMP Mon Mar 20 15:54:19 UTC 2023 (Ubuntu 5.15.0-69.76~20.04.1-generic 5.15.87)
[    0.000000] kernel: Command line: BOOT_IMAGE=/boot/vmlinuz-5.15.0-69-generic root=UUID=477f5a7d-cddf-4e43-afe1-cd3b20500e86 ro find_preseed=/preseed.cfg auto noprompt priority=critical locale=en_US quiet
[    0.000000] kernel: KERNEL supported cpus:
[    0.000000] kernel:   Intel GenuineIntel
[    0.000000] kernel:   AMD AuthenticAMD
[    0.000000] kernel:   Hygon HygonGenuine
[    0.000000] kernel:   Centaur CentaurHauls
[    0.000000] kernel:   zhaoxin   Shanghai  
[    0.000000] kernel: x86/fpu: Supporting XSAVE feature 0x001: 'x87 floating point registers'
[    0.000000] kernel: x86/fpu: Supporting XSAVE feature 0x002: 'SSE registers'
[    0.000000] kernel: x86/fpu: Supporting XSAVE feature 0x004: 'AVX registers'
[    0.000000] kernel: x86/fpu: Supporting XSAVE feature 0x020: 'AVX-512 opmask'
[    0.000000] kernel: x86/fpu: Supporting XSAVE feature 0x040: 'AVX-512 Hi256'
[    0.000000] kernel: x86/fpu: Supporting XSAVE feature 0x080: 'AVX-512 ZMM_Hi256'
[    0.000000] kernel: x86/fpu: Supporting XSAVE feature 0x200: 'Protection Keys User registers'
[    0.000000] kernel: x86/fpu: xstate_offset[2]:  576, xstate_sizes[2]:  256
[    0.000000] kernel: x86/fpu: xstate_offset[5]:  832, xstate_sizes[5]:   64
[    0.000000] kernel: x86/fpu: xstate_offset[6]:  896, xstate_sizes[6]:  512
[    0.000000] kernel: x86/fpu: xstate_offset[7]: 1408, xstate_sizes[7]: 1024
[    0.000000] kernel: x86/fpu: xstate_offset[9]: 2432, xstate_sizes[9]:    8
[    0.000000] kernel: x86/fpu: Enabled xstate features 0x2e7, context size is 2440 bytes, using 'compacted' format.
[    0.000000] kernel: signal: max sigframe size: 3632
[    0.000000] kernel: BIOS-provided physical RAM map:
[    0.000000] kernel: BIOS-e820: [mem 0x0000000000000000-0x000000000009e7ff] usable
[    0.000000] kernel: BIOS-e820: [mem 0x000000000009e800-0x000000000009ffff] reserved
[    0.000000] kernel: BIOS-e820: [mem 0x00000000000dc000-0x00000000000fffff] reserved
[    0.000000] kernel: BIOS-e820: [mem 0x0000000000100000-0x00000000bfecffff] usable
[    0.000000] kernel: BIOS-e820: [mem 0x00000000bfed0000-0x00000000bfefefff] ACPI data
[    0.000000] kernel: BIOS-e820: [mem 0x00000000bfeff000-0x00000000bfefffff] ACPI NVS
[    0.000000] kernel: BIOS-e820: [mem 0x00000000bff00000-0x00000000bfffffff] usable
[    0.000000] kernel: BIOS-e820: [mem 0x00000000f0000000-0x00000000f7ffffff] reserved
[    0.000000] kernel: BIOS-e820: [mem 0x00000000fec00000-0x00000000fec0ffff] reserved
[    0.000000] kernel: BIOS-e820: [mem 0x00000000fee00000-0x00000000fee00fff] reserved
[    0.000000] kernel: BIOS-e820: [mem 0x00000000fffe0000-0x00000000ffffffff] reserved
[    0.000000] kernel: BIOS-e820: [mem 0x0000000100000000-0x000000023fffffff] usable
[    0.000000] kernel: NX (Execute Disable) protection: active
[    0.000000] kernel: SMBIOS 2.7 present.
[    0.000000] kernel: DMI: VMware, Inc. VMware Virtual Platform/440BX Desktop Reference Platform, BIOS 6.00 11/12/2020
[    0.000000] kernel: vmware: hypercall mode: 0x02
[    0.000000] kernel: Hypervisor detected: VMware
[    0.000000] kernel: vmware: TSC freq read from hypervisor : 3110.407 MHz
[    0.000000] kernel: vmware: Host bus clock speed read from hypervisor : 66000000 Hz
[    0.000000] kernel: vmware: using clock offset of 14409800548 ns
[    0.000011] kernel: tsc: Detected 3110.407 MHz processor
[    0.001260] kernel: e820: update [mem 0x00000000-0x00000fff] usable ==> reserved
[    0.001263] kernel: e820: remove [mem 0x000a0000-0x000fffff] usable
[    0.001268] kernel: last_pfn = 0x240000 max_arch_pfn = 0x400000000
[    0.001289] kernel: x86/PAT: Configuration [0-7]: WB  WC  UC- UC  WB  WP  UC- WT  
[    0.001298] kernel: total RAM covered: 261120M
[    0.001384] kernel:  gran_size: 64K         chunk_size: 64K         num_reg: 8          lose cover RAM: 0G
[    0.001386] kernel:  gran_size: 64K         chunk_size: 128K         num_reg: 8          lose cover RAM: 0G
[    0.001387] kernel:  gran_size: 64K         chunk_size: 256K         num_reg: 8          lose cover RAM: 0G
[    0.001388] kernel:  gran_size: 64K         chunk_size: 512K         num_reg: 8          lose cover RAM: 0G
[    0.001389] kernel:  gran_size: 64K         chunk_size: 1M         num_reg: 8          lose cover RAM: 0G
[    0.001390] kernel:  gran_size: 64K         chunk_size: 2M         num_reg: 8          lose cover RAM: 0G
[    0.001391] kernel:  gran_size: 64K         chunk_size: 4M         num_reg: 8          lose cover RAM: 0G
[    0.001392] kernel:  gran_size: 64K         chunk_size: 8M         num_reg: 8          lose cover RAM: 0G
[    0.001393] kernel:  gran_size: 64K         chunk_size: 16M         num_reg: 8          lose cover RAM: 0G
[    0.001394] kernel:  gran_size: 64K         chunk_size: 32M         num_reg: 8          lose cover RAM: 0G
[    0.001395] kernel:  gran_size: 64K         chunk_size: 64M         num_reg: 8          lose cover RAM: 0G
[    0.001396] kernel:  gran_size: 64K         chunk_size: 128M         num_reg: 8          lose cover RAM: 0G
[    0.001396] kernel:  gran_size: 64K         chunk_size: 256M         num_reg: 8          lose cover RAM: 0G
[    0.001397] kernel:  gran_size: 64K         chunk_size: 512M         num_reg: 8          lose cover RAM: 0G
[    0.001398] kernel:  gran_size: 64K         chunk_size: 1G         num_reg: 8          lose cover RAM: 0G
[    0.001399] kernel:  gran_size: 64K         chunk_size: 2G         num_reg: 8          lose cover RAM: 0G
[    0.001400] kernel:  gran_size: 128K         chunk_size: 128K         num_reg: 8          lose cover RAM: 0G
[    0.001408] kernel:  gran_size: 128K         chunk_size: 256K         num_reg: 8          lose cover RAM: 0G
[    0.001418] kernel:  gran_size: 128K         chunk_size: 512K         num_reg: 8          lose cover RAM: 0G
[    0.001422] kernel:  gran_size: 128K         chunk_size: 1M         num_reg: 8          lose cover RAM: 0G
[    0.001423] kernel:  gran_size: 128K         chunk_size: 2M         num_reg: 8          lose cover RAM: 0G
[    0.001424] kernel:  gran_size: 128K         chunk_size: 4M         num_reg: 8          lose cover RAM: 0G
[    0.001425] kernel:  gran_size: 128K         chunk_size: 8M         num_reg: 8          lose cover RAM: 0G
[    0.001426] kernel:  gran_size: 128K         chunk_size: 16M         num_reg: 8          lose cover RAM: 0G
[    0.001427] kernel:  gran_size: 128K         chunk_size: 32M         num_reg: 8          lose cover RAM: 0G
[    0.001428] kernel:  gran_size: 128K         chunk_size: 64M         num_reg: 8          lose cover RAM: 0G
[    0.001429] kernel:  gran_size: 128K         chunk_size: 128M         num_reg: 8          lose cover RAM: 0G
[    0.001430] kernel:  gran_size: 128K         chunk_size: 256M         num_reg: 8          lose cover RAM: 0G
[    0.001430] kernel:  gran_size: 128K         chunk_size: 512M         num_reg: 8          lose cover RAM: 0G
[    0.001431] kernel:  gran_size: 128K         chunk_size: 1G         num_reg: 8          lose cover RAM: 0G
[    0.001432] kernel:  gran_size: 128K         chunk_size: 2G         num_reg: 8          lose cover RAM: 0G
[    0.001433] kernel:  gran_size: 256K         chunk_size: 256K         num_reg: 8          lose cover RAM: 0G
[    0.001434] kernel:  gran_size: 256K         chunk_size: 512K         num_reg: 8          lose cover RAM: 0G
[    0.001435] kernel:  gran_size: 256K         chunk_size: 1M         num_reg: 8          lose cover RAM: 0G
[    0.001436] kernel:  gran_size: 256K         chunk_size: 2M         num_reg: 8          lose cover RAM: 0G
[    0.001437] kernel:  gran_size: 256K         chunk_size: 4M         num_reg: 8          lose cover RAM: 0G
[    0.001438] kernel:  gran_size: 256K         chunk_size: 8M         num_reg: 8          lose cover RAM: 0G
[    0.001439] kernel:  gran_size: 256K         chunk_size: 16M         num_reg: 8          lose cover RAM: 0G
[    0.001440] kernel:  gran_size: 256K         chunk_size: 32M         num_reg: 8          lose cover RAM: 0G
[    0.001441] kernel:  gran_size: 256K         chunk_size: 64M         num_reg: 8          lose cover RAM: 0G
[    0.001441] kernel:  gran_size: 256K         chunk_size: 128M         num_reg: 8          lose cover RAM: 0G
[    0.001442] kernel:  gran_size: 256K         chunk_size: 256M         num_reg: 8          lose cover RAM: 0G
[    0.001443] kernel:  gran_size: 256K         chunk_size: 512M         num_reg: 8          lose cover RAM: 0G
[    0.001444] kernel:  gran_size: 256K         chunk_size: 1G         num_reg: 8          lose cover RAM: 0G
[    0.001445] kernel:  gran_size: 256K         chunk_size: 2G         num_reg: 8          lose cover RAM: 0G
[    0.001446] kernel:  gran_size: 512K         chunk_size: 512K         num_reg: 8          lose cover RAM: 0G
[    0.001447] kernel:  gran_size: 512K         chunk_size: 1M         num_reg: 8          lose cover RAM: 0G
[    0.001448] kernel:  gran_size: 512K         chunk_size: 2M         num_reg: 8          lose cover RAM: 0G
[    0.001449] kernel:  gran_size: 512K         chunk_size: 4M         num_reg: 8          lose cover RAM: 0G
[    0.001450] kernel:  gran_size: 512K         chunk_size: 8M         num_reg: 8          lose cover RAM: 0G
[    0.001451] kernel:  gran_size: 512K         chunk_size: 16M         num_reg: 8          lose cover RAM: 0G
[    0.001451] kernel:  gran_size: 512K         chunk_size: 32M         num_reg: 8          lose cover RAM: 0G
[    0.001452] kernel:  gran_size: 512K         chunk_size: 64M         num_reg: 8          lose cover RAM: 0G
[    0.001453] kernel:  gran_size: 512K         chunk_size: 128M         num_reg: 8          lose cover RAM: 0G
[    0.001454] kernel:  gran_size: 512K         chunk_size: 256M         num_reg: 8          lose cover RAM: 0G
[    0.001455] kernel:  gran_size: 512K         chunk_size: 512M         num_reg: 8          lose cover RAM: 0G
[    0.001456] kernel:  gran_size: 512K         chunk_size: 1G         num_reg: 8          lose cover RAM: 0G
[    0.001457] kernel:  gran_size: 512K         chunk_size: 2G         num_reg: 8          lose cover RAM: 0G
[    0.001458] kernel:  gran_size: 1M         chunk_size: 1M         num_reg: 8          lose cover RAM: 0G
[    0.001459] kernel:  gran_size: 1M         chunk_size: 2M         num_reg: 8          lose cover RAM: 0G
[    0.001460] kernel:  gran_size: 1M         chunk_size: 4M         num_reg: 8          lose cover RAM: 0G
[    0.001460] kernel:  gran_size: 1M         chunk_size: 8M         num_reg: 8          lose cover RAM: 0G
[    0.001461] kernel:  gran_size: 1M         chunk_size: 16M         num_reg: 8          lose cover RAM: 0G
[    0.001462] kernel:  gran_size: 1M         chunk_size: 32M         num_reg: 8          lose cover RAM: 0G
[    0.001463] kernel:  gran_size: 1M         chunk_size: 64M         num_reg: 8          lose cover RAM: 0G
[    0.001464] kernel:  gran_size: 1M         chunk_size: 128M         num_reg: 8          lose cover RAM: 0G
[    0.001465] kernel:  gran_size: 1M         chunk_size: 256M         num_reg: 8          lose cover RAM: 0G
[    0.001466] kernel:  gran_size: 1M         chunk_size: 512M         num_reg: 8          lose cover RAM: 0G
[    0.001467] kernel:  gran_size: 1M         chunk_size: 1G         num_reg: 8          lose cover RAM: 0G
[    0.001468] kernel:  gran_size: 1M         chunk_size: 2G         num_reg: 8          lose cover RAM: 0G
[    0.001469] kernel:  gran_size: 2M         chunk_size: 2M         num_reg: 8          lose cover RAM: 0G
[    0.001470] kernel:  gran_size: 2M         chunk_size: 4M         num_reg: 8          lose cover RAM: 0G
[    0.001470] kernel:  gran_size: 2M         chunk_size: 8M         num_reg: 8          lose cover RAM: 0G
[    0.001471] kernel:  gran_size: 2M         chunk_size: 16M         num_reg: 8          lose cover RAM: 0G
[    0.001472] kernel:  gran_size: 2M         chunk_size: 32M         num_reg: 8          lose cover RAM: 0G
[    0.001473] kernel:  gran_size: 2M         chunk_size: 64M         num_reg: 8          lose cover RAM: 0G
[    0.001474] kernel:  gran_size: 2M         chunk_size: 128M         num_reg: 8          lose cover RAM: 0G
[    0.001475] kernel:  gran_size: 2M         chunk_size: 256M         num_reg: 8          lose cover RAM: 0G
[    0.001476] kernel:  gran_size: 2M         chunk_size: 512M         num_reg: 8          lose cover RAM: 0G
[    0.001477] kernel:  gran_size: 2M         chunk_size: 1G         num_reg: 8          lose cover RAM: 0G
[    0.001478] kernel:  gran_size: 2M         chunk_size: 2G         num_reg: 8          lose cover RAM: 0G
[    0.001478] kernel:  gran_size: 4M         chunk_size: 4M         num_reg: 8          lose cover RAM: 0G
[    0.001479] kernel:  gran_size: 4M         chunk_size: 8M         num_reg: 8          lose cover RAM: 0G
[    0.001480] kernel:  gran_size: 4M         chunk_size: 16M         num_reg: 8          lose cover RAM: 0G
[    0.001481] kernel:  gran_size: 4M         chunk_size: 32M         num_reg: 8          lose cover RAM: 0G
[    0.001482] kernel:  gran_size: 4M         chunk_size: 64M         num_reg: 8          lose cover RAM: 0G
[    0.001483] kernel:  gran_size: 4M         chunk_size: 128M         num_reg: 8          lose cover RAM: 0G
[    0.001484] kernel:  gran_size: 4M         chunk_size: 256M         num_reg: 8          lose cover RAM: 0G
[    0.001485] kernel:  gran_size: 4M         chunk_size: 512M         num_reg: 8          lose cover RAM: 0G
[    0.001486] kernel:  gran_size: 4M         chunk_size: 1G         num_reg: 8          lose cover RAM: 0G
[    0.001487] kernel:  gran_size: 4M         chunk_size: 2G         num_reg: 8          lose cover RAM: 0G
[    0.001487] kernel:  gran_size: 8M         chunk_size: 8M         num_reg: 8          lose cover RAM: 0G
[    0.001488] kernel:  gran_size: 8M         chunk_size: 16M         num_reg: 8          lose cover RAM: 0G
[    0.001489] kernel:  gran_size: 8M         chunk_size: 32M         num_reg: 8          lose cover RAM: 0G
[    0.001490] kernel:  gran_size: 8M         chunk_size: 64M         num_reg: 8          lose cover RAM: 0G
[    0.001491] kernel:  gran_size: 8M         chunk_size: 128M         num_reg: 8          lose cover RAM: 0G
[    0.001492] kernel:  gran_size: 8M         chunk_size: 256M         num_reg: 8          lose cover RAM: 0G
[    0.001493] kernel:  gran_size: 8M         chunk_size: 512M         num_reg: 8          lose cover RAM: 0G
[    0.001494] kernel:  gran_size: 8M         chunk_size: 1G         num_reg: 8          lose cover RAM: 0G
[    0.001495] kernel:  gran_size: 8M         chunk_size: 2G         num_reg: 8          lose cover RAM: 0G
[    0.001496] kernel:  gran_size: 16M         chunk_size: 16M         num_reg: 8          lose cover RAM: 0G
[    0.001497] kernel:  gran_size: 16M         chunk_size: 32M         num_reg: 8          lose cover RAM: 0G
[    0.001498] kernel:  gran_size: 16M         chunk_size: 64M         num_reg: 8          lose cover RAM: 0G
[    0.001498] kernel:  gran_size: 16M         chunk_size: 128M         num_reg: 8          lose cover RAM: 0G
[    0.001499] kernel:  gran_size: 16M         chunk_size: 256M         num_reg: 8          lose cover RAM: 0G
[    0.001500] kernel:  gran_size: 16M         chunk_size: 512M         num_reg: 8          lose cover RAM: 0G
[    0.001501] kernel:  gran_size: 16M         chunk_size: 1G         num_reg: 8          lose cover RAM: 0G
[    0.001502] kernel:  gran_size: 16M         chunk_size: 2G         num_reg: 8          lose cover RAM: 0G
[    0.001503] kernel:  gran_size: 32M         chunk_size: 32M         num_reg: 8          lose cover RAM: 0G
[    0.001504] kernel:  gran_size: 32M         chunk_size: 64M         num_reg: 8          lose cover RAM: 0G
[    0.001505] kernel:  gran_size: 32M         chunk_size: 128M         num_reg: 8          lose cover RAM: 0G
[    0.001506] kernel:  gran_size: 32M         chunk_size: 256M         num_reg: 8          lose cover RAM: 0G
[    0.001507] kernel:  gran_size: 32M         chunk_size: 512M         num_reg: 8          lose cover RAM: 0G
[    0.001508] kernel:  gran_size: 32M         chunk_size: 1G         num_reg: 8          lose cover RAM: 0G
[    0.001508] kernel:  gran_size: 32M         chunk_size: 2G         num_reg: 8          lose cover RAM: 0G
[    0.001509] kernel:  gran_size: 64M         chunk_size: 64M         num_reg: 8          lose cover RAM: 0G
[    0.001510] kernel:  gran_size: 64M         chunk_size: 128M         num_reg: 8          lose cover RAM: 0G
[    0.001511] kernel:  gran_size: 64M         chunk_size: 256M         num_reg: 8          lose cover RAM: 0G
[    0.001512] kernel:  gran_size: 64M         chunk_size: 512M         num_reg: 8          lose cover RAM: 0G
[    0.001513] kernel:  gran_size: 64M         chunk_size: 1G         num_reg: 8          lose cover RAM: 0G
[    0.001514] kernel:  gran_size: 64M         chunk_size: 2G         num_reg: 8          lose cover RAM: 0G
[    0.001515] kernel:  gran_size: 128M         chunk_size: 128M         num_reg: 8          lose cover RAM: 0G
[    0.001516] kernel:  gran_size: 128M         chunk_size: 256M         num_reg: 8          lose cover RAM: 0G
[    0.001517] kernel:  gran_size: 128M         chunk_size: 512M         num_reg: 8          lose cover RAM: 0G
[    0.001517] kernel:  gran_size: 128M         chunk_size: 1G         num_reg: 8          lose cover RAM: 0G
[    0.001518] kernel:  gran_size: 128M         chunk_size: 2G         num_reg: 8          lose cover RAM: 0G
[    0.001519] kernel:  gran_size: 256M         chunk_size: 256M         num_reg: 8          lose cover RAM: 0G
[    0.001520] kernel:  gran_size: 256M         chunk_size: 512M         num_reg: 8          lose cover RAM: 0G
[    0.001521] kernel:  gran_size: 256M         chunk_size: 1G         num_reg: 8          lose cover RAM: 0G
[    0.001522] kernel:  gran_size: 256M         chunk_size: 2G         num_reg: 8          lose cover RAM: 0G
[    0.001523] kernel:  gran_size: 512M         chunk_size: 512M         num_reg: 8          lose cover RAM: 0G
[    0.001524] kernel:  gran_size: 512M         chunk_size: 1G         num_reg: 8          lose cover RAM: 0G
[    0.001525] kernel:  gran_size: 512M         chunk_size: 2G         num_reg: 8          lose cover RAM: 0G
[    0.001526] kernel:  gran_size: 1G         chunk_size: 1G         num_reg: 8          lose cover RAM: 0G
[    0.001527] kernel:  gran_size: 1G         chunk_size: 2G         num_reg: 8          lose cover RAM: 0G
[    0.001528] kernel:  gran_size: 2G         chunk_size: 2G         num_reg: 7          lose cover RAM: 1G
[    0.001528] kernel: mtrr_cleanup: can not find optimal value
[    0.001529] kernel: please specify mtrr_gran_size/mtrr_chunk_size
[    0.001534] kernel: e820: update [mem 0xc0000000-0xffffffff] usable ==> reserved
[    0.001539] kernel: last_pfn = 0xc0000 max_arch_pfn = 0x400000000
[    0.008310] kernel: found SMP MP-table at [mem 0x000f6a70-0x000f6a7f]
[    0.008329] kernel: Using GB pages for direct mapping
[    0.008512] kernel: RAMDISK: [mem 0x2f2fd000-0x33975fff]
[    0.008517] kernel: ACPI: Early table checksum verification disabled
[    0.008520] kernel: ACPI: RSDP 0x00000000000F6A00 000024 (v02 PTLTD )
[    0.008524] kernel: ACPI: XSDT 0x00000000BFEDB633 00005C (v01 INTEL  440BX    06040000 VMW  01324272)
[    0.008529] kernel: ACPI: FACP 0x00000000BFEFEE73 0000F4 (v04 INTEL  440BX    06040000 PTL  000F4240)
[    0.008536] kernel: ACPI: DSDT 0x00000000BFEDD001 021E72 (v01 PTLTD  Custom   06040000 MSFT 03000001)
[    0.008540] kernel: ACPI: FACS 0x00000000BFEFFFC0 000040
[    0.008543] kernel: ACPI: FACS 0x00000000BFEFFFC0 000040
[    0.008545] kernel: ACPI: BOOT 0x00000000BFEDCFB4 000028 (v01 PTLTD  $SBFTBL$ 06040000  LTP 00000001)
[    0.008548] kernel: ACPI: APIC 0x00000000BFEDC872 000742 (v01 PTLTD  ? APIC   06040000  LTP 00000000)
[    0.008551] kernel: ACPI: MCFG 0x00000000BFEDC836 00003C (v01 PTLTD  $PCITBL$ 06040000  LTP 00000001)
[    0.008554] kernel: ACPI: SRAT 0x00000000BFEDB72F 0008D0 (v02 VMWARE MEMPLUG  06040000 VMW  00000001)
[    0.008556] kernel: ACPI: HPET 0x00000000BFEDB6F7 000038 (v01 VMWARE VMW HPET 06040000 VMW  00000001)
[    0.008559] kernel: ACPI: WAET 0x00000000BFEDB6CF 000028 (v01 VMWARE VMW WAET 06040000 VMW  00000001)
[    0.008561] kernel: ACPI: Reserving FACP table memory at [mem 0xbfefee73-0xbfefef66]
[    0.008562] kernel: ACPI: Reserving DSDT table memory at [mem 0xbfedd001-0xbfefee72]
[    0.008563] kernel: ACPI: Reserving FACS table memory at [mem 0xbfefffc0-0xbfefffff]
[    0.008564] kernel: ACPI: Reserving FACS table memory at [mem 0xbfefffc0-0xbfefffff]
[    0.008564] kernel: ACPI: Reserving BOOT table memory at [mem 0xbfedcfb4-0xbfedcfdb]
[    0.008565] kernel: ACPI: Reserving APIC table memory at [mem 0xbfedc872-0xbfedcfb3]
[    0.008565] kernel: ACPI: Reserving MCFG table memory at [mem 0xbfedc836-0xbfedc871]
[    0.008566] kernel: ACPI: Reserving SRAT table memory at [mem 0xbfedb72f-0xbfedbffe]
[    0.008567] kernel: ACPI: Reserving HPET table memory at [mem 0xbfedb6f7-0xbfedb72e]
[    0.008567] kernel: ACPI: Reserving WAET table memory at [mem 0xbfedb6cf-0xbfedb6f6]
[    0.008593] kernel: system APIC only can use physical flat
[    0.008595] kernel: Setting APIC routing to physical flat.
[    0.008630] kernel: SRAT: PXM 0 -> APIC 0x00 -> Node 0
[    0.008631] kernel: SRAT: PXM 0 -> APIC 0x01 -> Node 0
[    0.008632] kernel: SRAT: PXM 0 -> APIC 0x02 -> Node 0
[    0.008632] kernel: SRAT: PXM 0 -> APIC 0x03 -> Node 0
[    0.008633] kernel: SRAT: PXM 0 -> APIC 0x04 -> Node 0
[    0.008633] kernel: SRAT: PXM 0 -> APIC 0x05 -> Node 0
[    0.008634] kernel: SRAT: PXM 0 -> APIC 0x06 -> Node 0
[    0.008634] kernel: SRAT: PXM 0 -> APIC 0x07 -> Node 0
[    0.008635] kernel: SRAT: PXM 0 -> APIC 0x08 -> Node 0
[    0.008635] kernel: SRAT: PXM 0 -> APIC 0x09 -> Node 0
[    0.008636] kernel: SRAT: PXM 0 -> APIC 0x0a -> Node 0
[    0.008636] kernel: SRAT: PXM 0 -> APIC 0x0b -> Node 0
[    0.008637] kernel: SRAT: PXM 0 -> APIC 0x0c -> Node 0
[    0.008637] kernel: SRAT: PXM 0 -> APIC 0x0d -> Node 0
[    0.008638] kernel: SRAT: PXM 0 -> APIC 0x0e -> Node 0
[    0.008638] kernel: SRAT: PXM 0 -> APIC 0x0f -> Node 0
[    0.008639] kernel: SRAT: PXM 0 -> APIC 0x10 -> Node 0
[    0.008640] kernel: SRAT: PXM 0 -> APIC 0x11 -> Node 0
[    0.008640] kernel: SRAT: PXM 0 -> APIC 0x12 -> Node 0
[    0.008641] kernel: SRAT: PXM 0 -> APIC 0x13 -> Node 0
[    0.008641] kernel: SRAT: PXM 0 -> APIC 0x14 -> Node 0
[    0.008642] kernel: SRAT: PXM 0 -> APIC 0x15 -> Node 0
[    0.008642] kernel: SRAT: PXM 0 -> APIC 0x16 -> Node 0
[    0.008643] kernel: SRAT: PXM 0 -> APIC 0x17 -> Node 0
[    0.008643] kernel: SRAT: PXM 0 -> APIC 0x18 -> Node 0
[    0.008644] kernel: SRAT: PXM 0 -> APIC 0x19 -> Node 0
[    0.008644] kernel: SRAT: PXM 0 -> APIC 0x1a -> Node 0
[    0.008645] kernel: SRAT: PXM 0 -> APIC 0x1b -> Node 0
[    0.008645] kernel: SRAT: PXM 0 -> APIC 0x1c -> Node 0
[    0.008646] kernel: SRAT: PXM 0 -> APIC 0x1d -> Node 0
[    0.008646] kernel: SRAT: PXM 0 -> APIC 0x1e -> Node 0
[    0.008647] kernel: SRAT: PXM 0 -> APIC 0x1f -> Node 0
[    0.008647] kernel: SRAT: PXM 0 -> APIC 0x20 -> Node 0
[    0.008648] kernel: SRAT: PXM 0 -> APIC 0x21 -> Node 0
[    0.008648] kernel: SRAT: PXM 0 -> APIC 0x22 -> Node 0
[    0.008649] kernel: SRAT: PXM 0 -> APIC 0x23 -> Node 0
[    0.008649] kernel: SRAT: PXM 0 -> APIC 0x24 -> Node 0
[    0.008650] kernel: SRAT: PXM 0 -> APIC 0x25 -> Node 0
[    0.008650] kernel: SRAT: PXM 0 -> APIC 0x26 -> Node 0
[    0.008651] kernel: SRAT: PXM 0 -> APIC 0x27 -> Node 0
[    0.008651] kernel: SRAT: PXM 0 -> APIC 0x28 -> Node 0
[    0.008652] kernel: SRAT: PXM 0 -> APIC 0x29 -> Node 0
[    0.008652] kernel: SRAT: PXM 0 -> APIC 0x2a -> Node 0
[    0.008653] kernel: SRAT: PXM 0 -> APIC 0x2b -> Node 0
[    0.008653] kernel: SRAT: PXM 0 -> APIC 0x2c -> Node 0
[    0.008654] kernel: SRAT: PXM 0 -> APIC 0x2d -> Node 0
[    0.008654] kernel: SRAT: PXM 0 -> APIC 0x2e -> Node 0
[    0.008655] kernel: SRAT: PXM 0 -> APIC 0x2f -> Node 0
[    0.008655] kernel: SRAT: PXM 0 -> APIC 0x30 -> Node 0
[    0.008656] kernel: SRAT: PXM 0 -> APIC 0x31 -> Node 0
[    0.008656] kernel: SRAT: PXM 0 -> APIC 0x32 -> Node 0
[    0.008657] kernel: SRAT: PXM 0 -> APIC 0x33 -> Node 0
[    0.008657] kernel: SRAT: PXM 0 -> APIC 0x34 -> Node 0
[    0.008658] kernel: SRAT: PXM 0 -> APIC 0x35 -> Node 0
[    0.008658] kernel: SRAT: PXM 0 -> APIC 0x36 -> Node 0
[    0.008659] kernel: SRAT: PXM 0 -> APIC 0x37 -> Node 0
[    0.008659] kernel: SRAT: PXM 0 -> APIC 0x38 -> Node 0
[    0.008660] kernel: SRAT: PXM 0 -> APIC 0x39 -> Node 0
[    0.008660] kernel: SRAT: PXM 0 -> APIC 0x3a -> Node 0
[    0.008661] kernel: SRAT: PXM 0 -> APIC 0x3b -> Node 0
[    0.008661] kernel: SRAT: PXM 0 -> APIC 0x3c -> Node 0
[    0.008662] kernel: SRAT: PXM 0 -> APIC 0x3d -> Node 0
[    0.008662] kernel: SRAT: PXM 0 -> APIC 0x3e -> Node 0
[    0.008663] kernel: SRAT: PXM 0 -> APIC 0x3f -> Node 0
[    0.008663] kernel: SRAT: PXM 0 -> APIC 0x40 -> Node 0
[    0.008664] kernel: SRAT: PXM 0 -> APIC 0x41 -> Node 0
[    0.008664] kernel: SRAT: PXM 0 -> APIC 0x42 -> Node 0
[    0.008665] kernel: SRAT: PXM 0 -> APIC 0x43 -> Node 0
[    0.008665] kernel: SRAT: PXM 0 -> APIC 0x44 -> Node 0
[    0.008666] kernel: SRAT: PXM 0 -> APIC 0x45 -> Node 0
[    0.008666] kernel: SRAT: PXM 0 -> APIC 0x46 -> Node 0
[    0.008667] kernel: SRAT: PXM 0 -> APIC 0x47 -> Node 0
[    0.008667] kernel: SRAT: PXM 0 -> APIC 0x48 -> Node 0
[    0.008668] kernel: SRAT: PXM 0 -> APIC 0x49 -> Node 0
[    0.008668] kernel: SRAT: PXM 0 -> APIC 0x4a -> Node 0
[    0.008669] kernel: SRAT: PXM 0 -> APIC 0x4b -> Node 0
[    0.008669] kernel: SRAT: PXM 0 -> APIC 0x4c -> Node 0
[    0.008670] kernel: SRAT: PXM 0 -> APIC 0x4d -> Node 0
[    0.008670] kernel: SRAT: PXM 0 -> APIC 0x4e -> Node 0
[    0.008671] kernel: SRAT: PXM 0 -> APIC 0x4f -> Node 0
[    0.008672] kernel: SRAT: PXM 0 -> APIC 0x50 -> Node 0
[    0.008672] kernel: SRAT: PXM 0 -> APIC 0x51 -> Node 0
[    0.008673] kernel: SRAT: PXM 0 -> APIC 0x52 -> Node 0
[    0.008673] kernel: SRAT: PXM 0 -> APIC 0x53 -> Node 0
[    0.008674] kernel: SRAT: PXM 0 -> APIC 0x54 -> Node 0
[    0.008674] kernel: SRAT: PXM 0 -> APIC 0x55 -> Node 0
[    0.008675] kernel: SRAT: PXM 0 -> APIC 0x56 -> Node 0
[    0.008675] kernel: SRAT: PXM 0 -> APIC 0x57 -> Node 0
[    0.008676] kernel: SRAT: PXM 0 -> APIC 0x58 -> Node 0
[    0.008676] kernel: SRAT: PXM 0 -> APIC 0x59 -> Node 0
[    0.008677] kernel: SRAT: PXM 0 -> APIC 0x5a -> Node 0
[    0.008677] kernel: SRAT: PXM 0 -> APIC 0x5b -> Node 0
[    0.008678] kernel: SRAT: PXM 0 -> APIC 0x5c -> Node 0
[    0.008678] kernel: SRAT: PXM 0 -> APIC 0x5d -> Node 0
[    0.008679] kernel: SRAT: PXM 0 -> APIC 0x5e -> Node 0
[    0.008679] kernel: SRAT: PXM 0 -> APIC 0x5f -> Node 0
[    0.008680] kernel: SRAT: PXM 0 -> APIC 0x60 -> Node 0
[    0.008680] kernel: SRAT: PXM 0 -> APIC 0x61 -> Node 0
[    0.008681] kernel: SRAT: PXM 0 -> APIC 0x62 -> Node 0
[    0.008681] kernel: SRAT: PXM 0 -> APIC 0x63 -> Node 0
[    0.008682] kernel: SRAT: PXM 0 -> APIC 0x64 -> Node 0
[    0.008682] kernel: SRAT: PXM 0 -> APIC 0x65 -> Node 0
[    0.008683] kernel: SRAT: PXM 0 -> APIC 0x66 -> Node 0
[    0.008683] kernel: SRAT: PXM 0 -> APIC 0x67 -> Node 0
[    0.008684] kernel: SRAT: PXM 0 -> APIC 0x68 -> Node 0
[    0.008684] kernel: SRAT: PXM 0 -> APIC 0x69 -> Node 0
[    0.008685] kernel: SRAT: PXM 0 -> APIC 0x6a -> Node 0
[    0.008685] kernel: SRAT: PXM 0 -> APIC 0x6b -> Node 0
[    0.008686] kernel: SRAT: PXM 0 -> APIC 0x6c -> Node 0
[    0.008686] kernel: SRAT: PXM 0 -> APIC 0x6d -> Node 0
[    0.008687] kernel: SRAT: PXM 0 -> APIC 0x6e -> Node 0
[    0.008687] kernel: SRAT: PXM 0 -> APIC 0x6f -> Node 0
[    0.008688] kernel: SRAT: PXM 0 -> APIC 0x70 -> Node 0
[    0.008688] kernel: SRAT: PXM 0 -> APIC 0x71 -> Node 0
[    0.008689] kernel: SRAT: PXM 0 -> APIC 0x72 -> Node 0
[    0.008689] kernel: SRAT: PXM 0 -> APIC 0x73 -> Node 0
[    0.008690] kernel: SRAT: PXM 0 -> APIC 0x74 -> Node 0
[    0.008690] kernel: SRAT: PXM 0 -> APIC 0x75 -> Node 0
[    0.008691] kernel: SRAT: PXM 0 -> APIC 0x76 -> Node 0
[    0.008691] kernel: SRAT: PXM 0 -> APIC 0x77 -> Node 0
[    0.008692] kernel: SRAT: PXM 0 -> APIC 0x78 -> Node 0
[    0.008692] kernel: SRAT: PXM 0 -> APIC 0x79 -> Node 0
[    0.008693] kernel: SRAT: PXM 0 -> APIC 0x7a -> Node 0
[    0.008693] kernel: SRAT: PXM 0 -> APIC 0x7b -> Node 0
[    0.008694] kernel: SRAT: PXM 0 -> APIC 0x7c -> Node 0
[    0.008694] kernel: SRAT: PXM 0 -> APIC 0x7d -> Node 0
[    0.008695] kernel: SRAT: PXM 0 -> APIC 0x7e -> Node 0
[    0.008695] kernel: SRAT: PXM 0 -> APIC 0x7f -> Node 0
[    0.008698] kernel: ACPI: SRAT: Node 0 PXM 0 [mem 0x00000000-0x0009ffff]
[    0.008699] kernel: ACPI: SRAT: Node 0 PXM 0 [mem 0x00100000-0xbfffffff]
[    0.008700] kernel: ACPI: SRAT: Node 0 PXM 0 [mem 0x100000000-0x23fffffff]
[    0.008701] kernel: ACPI: SRAT: Node 0 PXM 0 [mem 0x240000000-0x203fffffff] hotplug
[    0.008703] kernel: NUMA: Node 0 [mem 0x00000000-0x0009ffff] + [mem 0x00100000-0xbfffffff] -> [mem 0x00000000-0xbfffffff]
[    0.008704] kernel: NUMA: Node 0 [mem 0x00000000-0xbfffffff] + [mem 0x100000000-0x23fffffff] -> [mem 0x00000000-0x23fffffff]
[    0.008710] kernel: NODE_DATA(0) allocated [mem 0x23ffd6000-0x23fffffff]
[    0.009424] kernel: Zone ranges:
[    0.009425] kernel:   DMA      [mem 0x0000000000001000-0x0000000000ffffff]
[    0.009427] kernel:   DMA32    [mem 0x0000000001000000-0x00000000ffffffff]
[    0.009428] kernel:   Normal   [mem 0x0000000100000000-0x000000023fffffff]
[    0.009429] kernel:   Device   empty
[    0.009430] kernel: Movable zone start for each node
[    0.009433] kernel: Early memory node ranges
[    0.009433] kernel:   node   0: [mem 0x0000000000001000-0x000000000009dfff]
[    0.009434] kernel:   node   0: [mem 0x0000000000100000-0x00000000bfecffff]
[    0.009435] kernel:   node   0: [mem 0x00000000bff00000-0x00000000bfffffff]
[    0.009435] kernel:   node   0: [mem 0x0000000100000000-0x000000023fffffff]
[    0.009436] kernel: Initmem setup node 0 [mem 0x0000000000001000-0x000000023fffffff]
[    0.009478] kernel: On node 0, zone DMA: 1 pages in unavailable ranges
[    0.010050] kernel: On node 0, zone DMA: 98 pages in unavailable ranges
[    0.122431] kernel: On node 0, zone DMA32: 48 pages in unavailable ranges
[    0.318817] kernel: ACPI: PM-Timer IO Port: 0x1008
[    0.318827] kernel: system APIC only can use physical flat
[    0.318836] kernel: ACPI: LAPIC_NMI (acpi_id[0x00] high edge lint[0x1])
[    0.318839] kernel: ACPI: LAPIC_NMI (acpi_id[0x01] high edge lint[0x1])
[    0.318839] kernel: ACPI: LAPIC_NMI (acpi_id[0x02] high edge lint[0x1])
[    0.318840] kernel: ACPI: LAPIC_NMI (acpi_id[0x03] high edge lint[0x1])
[    0.318840] kernel: ACPI: LAPIC_NMI (acpi_id[0x04] high edge lint[0x1])
[    0.318841] kernel: ACPI: LAPIC_NMI (acpi_id[0x05] high edge lint[0x1])
[    0.318841] kernel: ACPI: LAPIC_NMI (acpi_id[0x06] high edge lint[0x1])
[    0.318842] kernel: ACPI: LAPIC_NMI (acpi_id[0x07] high edge lint[0x1])
[    0.318842] kernel: ACPI: LAPIC_NMI (acpi_id[0x08] high edge lint[0x1])
[    0.318843] kernel: ACPI: LAPIC_NMI (acpi_id[0x09] high edge lint[0x1])
[    0.318843] kernel: ACPI: LAPIC_NMI (acpi_id[0x0a] high edge lint[0x1])
[    0.318844] kernel: ACPI: LAPIC_NMI (acpi_id[0x0b] high edge lint[0x1])
[    0.318844] kernel: ACPI: LAPIC_NMI (acpi_id[0x0c] high edge lint[0x1])
[    0.318845] kernel: ACPI: LAPIC_NMI (acpi_id[0x0d] high edge lint[0x1])
[    0.318845] kernel: ACPI: LAPIC_NMI (acpi_id[0x0e] high edge lint[0x1])
[    0.318846] kernel: ACPI: LAPIC_NMI (acpi_id[0x0f] high edge lint[0x1])
[    0.318846] kernel: ACPI: LAPIC_NMI (acpi_id[0x10] high edge lint[0x1])
[    0.318847] kernel: ACPI: LAPIC_NMI (acpi_id[0x11] high edge lint[0x1])
[    0.318848] kernel: ACPI: LAPIC_NMI (acpi_id[0x12] high edge lint[0x1])
[    0.318848] kernel: ACPI: LAPIC_NMI (acpi_id[0x13] high edge lint[0x1])
[    0.318849] kernel: ACPI: LAPIC_NMI (acpi_id[0x14] high edge lint[0x1])
[    0.318849] kernel: ACPI: LAPIC_NMI (acpi_id[0x15] high edge lint[0x1])
[    0.318850] kernel: ACPI: LAPIC_NMI (acpi_id[0x16] high edge lint[0x1])
[    0.318850] kernel: ACPI: LAPIC_NMI (acpi_id[0x17] high edge lint[0x1])
[    0.318851] kernel: ACPI: LAPIC_NMI (acpi_id[0x18] high edge lint[0x1])
[    0.318851] kernel: ACPI: LAPIC_NMI (acpi_id[0x19] high edge lint[0x1])
[    0.318852] kernel: ACPI: LAPIC_NMI (acpi_id[0x1a] high edge lint[0x1])
[    0.318852] kernel: ACPI: LAPIC_NMI (acpi_id[0x1b] high edge lint[0x1])
[    0.318853] kernel: ACPI: LAPIC_NMI (acpi_id[0x1c] high edge lint[0x1])
[    0.318853] kernel: ACPI: LAPIC_NMI (acpi_id[0x1d] high edge lint[0x1])
[    0.318854] kernel: ACPI: LAPIC_NMI (acpi_id[0x1e] high edge lint[0x1])
[    0.318854] kernel: ACPI: LAPIC_NMI (acpi_id[0x1f] high edge lint[0x1])
[    0.318855] kernel: ACPI: LAPIC_NMI (acpi_id[0x20] high edge lint[0x1])
[    0.318855] kernel: ACPI: LAPIC_NMI (acpi_id[0x21] high edge lint[0x1])
[    0.318856] kernel: ACPI: LAPIC_NMI (acpi_id[0x22] high edge lint[0x1])
[    0.318856] kernel: ACPI: LAPIC_NMI (acpi_id[0x23] high edge lint[0x1])
[    0.318857] kernel: ACPI: LAPIC_NMI (acpi_id[0x24] high edge lint[0x1])
[    0.318857] kernel: ACPI: LAPIC_NMI (acpi_id[0x25] high edge lint[0x1])
[    0.318858] kernel: ACPI: LAPIC_NMI (acpi_id[0x26] high edge lint[0x1])
[    0.318858] kernel: ACPI: LAPIC_NMI (acpi_id[0x27] high edge lint[0x1])
[    0.318859] kernel: ACPI: LAPIC_NMI (acpi_id[0x28] high edge lint[0x1])
[    0.318859] kernel: ACPI: LAPIC_NMI (acpi_id[0x29] high edge lint[0x1])
[    0.318860] kernel: ACPI: LAPIC_NMI (acpi_id[0x2a] high edge lint[0x1])
[    0.318860] kernel: ACPI: LAPIC_NMI (acpi_id[0x2b] high edge lint[0x1])
[    0.318861] kernel: ACPI: LAPIC_NMI (acpi_id[0x2c] high edge lint[0x1])
[    0.318861] kernel: ACPI: LAPIC_NMI (acpi_id[0x2d] high edge lint[0x1])
[    0.318862] kernel: ACPI: LAPIC_NMI (acpi_id[0x2e] high edge lint[0x1])
[    0.318862] kernel: ACPI: LAPIC_NMI (acpi_id[0x2f] high edge lint[0x1])
[    0.318863] kernel: ACPI: LAPIC_NMI (acpi_id[0x30] high edge lint[0x1])
[    0.318863] kernel: ACPI: LAPIC_NMI (acpi_id[0x31] high edge lint[0x1])
[    0.318864] kernel: ACPI: LAPIC_NMI (acpi_id[0x32] high edge lint[0x1])
[    0.318864] kernel: ACPI: LAPIC_NMI (acpi_id[0x33] high edge lint[0x1])
[    0.318865] kernel: ACPI: LAPIC_NMI (acpi_id[0x34] high edge lint[0x1])
[    0.318865] kernel: ACPI: LAPIC_NMI (acpi_id[0x35] high edge lint[0x1])
[    0.318866] kernel: ACPI: LAPIC_NMI (acpi_id[0x36] high edge lint[0x1])
[    0.318866] kernel: ACPI: LAPIC_NMI (acpi_id[0x37] high edge lint[0x1])
[    0.318867] kernel: ACPI: LAPIC_NMI (acpi_id[0x38] high edge lint[0x1])
[    0.318868] kernel: ACPI: LAPIC_NMI (acpi_id[0x39] high edge lint[0x1])
[    0.318868] kernel: ACPI: LAPIC_NMI (acpi_id[0x3a] high edge lint[0x1])
[    0.318869] kernel: ACPI: LAPIC_NMI (acpi_id[0x3b] high edge lint[0x1])
[    0.318869] kernel: ACPI: LAPIC_NMI (acpi_id[0x3c] high edge lint[0x1])
[    0.318870] kernel: ACPI: LAPIC_NMI (acpi_id[0x3d] high edge lint[0x1])
[    0.318870] kernel: ACPI: LAPIC_NMI (acpi_id[0x3e] high edge lint[0x1])
[    0.318871] kernel: ACPI: LAPIC_NMI (acpi_id[0x3f] high edge lint[0x1])
[    0.318871] kernel: ACPI: LAPIC_NMI (acpi_id[0x40] high edge lint[0x1])
[    0.318872] kernel: ACPI: LAPIC_NMI (acpi_id[0x41] high edge lint[0x1])
[    0.318872] kernel: ACPI: LAPIC_NMI (acpi_id[0x42] high edge lint[0x1])
[    0.318873] kernel: ACPI: LAPIC_NMI (acpi_id[0x43] high edge lint[0x1])
[    0.318873] kernel: ACPI: LAPIC_NMI (acpi_id[0x44] high edge lint[0x1])
[    0.318874] kernel: ACPI: LAPIC_NMI (acpi_id[0x45] high edge lint[0x1])
[    0.318874] kernel: ACPI: LAPIC_NMI (acpi_id[0x46] high edge lint[0x1])
[    0.318875] kernel: ACPI: LAPIC_NMI (acpi_id[0x47] high edge lint[0x1])
[    0.318875] kernel: ACPI: LAPIC_NMI (acpi_id[0x48] high edge lint[0x1])
[    0.318876] kernel: ACPI: LAPIC_NMI (acpi_id[0x49] high edge lint[0x1])
[    0.318876] kernel: ACPI: LAPIC_NMI (acpi_id[0x4a] high edge lint[0x1])
[    0.318877] kernel: ACPI: LAPIC_NMI (acpi_id[0x4b] high edge lint[0x1])
[    0.318877] kernel: ACPI: LAPIC_NMI (acpi_id[0x4c] high edge lint[0x1])
[    0.318878] kernel: ACPI: LAPIC_NMI (acpi_id[0x4d] high edge lint[0x1])
[    0.318878] kernel: ACPI: LAPIC_NMI (acpi_id[0x4e] high edge lint[0x1])
[    0.318879] kernel: ACPI: LAPIC_NMI (acpi_id[0x4f] high edge lint[0x1])
[    0.318879] kernel: ACPI: LAPIC_NMI (acpi_id[0x50] high edge lint[0x1])
[    0.318880] kernel: ACPI: LAPIC_NMI (acpi_id[0x51] high edge lint[0x1])
[    0.318880] kernel: ACPI: LAPIC_NMI (acpi_id[0x52] high edge lint[0x1])
[    0.318881] kernel: ACPI: LAPIC_NMI (acpi_id[0x53] high edge lint[0x1])
[    0.318881] kernel: ACPI: LAPIC_NMI (acpi_id[0x54] high edge lint[0x1])
[    0.318882] kernel: ACPI: LAPIC_NMI (acpi_id[0x55] high edge lint[0x1])
[    0.318882] kernel: ACPI: LAPIC_NMI (acpi_id[0x56] high edge lint[0x1])
[    0.318883] kernel: ACPI: LAPIC_NMI (acpi_id[0x57] high edge lint[0x1])
[    0.318883] kernel: ACPI: LAPIC_NMI (acpi_id[0x58] high edge lint[0x1])
[    0.318884] kernel: ACPI: LAPIC_NMI (acpi_id[0x59] high edge lint[0x1])
[    0.318884] kernel: ACPI: LAPIC_NMI (acpi_id[0x5a] high edge lint[0x1])
[    0.318885] kernel: ACPI: LAPIC_NMI (acpi_id[0x5b] high edge lint[0x1])
[    0.318885] kernel: ACPI: LAPIC_NMI (acpi_id[0x5c] high edge lint[0x1])
[    0.318886] kernel: ACPI: LAPIC_NMI (acpi_id[0x5d] high edge lint[0x1])
[    0.318886] kernel: ACPI: LAPIC_NMI (acpi_id[0x5e] high edge lint[0x1])
[    0.318887] kernel: ACPI: LAPIC_NMI (acpi_id[0x5f] high edge lint[0x1])
[    0.318887] kernel: ACPI: LAPIC_NMI (acpi_id[0x60] high edge lint[0x1])
[    0.318888] kernel: ACPI: LAPIC_NMI (acpi_id[0x61] high edge lint[0x1])
[    0.318888] kernel: ACPI: LAPIC_NMI (acpi_id[0x62] high edge lint[0x1])
[    0.318889] kernel: ACPI: LAPIC_NMI (acpi_id[0x63] high edge lint[0x1])
[    0.318889] kernel: ACPI: LAPIC_NMI (acpi_id[0x64] high edge lint[0x1])
[    0.318890] kernel: ACPI: LAPIC_NMI (acpi_id[0x65] high edge lint[0x1])
[    0.318890] kernel: ACPI: LAPIC_NMI (acpi_id[0x66] high edge lint[0x1])
[    0.318891] kernel: ACPI: LAPIC_NMI (acpi_id[0x67] high edge lint[0x1])
[    0.318891] kernel: ACPI: LAPIC_NMI (acpi_id[0x68] high edge lint[0x1])
[    0.318892] kernel: ACPI: LAPIC_NMI (acpi_id[0x69] high edge lint[0x1])
[    0.318892] kernel: ACPI: LAPIC_NMI (acpi_id[0x6a] high edge lint[0x1])
[    0.318893] kernel: ACPI: LAPIC_NMI (acpi_id[0x6b] high edge lint[0x1])
[    0.318893] kernel: ACPI: LAPIC_NMI (acpi_id[0x6c] high edge lint[0x1])
[    0.318894] kernel: ACPI: LAPIC_NMI (acpi_id[0x6d] high edge lint[0x1])
[    0.318894] kernel: ACPI: LAPIC_NMI (acpi_id[0x6e] high edge lint[0x1])
[    0.318895] kernel: ACPI: LAPIC_NMI (acpi_id[0x6f] high edge lint[0x1])
[    0.318895] kernel: ACPI: LAPIC_NMI (acpi_id[0x70] high edge lint[0x1])
[    0.318896] kernel: ACPI: LAPIC_NMI (acpi_id[0x71] high edge lint[0x1])
[    0.318896] kernel: ACPI: LAPIC_NMI (acpi_id[0x72] high edge lint[0x1])
[    0.318897] kernel: ACPI: LAPIC_NMI (acpi_id[0x73] high edge lint[0x1])
[    0.318897] kernel: ACPI: LAPIC_NMI (acpi_id[0x74] high edge lint[0x1])
[    0.318898] kernel: ACPI: LAPIC_NMI (acpi_id[0x75] high edge lint[0x1])
[    0.318899] kernel: ACPI: LAPIC_NMI (acpi_id[0x76] high edge lint[0x1])
[    0.318899] kernel: ACPI: LAPIC_NMI (acpi_id[0x77] high edge lint[0x1])
[    0.318900] kernel: ACPI: LAPIC_NMI (acpi_id[0x78] high edge lint[0x1])
[    0.318900] kernel: ACPI: LAPIC_NMI (acpi_id[0x79] high edge lint[0x1])
[    0.318901] kernel: ACPI: LAPIC_NMI (acpi_id[0x7a] high edge lint[0x1])
[    0.318901] kernel: ACPI: LAPIC_NMI (acpi_id[0x7b] high edge lint[0x1])
[    0.318902] kernel: ACPI: LAPIC_NMI (acpi_id[0x7c] high edge lint[0x1])
[    0.318902] kernel: ACPI: LAPIC_NMI (acpi_id[0x7d] high edge lint[0x1])
[    0.318903] kernel: ACPI: LAPIC_NMI (acpi_id[0x7e] high edge lint[0x1])
[    0.318903] kernel: ACPI: LAPIC_NMI (acpi_id[0x7f] high edge lint[0x1])
[    0.318934] kernel: IOAPIC[0]: apic_id 128, version 32, address 0xfec00000, GSI 0-23
[    0.318938] kernel: ACPI: INT_SRC_OVR (bus 0 bus_irq 0 global_irq 2 high edge)
[    0.318943] kernel: ACPI: Using ACPI (MADT) for SMP configuration information
[    0.318944] kernel: ACPI: HPET id: 0x8086af01 base: 0xfed00000
[    0.318948] kernel: TSC deadline timer available
[    0.318950] kernel: smpboot: Allowing 128 CPUs, 126 hotplug CPUs
[    0.318987] kernel: PM: hibernation: Registered nosave memory: [mem 0x00000000-0x00000fff]
[    0.318989] kernel: PM: hibernation: Registered nosave memory: [mem 0x0009e000-0x0009efff]
[    0.318989] kernel: PM: hibernation: Registered nosave memory: [mem 0x0009f000-0x0009ffff]
[    0.318990] kernel: PM: hibernation: Registered nosave memory: [mem 0x000a0000-0x000dbfff]
[    0.318990] kernel: PM: hibernation: Registered nosave memory: [mem 0x000dc000-0x000fffff]
[    0.318991] kernel: PM: hibernation: Registered nosave memory: [mem 0xbfed0000-0xbfefefff]
[    0.318992] kernel: PM: hibernation: Registered nosave memory: [mem 0xbfeff000-0xbfefffff]
[    0.318993] kernel: PM: hibernation: Registered nosave memory: [mem 0xc0000000-0xefffffff]
[    0.318993] kernel: PM: hibernation: Registered nosave memory: [mem 0xf0000000-0xf7ffffff]
[    0.318994] kernel: PM: hibernation: Registered nosave memory: [mem 0xf8000000-0xfebfffff]
[    0.318994] kernel: PM: hibernation: Registered nosave memory: [mem 0xfec00000-0xfec0ffff]
[    0.318995] kernel: PM: hibernation: Registered nosave memory: [mem 0xfec10000-0xfedfffff]
[    0.318995] kernel: PM: hibernation: Registered nosave memory: [mem 0xfee00000-0xfee00fff]
[    0.318996] kernel: PM: hibernation: Registered nosave memory: [mem 0xfee01000-0xfffdffff]
[    0.318996] kernel: PM: hibernation: Registered nosave memory: [mem 0xfffe0000-0xffffffff]
[    0.318998] kernel: [mem 0xc0000000-0xefffffff] available for PCI devices
[    0.318998] kernel: Booting paravirtualized kernel on VMware hypervisor
[    0.319001] kernel: clocksource: refined-jiffies: mask: 0xffffffff max_cycles: 0xffffffff, max_idle_ns: 7645519600211568 ns
[    0.319007] kernel: setup_percpu: NR_CPUS:8192 nr_cpumask_bits:128 nr_cpu_ids:128 nr_node_ids:1
[    0.395269] kernel: percpu: Embedded 60 pages/cpu s208896 r8192 d28672 u262144
[    0.395282] kernel: pcpu-alloc: s208896 r8192 d28672 u262144 alloc=1*2097152
[    0.395285] kernel: pcpu-alloc: [0] 000 001 002 003 004 005 006 007 
[    0.395289] kernel: pcpu-alloc: [0] 008 009 010 011 012 013 014 015 
[    0.395292] kernel: pcpu-alloc: [0] 016 017 018 019 020 021 022 023 
[    0.395295] kernel: pcpu-alloc: [0] 024 025 026 027 028 029 030 031 
[    0.395298] kernel: pcpu-alloc: [0] 032 033 034 035 036 037 038 039 
[    0.395301] kernel: pcpu-alloc: [0] 040 041 042 043 044 045 046 047 
[    0.395304] kernel: pcpu-alloc: [0] 048 049 050 051 052 053 054 055 
[    0.395307] kernel: pcpu-alloc: [0] 056 057 058 059 060 061 062 063 
[    0.395310] kernel: pcpu-alloc: [0] 064 065 066 067 068 069 070 071 
[    0.395314] kernel: pcpu-alloc: [0] 072 073 074 075 076 077 078 079 
[    0.395317] kernel: pcpu-alloc: [0] 080 081 082 083 084 085 086 087 
[    0.395320] kernel: pcpu-alloc: [0] 088 089 090 091 092 093 094 095 
[    0.395323] kernel: pcpu-alloc: [0] 096 097 098 099 100 101 102 103 
[    0.395326] kernel: pcpu-alloc: [0] 104 105 106 107 108 109 110 111 
[    0.395329] kernel: pcpu-alloc: [0] 112 113 114 115 116 117 118 119 
[    0.395332] kernel: pcpu-alloc: [0] 120 121 122 123 124 125 126 127 
[    0.395390] kernel: Built 1 zonelists, mobility grouping on.  Total pages: 2064080
[    0.395392] kernel: Policy zone: Normal
[    0.395394] kernel: Kernel command line: BOOT_IMAGE=/boot/vmlinuz-5.15.0-69-generic root=UUID=477f5a7d-cddf-4e43-afe1-cd3b20500e86 ro find_preseed=/preseed.cfg auto noprompt priority=critical locale=en_US quiet
[    0.395494] kernel: Unknown kernel command line parameters "auto noprompt BOOT_IMAGE=/boot/vmlinuz-5.15.0-69-generic find_preseed=/preseed.cfg priority=critical locale=en_US", will be passed to user space.
[    0.395495] kernel: printk: log_buf_len individual max cpu contribution: 4096 bytes
[    0.395496] kernel: printk: log_buf_len total cpu_extra contributions: 520192 bytes
[    0.395496] kernel: printk: log_buf_len min size: 262144 bytes
[    0.406337] kernel: printk: log_buf_len: 1048576 bytes
[    0.406339] kernel: printk: early log buf free: 226592(86%)
[    0.425556] kernel: Dentry cache hash table entries: 1048576 (order: 11, 8388608 bytes, linear)
[    0.434926] kernel: Inode-cache hash table entries: 524288 (order: 10, 4194304 bytes, linear)
[    0.437119] kernel: mem auto-init: stack:off, heap alloc:on, heap free:off
[    0.527875] kernel: Memory: 8024560K/8388020K available (16393K kernel code, 4377K rwdata, 10808K rodata, 3244K init, 6560K bss, 363200K reserved, 0K cma-reserved)
[    0.528787] kernel: SLUB: HWalign=64, Order=0-3, MinObjects=0, CPUs=128, Nodes=1
[    0.528852] kernel: ftrace: allocating 50072 entries in 196 pages
[    0.554648] kernel: ftrace: allocated 196 pages with 3 groups
[    0.555883] kernel: rcu: Hierarchical RCU implementation.
[    0.555885] kernel: rcu:         RCU restricting CPUs from NR_CPUS=8192 to nr_cpu_ids=128.
[    0.555886] kernel:         Rude variant of Tasks RCU enabled.
[    0.555887] kernel:         Tracing variant of Tasks RCU enabled.
[    0.555888] kernel: rcu: RCU calculated value of scheduler-enlistment delay is 25 jiffies.
[    0.555888] kernel: rcu: Adjusting geometry for rcu_fanout_leaf=16, nr_cpu_ids=128
[    0.559925] kernel: NR_IRQS: 524544, nr_irqs: 1448, preallocated irqs: 16
[    0.560294] kernel: random: crng init done
[    0.561685] kernel: Console: colour VGA+ 80x25
[    0.561706] kernel: printk: console [tty0] enabled
[    0.561768] kernel: ACPI: Core revision 20210730
[    0.562158] kernel: clocksource: hpet: mask: 0xffffffff max_cycles: 0xffffffff, max_idle_ns: 133484882848 ns
[    0.562225] kernel: APIC: Switch to symmetric I/O mode setup
[    0.562326] kernel: x2apic enabled
[    0.562535] kernel: Switched APIC routing to physical x2apic.
[    0.563401] kernel: ..TIMER: vector=0x30 apic1=0 pin1=2 apic2=-1 pin2=-1
[    0.563422] kernel: clocksource: tsc-early: mask: 0xffffffffffffffff max_cycles: 0x2cd5af1c418, max_idle_ns: 440795312973 ns
[    0.563428] kernel: Calibrating delay loop (skipped) preset value.. 6220.81 BogoMIPS (lpj=12441628)
[    0.563430] kernel: pid_max: default: 131072 minimum: 1024
[    0.563491] kernel: LSM: Security Framework initializing
[    0.563503] kernel: landlock: Up and running.
[    0.563504] kernel: Yama: becoming mindful.
[    0.563682] kernel: AppArmor: AppArmor initialized
[    0.564038] kernel: Mount-cache hash table entries: 16384 (order: 5, 131072 bytes, linear)
[    0.564326] kernel: Mountpoint-cache hash table entries: 16384 (order: 5, 131072 bytes, linear)
[    0.565079] kernel: x86/cpu: User Mode Instruction Prevention (UMIP) activated
[    0.565140] kernel: Last level iTLB entries: 4KB 0, 2MB 0, 4MB 0
[    0.565141] kernel: Last level dTLB entries: 4KB 0, 2MB 0, 4MB 0, 1GB 0
[    0.565145] kernel: Spectre V1 : Mitigation: usercopy/swapgs barriers and __user pointer sanitization
[    0.565336] kernel: Spectre V2 : Mitigation: Enhanced IBRS
[    0.565339] kernel: Spectre V2 : Spectre v2 / SpectreRSB mitigation: Filling RSB on context switch
[    0.565340] kernel: Spectre V2 : Spectre v2 / PBRSB-eIBRS: Retire a single CALL on VMEXIT
[    0.565343] kernel: Spectre V2 : mitigation: Enabling conditional Indirect Branch Prediction Barrier
[    0.565345] kernel: Speculative Store Bypass: Mitigation: Speculative Store Bypass disabled via prctl and seccomp
[    0.583955] kernel: Freeing SMP alternatives memory: 40K
[    0.585774] kernel: smpboot: CPU0: 11th Gen Intel(R) Core(TM) i5-11300H @ 3.10GHz (family: 0x6, model: 0x8c, stepping: 0x1)
[    0.586649] kernel: Performance Events: Icelake events, core PMU driver.
[    0.586702] kernel: core: CPUID marked event: 'cpu cycles' unavailable
[    0.586703] kernel: core: CPUID marked event: 'instructions' unavailable
[    0.586703] kernel: core: CPUID marked event: 'bus cycles' unavailable
[    0.586704] kernel: core: CPUID marked event: 'cache references' unavailable
[    0.586704] kernel: core: CPUID marked event: 'cache misses' unavailable
[    0.586705] kernel: core: CPUID marked event: 'branch instructions' unavailable
[    0.586705] kernel: core: CPUID marked event: 'branch misses' unavailable
[    0.586707] kernel: ... version:                1
[    0.586708] kernel: ... bit width:              48
[    0.586709] kernel: ... generic registers:      8
[    0.586709] kernel: ... value mask:             0000ffffffffffff
[    0.586710] kernel: ... max period:             000000007fffffff
[    0.586710] kernel: ... fixed-purpose events:   0
[    0.586711] kernel: ... event mask:             0000000f000000ff
[    0.586995] kernel: rcu: Hierarchical SRCU implementation.
[    0.587424] kernel: NMI watchdog: Perf NMI watchdog permanently disabled
[    0.597195] kernel: smp: Bringing up secondary CPUs ...
[    0.597807] kernel: x86: Booting SMP configuration:
[    0.597808] kernel: .... node  #0, CPUs:          #1
[    0.599055] kernel: smp: Brought up 1 node, 2 CPUs
[    0.599055] kernel: smpboot: Max logical packages: 64
[    0.599055] kernel: smpboot: Total of 2 processors activated (12441.62 BogoMIPS)
[    0.600039] kernel: devtmpfs: initialized
[    0.600039] kernel: x86/mm: Memory block size: 128MB
[    0.600958] kernel: ACPI: PM: Registering ACPI NVS region [mem 0xbfeff000-0xbfefffff] (4096 bytes)
[    0.600958] kernel: clocksource: jiffies: mask: 0xffffffff max_cycles: 0xffffffff, max_idle_ns: 7645041785100000 ns
[    0.607622] kernel: futex hash table entries: 32768 (order: 9, 2097152 bytes, linear)
[    0.608073] kernel: pinctrl core: initialized pinctrl subsystem
[    0.608308] kernel: PM: RTC time: 06:58:00, date: 2023-04-21
[    0.608857] kernel: NET: Registered PF_NETLINK/PF_ROUTE protocol family
[    0.611442] kernel: DMA: preallocated 1024 KiB GFP_KERNEL pool for atomic allocations
[    0.611832] kernel: DMA: preallocated 1024 KiB GFP_KERNEL|GFP_DMA pool for atomic allocations
[    0.611910] kernel: DMA: preallocated 1024 KiB GFP_KERNEL|GFP_DMA32 pool for atomic allocations
[    0.611918] kernel: audit: initializing netlink subsys (disabled)
[    0.612010] kernel: audit: type=2000 audit(1682060280.048:1): state=initialized audit_enabled=0 res=1
[    0.612010] kernel: thermal_sys: Registered thermal governor 'fair_share'
[    0.612010] kernel: thermal_sys: Registered thermal governor 'bang_bang'
[    0.612010] kernel: thermal_sys: Registered thermal governor 'step_wise'
[    0.612010] kernel: thermal_sys: Registered thermal governor 'user_space'
[    0.612010] kernel: thermal_sys: Registered thermal governor 'power_allocator'
[    0.612010] kernel: EISA bus registered
[    0.612010] kernel: cpuidle: using governor ladder
[    0.612010] kernel: cpuidle: using governor menu
[    0.612010] kernel: Simple Boot Flag at 0x36 set to 0x80
[    0.612010] kernel: ACPI: bus type PCI registered
[    0.612010] kernel: acpiphp: ACPI Hot Plug PCI Controller Driver version: 0.5
[    0.612010] kernel: PCI: MMCONFIG for domain 0000 [bus 00-7f] at [mem 0xf0000000-0xf7ffffff] (base 0xf0000000)
[    0.612010] kernel: PCI: MMCONFIG at [mem 0xf0000000-0xf7ffffff] reserved in E820
[    0.612010] kernel: pmd_set_huge: Cannot satisfy [mem 0xf0000000-0xf0200000] with a huge-page mapping due to MTRR override.
[    0.612534] kernel: PCI: Using configuration type 1 for base access
[    0.614026] kernel: Kprobes globally optimized
[    0.615574] kernel: HugeTLB registered 1.00 GiB page size, pre-allocated 0 pages
[    0.615574] kernel: HugeTLB registered 2.00 MiB page size, pre-allocated 0 pages
[    0.623748] kernel: ACPI: Added _OSI(Module Device)
[    0.623748] kernel: ACPI: Added _OSI(Processor Device)
[    0.623748] kernel: ACPI: Added _OSI(3.0 _SCP Extensions)
[    0.623748] kernel: ACPI: Added _OSI(Processor Aggregator Device)
[    0.623748] kernel: ACPI: Added _OSI(Linux-Dell-Video)
[    0.623748] kernel: ACPI: Added _OSI(Linux-Lenovo-NV-HDMI-Audio)
[    0.623748] kernel: ACPI: Added _OSI(Linux-HPI-Hybrid-Graphics)
[    0.643424] kernel: ACPI: 1 ACPI AML tables successfully acquired and loaded
[    0.644257] kernel: ACPI: [Firmware Bug]: BIOS _OSI(Linux) query ignored
[    0.658054] kernel: ACPI: Interpreter enabled
[    0.658064] kernel: ACPI: PM: (supports S0 S1 S4 S5)
[    0.658064] kernel: ACPI: Using IOAPIC for interrupt routing
[    0.658080] kernel: PCI: Using host bridge windows from ACPI; if necessary, use "pci=nocrs" and report a bug
[    0.658081] kernel: PCI: Using E820 reservations for host bridge windows
[    0.659154] kernel: ACPI: Enabled 4 GPEs in block 00 to 0F
[    0.793598] kernel: ACPI: PCI Root Bridge [PCI0] (domain 0000 [bus 00-7f])
[    0.793606] kernel: acpi PNP0A03:00: _OSC: OS supports [ExtendedConfig ASPM ClockPM Segments MSI EDR HPX-Type3]
[    0.793743] kernel: acpi PNP0A03:00: _OSC: platform does not support [AER LTR DPC]
[    0.793884] kernel: acpi PNP0A03:00: _OSC: OS now controls [PCIeHotplug SHPCHotplug PME PCIeCapability]
[    0.795341] kernel: PCI host bridge to bus 0000:00
[    0.795343] kernel: pci_bus 0000:00: root bus resource [bus 00-7f]
[    0.795344] kernel: pci_bus 0000:00: root bus resource [io  0x0000-0x0cf7 window]
[    0.795345] kernel: pci_bus 0000:00: root bus resource [io  0x0d00-0xfeff window]
[    0.795346] kernel: pci_bus 0000:00: root bus resource [mem 0x000a0000-0x000bffff window]
[    0.795347] kernel: pci_bus 0000:00: root bus resource [mem 0x000d0000-0x000dbfff window]
[    0.795348] kernel: pci_bus 0000:00: root bus resource [mem 0xc0000000-0xfebfffff window]
[    0.795475] kernel: pci 0000:00:00.0: [8086:7190] type 00 class 0x060000
[    0.796436] kernel: pci 0000:00:01.0: [8086:7191] type 01 class 0x060400
[    0.798700] kernel: pci 0000:00:07.0: [8086:7110] type 00 class 0x060100
[    0.799428] kernel: pci 0000:00:07.1: [8086:7111] type 00 class 0x01018a
[    0.800636] kernel: pci 0000:00:07.1: reg 0x20: [io  0x1060-0x106f]
[    0.801056] kernel: pci 0000:00:07.1: legacy IDE quirk: reg 0x10: [io  0x01f0-0x01f7]
[    0.801057] kernel: pci 0000:00:07.1: legacy IDE quirk: reg 0x14: [io  0x03f6]
[    0.801058] kernel: pci 0000:00:07.1: legacy IDE quirk: reg 0x18: [io  0x0170-0x0177]
[    0.801059] kernel: pci 0000:00:07.1: legacy IDE quirk: reg 0x1c: [io  0x0376]
[    0.801609] kernel: pci 0000:00:07.3: [8086:7113] type 00 class 0x068000
[    0.802985] kernel: pci 0000:00:07.3: quirk: [io  0x1000-0x103f] claimed by PIIX4 ACPI
[    0.802998] kernel: pci 0000:00:07.3: quirk: [io  0x1040-0x104f] claimed by PIIX4 SMB
[    0.803439] kernel: pci 0000:00:07.7: [15ad:0740] type 00 class 0x088000
[    0.803916] kernel: pci 0000:00:07.7: reg 0x10: [io  0x1080-0x10bf]
[    0.804537] kernel: pci 0000:00:07.7: reg 0x14: [mem 0xfebfe000-0xfebfffff 64bit]
[    0.808402] kernel: pci 0000:00:0f.0: [15ad:0405] type 00 class 0x030000
[    0.808966] kernel: pci 0000:00:0f.0: reg 0x10: [io  0x1070-0x107f]
[    0.809399] kernel: pci 0000:00:0f.0: reg 0x14: [mem 0xe8000000-0xefffffff pref]
[    0.809852] kernel: pci 0000:00:0f.0: reg 0x18: [mem 0xfe000000-0xfe7fffff]
[    0.811428] kernel: pci 0000:00:0f.0: reg 0x30: [mem 0x00000000-0x00007fff pref]
[    0.811474] kernel: pci 0000:00:0f.0: Video device with shadowed ROM at [mem 0x000c0000-0x000dffff]
[    0.812204] kernel: pci 0000:00:10.0: [1000:0030] type 00 class 0x010000
[    0.812563] kernel: pci 0000:00:10.0: reg 0x10: [io  0x1400-0x14ff]
[    0.812865] kernel: pci 0000:00:10.0: reg 0x14: [mem 0xfeba0000-0xfebbffff 64bit]
[    0.813165] kernel: pci 0000:00:10.0: reg 0x1c: [mem 0xfebc0000-0xfebdffff 64bit]
[    0.813717] kernel: pci 0000:00:10.0: reg 0x30: [mem 0x00000000-0x00003fff pref]
[    0.814448] kernel: pci 0000:00:11.0: [15ad:0790] type 01 class 0x060401
[    0.816395] kernel: pci 0000:00:15.0: [15ad:07a0] type 01 class 0x060400
[    0.817242] kernel: pci 0000:00:15.0: PME# supported from D0 D3hot D3cold
[    0.817837] kernel: pci 0000:00:15.1: [15ad:07a0] type 01 class 0x060400
[    0.818616] kernel: pci 0000:00:15.1: PME# supported from D0 D3hot D3cold
[    0.819245] kernel: pci 0000:00:15.2: [15ad:07a0] type 01 class 0x060400
[    0.820104] kernel: pci 0000:00:15.2: PME# supported from D0 D3hot D3cold
[    0.820957] kernel: pci 0000:00:15.3: [15ad:07a0] type 01 class 0x060400
[    0.821856] kernel: pci 0000:00:15.3: PME# supported from D0 D3hot D3cold
[    0.822344] kernel: pci 0000:00:15.4: [15ad:07a0] type 01 class 0x060400
[    0.823030] kernel: pci 0000:00:15.4: PME# supported from D0 D3hot D3cold
[    0.823457] kernel: pci 0000:00:15.5: [15ad:07a0] type 01 class 0x060400
[    0.824149] kernel: pci 0000:00:15.5: PME# supported from D0 D3hot D3cold
[    0.824600] kernel: pci 0000:00:15.6: [15ad:07a0] type 01 class 0x060400
[    0.825278] kernel: pci 0000:00:15.6: PME# supported from D0 D3hot D3cold
[    0.825704] kernel: pci 0000:00:15.7: [15ad:07a0] type 01 class 0x060400
[    0.826377] kernel: pci 0000:00:15.7: PME# supported from D0 D3hot D3cold
[    0.827090] kernel: pci 0000:00:16.0: [15ad:07a0] type 01 class 0x060400
[    0.827742] kernel: pci 0000:00:16.0: PME# supported from D0 D3hot D3cold
[    0.828200] kernel: pci 0000:00:16.1: [15ad:07a0] type 01 class 0x060400
[    0.828851] kernel: pci 0000:00:16.1: PME# supported from D0 D3hot D3cold
[    0.829329] kernel: pci 0000:00:16.2: [15ad:07a0] type 01 class 0x060400
[    0.829997] kernel: pci 0000:00:16.2: PME# supported from D0 D3hot D3cold
[    0.830541] kernel: pci 0000:00:16.3: [15ad:07a0] type 01 class 0x060400
[    0.831205] kernel: pci 0000:00:16.3: PME# supported from D0 D3hot D3cold
[    0.831640] kernel: pci 0000:00:16.4: [15ad:07a0] type 01 class 0x060400
[    0.832306] kernel: pci 0000:00:16.4: PME# supported from D0 D3hot D3cold
[    0.832732] kernel: pci 0000:00:16.5: [15ad:07a0] type 01 class 0x060400
[    0.833396] kernel: pci 0000:00:16.5: PME# supported from D0 D3hot D3cold
[    0.833848] kernel: pci 0000:00:16.6: [15ad:07a0] type 01 class 0x060400
[    0.834514] kernel: pci 0000:00:16.6: PME# supported from D0 D3hot D3cold
[    0.834981] kernel: pci 0000:00:16.7: [15ad:07a0] type 01 class 0x060400
[    0.835628] kernel: pci 0000:00:16.7: PME# supported from D0 D3hot D3cold
[    0.836417] kernel: pci 0000:00:17.0: [15ad:07a0] type 01 class 0x060400
[    0.837101] kernel: pci 0000:00:17.0: PME# supported from D0 D3hot D3cold
[    0.837586] kernel: pci 0000:00:17.1: [15ad:07a0] type 01 class 0x060400
[    0.838257] kernel: pci 0000:00:17.1: PME# supported from D0 D3hot D3cold
[    0.838696] kernel: pci 0000:00:17.2: [15ad:07a0] type 01 class 0x060400
[    0.839367] kernel: pci 0000:00:17.2: PME# supported from D0 D3hot D3cold
[    0.839901] kernel: pci 0000:00:17.3: [15ad:07a0] type 01 class 0x060400
[    0.840569] kernel: pci 0000:00:17.3: PME# supported from D0 D3hot D3cold
[    0.841016] kernel: pci 0000:00:17.4: [15ad:07a0] type 01 class 0x060400
[    0.841669] kernel: pci 0000:00:17.4: PME# supported from D0 D3hot D3cold
[    0.842107] kernel: pci 0000:00:17.5: [15ad:07a0] type 01 class 0x060400
[    0.842758] kernel: pci 0000:00:17.5: PME# supported from D0 D3hot D3cold
[    0.843208] kernel: pci 0000:00:17.6: [15ad:07a0] type 01 class 0x060400
[    0.843867] kernel: pci 0000:00:17.6: PME# supported from D0 D3hot D3cold
[    0.844315] kernel: pci 0000:00:17.7: [15ad:07a0] type 01 class 0x060400
[    0.845703] kernel: pci 0000:00:17.7: PME# supported from D0 D3hot D3cold
[    0.846443] kernel: pci 0000:00:18.0: [15ad:07a0] type 01 class 0x060400
[    0.847121] kernel: pci 0000:00:18.0: PME# supported from D0 D3hot D3cold
[    0.847573] kernel: pci 0000:00:18.1: [15ad:07a0] type 01 class 0x060400
[    0.848241] kernel: pci 0000:00:18.1: PME# supported from D0 D3hot D3cold
[    0.848669] kernel: pci 0000:00:18.2: [15ad:07a0] type 01 class 0x060400
[    0.849334] kernel: pci 0000:00:18.2: PME# supported from D0 D3hot D3cold
[    0.849884] kernel: pci 0000:00:18.3: [15ad:07a0] type 01 class 0x060400
[    0.850667] kernel: pci 0000:00:18.3: PME# supported from D0 D3hot D3cold
[    0.851142] kernel: pci 0000:00:18.4: [15ad:07a0] type 01 class 0x060400
[    0.851794] kernel: pci 0000:00:18.4: PME# supported from D0 D3hot D3cold
[    0.852306] kernel: pci 0000:00:18.5: [15ad:07a0] type 01 class 0x060400
[    0.852982] kernel: pci 0000:00:18.5: PME# supported from D0 D3hot D3cold
[    0.853412] kernel: pci 0000:00:18.6: [15ad:07a0] type 01 class 0x060400
[    0.854173] kernel: pci 0000:00:18.6: PME# supported from D0 D3hot D3cold
[    0.854617] kernel: pci 0000:00:18.7: [15ad:07a0] type 01 class 0x060400
[    0.855284] kernel: pci 0000:00:18.7: PME# supported from D0 D3hot D3cold
[    0.857753] kernel: pci_bus 0000:01: extended config space not accessible
[    0.865011] kernel: pci 0000:00:01.0: PCI bridge to [bus 01]
[    0.865180] kernel: pci_bus 0000:02: extended config space not accessible
[    0.865399] kernel: acpiphp: Slot [32] registered
[    0.865425] kernel: acpiphp: Slot [33] registered
[    0.865440] kernel: acpiphp: Slot [34] registered
[    0.865454] kernel: acpiphp: Slot [35] registered
[    0.865468] kernel: acpiphp: Slot [36] registered
[    0.865482] kernel: acpiphp: Slot [37] registered
[    0.865503] kernel: acpiphp: Slot [38] registered
[    0.865517] kernel: acpiphp: Slot [39] registered
[    0.865556] kernel: acpiphp: Slot [40] registered
[    0.865570] kernel: acpiphp: Slot [41] registered
[    0.865583] kernel: acpiphp: Slot [42] registered
[    0.865597] kernel: acpiphp: Slot [43] registered
[    0.865610] kernel: acpiphp: Slot [44] registered
[    0.865623] kernel: acpiphp: Slot [45] registered
[    0.865663] kernel: acpiphp: Slot [46] registered
[    0.865678] kernel: acpiphp: Slot [47] registered
[    0.865691] kernel: acpiphp: Slot [48] registered
[    0.865704] kernel: acpiphp: Slot [49] registered
[    0.865718] kernel: acpiphp: Slot [50] registered
[    0.865731] kernel: acpiphp: Slot [51] registered
[    0.865744] kernel: acpiphp: Slot [52] registered
[    0.865768] kernel: acpiphp: Slot [53] registered
[    0.865781] kernel: acpiphp: Slot [54] registered
[    0.865795] kernel: acpiphp: Slot [55] registered
[    0.865808] kernel: acpiphp: Slot [56] registered
[    0.865821] kernel: acpiphp: Slot [57] registered
[    0.865835] kernel: acpiphp: Slot [58] registered
[    0.865859] kernel: acpiphp: Slot [59] registered
[    0.865873] kernel: acpiphp: Slot [60] registered
[    0.865887] kernel: acpiphp: Slot [61] registered
[    0.865900] kernel: acpiphp: Slot [62] registered
[    0.865913] kernel: acpiphp: Slot [63] registered
[    0.866018] kernel: pci 0000:02:00.0: [15ad:0774] type 00 class 0x0c0300
[    0.867182] kernel: pci 0000:02:00.0: reg 0x20: [io  0x2080-0x209f]
[    0.868516] kernel: pci 0000:02:01.0: [8086:100f] type 00 class 0x020000
[    0.869192] kernel: pci 0000:02:01.0: reg 0x10: [mem 0xfd5c0000-0xfd5dffff 64bit]
[    0.869862] kernel: pci 0000:02:01.0: reg 0x18: [mem 0xfdff0000-0xfdffffff 64bit]
[    0.870322] kernel: pci 0000:02:01.0: reg 0x20: [io  0x2000-0x203f]
[    0.871023] kernel: pci 0000:02:01.0: reg 0x30: [mem 0x00000000-0x0000ffff pref]
[    0.871271] kernel: pci 0000:02:01.0: PME# supported from D0 D3hot D3cold
[    0.872071] kernel: pci 0000:02:02.0: [1274:1371] type 00 class 0x040100
[    0.872304] kernel: pci 0000:02:02.0: reg 0x10: [io  0x2040-0x207f]
[    0.874236] kernel: pci 0000:02:03.0: [15ad:0770] type 00 class 0x0c0320
[    0.874511] kernel: pci 0000:02:03.0: reg 0x10: [mem 0xfd5ef000-0xfd5effff]
[    0.876537] kernel: pci 0000:02:04.0: [15ad:07e0] type 00 class 0x010601
[    0.877735] kernel: pci 0000:02:04.0: reg 0x24: [mem 0xfd5ee000-0xfd5eefff]
[    0.877919] kernel: pci 0000:02:04.0: reg 0x30: [mem 0x00000000-0x0000ffff pref]
[    0.878226] kernel: pci 0000:02:04.0: PME# supported from D3hot
[    0.886205] kernel: pci 0000:00:11.0: PCI bridge to [bus 02] (subtractive decode)
[    0.886223] kernel: pci 0000:00:11.0:   bridge window [io  0x2000-0x3fff]
[    0.886240] kernel: pci 0000:00:11.0:   bridge window [mem 0xfd500000-0xfdffffff]
[    0.886278] kernel: pci 0000:00:11.0:   bridge window [mem 0xe7b00000-0xe7ffffff 64bit pref]
[    0.886279] kernel: pci 0000:00:11.0:   bridge window [io  0x0000-0x0cf7 window] (subtractive decode)
[    0.886280] kernel: pci 0000:00:11.0:   bridge window [io  0x0d00-0xfeff window] (subtractive decode)
[    0.886281] kernel: pci 0000:00:11.0:   bridge window [mem 0x000a0000-0x000bffff window] (subtractive decode)
[    0.886281] kernel: pci 0000:00:11.0:   bridge window [mem 0x000d0000-0x000dbfff window] (subtractive decode)
[    0.886282] kernel: pci 0000:00:11.0:   bridge window [mem 0xc0000000-0xfebfffff window] (subtractive decode)
[    0.894785] kernel: pci 0000:00:15.0: PCI bridge to [bus 03]
[    0.894806] kernel: pci 0000:00:15.0:   bridge window [io  0x4000-0x4fff]
[    0.894822] kernel: pci 0000:00:15.0:   bridge window [mem 0xfd400000-0xfd4fffff]
[    0.894853] kernel: pci 0000:00:15.0:   bridge window [mem 0xe7a00000-0xe7afffff 64bit pref]
[    0.902040] kernel: pci 0000:00:15.1: PCI bridge to [bus 04]
[    0.902065] kernel: pci 0000:00:15.1:   bridge window [io  0x8000-0x8fff]
[    0.902082] kernel: pci 0000:00:15.1:   bridge window [mem 0xfd000000-0xfd0fffff]
[    0.902113] kernel: pci 0000:00:15.1:   bridge window [mem 0xe7600000-0xe76fffff 64bit pref]
[    0.908977] kernel: pci 0000:00:15.2: PCI bridge to [bus 05]
[    0.908994] kernel: pci 0000:00:15.2:   bridge window [io  0xc000-0xcfff]
[    0.909011] kernel: pci 0000:00:15.2:   bridge window [mem 0xfcc00000-0xfccfffff]
[    0.909042] kernel: pci 0000:00:15.2:   bridge window [mem 0xe7200000-0xe72fffff 64bit pref]
[    0.916865] kernel: pci 0000:00:15.3: PCI bridge to [bus 06]
[    0.916900] kernel: pci 0000:00:15.3:   bridge window [mem 0xfc800000-0xfc8fffff]
[    0.916931] kernel: pci 0000:00:15.3:   bridge window [mem 0xe6e00000-0xe6efffff 64bit pref]
[    0.923514] kernel: pci 0000:00:15.4: PCI bridge to [bus 07]
[    0.923558] kernel: pci 0000:00:15.4:   bridge window [mem 0xfc400000-0xfc4fffff]
[    0.923590] kernel: pci 0000:00:15.4:   bridge window [mem 0xe6a00000-0xe6afffff 64bit pref]
[    0.931259] kernel: pci 0000:00:15.5: PCI bridge to [bus 08]
[    0.931294] kernel: pci 0000:00:15.5:   bridge window [mem 0xfc000000-0xfc0fffff]
[    0.931326] kernel: pci 0000:00:15.5:   bridge window [mem 0xe6600000-0xe66fffff 64bit pref]
[    0.939385] kernel: pci 0000:00:15.6: PCI bridge to [bus 09]
[    0.939429] kernel: pci 0000:00:15.6:   bridge window [mem 0xfbc00000-0xfbcfffff]
[    0.939460] kernel: pci 0000:00:15.6:   bridge window [mem 0xe6200000-0xe62fffff 64bit pref]
[    0.946991] kernel: pci 0000:00:15.7: PCI bridge to [bus 0a]
[    0.947024] kernel: pci 0000:00:15.7:   bridge window [mem 0xfb800000-0xfb8fffff]
[    0.947054] kernel: pci 0000:00:15.7:   bridge window [mem 0xe5e00000-0xe5efffff 64bit pref]
[    0.953512] kernel: pci 0000:00:16.0: PCI bridge to [bus 0b]
[    0.953531] kernel: pci 0000:00:16.0:   bridge window [io  0x5000-0x5fff]
[    0.953548] kernel: pci 0000:00:16.0:   bridge window [mem 0xfd300000-0xfd3fffff]
[    0.953580] kernel: pci 0000:00:16.0:   bridge window [mem 0xe7900000-0xe79fffff 64bit pref]
[    0.960312] kernel: pci 0000:00:16.1: PCI bridge to [bus 0c]
[    0.960330] kernel: pci 0000:00:16.1:   bridge window [io  0x9000-0x9fff]
[    0.960347] kernel: pci 0000:00:16.1:   bridge window [mem 0xfcf00000-0xfcffffff]
[    0.960378] kernel: pci 0000:00:16.1:   bridge window [mem 0xe7500000-0xe75fffff 64bit pref]
[    0.967551] kernel: pci 0000:00:16.2: PCI bridge to [bus 0d]
[    0.967571] kernel: pci 0000:00:16.2:   bridge window [io  0xd000-0xdfff]
[    0.967588] kernel: pci 0000:00:16.2:   bridge window [mem 0xfcb00000-0xfcbfffff]
[    0.967620] kernel: pci 0000:00:16.2:   bridge window [mem 0xe7100000-0xe71fffff 64bit pref]
[    0.975424] kernel: pci 0000:00:16.3: PCI bridge to [bus 0e]
[    0.975451] kernel: pci 0000:00:16.3:   bridge window [mem 0xfc700000-0xfc7fffff]
[    0.975482] kernel: pci 0000:00:16.3:   bridge window [mem 0xe6d00000-0xe6dfffff 64bit pref]
[    0.983424] kernel: pci 0000:00:16.4: PCI bridge to [bus 0f]
[    0.983449] kernel: pci 0000:00:16.4:   bridge window [mem 0xfc300000-0xfc3fffff]
[    0.983481] kernel: pci 0000:00:16.4:   bridge window [mem 0xe6900000-0xe69fffff 64bit pref]
[    0.991372] kernel: pci 0000:00:16.5: PCI bridge to [bus 10]
[    0.991410] kernel: pci 0000:00:16.5:   bridge window [mem 0xfbf00000-0xfbffffff]
[    0.991435] kernel: pci 0000:00:16.5:   bridge window [mem 0xe6500000-0xe65fffff 64bit pref]
[    0.999424] kernel: pci 0000:00:16.6: PCI bridge to [bus 11]
[    0.999450] kernel: pci 0000:00:16.6:   bridge window [mem 0xfbb00000-0xfbbfffff]
[    0.999481] kernel: pci 0000:00:16.6:   bridge window [mem 0xe6100000-0xe61fffff 64bit pref]
[    1.007259] kernel: pci 0000:00:16.7: PCI bridge to [bus 12]
[    1.007292] kernel: pci 0000:00:16.7:   bridge window [mem 0xfb700000-0xfb7fffff]
[    1.007324] kernel: pci 0000:00:16.7:   bridge window [mem 0xe5d00000-0xe5dfffff 64bit pref]
[    1.014746] kernel: pci 0000:00:17.0: PCI bridge to [bus 13]
[    1.014763] kernel: pci 0000:00:17.0:   bridge window [io  0x6000-0x6fff]
[    1.014780] kernel: pci 0000:00:17.0:   bridge window [mem 0xfd200000-0xfd2fffff]
[    1.014811] kernel: pci 0000:00:17.0:   bridge window [mem 0xe7800000-0xe78fffff 64bit pref]
[    1.023858] kernel: pci 0000:00:17.1: PCI bridge to [bus 14]
[    1.023880] kernel: pci 0000:00:17.1:   bridge window [io  0xa000-0xafff]
[    1.023897] kernel: pci 0000:00:17.1:   bridge window [mem 0xfce00000-0xfcefffff]
[    1.023929] kernel: pci 0000:00:17.1:   bridge window [mem 0xe7400000-0xe74fffff 64bit pref]
[    1.031751] kernel: pci 0000:00:17.2: PCI bridge to [bus 15]
[    1.031769] kernel: pci 0000:00:17.2:   bridge window [io  0xe000-0xefff]
[    1.031786] kernel: pci 0000:00:17.2:   bridge window [mem 0xfca00000-0xfcafffff]
[    1.031817] kernel: pci 0000:00:17.2:   bridge window [mem 0xe7000000-0xe70fffff 64bit pref]
[    1.039714] kernel: pci 0000:00:17.3: PCI bridge to [bus 16]
[    1.039747] kernel: pci 0000:00:17.3:   bridge window [mem 0xfc600000-0xfc6fffff]
[    1.039778] kernel: pci 0000:00:17.3:   bridge window [mem 0xe6c00000-0xe6cfffff 64bit pref]
[    1.047650] kernel: pci 0000:00:17.4: PCI bridge to [bus 17]
[    1.047683] kernel: pci 0000:00:17.4:   bridge window [mem 0xfc200000-0xfc2fffff]
[    1.047713] kernel: pci 0000:00:17.4:   bridge window [mem 0xe6800000-0xe68fffff 64bit pref]
[    1.056702] kernel: pci 0000:00:17.5: PCI bridge to [bus 18]
[    1.056735] kernel: pci 0000:00:17.5:   bridge window [mem 0xfbe00000-0xfbefffff]
[    1.056767] kernel: pci 0000:00:17.5:   bridge window [mem 0xe6400000-0xe64fffff 64bit pref]
[    1.065349] kernel: pci 0000:00:17.6: PCI bridge to [bus 19]
[    1.065382] kernel: pci 0000:00:17.6:   bridge window [mem 0xfba00000-0xfbafffff]
[    1.065414] kernel: pci 0000:00:17.6:   bridge window [mem 0xe6000000-0xe60fffff 64bit pref]
[    1.072347] kernel: pci 0000:00:17.7: PCI bridge to [bus 1a]
[    1.072378] kernel: pci 0000:00:17.7:   bridge window [mem 0xfb600000-0xfb6fffff]
[    1.072418] kernel: pci 0000:00:17.7:   bridge window [mem 0xe5c00000-0xe5cfffff 64bit pref]
[    1.080020] kernel: pci 0000:00:18.0: PCI bridge to [bus 1b]
[    1.080040] kernel: pci 0000:00:18.0:   bridge window [io  0x7000-0x7fff]
[    1.080057] kernel: pci 0000:00:18.0:   bridge window [mem 0xfd100000-0xfd1fffff]
[    1.080088] kernel: pci 0000:00:18.0:   bridge window [mem 0xe7700000-0xe77fffff 64bit pref]
[    1.088858] kernel: pci 0000:00:18.1: PCI bridge to [bus 1c]
[    1.088885] kernel: pci 0000:00:18.1:   bridge window [io  0xb000-0xbfff]
[    1.088907] kernel: pci 0000:00:18.1:   bridge window [mem 0xfcd00000-0xfcdfffff]
[    1.088950] kernel: pci 0000:00:18.1:   bridge window [mem 0xe7300000-0xe73fffff 64bit pref]
[    1.096632] kernel: pci 0000:00:18.2: PCI bridge to [bus 1d]
[    1.096665] kernel: pci 0000:00:18.2:   bridge window [mem 0xfc900000-0xfc9fffff]
[    1.096696] kernel: pci 0000:00:18.2:   bridge window [mem 0xe6f00000-0xe6ffffff 64bit pref]
[    1.103809] kernel: pci 0000:00:18.3: PCI bridge to [bus 1e]
[    1.103844] kernel: pci 0000:00:18.3:   bridge window [mem 0xfc500000-0xfc5fffff]
[    1.103875] kernel: pci 0000:00:18.3:   bridge window [mem 0xe6b00000-0xe6bfffff 64bit pref]
[    1.111424] kernel: pci 0000:00:18.4: PCI bridge to [bus 1f]
[    1.111450] kernel: pci 0000:00:18.4:   bridge window [mem 0xfc100000-0xfc1fffff]
[    1.111481] kernel: pci 0000:00:18.4:   bridge window [mem 0xe6700000-0xe67fffff 64bit pref]
[    1.119424] kernel: pci 0000:00:18.5: PCI bridge to [bus 20]
[    1.119451] kernel: pci 0000:00:18.5:   bridge window [mem 0xfbd00000-0xfbdfffff]
[    1.119482] kernel: pci 0000:00:18.5:   bridge window [mem 0xe6300000-0xe63fffff 64bit pref]
[    1.127424] kernel: pci 0000:00:18.6: PCI bridge to [bus 21]
[    1.127449] kernel: pci 0000:00:18.6:   bridge window [mem 0xfb900000-0xfb9fffff]
[    1.127479] kernel: pci 0000:00:18.6:   bridge window [mem 0xe5f00000-0xe5ffffff 64bit pref]
[    1.135424] kernel: pci 0000:00:18.7: PCI bridge to [bus 22]
[    1.135451] kernel: pci 0000:00:18.7:   bridge window [mem 0xfb500000-0xfb5fffff]
[    1.135482] kernel: pci 0000:00:18.7:   bridge window [mem 0xe5b00000-0xe5bfffff 64bit pref]
[    1.137386] kernel: ACPI: PCI: Interrupt link LNKA configured for IRQ 9
[    1.137470] kernel: ACPI: PCI: Interrupt link LNKB configured for IRQ 11
[    1.137530] kernel: ACPI: PCI: Interrupt link LNKC configured for IRQ 10
[    1.137588] kernel: ACPI: PCI: Interrupt link LNKD configured for IRQ 7
[    1.163462] kernel: iommu: Default domain type: Translated 
[    1.163465] kernel: iommu: DMA domain TLB invalidation policy: lazy mode 
[    1.163922] kernel: SCSI subsystem initialized
[    1.163972] kernel: libata version 3.00 loaded.
[    1.163972] kernel: pci 0000:00:0f.0: vgaarb: setting as boot VGA device
[    1.163972] kernel: pci 0000:00:0f.0: vgaarb: VGA device added: decodes=io+mem,owns=io+mem,locks=none
[    1.163972] kernel: pci 0000:00:0f.0: vgaarb: bridge control possible
[    1.163972] kernel: vgaarb: loaded
[    1.163972] kernel: ACPI: bus type USB registered
[    1.163972] kernel: usbcore: registered new interface driver usbfs
[    1.163972] kernel: usbcore: registered new interface driver hub
[    1.163972] kernel: usbcore: registered new device driver usb
[    1.163972] kernel: pps_core: LinuxPPS API ver. 1 registered
[    1.163972] kernel: pps_core: Software ver. 5.3.6 - Copyright 2005-2007 Rodolfo Giometti <giometti@linux.it>
[    1.163972] kernel: PTP clock support registered
[    1.163972] kernel: EDAC MC: Ver: 3.0.0
[    1.165010] kernel: NetLabel: Initializing
[    1.165010] kernel: NetLabel:  domain hash size = 128
[    1.165010] kernel: NetLabel:  protocols = UNLABELED CIPSOv4 CALIPSO
[    1.165010] kernel: NetLabel:  unlabeled traffic allowed by default
[    1.165010] kernel: PCI: Using ACPI for IRQ routing
[    1.203320] kernel: PCI: pci_cache_line_size set to 64 bytes
[    1.204055] kernel: e820: reserve RAM buffer [mem 0x0009e800-0x0009ffff]
[    1.204057] kernel: e820: reserve RAM buffer [mem 0xbfed0000-0xbfffffff]
[    1.204724] kernel: hpet0: at MMIO 0xfed00000, IRQs 2, 8, 0, 0, 0, 0, 0, 0, 0, 0, 0, 0, 0, 0, 0, 0
[    1.204734] kernel: hpet0: 16 comparators, 64-bit 14.318180 MHz counter
[    1.207446] kernel: clocksource: Switched to clocksource tsc-early
[    1.249223] kernel: VFS: Disk quotas dquot_6.6.0
[    1.249254] kernel: VFS: Dquot-cache hash table entries: 512 (order 0, 4096 bytes)
[    1.249563] kernel: AppArmor: AppArmor Filesystem Enabled
[    1.249584] kernel: pnp: PnP ACPI init
[    1.249768] kernel: system 00:00: [io  0x1000-0x103f] has been reserved
[    1.249770] kernel: system 00:00: [io  0x1040-0x104f] has been reserved
[    1.249772] kernel: system 00:00: [io  0x0cf0-0x0cf1] has been reserved
[    1.249980] kernel: system 00:04: [mem 0xfed00000-0xfed003ff] has been reserved
[    1.251311] kernel: pnp 00:06: [dma 2]
[    1.251485] kernel: system 00:07: [io  0xfce0-0xfcff] has been reserved
[    1.251486] kernel: system 00:07: [mem 0xf0000000-0xf7ffffff] has been reserved
[    1.251488] kernel: system 00:07: [mem 0xfe800000-0xfe9fffff] has been reserved
[    1.271185] kernel: pnp: PnP ACPI: found 8 devices
[    1.281158] kernel: clocksource: acpi_pm: mask: 0xffffff max_cycles: 0xffffff, max_idle_ns: 2085701024 ns
[    1.281774] kernel: NET: Registered PF_INET protocol family
[    1.284339] kernel: IP idents hash table entries: 131072 (order: 8, 1048576 bytes, linear)
[    1.291413] kernel: tcp_listen_portaddr_hash hash table entries: 4096 (order: 4, 65536 bytes, linear)
[    1.292102] kernel: Table-perturb hash table entries: 65536 (order: 6, 262144 bytes, linear)
[    1.294079] kernel: TCP established hash table entries: 65536 (order: 7, 524288 bytes, linear)
[    1.297505] kernel: TCP bind hash table entries: 65536 (order: 8, 1048576 bytes, linear)
[    1.297563] kernel: TCP: Hash tables configured (established 65536 bind 65536)
[    1.299291] kernel: MPTCP token hash table entries: 8192 (order: 5, 196608 bytes, linear)
[    1.299629] kernel: UDP hash table entries: 4096 (order: 5, 131072 bytes, linear)
[    1.300016] kernel: UDP-Lite hash table entries: 4096 (order: 5, 131072 bytes, linear)
[    1.300673] kernel: NET: Registered PF_UNIX/PF_LOCAL protocol family
[    1.300677] kernel: NET: Registered PF_XDP protocol family
[    1.300693] kernel: pci 0000:00:15.3: bridge window [io  0x1000-0x0fff] to [bus 06] add_size 1000
[    1.300695] kernel: pci 0000:00:15.4: bridge window [io  0x1000-0x0fff] to [bus 07] add_size 1000
[    1.300696] kernel: pci 0000:00:15.5: bridge window [io  0x1000-0x0fff] to [bus 08] add_size 1000
[    1.300697] kernel: pci 0000:00:15.6: bridge window [io  0x1000-0x0fff] to [bus 09] add_size 1000
[    1.300698] kernel: pci 0000:00:15.7: bridge window [io  0x1000-0x0fff] to [bus 0a] add_size 1000
[    1.300700] kernel: pci 0000:00:16.3: bridge window [io  0x1000-0x0fff] to [bus 0e] add_size 1000
[    1.300700] kernel: pci 0000:00:16.4: bridge window [io  0x1000-0x0fff] to [bus 0f] add_size 1000
[    1.300701] kernel: pci 0000:00:16.5: bridge window [io  0x1000-0x0fff] to [bus 10] add_size 1000
[    1.300702] kernel: pci 0000:00:16.6: bridge window [io  0x1000-0x0fff] to [bus 11] add_size 1000
[    1.300703] kernel: pci 0000:00:16.7: bridge window [io  0x1000-0x0fff] to [bus 12] add_size 1000
[    1.300705] kernel: pci 0000:00:17.3: bridge window [io  0x1000-0x0fff] to [bus 16] add_size 1000
[    1.300706] kernel: pci 0000:00:17.4: bridge window [io  0x1000-0x0fff] to [bus 17] add_size 1000
[    1.300707] kernel: pci 0000:00:17.5: bridge window [io  0x1000-0x0fff] to [bus 18] add_size 1000
[    1.300707] kernel: pci 0000:00:17.6: bridge window [io  0x1000-0x0fff] to [bus 19] add_size 1000
[    1.300708] kernel: pci 0000:00:17.7: bridge window [io  0x1000-0x0fff] to [bus 1a] add_size 1000
[    1.300710] kernel: pci 0000:00:18.2: bridge window [io  0x1000-0x0fff] to [bus 1d] add_size 1000
[    1.300710] kernel: pci 0000:00:18.3: bridge window [io  0x1000-0x0fff] to [bus 1e] add_size 1000
[    1.300711] kernel: pci 0000:00:18.4: bridge window [io  0x1000-0x0fff] to [bus 1f] add_size 1000
[    1.300712] kernel: pci 0000:00:18.5: bridge window [io  0x1000-0x0fff] to [bus 20] add_size 1000
[    1.300713] kernel: pci 0000:00:18.6: bridge window [io  0x1000-0x0fff] to [bus 21] add_size 1000
[    1.300714] kernel: pci 0000:00:18.7: bridge window [io  0x1000-0x0fff] to [bus 22] add_size 1000
[    1.300723] kernel: pci 0000:00:10.0: BAR 6: assigned [mem 0xc0000000-0xc0003fff pref]
[    1.300726] kernel: pci 0000:00:15.3: BAR 13: no space for [io  size 0x1000]
[    1.300727] kernel: pci 0000:00:15.3: BAR 13: failed to assign [io  size 0x1000]
[    1.300728] kernel: pci 0000:00:15.4: BAR 13: no space for [io  size 0x1000]
[    1.300729] kernel: pci 0000:00:15.4: BAR 13: failed to assign [io  size 0x1000]
[    1.300730] kernel: pci 0000:00:15.5: BAR 13: no space for [io  size 0x1000]
[    1.300730] kernel: pci 0000:00:15.5: BAR 13: failed to assign [io  size 0x1000]
[    1.300731] kernel: pci 0000:00:15.6: BAR 13: no space for [io  size 0x1000]
[    1.300732] kernel: pci 0000:00:15.6: BAR 13: failed to assign [io  size 0x1000]
[    1.300733] kernel: pci 0000:00:15.7: BAR 13: no space for [io  size 0x1000]
[    1.300733] kernel: pci 0000:00:15.7: BAR 13: failed to assign [io  size 0x1000]
[    1.300734] kernel: pci 0000:00:16.3: BAR 13: no space for [io  size 0x1000]
[    1.300735] kernel: pci 0000:00:16.3: BAR 13: failed to assign [io  size 0x1000]
[    1.300736] kernel: pci 0000:00:16.4: BAR 13: no space for [io  size 0x1000]
[    1.300736] kernel: pci 0000:00:16.4: BAR 13: failed to assign [io  size 0x1000]
[    1.300737] kernel: pci 0000:00:16.5: BAR 13: no space for [io  size 0x1000]
[    1.300738] kernel: pci 0000:00:16.5: BAR 13: failed to assign [io  size 0x1000]
[    1.300739] kernel: pci 0000:00:16.6: BAR 13: no space for [io  size 0x1000]
[    1.300739] kernel: pci 0000:00:16.6: BAR 13: failed to assign [io  size 0x1000]
[    1.300740] kernel: pci 0000:00:16.7: BAR 13: no space for [io  size 0x1000]
[    1.300741] kernel: pci 0000:00:16.7: BAR 13: failed to assign [io  size 0x1000]
[    1.300742] kernel: pci 0000:00:17.3: BAR 13: no space for [io  size 0x1000]
[    1.300742] kernel: pci 0000:00:17.3: BAR 13: failed to assign [io  size 0x1000]
[    1.300743] kernel: pci 0000:00:17.4: BAR 13: no space for [io  size 0x1000]
[    1.300744] kernel: pci 0000:00:17.4: BAR 13: failed to assign [io  size 0x1000]
[    1.300745] kernel: pci 0000:00:17.5: BAR 13: no space for [io  size 0x1000]
[    1.300745] kernel: pci 0000:00:17.5: BAR 13: failed to assign [io  size 0x1000]
[    1.300746] kernel: pci 0000:00:17.6: BAR 13: no space for [io  size 0x1000]
[    1.300747] kernel: pci 0000:00:17.6: BAR 13: failed to assign [io  size 0x1000]
[    1.300748] kernel: pci 0000:00:17.7: BAR 13: no space for [io  size 0x1000]
[    1.300748] kernel: pci 0000:00:17.7: BAR 13: failed to assign [io  size 0x1000]
[    1.300749] kernel: pci 0000:00:18.2: BAR 13: no space for [io  size 0x1000]
[    1.300750] kernel: pci 0000:00:18.2: BAR 13: failed to assign [io  size 0x1000]
[    1.300750] kernel: pci 0000:00:18.3: BAR 13: no space for [io  size 0x1000]
[    1.300751] kernel: pci 0000:00:18.3: BAR 13: failed to assign [io  size 0x1000]
[    1.300752] kernel: pci 0000:00:18.4: BAR 13: no space for [io  size 0x1000]
[    1.300752] kernel: pci 0000:00:18.4: BAR 13: failed to assign [io  size 0x1000]
[    1.300753] kernel: pci 0000:00:18.5: BAR 13: no space for [io  size 0x1000]
[    1.300754] kernel: pci 0000:00:18.5: BAR 13: failed to assign [io  size 0x1000]
[    1.300755] kernel: pci 0000:00:18.6: BAR 13: no space for [io  size 0x1000]
[    1.300756] kernel: pci 0000:00:18.6: BAR 13: failed to assign [io  size 0x1000]
[    1.300756] kernel: pci 0000:00:18.7: BAR 13: no space for [io  size 0x1000]
[    1.300757] kernel: pci 0000:00:18.7: BAR 13: failed to assign [io  size 0x1000]
[    1.300759] kernel: pci 0000:00:18.7: BAR 13: no space for [io  size 0x1000]
[    1.300760] kernel: pci 0000:00:18.7: BAR 13: failed to assign [io  size 0x1000]
[    1.300761] kernel: pci 0000:00:18.6: BAR 13: no space for [io  size 0x1000]
[    1.300762] kernel: pci 0000:00:18.6: BAR 13: failed to assign [io  size 0x1000]
[    1.300763] kernel: pci 0000:00:18.5: BAR 13: no space for [io  size 0x1000]
[    1.300763] kernel: pci 0000:00:18.5: BAR 13: failed to assign [io  size 0x1000]
[    1.300764] kernel: pci 0000:00:18.4: BAR 13: no space for [io  size 0x1000]
[    1.300765] kernel: pci 0000:00:18.4: BAR 13: failed to assign [io  size 0x1000]
[    1.300766] kernel: pci 0000:00:18.3: BAR 13: no space for [io  size 0x1000]
[    1.300766] kernel: pci 0000:00:18.3: BAR 13: failed to assign [io  size 0x1000]
[    1.300767] kernel: pci 0000:00:18.2: BAR 13: no space for [io  size 0x1000]
[    1.300768] kernel: pci 0000:00:18.2: BAR 13: failed to assign [io  size 0x1000]
[    1.300768] kernel: pci 0000:00:17.7: BAR 13: no space for [io  size 0x1000]
[    1.300769] kernel: pci 0000:00:17.7: BAR 13: failed to assign [io  size 0x1000]
[    1.300770] kernel: pci 0000:00:17.6: BAR 13: no space for [io  size 0x1000]
[    1.300771] kernel: pci 0000:00:17.6: BAR 13: failed to assign [io  size 0x1000]
[    1.300771] kernel: pci 0000:00:17.5: BAR 13: no space for [io  size 0x1000]
[    1.300772] kernel: pci 0000:00:17.5: BAR 13: failed to assign [io  size 0x1000]
[    1.300773] kernel: pci 0000:00:17.4: BAR 13: no space for [io  size 0x1000]
[    1.300773] kernel: pci 0000:00:17.4: BAR 13: failed to assign [io  size 0x1000]
[    1.300774] kernel: pci 0000:00:17.3: BAR 13: no space for [io  size 0x1000]
[    1.300775] kernel: pci 0000:00:17.3: BAR 13: failed to assign [io  size 0x1000]
[    1.300776] kernel: pci 0000:00:16.7: BAR 13: no space for [io  size 0x1000]
[    1.300776] kernel: pci 0000:00:16.7: BAR 13: failed to assign [io  size 0x1000]
[    1.300777] kernel: pci 0000:00:16.6: BAR 13: no space for [io  size 0x1000]
[    1.300778] kernel: pci 0000:00:16.6: BAR 13: failed to assign [io  size 0x1000]
[    1.300779] kernel: pci 0000:00:16.5: BAR 13: no space for [io  size 0x1000]
[    1.300779] kernel: pci 0000:00:16.5: BAR 13: failed to assign [io  size 0x1000]
[    1.300780] kernel: pci 0000:00:16.4: BAR 13: no space for [io  size 0x1000]
[    1.300781] kernel: pci 0000:00:16.4: BAR 13: failed to assign [io  size 0x1000]
[    1.300782] kernel: pci 0000:00:16.3: BAR 13: no space for [io  size 0x1000]
[    1.300782] kernel: pci 0000:00:16.3: BAR 13: failed to assign [io  size 0x1000]
[    1.300783] kernel: pci 0000:00:15.7: BAR 13: no space for [io  size 0x1000]
[    1.300784] kernel: pci 0000:00:15.7: BAR 13: failed to assign [io  size 0x1000]
[    1.300784] kernel: pci 0000:00:15.6: BAR 13: no space for [io  size 0x1000]
[    1.300785] kernel: pci 0000:00:15.6: BAR 13: failed to assign [io  size 0x1000]
[    1.300786] kernel: pci 0000:00:15.5: BAR 13: no space for [io  size 0x1000]
[    1.300787] kernel: pci 0000:00:15.5: BAR 13: failed to assign [io  size 0x1000]
[    1.300787] kernel: pci 0000:00:15.4: BAR 13: no space for [io  size 0x1000]
[    1.300788] kernel: pci 0000:00:15.4: BAR 13: failed to assign [io  size 0x1000]
[    1.300789] kernel: pci 0000:00:15.3: BAR 13: no space for [io  size 0x1000]
[    1.300790] kernel: pci 0000:00:15.3: BAR 13: failed to assign [io  size 0x1000]
[    1.300791] kernel: pci 0000:00:01.0: PCI bridge to [bus 01]
[    1.300867] kernel: pci 0000:02:01.0: BAR 6: assigned [mem 0xfd500000-0xfd50ffff pref]
[    1.300868] kernel: pci 0000:02:04.0: BAR 6: assigned [mem 0xfd510000-0xfd51ffff pref]
[    1.300869] kernel: pci 0000:00:11.0: PCI bridge to [bus 02]
[    1.300880] kernel: pci 0000:00:11.0:   bridge window [io  0x2000-0x3fff]
[    1.300904] kernel: pci 0000:00:11.0:   bridge window [mem 0xfd500000-0xfdffffff]
[    1.300920] kernel: pci 0000:00:11.0:   bridge window [mem 0xe7b00000-0xe7ffffff 64bit pref]
[    1.300951] kernel: pci 0000:00:15.0: PCI bridge to [bus 03]
[    1.300960] kernel: pci 0000:00:15.0:   bridge window [io  0x4000-0x4fff]
[    1.300984] kernel: pci 0000:00:15.0:   bridge window [mem 0xfd400000-0xfd4fffff]
[    1.301000] kernel: pci 0000:00:15.0:   bridge window [mem 0xe7a00000-0xe7afffff 64bit pref]
[    1.301057] kernel: pci 0000:00:15.1: PCI bridge to [bus 04]
[    1.301066] kernel: pci 0000:00:15.1:   bridge window [io  0x8000-0x8fff]
[    1.301090] kernel: pci 0000:00:15.1:   bridge window [mem 0xfd000000-0xfd0fffff]
[    1.301106] kernel: pci 0000:00:15.1:   bridge window [mem 0xe7600000-0xe76fffff 64bit pref]
[    1.301142] kernel: pci 0000:00:15.2: PCI bridge to [bus 05]
[    1.301151] kernel: pci 0000:00:15.2:   bridge window [io  0xc000-0xcfff]
[    1.301174] kernel: pci 0000:00:15.2:   bridge window [mem 0xfcc00000-0xfccfffff]
[    1.301190] kernel: pci 0000:00:15.2:   bridge window [mem 0xe7200000-0xe72fffff 64bit pref]
[    1.301227] kernel: pci 0000:00:15.3: PCI bridge to [bus 06]
[    1.301252] kernel: pci 0000:00:15.3:   bridge window [mem 0xfc800000-0xfc8fffff]
[    1.301268] kernel: pci 0000:00:15.3:   bridge window [mem 0xe6e00000-0xe6efffff 64bit pref]
[    1.301304] kernel: pci 0000:00:15.4: PCI bridge to [bus 07]
[    1.301331] kernel: pci 0000:00:15.4:   bridge window [mem 0xfc400000-0xfc4fffff]
[    1.301347] kernel: pci 0000:00:15.4:   bridge window [mem 0xe6a00000-0xe6afffff 64bit pref]
[    1.301384] kernel: pci 0000:00:15.5: PCI bridge to [bus 08]
[    1.301408] kernel: pci 0000:00:15.5:   bridge window [mem 0xfc000000-0xfc0fffff]
[    1.301424] kernel: pci 0000:00:15.5:   bridge window [mem 0xe6600000-0xe66fffff 64bit pref]
[    1.301459] kernel: pci 0000:00:15.6: PCI bridge to [bus 09]
[    1.301483] kernel: pci 0000:00:15.6:   bridge window [mem 0xfbc00000-0xfbcfffff]
[    1.301500] kernel: pci 0000:00:15.6:   bridge window [mem 0xe6200000-0xe62fffff 64bit pref]
[    1.301536] kernel: pci 0000:00:15.7: PCI bridge to [bus 0a]
[    1.301560] kernel: pci 0000:00:15.7:   bridge window [mem 0xfb800000-0xfb8fffff]
[    1.301576] kernel: pci 0000:00:15.7:   bridge window [mem 0xe5e00000-0xe5efffff 64bit pref]
[    1.301612] kernel: pci 0000:00:16.0: PCI bridge to [bus 0b]
[    1.301621] kernel: pci 0000:00:16.0:   bridge window [io  0x5000-0x5fff]
[    1.301644] kernel: pci 0000:00:16.0:   bridge window [mem 0xfd300000-0xfd3fffff]
[    1.301660] kernel: pci 0000:00:16.0:   bridge window [mem 0xe7900000-0xe79fffff 64bit pref]
[    1.301697] kernel: pci 0000:00:16.1: PCI bridge to [bus 0c]
[    1.301706] kernel: pci 0000:00:16.1:   bridge window [io  0x9000-0x9fff]
[    1.301730] kernel: pci 0000:00:16.1:   bridge window [mem 0xfcf00000-0xfcffffff]
[    1.301746] kernel: pci 0000:00:16.1:   bridge window [mem 0xe7500000-0xe75fffff 64bit pref]
[    1.301782] kernel: pci 0000:00:16.2: PCI bridge to [bus 0d]
[    1.301791] kernel: pci 0000:00:16.2:   bridge window [io  0xd000-0xdfff]
[    1.301816] kernel: pci 0000:00:16.2:   bridge window [mem 0xfcb00000-0xfcbfffff]
[    1.301832] kernel: pci 0000:00:16.2:   bridge window [mem 0xe7100000-0xe71fffff 64bit pref]
[    1.301868] kernel: pci 0000:00:16.3: PCI bridge to [bus 0e]
[    1.301893] kernel: pci 0000:00:16.3:   bridge window [mem 0xfc700000-0xfc7fffff]
[    1.301909] kernel: pci 0000:00:16.3:   bridge window [mem 0xe6d00000-0xe6dfffff 64bit pref]
[    1.301944] kernel: pci 0000:00:16.4: PCI bridge to [bus 0f]
[    1.301968] kernel: pci 0000:00:16.4:   bridge window [mem 0xfc300000-0xfc3fffff]
[    1.301984] kernel: pci 0000:00:16.4:   bridge window [mem 0xe6900000-0xe69fffff 64bit pref]
[    1.302020] kernel: pci 0000:00:16.5: PCI bridge to [bus 10]
[    1.302044] kernel: pci 0000:00:16.5:   bridge window [mem 0xfbf00000-0xfbffffff]
[    1.302060] kernel: pci 0000:00:16.5:   bridge window [mem 0xe6500000-0xe65fffff 64bit pref]
[    1.302096] kernel: pci 0000:00:16.6: PCI bridge to [bus 11]
[    1.302120] kernel: pci 0000:00:16.6:   bridge window [mem 0xfbb00000-0xfbbfffff]
[    1.302136] kernel: pci 0000:00:16.6:   bridge window [mem 0xe6100000-0xe61fffff 64bit pref]
[    1.302172] kernel: pci 0000:00:16.7: PCI bridge to [bus 12]
[    1.302196] kernel: pci 0000:00:16.7:   bridge window [mem 0xfb700000-0xfb7fffff]
[    1.302212] kernel: pci 0000:00:16.7:   bridge window [mem 0xe5d00000-0xe5dfffff 64bit pref]
[    1.302250] kernel: pci 0000:00:17.0: PCI bridge to [bus 13]
[    1.302259] kernel: pci 0000:00:17.0:   bridge window [io  0x6000-0x6fff]
[    1.302283] kernel: pci 0000:00:17.0:   bridge window [mem 0xfd200000-0xfd2fffff]
[    1.302299] kernel: pci 0000:00:17.0:   bridge window [mem 0xe7800000-0xe78fffff 64bit pref]
[    1.302335] kernel: pci 0000:00:17.1: PCI bridge to [bus 14]
[    1.302344] kernel: pci 0000:00:17.1:   bridge window [io  0xa000-0xafff]
[    1.302370] kernel: pci 0000:00:17.1:   bridge window [mem 0xfce00000-0xfcefffff]
[    1.302386] kernel: pci 0000:00:17.1:   bridge window [mem 0xe7400000-0xe74fffff 64bit pref]
[    1.302422] kernel: pci 0000:00:17.2: PCI bridge to [bus 15]
[    1.302431] kernel: pci 0000:00:17.2:   bridge window [io  0xe000-0xefff]
[    1.302455] kernel: pci 0000:00:17.2:   bridge window [mem 0xfca00000-0xfcafffff]
[    1.302471] kernel: pci 0000:00:17.2:   bridge window [mem 0xe7000000-0xe70fffff 64bit pref]
[    1.302507] kernel: pci 0000:00:17.3: PCI bridge to [bus 16]
[    1.302531] kernel: pci 0000:00:17.3:   bridge window [mem 0xfc600000-0xfc6fffff]
[    1.302547] kernel: pci 0000:00:17.3:   bridge window [mem 0xe6c00000-0xe6cfffff 64bit pref]
[    1.302584] kernel: pci 0000:00:17.4: PCI bridge to [bus 17]
[    1.302608] kernel: pci 0000:00:17.4:   bridge window [mem 0xfc200000-0xfc2fffff]
[    1.302624] kernel: pci 0000:00:17.4:   bridge window [mem 0xe6800000-0xe68fffff 64bit pref]
[    1.302660] kernel: pci 0000:00:17.5: PCI bridge to [bus 18]
[    1.302684] kernel: pci 0000:00:17.5:   bridge window [mem 0xfbe00000-0xfbefffff]
[    1.302701] kernel: pci 0000:00:17.5:   bridge window [mem 0xe6400000-0xe64fffff 64bit pref]
[    1.302737] kernel: pci 0000:00:17.6: PCI bridge to [bus 19]
[    1.302761] kernel: pci 0000:00:17.6:   bridge window [mem 0xfba00000-0xfbafffff]
[    1.302777] kernel: pci 0000:00:17.6:   bridge window [mem 0xe6000000-0xe60fffff 64bit pref]
[    1.302813] kernel: pci 0000:00:17.7: PCI bridge to [bus 1a]
[    1.302837] kernel: pci 0000:00:17.7:   bridge window [mem 0xfb600000-0xfb6fffff]
[    1.302853] kernel: pci 0000:00:17.7:   bridge window [mem 0xe5c00000-0xe5cfffff 64bit pref]
[    1.302889] kernel: pci 0000:00:18.0: PCI bridge to [bus 1b]
[    1.302898] kernel: pci 0000:00:18.0:   bridge window [io  0x7000-0x7fff]
[    1.302922] kernel: pci 0000:00:18.0:   bridge window [mem 0xfd100000-0xfd1fffff]
[    1.302938] kernel: pci 0000:00:18.0:   bridge window [mem 0xe7700000-0xe77fffff 64bit pref]
[    1.302974] kernel: pci 0000:00:18.1: PCI bridge to [bus 1c]
[    1.302983] kernel: pci 0000:00:18.1:   bridge window [io  0xb000-0xbfff]
[    1.303010] kernel: pci 0000:00:18.1:   bridge window [mem 0xfcd00000-0xfcdfffff]
[    1.303026] kernel: pci 0000:00:18.1:   bridge window [mem 0xe7300000-0xe73fffff 64bit pref]
[    1.303062] kernel: pci 0000:00:18.2: PCI bridge to [bus 1d]
[    1.303086] kernel: pci 0000:00:18.2:   bridge window [mem 0xfc900000-0xfc9fffff]
[    1.303102] kernel: pci 0000:00:18.2:   bridge window [mem 0xe6f00000-0xe6ffffff 64bit pref]
[    1.303138] kernel: pci 0000:00:18.3: PCI bridge to [bus 1e]
[    1.303163] kernel: pci 0000:00:18.3:   bridge window [mem 0xfc500000-0xfc5fffff]
[    1.303179] kernel: pci 0000:00:18.3:   bridge window [mem 0xe6b00000-0xe6bfffff 64bit pref]
[    1.303215] kernel: pci 0000:00:18.4: PCI bridge to [bus 1f]
[    1.303241] kernel: pci 0000:00:18.4:   bridge window [mem 0xfc100000-0xfc1fffff]
[    1.303257] kernel: pci 0000:00:18.4:   bridge window [mem 0xe6700000-0xe67fffff 64bit pref]
[    1.303293] kernel: pci 0000:00:18.5: PCI bridge to [bus 20]
[    1.303317] kernel: pci 0000:00:18.5:   bridge window [mem 0xfbd00000-0xfbdfffff]
[    1.303333] kernel: pci 0000:00:18.5:   bridge window [mem 0xe6300000-0xe63fffff 64bit pref]
[    1.303370] kernel: pci 0000:00:18.6: PCI bridge to [bus 21]
[    1.303396] kernel: pci 0000:00:18.6:   bridge window [mem 0xfb900000-0xfb9fffff]
[    1.303412] kernel: pci 0000:00:18.6:   bridge window [mem 0xe5f00000-0xe5ffffff 64bit pref]
[    1.303456] kernel: pci 0000:00:18.7: PCI bridge to [bus 22]
[    1.303481] kernel: pci 0000:00:18.7:   bridge window [mem 0xfb500000-0xfb5fffff]
[    1.303497] kernel: pci 0000:00:18.7:   bridge window [mem 0xe5b00000-0xe5bfffff 64bit pref]
[    1.303534] kernel: pci_bus 0000:00: resource 4 [io  0x0000-0x0cf7 window]
[    1.303535] kernel: pci_bus 0000:00: resource 5 [io  0x0d00-0xfeff window]
[    1.303536] kernel: pci_bus 0000:00: resource 6 [mem 0x000a0000-0x000bffff window]
[    1.303536] kernel: pci_bus 0000:00: resource 7 [mem 0x000d0000-0x000dbfff window]
[    1.303537] kernel: pci_bus 0000:00: resource 8 [mem 0xc0000000-0xfebfffff window]
[    1.303538] kernel: pci_bus 0000:02: resource 0 [io  0x2000-0x3fff]
[    1.303539] kernel: pci_bus 0000:02: resource 1 [mem 0xfd500000-0xfdffffff]
[    1.303540] kernel: pci_bus 0000:02: resource 2 [mem 0xe7b00000-0xe7ffffff 64bit pref]
[    1.303540] kernel: pci_bus 0000:02: resource 4 [io  0x0000-0x0cf7 window]
[    1.303541] kernel: pci_bus 0000:02: resource 5 [io  0x0d00-0xfeff window]
[    1.303542] kernel: pci_bus 0000:02: resource 6 [mem 0x000a0000-0x000bffff window]
[    1.303542] kernel: pci_bus 0000:02: resource 7 [mem 0x000d0000-0x000dbfff window]
[    1.303543] kernel: pci_bus 0000:02: resource 8 [mem 0xc0000000-0xfebfffff window]
[    1.303544] kernel: pci_bus 0000:03: resource 0 [io  0x4000-0x4fff]
[    1.303545] kernel: pci_bus 0000:03: resource 1 [mem 0xfd400000-0xfd4fffff]
[    1.303545] kernel: pci_bus 0000:03: resource 2 [mem 0xe7a00000-0xe7afffff 64bit pref]
[    1.303546] kernel: pci_bus 0000:04: resource 0 [io  0x8000-0x8fff]
[    1.303547] kernel: pci_bus 0000:04: resource 1 [mem 0xfd000000-0xfd0fffff]
[    1.303547] kernel: pci_bus 0000:04: resource 2 [mem 0xe7600000-0xe76fffff 64bit pref]
[    1.303548] kernel: pci_bus 0000:05: resource 0 [io  0xc000-0xcfff]
[    1.303549] kernel: pci_bus 0000:05: resource 1 [mem 0xfcc00000-0xfccfffff]
[    1.303549] kernel: pci_bus 0000:05: resource 2 [mem 0xe7200000-0xe72fffff 64bit pref]
[    1.303550] kernel: pci_bus 0000:06: resource 1 [mem 0xfc800000-0xfc8fffff]
[    1.303551] kernel: pci_bus 0000:06: resource 2 [mem 0xe6e00000-0xe6efffff 64bit pref]
[    1.303551] kernel: pci_bus 0000:07: resource 1 [mem 0xfc400000-0xfc4fffff]
[    1.303552] kernel: pci_bus 0000:07: resource 2 [mem 0xe6a00000-0xe6afffff 64bit pref]
[    1.303553] kernel: pci_bus 0000:08: resource 1 [mem 0xfc000000-0xfc0fffff]
[    1.303554] kernel: pci_bus 0000:08: resource 2 [mem 0xe6600000-0xe66fffff 64bit pref]
[    1.303554] kernel: pci_bus 0000:09: resource 1 [mem 0xfbc00000-0xfbcfffff]
[    1.303555] kernel: pci_bus 0000:09: resource 2 [mem 0xe6200000-0xe62fffff 64bit pref]
[    1.303556] kernel: pci_bus 0000:0a: resource 1 [mem 0xfb800000-0xfb8fffff]
[    1.303556] kernel: pci_bus 0000:0a: resource 2 [mem 0xe5e00000-0xe5efffff 64bit pref]
[    1.303557] kernel: pci_bus 0000:0b: resource 0 [io  0x5000-0x5fff]
[    1.303558] kernel: pci_bus 0000:0b: resource 1 [mem 0xfd300000-0xfd3fffff]
[    1.303558] kernel: pci_bus 0000:0b: resource 2 [mem 0xe7900000-0xe79fffff 64bit pref]
[    1.303559] kernel: pci_bus 0000:0c: resource 0 [io  0x9000-0x9fff]
[    1.303560] kernel: pci_bus 0000:0c: resource 1 [mem 0xfcf00000-0xfcffffff]
[    1.303560] kernel: pci_bus 0000:0c: resource 2 [mem 0xe7500000-0xe75fffff 64bit pref]
[    1.303561] kernel: pci_bus 0000:0d: resource 0 [io  0xd000-0xdfff]
[    1.303562] kernel: pci_bus 0000:0d: resource 1 [mem 0xfcb00000-0xfcbfffff]
[    1.303562] kernel: pci_bus 0000:0d: resource 2 [mem 0xe7100000-0xe71fffff 64bit pref]
