[    0.000000] kernel: Linux version 5.19.0-41-generic (buildd@lcy02-amd64-045) (x86_64-linux-gnu-gcc (Ubuntu 11.3.0-1ubuntu1~22.04.1) 11.3.0, GNU ld (GNU Binutils for Ubuntu) 2.38) #42~22.04.1-Ubuntu SMP PREEMPT_DYNAMIC Tue Apr 18 17:40:00 UTC 2 (Ubuntu 5.19.0-41.42~22.04.1-generic 5.19.17)
[    0.000000] kernel: Command line: BOOT_IMAGE=/boot/vmlinuz-5.19.0-41-generic root=UUID=8de9989f-a6e4-4c92-a044-2c6d1909bf50 ro find_preseed=/preseed.cfg auto noprompt priority=critical locale=en_US quiet splash
[    0.000000] kernel: KERNEL supported cpus:
[    0.000000] kernel:   Intel GenuineIntel
[    0.000000] kernel:   AMD AuthenticAMD
[    0.000000] kernel:   Hygon HygonGenuine
[    0.000000] kernel:   Centaur CentaurHauls
[    0.000000] kernel:   zhaoxin   Shanghai  
[    0.000000] kernel: Disabled fast string operations
[    0.000000] kernel: x86/fpu: Supporting XSAVE feature 0x001: 'x87 floating point registers'
[    0.000000] kernel: x86/fpu: Supporting XSAVE feature 0x002: 'SSE registers'
[    0.000000] kernel: x86/fpu: Supporting XSAVE feature 0x004: 'AVX registers'
[    0.000000] kernel: x86/fpu: xstate_offset[2]:  576, xstate_sizes[2]:  256
[    0.000000] kernel: x86/fpu: Enabled xstate features 0x7, context size is 832 bytes, using 'compacted' format.
[    0.000000] kernel: signal: max sigframe size: 1776
[    0.000000] kernel: BIOS-provided physical RAM map:
[    0.000000] kernel: BIOS-e820: [mem 0x0000000000000000-0x000000000009e7ff] usable
[    0.000000] kernel: BIOS-e820: [mem 0x000000000009e800-0x000000000009ffff] reserved
[    0.000000] kernel: BIOS-e820: [mem 0x00000000000dc000-0x00000000000fffff] reserved
[    0.000000] kernel: BIOS-e820: [mem 0x0000000000100000-0x00000000bfecffff] usable
[    0.000000] kernel: BIOS-e820: [mem 0x00000000bfed0000-0x00000000bfefefff] ACPI data
[    0.000000] kernel: BIOS-e820: [mem 0x00000000bfeff000-0x00000000bfefffff] ACPI NVS
[    0.000000] kernel: BIOS-e820: [mem 0x00000000bff00000-0x00000000bfffffff] usable
[    0.000000] kernel: BIOS-e820: [mem 0x00000000f0000000-0x00000000f7ffffff] reserved
[    0.000000] kernel: BIOS-e820: [mem 0x00000000fec00000-0x00000000fec0ffff] reserved
[    0.000000] kernel: BIOS-e820: [mem 0x00000000fee00000-0x00000000fee00fff] reserved
[    0.000000] kernel: BIOS-e820: [mem 0x00000000fffe0000-0x00000000ffffffff] reserved
[    0.000000] kernel: BIOS-e820: [mem 0x0000000100000000-0x000000043fffffff] usable
[    0.000000] kernel: NX (Execute Disable) protection: active
[    0.000000] kernel: SMBIOS 2.7 present.
[    0.000000] kernel: DMI: VMware, Inc. VMware Virtual Platform/440BX Desktop Reference Platform, BIOS 6.00 11/12/2020
[    0.000000] kernel: vmware: hypercall mode: 0x02
[    0.000000] kernel: Hypervisor detected: VMware
[    0.000000] kernel: vmware: TSC freq read from hypervisor : 3600.004 MHz
[    0.000000] kernel: vmware: Host bus clock speed read from hypervisor : 66000000 Hz
[    0.000000] kernel: vmware: using clock offset of 5454623380 ns
[    0.000013] kernel: tsc: Detected 3600.004 MHz processor
[    0.001292] kernel: e820: update [mem 0x00000000-0x00000fff] usable ==> reserved
[    0.001295] kernel: e820: remove [mem 0x000a0000-0x000fffff] usable
[    0.001299] kernel: last_pfn = 0x440000 max_arch_pfn = 0x400000000
[    0.001321] kernel: x86/PAT: Configuration [0-7]: WB  WC  UC- UC  WB  WP  UC- WT  
[    0.001331] kernel: total RAM covered: 523264M
[    0.001386] kernel:  gran_size: 64K         chunk_size: 64K         num_reg: 8          lose cover RAM: 256G
[    0.001388] kernel:  gran_size: 64K         chunk_size: 128K         num_reg: 8          lose cover RAM: 256G
[    0.001397] kernel:  gran_size: 64K         chunk_size: 256K         num_reg: 8          lose cover RAM: 256G
[    0.001398] kernel:  gran_size: 64K         chunk_size: 512K         num_reg: 8          lose cover RAM: 256G
[    0.001398] kernel:  gran_size: 64K         chunk_size: 1M         num_reg: 8          lose cover RAM: 256G
[    0.001399] kernel:  gran_size: 64K         chunk_size: 2M         num_reg: 8          lose cover RAM: 256G
[    0.001400] kernel:  gran_size: 64K         chunk_size: 4M         num_reg: 8          lose cover RAM: 256G
[    0.001401] kernel:  gran_size: 64K         chunk_size: 8M         num_reg: 8          lose cover RAM: 256G
[    0.001402] kernel:  gran_size: 64K         chunk_size: 16M         num_reg: 8          lose cover RAM: 256G
[    0.001403] kernel:  gran_size: 64K         chunk_size: 32M         num_reg: 8          lose cover RAM: 256G
[    0.001403] kernel:  gran_size: 64K         chunk_size: 64M         num_reg: 8          lose cover RAM: 256G
[    0.001404] kernel:  gran_size: 64K         chunk_size: 128M         num_reg: 8          lose cover RAM: 256G
[    0.001405] kernel:  gran_size: 64K         chunk_size: 256M         num_reg: 8          lose cover RAM: 256G
[    0.001406] kernel:  gran_size: 64K         chunk_size: 512M         num_reg: 8          lose cover RAM: 256G
[    0.001407] kernel:  gran_size: 64K         chunk_size: 1G         num_reg: 8          lose cover RAM: 256G
[    0.001407] kernel:  gran_size: 64K         chunk_size: 2G         num_reg: 8          lose cover RAM: 256G
[    0.001408] kernel:  gran_size: 128K         chunk_size: 128K         num_reg: 8          lose cover RAM: 256G
[    0.001409] kernel:  gran_size: 128K         chunk_size: 256K         num_reg: 8          lose cover RAM: 256G
[    0.001410] kernel:  gran_size: 128K         chunk_size: 512K         num_reg: 8          lose cover RAM: 256G
[    0.001411] kernel:  gran_size: 128K         chunk_size: 1M         num_reg: 8          lose cover RAM: 256G
[    0.001490] kernel:  gran_size: 128K         chunk_size: 2M         num_reg: 8          lose cover RAM: 256G
[    0.001491] kernel:  gran_size: 128K         chunk_size: 4M         num_reg: 8          lose cover RAM: 256G
[    0.001492] kernel:  gran_size: 128K         chunk_size: 8M         num_reg: 8          lose cover RAM: 256G
[    0.001494] kernel:  gran_size: 128K         chunk_size: 16M         num_reg: 8          lose cover RAM: 256G
[    0.001495] kernel:  gran_size: 128K         chunk_size: 32M         num_reg: 8          lose cover RAM: 256G
[    0.001496] kernel:  gran_size: 128K         chunk_size: 64M         num_reg: 8          lose cover RAM: 256G
[    0.001497] kernel:  gran_size: 128K         chunk_size: 128M         num_reg: 8          lose cover RAM: 256G
[    0.001498] kernel:  gran_size: 128K         chunk_size: 256M         num_reg: 8          lose cover RAM: 256G
[    0.001499] kernel:  gran_size: 128K         chunk_size: 512M         num_reg: 8          lose cover RAM: 256G
[    0.001500] kernel:  gran_size: 128K         chunk_size: 1G         num_reg: 8          lose cover RAM: 256G
[    0.001501] kernel:  gran_size: 128K         chunk_size: 2G         num_reg: 8          lose cover RAM: 256G
[    0.001503] kernel:  gran_size: 256K         chunk_size: 256K         num_reg: 8          lose cover RAM: 256G
[    0.001504] kernel:  gran_size: 256K         chunk_size: 512K         num_reg: 8          lose cover RAM: 256G
[    0.001505] kernel:  gran_size: 256K         chunk_size: 1M         num_reg: 8          lose cover RAM: 256G
[    0.001506] kernel:  gran_size: 256K         chunk_size: 2M         num_reg: 8          lose cover RAM: 256G
[    0.001507] kernel:  gran_size: 256K         chunk_size: 4M         num_reg: 8          lose cover RAM: 256G
[    0.001523] kernel:  gran_size: 256K         chunk_size: 8M         num_reg: 8          lose cover RAM: 256G
[    0.001524] kernel:  gran_size: 256K         chunk_size: 16M         num_reg: 8          lose cover RAM: 256G
[    0.001526] kernel:  gran_size: 256K         chunk_size: 32M         num_reg: 8          lose cover RAM: 256G
[    0.001527] kernel:  gran_size: 256K         chunk_size: 64M         num_reg: 8          lose cover RAM: 256G
[    0.001529] kernel:  gran_size: 256K         chunk_size: 128M         num_reg: 8          lose cover RAM: 256G
[    0.001530] kernel:  gran_size: 256K         chunk_size: 256M         num_reg: 8          lose cover RAM: 256G
[    0.001531] kernel:  gran_size: 256K         chunk_size: 512M         num_reg: 8          lose cover RAM: 256G
[    0.001532] kernel:  gran_size: 256K         chunk_size: 1G         num_reg: 8          lose cover RAM: 256G
[    0.001534] kernel:  gran_size: 256K         chunk_size: 2G         num_reg: 8          lose cover RAM: 256G
[    0.001535] kernel:  gran_size: 512K         chunk_size: 512K         num_reg: 8          lose cover RAM: 256G
[    0.001536] kernel:  gran_size: 512K         chunk_size: 1M         num_reg: 8          lose cover RAM: 256G
[    0.001537] kernel:  gran_size: 512K         chunk_size: 2M         num_reg: 8          lose cover RAM: 256G
[    0.001538] kernel:  gran_size: 512K         chunk_size: 4M         num_reg: 8          lose cover RAM: 256G
[    0.001540] kernel:  gran_size: 512K         chunk_size: 8M         num_reg: 8          lose cover RAM: 256G
[    0.001541] kernel:  gran_size: 512K         chunk_size: 16M         num_reg: 8          lose cover RAM: 256G
[    0.001542] kernel:  gran_size: 512K         chunk_size: 32M         num_reg: 8          lose cover RAM: 256G
[    0.001543] kernel:  gran_size: 512K         chunk_size: 64M         num_reg: 8          lose cover RAM: 256G
[    0.001544] kernel:  gran_size: 512K         chunk_size: 128M         num_reg: 8          lose cover RAM: 256G
[    0.001545] kernel:  gran_size: 512K         chunk_size: 256M         num_reg: 8          lose cover RAM: 256G
[    0.001547] kernel:  gran_size: 512K         chunk_size: 512M         num_reg: 8          lose cover RAM: 256G
[    0.001548] kernel:  gran_size: 512K         chunk_size: 1G         num_reg: 8          lose cover RAM: 256G
[    0.001549] kernel:  gran_size: 512K         chunk_size: 2G         num_reg: 8          lose cover RAM: 256G
[    0.001550] kernel:  gran_size: 1M         chunk_size: 1M         num_reg: 8          lose cover RAM: 256G
[    0.001551] kernel:  gran_size: 1M         chunk_size: 2M         num_reg: 8          lose cover RAM: 256G
[    0.001553] kernel:  gran_size: 1M         chunk_size: 4M         num_reg: 8          lose cover RAM: 256G
[    0.001563] kernel:  gran_size: 1M         chunk_size: 8M         num_reg: 8          lose cover RAM: 256G
[    0.001565] kernel:  gran_size: 1M         chunk_size: 16M         num_reg: 8          lose cover RAM: 256G
[    0.001566] kernel:  gran_size: 1M         chunk_size: 32M         num_reg: 8          lose cover RAM: 256G
[    0.001567] kernel:  gran_size: 1M         chunk_size: 64M         num_reg: 8          lose cover RAM: 256G
[    0.001568] kernel:  gran_size: 1M         chunk_size: 128M         num_reg: 8          lose cover RAM: 256G
[    0.001569] kernel:  gran_size: 1M         chunk_size: 256M         num_reg: 8          lose cover RAM: 256G
[    0.001570] kernel:  gran_size: 1M         chunk_size: 512M         num_reg: 8          lose cover RAM: 256G
[    0.001571] kernel:  gran_size: 1M         chunk_size: 1G         num_reg: 8          lose cover RAM: 256G
[    0.001573] kernel:  gran_size: 1M         chunk_size: 2G         num_reg: 8          lose cover RAM: 256G
[    0.001574] kernel:  gran_size: 2M         chunk_size: 2M         num_reg: 8          lose cover RAM: 256G
[    0.001575] kernel:  gran_size: 2M         chunk_size: 4M         num_reg: 8          lose cover RAM: 256G
[    0.001576] kernel:  gran_size: 2M         chunk_size: 8M         num_reg: 8          lose cover RAM: 256G
[    0.001577] kernel:  gran_size: 2M         chunk_size: 16M         num_reg: 8          lose cover RAM: 256G
[    0.001578] kernel:  gran_size: 2M         chunk_size: 32M         num_reg: 8          lose cover RAM: 256G
[    0.001579] kernel:  gran_size: 2M         chunk_size: 64M         num_reg: 8          lose cover RAM: 256G
[    0.001580] kernel:  gran_size: 2M         chunk_size: 128M         num_reg: 8          lose cover RAM: 256G
[    0.001582] kernel:  gran_size: 2M         chunk_size: 256M         num_reg: 8          lose cover RAM: 256G
[    0.001583] kernel:  gran_size: 2M         chunk_size: 512M         num_reg: 8          lose cover RAM: 256G
[    0.001584] kernel:  gran_size: 2M         chunk_size: 1G         num_reg: 8          lose cover RAM: 256G
[    0.001585] kernel:  gran_size: 2M         chunk_size: 2G         num_reg: 8          lose cover RAM: 256G
[    0.001586] kernel:  gran_size: 4M         chunk_size: 4M         num_reg: 8          lose cover RAM: 256G
[    0.001587] kernel:  gran_size: 4M         chunk_size: 8M         num_reg: 8          lose cover RAM: 256G
[    0.001588] kernel:  gran_size: 4M         chunk_size: 16M         num_reg: 8          lose cover RAM: 256G
[    0.001589] kernel:  gran_size: 4M         chunk_size: 32M         num_reg: 8          lose cover RAM: 256G
[    0.001591] kernel:  gran_size: 4M         chunk_size: 64M         num_reg: 8          lose cover RAM: 256G
[    0.001592] kernel:  gran_size: 4M         chunk_size: 128M         num_reg: 8          lose cover RAM: 256G
[    0.001593] kernel:  gran_size: 4M         chunk_size: 256M         num_reg: 8          lose cover RAM: 256G
[    0.001594] kernel:  gran_size: 4M         chunk_size: 512M         num_reg: 8          lose cover RAM: 256G
[    0.001595] kernel:  gran_size: 4M         chunk_size: 1G         num_reg: 8          lose cover RAM: 256G
[    0.001596] kernel:  gran_size: 4M         chunk_size: 2G         num_reg: 8          lose cover RAM: 256G
[    0.001597] kernel:  gran_size: 8M         chunk_size: 8M         num_reg: 8          lose cover RAM: 256G
[    0.001598] kernel:  gran_size: 8M         chunk_size: 16M         num_reg: 8          lose cover RAM: 256G
[    0.001600] kernel:  gran_size: 8M         chunk_size: 32M         num_reg: 8          lose cover RAM: 256G
[    0.001601] kernel:  gran_size: 8M         chunk_size: 64M         num_reg: 8          lose cover RAM: 256G
[    0.001602] kernel:  gran_size: 8M         chunk_size: 128M         num_reg: 8          lose cover RAM: 256G
[    0.001603] kernel:  gran_size: 8M         chunk_size: 256M         num_reg: 8          lose cover RAM: 256G
[    0.001604] kernel:  gran_size: 8M         chunk_size: 512M         num_reg: 8          lose cover RAM: 256G
[    0.001605] kernel:  gran_size: 8M         chunk_size: 1G         num_reg: 8          lose cover RAM: 256G
[    0.001606] kernel:  gran_size: 8M         chunk_size: 2G         num_reg: 8          lose cover RAM: 256G
[    0.001607] kernel:  gran_size: 16M         chunk_size: 16M         num_reg: 8          lose cover RAM: 256G
[    0.001609] kernel:  gran_size: 16M         chunk_size: 32M         num_reg: 8          lose cover RAM: 256G
[    0.001610] kernel:  gran_size: 16M         chunk_size: 64M         num_reg: 8          lose cover RAM: 256G
[    0.001611] kernel:  gran_size: 16M         chunk_size: 128M         num_reg: 8          lose cover RAM: 256G
[    0.001612] kernel:  gran_size: 16M         chunk_size: 256M         num_reg: 8          lose cover RAM: 256G
[    0.001613] kernel:  gran_size: 16M         chunk_size: 512M         num_reg: 8          lose cover RAM: 256G
[    0.001614] kernel:  gran_size: 16M         chunk_size: 1G         num_reg: 8          lose cover RAM: 256G
[    0.001615] kernel:  gran_size: 16M         chunk_size: 2G         num_reg: 8          lose cover RAM: 256G
[    0.001616] kernel:  gran_size: 32M         chunk_size: 32M         num_reg: 8          lose cover RAM: 256G
[    0.001618] kernel:  gran_size: 32M         chunk_size: 64M         num_reg: 8          lose cover RAM: 256G
[    0.001619] kernel:  gran_size: 32M         chunk_size: 128M         num_reg: 8          lose cover RAM: 256G
[    0.001620] kernel:  gran_size: 32M         chunk_size: 256M         num_reg: 8          lose cover RAM: 256G
[    0.001621] kernel:  gran_size: 32M         chunk_size: 512M         num_reg: 8          lose cover RAM: 256G
[    0.001622] kernel:  gran_size: 32M         chunk_size: 1G         num_reg: 8          lose cover RAM: 256G
[    0.001623] kernel:  gran_size: 32M         chunk_size: 2G         num_reg: 8          lose cover RAM: 256G
[    0.001624] kernel:  gran_size: 64M         chunk_size: 64M         num_reg: 8          lose cover RAM: 256G
[    0.001626] kernel:  gran_size: 64M         chunk_size: 128M         num_reg: 8          lose cover RAM: 256G
[    0.001627] kernel:  gran_size: 64M         chunk_size: 256M         num_reg: 8          lose cover RAM: 256G
[    0.001628] kernel:  gran_size: 64M         chunk_size: 512M         num_reg: 8          lose cover RAM: 256G
[    0.001629] kernel:  gran_size: 64M         chunk_size: 1G         num_reg: 8          lose cover RAM: 256G
[    0.001630] kernel:  gran_size: 64M         chunk_size: 2G         num_reg: 8          lose cover RAM: 256G
[    0.001631] kernel:  gran_size: 128M         chunk_size: 128M         num_reg: 8          lose cover RAM: 256G
[    0.001632] kernel:  gran_size: 128M         chunk_size: 256M         num_reg: 8          lose cover RAM: 256G
[    0.001633] kernel:  gran_size: 128M         chunk_size: 512M         num_reg: 8          lose cover RAM: 256G
[    0.001634] kernel:  gran_size: 128M         chunk_size: 1G         num_reg: 8          lose cover RAM: 256G
[    0.001636] kernel:  gran_size: 128M         chunk_size: 2G         num_reg: 8          lose cover RAM: 256G
[    0.001637] kernel:  gran_size: 256M         chunk_size: 256M         num_reg: 8          lose cover RAM: 256G
[    0.001638] kernel:  gran_size: 256M         chunk_size: 512M         num_reg: 8          lose cover RAM: 256G
[    0.001639] kernel:  gran_size: 256M         chunk_size: 1G         num_reg: 8          lose cover RAM: 256G
[    0.001640] kernel:  gran_size: 256M         chunk_size: 2G         num_reg: 8          lose cover RAM: 256G
[    0.001641] kernel:  gran_size: 512M         chunk_size: 512M         num_reg: 8          lose cover RAM: 256G
[    0.001642] kernel:  gran_size: 512M         chunk_size: 1G         num_reg: 8          lose cover RAM: 256G
[    0.001643] kernel:  gran_size: 512M         chunk_size: 2G         num_reg: 8          lose cover RAM: 256G
[    0.001644] kernel:  gran_size: 1G         chunk_size: 1G         num_reg: 8          lose cover RAM: 256G
[    0.001645] kernel:  gran_size: 1G         chunk_size: 2G         num_reg: 8          lose cover RAM: 256G
[    0.001647] kernel:  gran_size: 2G         chunk_size: 2G         num_reg: 8          lose cover RAM: 1G
[    0.001648] kernel: mtrr_cleanup: can not find optimal value
[    0.001648] kernel: please specify mtrr_gran_size/mtrr_chunk_size
[    0.001654] kernel: e820: update [mem 0xc0000000-0xffffffff] usable ==> reserved
[    0.001663] kernel: last_pfn = 0xc0000 max_arch_pfn = 0x400000000
[    0.009228] kernel: found SMP MP-table at [mem 0x000f6a70-0x000f6a7f]
[    0.009262] kernel: Using GB pages for direct mapping
[    0.009372] kernel: RAMDISK: [mem 0x2f4a1000-0x33a47fff]
[    0.009377] kernel: ACPI: Early table checksum verification disabled
[    0.009381] kernel: ACPI: RSDP 0x00000000000F6A00 000024 (v02 PTLTD )
[    0.009385] kernel: ACPI: XSDT 0x00000000BFEDB633 00005C (v01 INTEL  440BX    06040000 VMW  01324272)
[    0.009390] kernel: ACPI: FACP 0x00000000BFEFEE73 0000F4 (v04 INTEL  440BX    06040000 PTL  000F4240)
[    0.009403] kernel: ACPI: DSDT 0x00000000BFEDD001 021E72 (v01 PTLTD  Custom   06040000 MSFT 03000001)
[    0.009407] kernel: ACPI: FACS 0x00000000BFEFFFC0 000040
[    0.009410] kernel: ACPI: FACS 0x00000000BFEFFFC0 000040
[    0.009413] kernel: ACPI: BOOT 0x00000000BFEDCFB4 000028 (v01 PTLTD  $SBFTBL$ 06040000  LTP 00000001)
[    0.009415] kernel: ACPI: APIC 0x00000000BFEDC872 000742 (v01 PTLTD  ? APIC   06040000  LTP 00000000)
[    0.009418] kernel: ACPI: MCFG 0x00000000BFEDC836 00003C (v01 PTLTD  $PCITBL$ 06040000  LTP 00000001)
[    0.009421] kernel: ACPI: SRAT 0x00000000BFEDB72F 0008D0 (v02 VMWARE MEMPLUG  06040000 VMW  00000001)
[    0.009424] kernel: ACPI: HPET 0x00000000BFEDB6F7 000038 (v01 VMWARE VMW HPET 06040000 VMW  00000001)
[    0.009427] kernel: ACPI: WAET 0x00000000BFEDB6CF 000028 (v01 VMWARE VMW WAET 06040000 VMW  00000001)
[    0.009429] kernel: ACPI: Reserving FACP table memory at [mem 0xbfefee73-0xbfefef66]
[    0.009430] kernel: ACPI: Reserving DSDT table memory at [mem 0xbfedd001-0xbfefee72]
[    0.009430] kernel: ACPI: Reserving FACS table memory at [mem 0xbfefffc0-0xbfefffff]
[    0.009431] kernel: ACPI: Reserving FACS table memory at [mem 0xbfefffc0-0xbfefffff]
[    0.009431] kernel: ACPI: Reserving BOOT table memory at [mem 0xbfedcfb4-0xbfedcfdb]
[    0.009432] kernel: ACPI: Reserving APIC table memory at [mem 0xbfedc872-0xbfedcfb3]
[    0.009433] kernel: ACPI: Reserving MCFG table memory at [mem 0xbfedc836-0xbfedc871]
[    0.009433] kernel: ACPI: Reserving SRAT table memory at [mem 0xbfedb72f-0xbfedbffe]
[    0.009434] kernel: ACPI: Reserving HPET table memory at [mem 0xbfedb6f7-0xbfedb72e]
[    0.009434] kernel: ACPI: Reserving WAET table memory at [mem 0xbfedb6cf-0xbfedb6f6]
[    0.009475] kernel: system APIC only can use physical flat
[    0.009476] kernel: Setting APIC routing to physical flat.
[    0.009553] kernel: SRAT: PXM 0 -> APIC 0x00 -> Node 0
[    0.009554] kernel: SRAT: PXM 0 -> APIC 0x01 -> Node 0
[    0.009555] kernel: SRAT: PXM 0 -> APIC 0x02 -> Node 0
[    0.009555] kernel: SRAT: PXM 0 -> APIC 0x03 -> Node 0
[    0.009556] kernel: SRAT: PXM 0 -> APIC 0x04 -> Node 0
[    0.009556] kernel: SRAT: PXM 0 -> APIC 0x05 -> Node 0
[    0.009557] kernel: SRAT: PXM 0 -> APIC 0x06 -> Node 0
[    0.009557] kernel: SRAT: PXM 0 -> APIC 0x07 -> Node 0
[    0.009557] kernel: SRAT: PXM 0 -> APIC 0x08 -> Node 0
[    0.009558] kernel: SRAT: PXM 0 -> APIC 0x09 -> Node 0
[    0.009558] kernel: SRAT: PXM 0 -> APIC 0x0a -> Node 0
[    0.009559] kernel: SRAT: PXM 0 -> APIC 0x0b -> Node 0
[    0.009559] kernel: SRAT: PXM 0 -> APIC 0x0c -> Node 0
[    0.009560] kernel: SRAT: PXM 0 -> APIC 0x0d -> Node 0
[    0.009560] kernel: SRAT: PXM 0 -> APIC 0x0e -> Node 0
[    0.009560] kernel: SRAT: PXM 0 -> APIC 0x0f -> Node 0
[    0.009561] kernel: SRAT: PXM 0 -> APIC 0x10 -> Node 0
[    0.009561] kernel: SRAT: PXM 0 -> APIC 0x11 -> Node 0
[    0.009562] kernel: SRAT: PXM 0 -> APIC 0x12 -> Node 0
[    0.009562] kernel: SRAT: PXM 0 -> APIC 0x13 -> Node 0
[    0.009563] kernel: SRAT: PXM 0 -> APIC 0x14 -> Node 0
[    0.009563] kernel: SRAT: PXM 0 -> APIC 0x15 -> Node 0
[    0.009563] kernel: SRAT: PXM 0 -> APIC 0x16 -> Node 0
[    0.009564] kernel: SRAT: PXM 0 -> APIC 0x17 -> Node 0
[    0.009564] kernel: SRAT: PXM 0 -> APIC 0x18 -> Node 0
[    0.009565] kernel: SRAT: PXM 0 -> APIC 0x19 -> Node 0
[    0.009565] kernel: SRAT: PXM 0 -> APIC 0x1a -> Node 0
[    0.009565] kernel: SRAT: PXM 0 -> APIC 0x1b -> Node 0
[    0.009566] kernel: SRAT: PXM 0 -> APIC 0x1c -> Node 0
[    0.009566] kernel: SRAT: PXM 0 -> APIC 0x1d -> Node 0
[    0.009567] kernel: SRAT: PXM 0 -> APIC 0x1e -> Node 0
[    0.009567] kernel: SRAT: PXM 0 -> APIC 0x1f -> Node 0
[    0.009568] kernel: SRAT: PXM 0 -> APIC 0x20 -> Node 0
[    0.009568] kernel: SRAT: PXM 0 -> APIC 0x21 -> Node 0
[    0.009568] kernel: SRAT: PXM 0 -> APIC 0x22 -> Node 0
[    0.009569] kernel: SRAT: PXM 0 -> APIC 0x23 -> Node 0
[    0.009569] kernel: SRAT: PXM 0 -> APIC 0x24 -> Node 0
[    0.009570] kernel: SRAT: PXM 0 -> APIC 0x25 -> Node 0
[    0.009570] kernel: SRAT: PXM 0 -> APIC 0x26 -> Node 0
[    0.009571] kernel: SRAT: PXM 0 -> APIC 0x27 -> Node 0
[    0.009571] kernel: SRAT: PXM 0 -> APIC 0x28 -> Node 0
[    0.009571] kernel: SRAT: PXM 0 -> APIC 0x29 -> Node 0
[    0.009572] kernel: SRAT: PXM 0 -> APIC 0x2a -> Node 0
[    0.009572] kernel: SRAT: PXM 0 -> APIC 0x2b -> Node 0
[    0.009573] kernel: SRAT: PXM 0 -> APIC 0x2c -> Node 0
[    0.009573] kernel: SRAT: PXM 0 -> APIC 0x2d -> Node 0
[    0.009573] kernel: SRAT: PXM 0 -> APIC 0x2e -> Node 0
[    0.009574] kernel: SRAT: PXM 0 -> APIC 0x2f -> Node 0
[    0.009574] kernel: SRAT: PXM 0 -> APIC 0x30 -> Node 0
[    0.009575] kernel: SRAT: PXM 0 -> APIC 0x31 -> Node 0
[    0.009575] kernel: SRAT: PXM 0 -> APIC 0x32 -> Node 0
[    0.009576] kernel: SRAT: PXM 0 -> APIC 0x33 -> Node 0
[    0.009576] kernel: SRAT: PXM 0 -> APIC 0x34 -> Node 0
[    0.009576] kernel: SRAT: PXM 0 -> APIC 0x35 -> Node 0
[    0.009577] kernel: SRAT: PXM 0 -> APIC 0x36 -> Node 0
[    0.009577] kernel: SRAT: PXM 0 -> APIC 0x37 -> Node 0
[    0.009578] kernel: SRAT: PXM 0 -> APIC 0x38 -> Node 0
[    0.009578] kernel: SRAT: PXM 0 -> APIC 0x39 -> Node 0
[    0.009579] kernel: SRAT: PXM 0 -> APIC 0x3a -> Node 0
[    0.009579] kernel: SRAT: PXM 0 -> APIC 0x3b -> Node 0
[    0.009579] kernel: SRAT: PXM 0 -> APIC 0x3c -> Node 0
[    0.009580] kernel: SRAT: PXM 0 -> APIC 0x3d -> Node 0
[    0.009580] kernel: SRAT: PXM 0 -> APIC 0x3e -> Node 0
[    0.009581] kernel: SRAT: PXM 0 -> APIC 0x3f -> Node 0
[    0.009581] kernel: SRAT: PXM 0 -> APIC 0x40 -> Node 0
[    0.009582] kernel: SRAT: PXM 0 -> APIC 0x41 -> Node 0
[    0.009582] kernel: SRAT: PXM 0 -> APIC 0x42 -> Node 0
[    0.009582] kernel: SRAT: PXM 0 -> APIC 0x43 -> Node 0
[    0.009583] kernel: SRAT: PXM 0 -> APIC 0x44 -> Node 0
[    0.009583] kernel: SRAT: PXM 0 -> APIC 0x45 -> Node 0
[    0.009584] kernel: SRAT: PXM 0 -> APIC 0x46 -> Node 0
[    0.009584] kernel: SRAT: PXM 0 -> APIC 0x47 -> Node 0
[    0.009584] kernel: SRAT: PXM 0 -> APIC 0x48 -> Node 0
[    0.009585] kernel: SRAT: PXM 0 -> APIC 0x49 -> Node 0
[    0.009585] kernel: SRAT: PXM 0 -> APIC 0x4a -> Node 0
[    0.009586] kernel: SRAT: PXM 0 -> APIC 0x4b -> Node 0
[    0.009586] kernel: SRAT: PXM 0 -> APIC 0x4c -> Node 0
[    0.009587] kernel: SRAT: PXM 0 -> APIC 0x4d -> Node 0
[    0.009587] kernel: SRAT: PXM 0 -> APIC 0x4e -> Node 0
[    0.009587] kernel: SRAT: PXM 0 -> APIC 0x4f -> Node 0
[    0.009588] kernel: SRAT: PXM 0 -> APIC 0x50 -> Node 0
[    0.009588] kernel: SRAT: PXM 0 -> APIC 0x51 -> Node 0
[    0.009589] kernel: SRAT: PXM 0 -> APIC 0x52 -> Node 0
[    0.009589] kernel: SRAT: PXM 0 -> APIC 0x53 -> Node 0
[    0.009589] kernel: SRAT: PXM 0 -> APIC 0x54 -> Node 0
[    0.009590] kernel: SRAT: PXM 0 -> APIC 0x55 -> Node 0
[    0.009590] kernel: SRAT: PXM 0 -> APIC 0x56 -> Node 0
[    0.009591] kernel: SRAT: PXM 0 -> APIC 0x57 -> Node 0
[    0.009591] kernel: SRAT: PXM 0 -> APIC 0x58 -> Node 0
[    0.009592] kernel: SRAT: PXM 0 -> APIC 0x59 -> Node 0
[    0.009592] kernel: SRAT: PXM 0 -> APIC 0x5a -> Node 0
[    0.009592] kernel: SRAT: PXM 0 -> APIC 0x5b -> Node 0
[    0.009593] kernel: SRAT: PXM 0 -> APIC 0x5c -> Node 0
[    0.009593] kernel: SRAT: PXM 0 -> APIC 0x5d -> Node 0
[    0.009594] kernel: SRAT: PXM 0 -> APIC 0x5e -> Node 0
[    0.009594] kernel: SRAT: PXM 0 -> APIC 0x5f -> Node 0
[    0.009594] kernel: SRAT: PXM 0 -> APIC 0x60 -> Node 0
[    0.009595] kernel: SRAT: PXM 0 -> APIC 0x61 -> Node 0
[    0.009595] kernel: SRAT: PXM 0 -> APIC 0x62 -> Node 0
[    0.009596] kernel: SRAT: PXM 0 -> APIC 0x63 -> Node 0
[    0.009596] kernel: SRAT: PXM 0 -> APIC 0x64 -> Node 0
[    0.009597] kernel: SRAT: PXM 0 -> APIC 0x65 -> Node 0
[    0.009597] kernel: SRAT: PXM 0 -> APIC 0x66 -> Node 0
[    0.009597] kernel: SRAT: PXM 0 -> APIC 0x67 -> Node 0
[    0.009598] kernel: SRAT: PXM 0 -> APIC 0x68 -> Node 0
[    0.009598] kernel: SRAT: PXM 0 -> APIC 0x69 -> Node 0
[    0.009599] kernel: SRAT: PXM 0 -> APIC 0x6a -> Node 0
[    0.009599] kernel: SRAT: PXM 0 -> APIC 0x6b -> Node 0
[    0.009600] kernel: SRAT: PXM 0 -> APIC 0x6c -> Node 0
[    0.009600] kernel: SRAT: PXM 0 -> APIC 0x6d -> Node 0
[    0.009600] kernel: SRAT: PXM 0 -> APIC 0x6e -> Node 0
[    0.009601] kernel: SRAT: PXM 0 -> APIC 0x6f -> Node 0
[    0.009601] kernel: SRAT: PXM 0 -> APIC 0x70 -> Node 0
[    0.009602] kernel: SRAT: PXM 0 -> APIC 0x71 -> Node 0
[    0.009602] kernel: SRAT: PXM 0 -> APIC 0x72 -> Node 0
[    0.009602] kernel: SRAT: PXM 0 -> APIC 0x73 -> Node 0
[    0.009603] kernel: SRAT: PXM 0 -> APIC 0x74 -> Node 0
[    0.009603] kernel: SRAT: PXM 0 -> APIC 0x75 -> Node 0
[    0.009604] kernel: SRAT: PXM 0 -> APIC 0x76 -> Node 0
[    0.009604] kernel: SRAT: PXM 0 -> APIC 0x77 -> Node 0
[    0.009605] kernel: SRAT: PXM 0 -> APIC 0x78 -> Node 0
[    0.009605] kernel: SRAT: PXM 0 -> APIC 0x79 -> Node 0
[    0.009605] kernel: SRAT: PXM 0 -> APIC 0x7a -> Node 0
[    0.009606] kernel: SRAT: PXM 0 -> APIC 0x7b -> Node 0
[    0.009606] kernel: SRAT: PXM 0 -> APIC 0x7c -> Node 0
[    0.009607] kernel: SRAT: PXM 0 -> APIC 0x7d -> Node 0
[    0.009607] kernel: SRAT: PXM 0 -> APIC 0x7e -> Node 0
[    0.009607] kernel: SRAT: PXM 0 -> APIC 0x7f -> Node 0
[    0.009610] kernel: ACPI: SRAT: Node 0 PXM 0 [mem 0x00000000-0x0009ffff]
[    0.009612] kernel: ACPI: SRAT: Node 0 PXM 0 [mem 0x00100000-0xbfffffff]
[    0.009612] kernel: ACPI: SRAT: Node 0 PXM 0 [mem 0x100000000-0x43fffffff]
[    0.009613] kernel: ACPI: SRAT: Node 0 PXM 0 [mem 0x440000000-0x403fffffff] hotplug
[    0.009616] kernel: NUMA: Node 0 [mem 0x00000000-0x0009ffff] + [mem 0x00100000-0xbfffffff] -> [mem 0x00000000-0xbfffffff]
[    0.009618] kernel: NUMA: Node 0 [mem 0x00000000-0xbfffffff] + [mem 0x100000000-0x43fffffff] -> [mem 0x00000000-0x43fffffff]
[    0.009624] kernel: NODE_DATA(0) allocated [mem 0x43ffd5000-0x43fffffff]
[    0.009903] kernel: Zone ranges:
[    0.009904] kernel:   DMA      [mem 0x0000000000001000-0x0000000000ffffff]
[    0.009906] kernel:   DMA32    [mem 0x0000000001000000-0x00000000ffffffff]
[    0.009907] kernel:   Normal   [mem 0x0000000100000000-0x000000043fffffff]
[    0.009908] kernel:   Device   empty
[    0.009908] kernel: Movable zone start for each node
[    0.009910] kernel: Early memory node ranges
[    0.009910] kernel:   node   0: [mem 0x0000000000001000-0x000000000009dfff]
[    0.009911] kernel:   node   0: [mem 0x0000000000100000-0x00000000bfecffff]
[    0.009912] kernel:   node   0: [mem 0x00000000bff00000-0x00000000bfffffff]
[    0.009912] kernel:   node   0: [mem 0x0000000100000000-0x000000043fffffff]
[    0.009914] kernel: Initmem setup node 0 [mem 0x0000000000001000-0x000000043fffffff]
[    0.009920] kernel: On node 0, zone DMA: 1 pages in unavailable ranges
[    0.009970] kernel: On node 0, zone DMA: 98 pages in unavailable ranges
[    0.020742] kernel: On node 0, zone DMA32: 48 pages in unavailable ranges
[    0.073186] kernel: ACPI: PM-Timer IO Port: 0x1008
[    0.073194] kernel: system APIC only can use physical flat
[    0.073205] kernel: ACPI: LAPIC_NMI (acpi_id[0x00] high edge lint[0x1])
[    0.073207] kernel: ACPI: LAPIC_NMI (acpi_id[0x01] high edge lint[0x1])
[    0.073207] kernel: ACPI: LAPIC_NMI (acpi_id[0x02] high edge lint[0x1])
[    0.073208] kernel: ACPI: LAPIC_NMI (acpi_id[0x03] high edge lint[0x1])
[    0.073208] kernel: ACPI: LAPIC_NMI (acpi_id[0x04] high edge lint[0x1])
[    0.073209] kernel: ACPI: LAPIC_NMI (acpi_id[0x05] high edge lint[0x1])
[    0.073209] kernel: ACPI: LAPIC_NMI (acpi_id[0x06] high edge lint[0x1])
[    0.073210] kernel: ACPI: LAPIC_NMI (acpi_id[0x07] high edge lint[0x1])
[    0.073210] kernel: ACPI: LAPIC_NMI (acpi_id[0x08] high edge lint[0x1])
[    0.073211] kernel: ACPI: LAPIC_NMI (acpi_id[0x09] high edge lint[0x1])
[    0.073211] kernel: ACPI: LAPIC_NMI (acpi_id[0x0a] high edge lint[0x1])
[    0.073211] kernel: ACPI: LAPIC_NMI (acpi_id[0x0b] high edge lint[0x1])
[    0.073212] kernel: ACPI: LAPIC_NMI (acpi_id[0x0c] high edge lint[0x1])
[    0.073212] kernel: ACPI: LAPIC_NMI (acpi_id[0x0d] high edge lint[0x1])
[    0.073213] kernel: ACPI: LAPIC_NMI (acpi_id[0x0e] high edge lint[0x1])
[    0.073213] kernel: ACPI: LAPIC_NMI (acpi_id[0x0f] high edge lint[0x1])
[    0.073214] kernel: ACPI: LAPIC_NMI (acpi_id[0x10] high edge lint[0x1])
[    0.073214] kernel: ACPI: LAPIC_NMI (acpi_id[0x11] high edge lint[0x1])
[    0.073215] kernel: ACPI: LAPIC_NMI (acpi_id[0x12] high edge lint[0x1])
[    0.073215] kernel: ACPI: LAPIC_NMI (acpi_id[0x13] high edge lint[0x1])
[    0.073216] kernel: ACPI: LAPIC_NMI (acpi_id[0x14] high edge lint[0x1])
[    0.073216] kernel: ACPI: LAPIC_NMI (acpi_id[0x15] high edge lint[0x1])
[    0.073217] kernel: ACPI: LAPIC_NMI (acpi_id[0x16] high edge lint[0x1])
[    0.073217] kernel: ACPI: LAPIC_NMI (acpi_id[0x17] high edge lint[0x1])
[    0.073217] kernel: ACPI: LAPIC_NMI (acpi_id[0x18] high edge lint[0x1])
[    0.073218] kernel: ACPI: LAPIC_NMI (acpi_id[0x19] high edge lint[0x1])
[    0.073218] kernel: ACPI: LAPIC_NMI (acpi_id[0x1a] high edge lint[0x1])
[    0.073219] kernel: ACPI: LAPIC_NMI (acpi_id[0x1b] high edge lint[0x1])
[    0.073219] kernel: ACPI: LAPIC_NMI (acpi_id[0x1c] high edge lint[0x1])
[    0.073220] kernel: ACPI: LAPIC_NMI (acpi_id[0x1d] high edge lint[0x1])
[    0.073220] kernel: ACPI: LAPIC_NMI (acpi_id[0x1e] high edge lint[0x1])
[    0.073221] kernel: ACPI: LAPIC_NMI (acpi_id[0x1f] high edge lint[0x1])
[    0.073221] kernel: ACPI: LAPIC_NMI (acpi_id[0x20] high edge lint[0x1])
[    0.073222] kernel: ACPI: LAPIC_NMI (acpi_id[0x21] high edge lint[0x1])
[    0.073222] kernel: ACPI: LAPIC_NMI (acpi_id[0x22] high edge lint[0x1])
[    0.073222] kernel: ACPI: LAPIC_NMI (acpi_id[0x23] high edge lint[0x1])
[    0.073223] kernel: ACPI: LAPIC_NMI (acpi_id[0x24] high edge lint[0x1])
[    0.073223] kernel: ACPI: LAPIC_NMI (acpi_id[0x25] high edge lint[0x1])
[    0.073224] kernel: ACPI: LAPIC_NMI (acpi_id[0x26] high edge lint[0x1])
[    0.073224] kernel: ACPI: LAPIC_NMI (acpi_id[0x27] high edge lint[0x1])
[    0.073225] kernel: ACPI: LAPIC_NMI (acpi_id[0x28] high edge lint[0x1])
[    0.073225] kernel: ACPI: LAPIC_NMI (acpi_id[0x29] high edge lint[0x1])
[    0.073226] kernel: ACPI: LAPIC_NMI (acpi_id[0x2a] high edge lint[0x1])
[    0.073226] kernel: ACPI: LAPIC_NMI (acpi_id[0x2b] high edge lint[0x1])
[    0.073226] kernel: ACPI: LAPIC_NMI (acpi_id[0x2c] high edge lint[0x1])
[    0.073227] kernel: ACPI: LAPIC_NMI (acpi_id[0x2d] high edge lint[0x1])
[    0.073227] kernel: ACPI: LAPIC_NMI (acpi_id[0x2e] high edge lint[0x1])
[    0.073228] kernel: ACPI: LAPIC_NMI (acpi_id[0x2f] high edge lint[0x1])
[    0.073228] kernel: ACPI: LAPIC_NMI (acpi_id[0x30] high edge lint[0x1])
[    0.073229] kernel: ACPI: LAPIC_NMI (acpi_id[0x31] high edge lint[0x1])
[    0.073229] kernel: ACPI: LAPIC_NMI (acpi_id[0x32] high edge lint[0x1])
[    0.073230] kernel: ACPI: LAPIC_NMI (acpi_id[0x33] high edge lint[0x1])
[    0.073230] kernel: ACPI: LAPIC_NMI (acpi_id[0x34] high edge lint[0x1])
[    0.073230] kernel: ACPI: LAPIC_NMI (acpi_id[0x35] high edge lint[0x1])
[    0.073231] kernel: ACPI: LAPIC_NMI (acpi_id[0x36] high edge lint[0x1])
[    0.073231] kernel: ACPI: LAPIC_NMI (acpi_id[0x37] high edge lint[0x1])
[    0.073232] kernel: ACPI: LAPIC_NMI (acpi_id[0x38] high edge lint[0x1])
[    0.073232] kernel: ACPI: LAPIC_NMI (acpi_id[0x39] high edge lint[0x1])
[    0.073233] kernel: ACPI: LAPIC_NMI (acpi_id[0x3a] high edge lint[0x1])
[    0.073233] kernel: ACPI: LAPIC_NMI (acpi_id[0x3b] high edge lint[0x1])
[    0.073234] kernel: ACPI: LAPIC_NMI (acpi_id[0x3c] high edge lint[0x1])
[    0.073234] kernel: ACPI: LAPIC_NMI (acpi_id[0x3d] high edge lint[0x1])
[    0.073235] kernel: ACPI: LAPIC_NMI (acpi_id[0x3e] high edge lint[0x1])
[    0.073235] kernel: ACPI: LAPIC_NMI (acpi_id[0x3f] high edge lint[0x1])
[    0.073235] kernel: ACPI: LAPIC_NMI (acpi_id[0x40] high edge lint[0x1])
[    0.073236] kernel: ACPI: LAPIC_NMI (acpi_id[0x41] high edge lint[0x1])
[    0.073236] kernel: ACPI: LAPIC_NMI (acpi_id[0x42] high edge lint[0x1])
[    0.073237] kernel: ACPI: LAPIC_NMI (acpi_id[0x43] high edge lint[0x1])
[    0.073237] kernel: ACPI: LAPIC_NMI (acpi_id[0x44] high edge lint[0x1])
[    0.073238] kernel: ACPI: LAPIC_NMI (acpi_id[0x45] high edge lint[0x1])
[    0.073238] kernel: ACPI: LAPIC_NMI (acpi_id[0x46] high edge lint[0x1])
[    0.073239] kernel: ACPI: LAPIC_NMI (acpi_id[0x47] high edge lint[0x1])
[    0.073239] kernel: ACPI: LAPIC_NMI (acpi_id[0x48] high edge lint[0x1])
[    0.073239] kernel: ACPI: LAPIC_NMI (acpi_id[0x49] high edge lint[0x1])
[    0.073240] kernel: ACPI: LAPIC_NMI (acpi_id[0x4a] high edge lint[0x1])
[    0.073240] kernel: ACPI: LAPIC_NMI (acpi_id[0x4b] high edge lint[0x1])
[    0.073241] kernel: ACPI: LAPIC_NMI (acpi_id[0x4c] high edge lint[0x1])
[    0.073241] kernel: ACPI: LAPIC_NMI (acpi_id[0x4d] high edge lint[0x1])
[    0.073242] kernel: ACPI: LAPIC_NMI (acpi_id[0x4e] high edge lint[0x1])
[    0.073242] kernel: ACPI: LAPIC_NMI (acpi_id[0x4f] high edge lint[0x1])
[    0.073243] kernel: ACPI: LAPIC_NMI (acpi_id[0x50] high edge lint[0x1])
[    0.073243] kernel: ACPI: LAPIC_NMI (acpi_id[0x51] high edge lint[0x1])
[    0.073244] kernel: ACPI: LAPIC_NMI (acpi_id[0x52] high edge lint[0x1])
[    0.073244] kernel: ACPI: LAPIC_NMI (acpi_id[0x53] high edge lint[0x1])
[    0.073244] kernel: ACPI: LAPIC_NMI (acpi_id[0x54] high edge lint[0x1])
[    0.073245] kernel: ACPI: LAPIC_NMI (acpi_id[0x55] high edge lint[0x1])
[    0.073245] kernel: ACPI: LAPIC_NMI (acpi_id[0x56] high edge lint[0x1])
[    0.073246] kernel: ACPI: LAPIC_NMI (acpi_id[0x57] high edge lint[0x1])
[    0.073246] kernel: ACPI: LAPIC_NMI (acpi_id[0x58] high edge lint[0x1])
[    0.073247] kernel: ACPI: LAPIC_NMI (acpi_id[0x59] high edge lint[0x1])
[    0.073247] kernel: ACPI: LAPIC_NMI (acpi_id[0x5a] high edge lint[0x1])
[    0.073248] kernel: ACPI: LAPIC_NMI (acpi_id[0x5b] high edge lint[0x1])
[    0.073248] kernel: ACPI: LAPIC_NMI (acpi_id[0x5c] high edge lint[0x1])
[    0.073248] kernel: ACPI: LAPIC_NMI (acpi_id[0x5d] high edge lint[0x1])
[    0.073249] kernel: ACPI: LAPIC_NMI (acpi_id[0x5e] high edge lint[0x1])
[    0.073249] kernel: ACPI: LAPIC_NMI (acpi_id[0x5f] high edge lint[0x1])
[    0.073250] kernel: ACPI: LAPIC_NMI (acpi_id[0x60] high edge lint[0x1])
[    0.073250] kernel: ACPI: LAPIC_NMI (acpi_id[0x61] high edge lint[0x1])
[    0.073251] kernel: ACPI: LAPIC_NMI (acpi_id[0x62] high edge lint[0x1])
[    0.073251] kernel: ACPI: LAPIC_NMI (acpi_id[0x63] high edge lint[0x1])
[    0.073252] kernel: ACPI: LAPIC_NMI (acpi_id[0x64] high edge lint[0x1])
[    0.073252] kernel: ACPI: LAPIC_NMI (acpi_id[0x65] high edge lint[0x1])
[    0.073252] kernel: ACPI: LAPIC_NMI (acpi_id[0x66] high edge lint[0x1])
[    0.073253] kernel: ACPI: LAPIC_NMI (acpi_id[0x67] high edge lint[0x1])
[    0.073253] kernel: ACPI: LAPIC_NMI (acpi_id[0x68] high edge lint[0x1])
[    0.073254] kernel: ACPI: LAPIC_NMI (acpi_id[0x69] high edge lint[0x1])
[    0.073254] kernel: ACPI: LAPIC_NMI (acpi_id[0x6a] high edge lint[0x1])
[    0.073255] kernel: ACPI: LAPIC_NMI (acpi_id[0x6b] high edge lint[0x1])
[    0.073255] kernel: ACPI: LAPIC_NMI (acpi_id[0x6c] high edge lint[0x1])
[    0.073256] kernel: ACPI: LAPIC_NMI (acpi_id[0x6d] high edge lint[0x1])
[    0.073256] kernel: ACPI: LAPIC_NMI (acpi_id[0x6e] high edge lint[0x1])
[    0.073256] kernel: ACPI: LAPIC_NMI (acpi_id[0x6f] high edge lint[0x1])
[    0.073257] kernel: ACPI: LAPIC_NMI (acpi_id[0x70] high edge lint[0x1])
[    0.073257] kernel: ACPI: LAPIC_NMI (acpi_id[0x71] high edge lint[0x1])
[    0.073258] kernel: ACPI: LAPIC_NMI (acpi_id[0x72] high edge lint[0x1])
[    0.073258] kernel: ACPI: LAPIC_NMI (acpi_id[0x73] high edge lint[0x1])
[    0.073259] kernel: ACPI: LAPIC_NMI (acpi_id[0x74] high edge lint[0x1])
[    0.073259] kernel: ACPI: LAPIC_NMI (acpi_id[0x75] high edge lint[0x1])
[    0.073260] kernel: ACPI: LAPIC_NMI (acpi_id[0x76] high edge lint[0x1])
[    0.073260] kernel: ACPI: LAPIC_NMI (acpi_id[0x77] high edge lint[0x1])
[    0.073260] kernel: ACPI: LAPIC_NMI (acpi_id[0x78] high edge lint[0x1])
[    0.073261] kernel: ACPI: LAPIC_NMI (acpi_id[0x79] high edge lint[0x1])
[    0.073261] kernel: ACPI: LAPIC_NMI (acpi_id[0x7a] high edge lint[0x1])
[    0.073262] kernel: ACPI: LAPIC_NMI (acpi_id[0x7b] high edge lint[0x1])
[    0.073262] kernel: ACPI: LAPIC_NMI (acpi_id[0x7c] high edge lint[0x1])
[    0.073263] kernel: ACPI: LAPIC_NMI (acpi_id[0x7d] high edge lint[0x1])
[    0.073263] kernel: ACPI: LAPIC_NMI (acpi_id[0x7e] high edge lint[0x1])
[    0.073264] kernel: ACPI: LAPIC_NMI (acpi_id[0x7f] high edge lint[0x1])
[    0.073299] kernel: IOAPIC[0]: apic_id 128, version 32, address 0xfec00000, GSI 0-23
[    0.073304] kernel: ACPI: INT_SRC_OVR (bus 0 bus_irq 0 global_irq 2 high edge)
[    0.073310] kernel: ACPI: Using ACPI (MADT) for SMP configuration information
[    0.073311] kernel: ACPI: HPET id: 0x8086af01 base: 0xfed00000
[    0.073315] kernel: TSC deadline timer available
[    0.073322] kernel: smpboot: Allowing 128 CPUs, 124 hotplug CPUs
[    0.073333] kernel: PM: hibernation: Registered nosave memory: [mem 0x00000000-0x00000fff]
[    0.073335] kernel: PM: hibernation: Registered nosave memory: [mem 0x0009e000-0x0009efff]
[    0.073335] kernel: PM: hibernation: Registered nosave memory: [mem 0x0009f000-0x0009ffff]
[    0.073336] kernel: PM: hibernation: Registered nosave memory: [mem 0x000a0000-0x000dbfff]
[    0.073336] kernel: PM: hibernation: Registered nosave memory: [mem 0x000dc000-0x000fffff]
[    0.073337] kernel: PM: hibernation: Registered nosave memory: [mem 0xbfed0000-0xbfefefff]
[    0.073338] kernel: PM: hibernation: Registered nosave memory: [mem 0xbfeff000-0xbfefffff]
[    0.073339] kernel: PM: hibernation: Registered nosave memory: [mem 0xc0000000-0xefffffff]
[    0.073339] kernel: PM: hibernation: Registered nosave memory: [mem 0xf0000000-0xf7ffffff]
[    0.073340] kernel: PM: hibernation: Registered nosave memory: [mem 0xf8000000-0xfebfffff]
[    0.073340] kernel: PM: hibernation: Registered nosave memory: [mem 0xfec00000-0xfec0ffff]
[    0.073341] kernel: PM: hibernation: Registered nosave memory: [mem 0xfec10000-0xfedfffff]
[    0.073341] kernel: PM: hibernation: Registered nosave memory: [mem 0xfee00000-0xfee00fff]
[    0.073341] kernel: PM: hibernation: Registered nosave memory: [mem 0xfee01000-0xfffdffff]
[    0.073342] kernel: PM: hibernation: Registered nosave memory: [mem 0xfffe0000-0xffffffff]
[    0.073343] kernel: [mem 0xc0000000-0xefffffff] available for PCI devices
[    0.073344] kernel: Booting paravirtualized kernel on VMware hypervisor
[    0.073346] kernel: clocksource: refined-jiffies: mask: 0xffffffff max_cycles: 0xffffffff, max_idle_ns: 7645519600211568 ns
[    0.073354] kernel: setup_percpu: NR_CPUS:8192 nr_cpumask_bits:128 nr_cpu_ids:128 nr_node_ids:1
[    0.081389] kernel: percpu: Embedded 61 pages/cpu s212992 r8192 d28672 u262144
[    0.081401] kernel: pcpu-alloc: s212992 r8192 d28672 u262144 alloc=1*2097152
[    0.081403] kernel: pcpu-alloc: [0] 000 001 002 003 004 005 006 007 
[    0.081407] kernel: pcpu-alloc: [0] 008 009 010 011 012 013 014 015 
[    0.081410] kernel: pcpu-alloc: [0] 016 017 018 019 020 021 022 023 
[    0.081413] kernel: pcpu-alloc: [0] 024 025 026 027 028 029 030 031 
[    0.081416] kernel: pcpu-alloc: [0] 032 033 034 035 036 037 038 039 
[    0.081419] kernel: pcpu-alloc: [0] 040 041 042 043 044 045 046 047 
[    0.081422] kernel: pcpu-alloc: [0] 048 049 050 051 052 053 054 055 
[    0.081425] kernel: pcpu-alloc: [0] 056 057 058 059 060 061 062 063 
[    0.081428] kernel: pcpu-alloc: [0] 064 065 066 067 068 069 070 071 
[    0.081430] kernel: pcpu-alloc: [0] 072 073 074 075 076 077 078 079 
[    0.081433] kernel: pcpu-alloc: [0] 080 081 082 083 084 085 086 087 
[    0.081436] kernel: pcpu-alloc: [0] 088 089 090 091 092 093 094 095 
[    0.081439] kernel: pcpu-alloc: [0] 096 097 098 099 100 101 102 103 
[    0.081442] kernel: pcpu-alloc: [0] 104 105 106 107 108 109 110 111 
[    0.081445] kernel: pcpu-alloc: [0] 112 113 114 115 116 117 118 119 
[    0.081448] kernel: pcpu-alloc: [0] 120 121 122 123 124 125 126 127 
[    0.081486] kernel: Fallback order for Node 0: 0 
[    0.081497] kernel: Built 1 zonelists, mobility grouping on.  Total pages: 4128464
[    0.081498] kernel: Policy zone: Normal
[    0.081500] kernel: Kernel command line: BOOT_IMAGE=/boot/vmlinuz-5.19.0-41-generic root=UUID=8de9989f-a6e4-4c92-a044-2c6d1909bf50 ro find_preseed=/preseed.cfg auto noprompt priority=critical locale=en_US quiet splash
[    0.081592] kernel: Unknown kernel command line parameters "auto noprompt splash BOOT_IMAGE=/boot/vmlinuz-5.19.0-41-generic find_preseed=/preseed.cfg priority=critical locale=en_US", will be passed to user space.
[    0.081593] kernel: printk: log_buf_len individual max cpu contribution: 4096 bytes
[    0.081593] kernel: printk: log_buf_len total cpu_extra contributions: 520192 bytes
[    0.081594] kernel: printk: log_buf_len min size: 262144 bytes
[    0.082718] kernel: printk: log_buf_len: 1048576 bytes
[    0.082720] kernel: printk: early log buf free: 226664(86%)
[    0.085894] kernel: Dentry cache hash table entries: 2097152 (order: 12, 16777216 bytes, linear)
[    0.087502] kernel: Inode-cache hash table entries: 1048576 (order: 11, 8388608 bytes, linear)
[    0.089732] kernel: mem auto-init: stack:off, heap alloc:on, heap free:off
[    0.132102] kernel: Memory: 16270128K/16776628K available (18440K kernel code, 4052K rwdata, 11300K rodata, 3164K init, 4908K bss, 506240K reserved, 0K cma-reserved)
[    0.133121] kernel: SLUB: HWalign=64, Order=0-3, MinObjects=0, CPUs=128, Nodes=1
[    0.133161] kernel: ftrace: allocating 52226 entries in 205 pages
[    0.139813] kernel: ftrace: allocated 205 pages with 5 groups
[    0.140946] kernel: Dynamic Preempt: voluntary
[    0.141292] kernel: rcu: Preemptible hierarchical RCU implementation.
[    0.141294] kernel: rcu:         RCU restricting CPUs from NR_CPUS=8192 to nr_cpu_ids=128.
[    0.141296] kernel:         Trampoline variant of Tasks RCU enabled.
[    0.141296] kernel:         Rude variant of Tasks RCU enabled.
[    0.141297] kernel:         Tracing variant of Tasks RCU enabled.
[    0.141297] kernel: rcu: RCU calculated value of scheduler-enlistment delay is 25 jiffies.
[    0.141298] kernel: rcu: Adjusting geometry for rcu_fanout_leaf=16, nr_cpu_ids=128
[    0.145133] kernel: NR_IRQS: 524544, nr_irqs: 1448, preallocated irqs: 16
[    0.145381] kernel: rcu: srcu_init: Setting srcu_struct sizes to big.
[    0.145490] kernel: random: crng init done
[    0.146766] kernel: Console: colour VGA+ 80x25
[    0.146797] kernel: printk: console [tty0] enabled
[    0.146858] kernel: ACPI: Core revision 20220331
[    0.147255] kernel: clocksource: hpet: mask: 0xffffffff max_cycles: 0xffffffff, max_idle_ns: 133484882848 ns
[    0.147292] kernel: APIC: Switch to symmetric I/O mode setup
[    0.147473] kernel: x2apic enabled
[    0.147635] kernel: Switched APIC routing to physical x2apic.
[    0.148369] kernel: ..TIMER: vector=0x30 apic1=0 pin1=2 apic2=-1 pin2=-1
[    0.148390] kernel: clocksource: tsc-early: mask: 0xffffffffffffffff max_cycles: 0x33e456ed7d0, max_idle_ns: 440795322762 ns
[    0.148394] kernel: Calibrating delay loop (skipped) preset value.. 7200.00 BogoMIPS (lpj=14400016)
[    0.148396] kernel: pid_max: default: 131072 minimum: 1024
[    0.148455] kernel: LSM: Security Framework initializing
[    0.148466] kernel: landlock: Up and running.
[    0.148466] kernel: Yama: becoming mindful.
[    0.148499] kernel: AppArmor: AppArmor initialized
[    0.148591] kernel: Mount-cache hash table entries: 32768 (order: 6, 262144 bytes, linear)
[    0.148639] kernel: Mountpoint-cache hash table entries: 32768 (order: 6, 262144 bytes, linear)
[    0.148958] kernel: Disabled fast string operations
[    0.149050] kernel: Last level iTLB entries: 4KB 128, 2MB 8, 4MB 8
[    0.149051] kernel: Last level dTLB entries: 4KB 64, 2MB 0, 4MB 0, 1GB 4
[    0.149054] kernel: Spectre V1 : Mitigation: usercopy/swapgs barriers and __user pointer sanitization
[    0.149056] kernel: Spectre V2 : Mitigation: IBRS
[    0.149056] kernel: Spectre V2 : Spectre v2 / SpectreRSB mitigation: Filling RSB on context switch
[    0.149057] kernel: Spectre V2 : Spectre v2 / SpectreRSB : Filling RSB on VMEXIT
[    0.149057] kernel: RETBleed: Mitigation: IBRS
[    0.149058] kernel: Spectre V2 : mitigation: Enabling conditional Indirect Branch Prediction Barrier
[    0.149060] kernel: Speculative Store Bypass: Mitigation: Speculative Store Bypass disabled via prctl
[    0.149064] kernel: MDS: Mitigation: Clear CPU buffers
[    0.149065] kernel: MMIO Stale Data: Mitigation: Clear CPU buffers
[    0.149066] kernel: SRBDS: Unknown: Dependent on hypervisor status
[    0.168584] kernel: Freeing SMP alternatives memory: 44K
[    0.169710] kernel: smpboot: CPU0: Intel(R) Core(TM) i7-9700K CPU @ 3.60GHz (family: 0x6, model: 0x9e, stepping: 0xc)
[    0.169864] kernel: cblist_init_generic: Setting adjustable number of callback queues.
[    0.169881] kernel: cblist_init_generic: Setting shift to 7 and lim to 1.
[    0.169916] kernel: cblist_init_generic: Setting shift to 7 and lim to 1.
[    0.169938] kernel: cblist_init_generic: Setting shift to 7 and lim to 1.
[    0.169950] kernel: Performance Events: Skylake events, core PMU driver.
[    0.169983] kernel: core: CPUID marked event: 'cpu cycles' unavailable
[    0.169983] kernel: core: CPUID marked event: 'instructions' unavailable
[    0.169984] kernel: core: CPUID marked event: 'bus cycles' unavailable
[    0.169984] kernel: core: CPUID marked event: 'cache references' unavailable
[    0.169985] kernel: core: CPUID marked event: 'cache misses' unavailable
[    0.169985] kernel: core: CPUID marked event: 'branch instructions' unavailable
[    0.169986] kernel: core: CPUID marked event: 'branch misses' unavailable
[    0.169988] kernel: ... version:                1
[    0.169988] kernel: ... bit width:              48
[    0.169989] kernel: ... generic registers:      8
[    0.169989] kernel: ... value mask:             0000ffffffffffff
[    0.169990] kernel: ... max period:             000000007fffffff
[    0.169991] kernel: ... fixed-purpose events:   0
[    0.169992] kernel: ... event mask:             00000000000000ff
[    0.170090] kernel: rcu: Hierarchical SRCU implementation.
[    0.170091] kernel: rcu:         Max phase no-delay instances is 1000.
[    0.170468] kernel: NMI watchdog: Perf NMI watchdog permanently disabled
[    0.171917] kernel: smp: Bringing up secondary CPUs ...
[    0.172048] kernel: x86: Booting SMP configuration:
[    0.172049] kernel: .... node  #0, CPUs:          #1
[    0.006930] kernel: Disabled fast string operations
[    0.172392] kernel:    #2
[    0.006930] kernel: Disabled fast string operations
[    0.172538] kernel:    #3
[    0.006930] kernel: Disabled fast string operations
[    0.173214] kernel: smp: Brought up 1 node, 4 CPUs
[    0.173214] kernel: smpboot: Max logical packages: 32
[    0.173214] kernel: smpboot: Total of 4 processors activated (28800.03 BogoMIPS)
[    0.173313] kernel: devtmpfs: initialized
[    0.173313] kernel: x86/mm: Memory block size: 128MB
[    0.173638] kernel: ACPI: PM: Registering ACPI NVS region [mem 0xbfeff000-0xbfefffff] (4096 bytes)
[    0.173638] kernel: clocksource: jiffies: mask: 0xffffffff max_cycles: 0xffffffff, max_idle_ns: 7645041785100000 ns
[    0.173638] kernel: futex hash table entries: 32768 (order: 9, 2097152 bytes, linear)
[    0.176548] kernel: pinctrl core: initialized pinctrl subsystem
[    0.176703] kernel: PM: RTC time: 01:45:31, date: 2023-05-09
[    0.177619] kernel: NET: Registered PF_NETLINK/PF_ROUTE protocol family
[    0.178199] kernel: DMA: preallocated 2048 KiB GFP_KERNEL pool for atomic allocations
[    0.178357] kernel: DMA: preallocated 2048 KiB GFP_KERNEL|GFP_DMA pool for atomic allocations
[    0.178527] kernel: DMA: preallocated 2048 KiB GFP_KERNEL|GFP_DMA32 pool for atomic allocations
[    0.178533] kernel: audit: initializing netlink subsys (disabled)
[    0.178549] kernel: audit: type=2000 audit(1683596731.028:1): state=initialized audit_enabled=0 res=1
[    0.178549] kernel: thermal_sys: Registered thermal governor 'fair_share'
[    0.178549] kernel: thermal_sys: Registered thermal governor 'bang_bang'
[    0.178549] kernel: thermal_sys: Registered thermal governor 'step_wise'
[    0.178549] kernel: thermal_sys: Registered thermal governor 'user_space'
[    0.178549] kernel: thermal_sys: Registered thermal governor 'power_allocator'
[    0.178549] kernel: EISA bus registered
[    0.178549] kernel: cpuidle: using governor ladder
[    0.178549] kernel: cpuidle: using governor menu
[    0.178549] kernel: Simple Boot Flag at 0x36 set to 0x80
[    0.178549] kernel: HugeTLB: can optimize 4095 vmemmap pages for hugepages-1048576kB
[    0.178549] kernel: acpiphp: ACPI Hot Plug PCI Controller Driver version: 0.5
[    0.178549] kernel: PCI: MMCONFIG for domain 0000 [bus 00-7f] at [mem 0xf0000000-0xf7ffffff] (base 0xf0000000)
[    0.178549] kernel: PCI: MMCONFIG at [mem 0xf0000000-0xf7ffffff] reserved in E820
[    0.178549] kernel: pmd_set_huge: Cannot satisfy [mem 0xf0000000-0xf0200000] with a huge-page mapping due to MTRR override.
[    0.178549] kernel: PCI: Using configuration type 1 for base access
[    0.180498] kernel: kprobes: kprobe jump-optimization is enabled. All kprobes are optimized if possible.
[    0.180513] kernel: HugeTLB: can optimize 7 vmemmap pages for hugepages-2048kB
[    0.180513] kernel: HugeTLB registered 1.00 GiB page size, pre-allocated 0 pages
[    0.180513] kernel: HugeTLB registered 2.00 MiB page size, pre-allocated 0 pages
[    0.180513] kernel: ACPI: Added _OSI(Module Device)
[    0.180513] kernel: ACPI: Added _OSI(Processor Device)
[    0.180513] kernel: ACPI: Added _OSI(3.0 _SCP Extensions)
[    0.180513] kernel: ACPI: Added _OSI(Processor Aggregator Device)
[    0.180514] kernel: ACPI: Added _OSI(Linux-Dell-Video)
[    0.180515] kernel: ACPI: Added _OSI(Linux-Lenovo-NV-HDMI-Audio)
[    0.180516] kernel: ACPI: Added _OSI(Linux-HPI-Hybrid-Graphics)
[    0.208254] kernel: ACPI: 1 ACPI AML tables successfully acquired and loaded
[    0.210516] kernel: ACPI: [Firmware Bug]: BIOS _OSI(Linux) query ignored
[    0.238452] kernel: ACPI: Interpreter enabled
[    0.238468] kernel: ACPI: PM: (supports S0 S1 S4 S5)
[    0.238470] kernel: ACPI: Using IOAPIC for interrupt routing
[    0.238499] kernel: PCI: Using host bridge windows from ACPI; if necessary, use "pci=nocrs" and report a bug
[    0.238500] kernel: PCI: Using E820 reservations for host bridge windows
[    0.240392] kernel: ACPI: Enabled 4 GPEs in block 00 to 0F
[    0.428220] kernel: ACPI: PCI Root Bridge [PCI0] (domain 0000 [bus 00-7f])
[    0.428230] kernel: acpi PNP0A03:00: _OSC: OS supports [ExtendedConfig ASPM ClockPM Segments MSI EDR HPX-Type3]
[    0.428355] kernel: acpi PNP0A03:00: _OSC: platform does not support [AER LTR DPC]
[    0.428594] kernel: acpi PNP0A03:00: _OSC: OS now controls [PCIeHotplug SHPCHotplug PME PCIeCapability]
[    0.430553] kernel: PCI host bridge to bus 0000:00
[    0.430555] kernel: pci_bus 0000:00: root bus resource [mem 0x000a0000-0x000bffff window]
[    0.430557] kernel: pci_bus 0000:00: root bus resource [mem 0x000d0000-0x000dbfff window]
[    0.430558] kernel: pci_bus 0000:00: root bus resource [mem 0xc0000000-0xfebfffff window]
[    0.430559] kernel: pci_bus 0000:00: root bus resource [io  0x0000-0x0cf7 window]
[    0.430561] kernel: pci_bus 0000:00: root bus resource [io  0x0d00-0xfeff window]
[    0.430562] kernel: pci_bus 0000:00: root bus resource [bus 00-7f]
[    0.430661] kernel: pci 0000:00:00.0: [8086:7190] type 00 class 0x060000
[    0.431135] kernel: pci 0000:00:01.0: [8086:7191] type 01 class 0x060400
[    0.432474] kernel: pci 0000:00:07.0: [8086:7110] type 00 class 0x060100
[    0.433044] kernel: pci 0000:00:07.1: [8086:7111] type 00 class 0x01018a
[    0.434302] kernel: pci 0000:00:07.1: reg 0x20: [io  0x1060-0x106f]
[    0.434792] kernel: pci 0000:00:07.1: legacy IDE quirk: reg 0x10: [io  0x01f0-0x01f7]
[    0.434793] kernel: pci 0000:00:07.1: legacy IDE quirk: reg 0x14: [io  0x03f6]
[    0.434794] kernel: pci 0000:00:07.1: legacy IDE quirk: reg 0x18: [io  0x0170-0x0177]
[    0.434795] kernel: pci 0000:00:07.1: legacy IDE quirk: reg 0x1c: [io  0x0376]
[    0.434959] kernel: pci 0000:00:07.3: [8086:7113] type 00 class 0x068000
[    0.436291] kernel: pci 0000:00:07.3: quirk: [io  0x1000-0x103f] claimed by PIIX4 ACPI
[    0.436301] kernel: pci 0000:00:07.3: quirk: [io  0x1040-0x104f] claimed by PIIX4 SMB
[    0.436553] kernel: pci 0000:00:07.7: [15ad:0740] type 00 class 0x088000
[    0.437161] kernel: pci 0000:00:07.7: reg 0x10: [io  0x1080-0x10bf]
[    0.437792] kernel: pci 0000:00:07.7: reg 0x14: [mem 0xfebc0000-0xfebfffff 64bit]
[    0.441680] kernel: pci 0000:00:0f.0: [15ad:0405] type 00 class 0x030000
[    0.442494] kernel: pci 0000:00:0f.0: reg 0x10: [io  0x1070-0x107f]
[    0.443222] kernel: pci 0000:00:0f.0: reg 0x14: [mem 0xe8000000-0xefffffff pref]
[    0.444131] kernel: pci 0000:00:0f.0: reg 0x18: [mem 0xfe000000-0xfe7fffff]
[    0.446767] kernel: pci 0000:00:0f.0: reg 0x30: [mem 0x00000000-0x00007fff pref]
[    0.446820] kernel: pci 0000:00:0f.0: Video device with shadowed ROM at [mem 0x000c0000-0x000dffff]
[    0.447172] kernel: pci 0000:00:10.0: [1000:0030] type 00 class 0x010000
[    0.447622] kernel: pci 0000:00:10.0: reg 0x10: [io  0x1400-0x14ff]
[    0.448070] kernel: pci 0000:00:10.0: reg 0x14: [mem 0xfeb80000-0xfeb9ffff 64bit]
[    0.448399] kernel: pci 0000:00:10.0: reg 0x1c: [mem 0xfeba0000-0xfebbffff 64bit]
[    0.449198] kernel: pci 0000:00:10.0: reg 0x30: [mem 0x00000000-0x00003fff pref]
[    0.449529] kernel: pci 0000:00:11.0: [15ad:0790] type 01 class 0x060401
[    0.450741] kernel: pci 0000:00:15.0: [15ad:07a0] type 01 class 0x060400
[    0.451360] kernel: pci 0000:00:15.0: PME# supported from D0 D3hot D3cold
[    0.451688] kernel: pci 0000:00:15.1: [15ad:07a0] type 01 class 0x060400
[    0.452309] kernel: pci 0000:00:15.1: PME# supported from D0 D3hot D3cold
[    0.452631] kernel: pci 0000:00:15.2: [15ad:07a0] type 01 class 0x060400
[    0.453248] kernel: pci 0000:00:15.2: PME# supported from D0 D3hot D3cold
[    0.453571] kernel: pci 0000:00:15.3: [15ad:07a0] type 01 class 0x060400
[    0.454192] kernel: pci 0000:00:15.3: PME# supported from D0 D3hot D3cold
[    0.454516] kernel: pci 0000:00:15.4: [15ad:07a0] type 01 class 0x060400
[    0.455140] kernel: pci 0000:00:15.4: PME# supported from D0 D3hot D3cold
[    0.455454] kernel: pci 0000:00:15.5: [15ad:07a0] type 01 class 0x060400
[    0.456081] kernel: pci 0000:00:15.5: PME# supported from D0 D3hot D3cold
[    0.456395] kernel: pci 0000:00:15.6: [15ad:07a0] type 01 class 0x060400
[    0.457014] kernel: pci 0000:00:15.6: PME# supported from D0 D3hot D3cold
[    0.457334] kernel: pci 0000:00:15.7: [15ad:07a0] type 01 class 0x060400
[    0.457954] kernel: pci 0000:00:15.7: PME# supported from D0 D3hot D3cold
[    0.458273] kernel: pci 0000:00:16.0: [15ad:07a0] type 01 class 0x060400
[    0.458890] kernel: pci 0000:00:16.0: PME# supported from D0 D3hot D3cold
[    0.459214] kernel: pci 0000:00:16.1: [15ad:07a0] type 01 class 0x060400
[    0.459830] kernel: pci 0000:00:16.1: PME# supported from D0 D3hot D3cold
[    0.460158] kernel: pci 0000:00:16.2: [15ad:07a0] type 01 class 0x060400
[    0.460774] kernel: pci 0000:00:16.2: PME# supported from D0 D3hot D3cold
[    0.461095] kernel: pci 0000:00:16.3: [15ad:07a0] type 01 class 0x060400
[    0.461716] kernel: pci 0000:00:16.3: PME# supported from D0 D3hot D3cold
[    0.462042] kernel: pci 0000:00:16.4: [15ad:07a0] type 01 class 0x060400
[    0.462665] kernel: pci 0000:00:16.4: PME# supported from D0 D3hot D3cold
[    0.462979] kernel: pci 0000:00:16.5: [15ad:07a0] type 01 class 0x060400
[    0.463607] kernel: pci 0000:00:16.5: PME# supported from D0 D3hot D3cold
[    0.463928] kernel: pci 0000:00:16.6: [15ad:07a0] type 01 class 0x060400
[    0.464569] kernel: pci 0000:00:16.6: PME# supported from D0 D3hot D3cold
[    0.464888] kernel: pci 0000:00:16.7: [15ad:07a0] type 01 class 0x060400
[    0.465515] kernel: pci 0000:00:16.7: PME# supported from D0 D3hot D3cold
[    0.465830] kernel: pci 0000:00:17.0: [15ad:07a0] type 01 class 0x060400
[    0.466452] kernel: pci 0000:00:17.0: PME# supported from D0 D3hot D3cold
[    0.466768] kernel: pci 0000:00:17.1: [15ad:07a0] type 01 class 0x060400
[    0.467383] kernel: pci 0000:00:17.1: PME# supported from D0 D3hot D3cold
[    0.467706] kernel: pci 0000:00:17.2: [15ad:07a0] type 01 class 0x060400
[    0.468325] kernel: pci 0000:00:17.2: PME# supported from D0 D3hot D3cold
[    0.468636] kernel: pci 0000:00:17.3: [15ad:07a0] type 01 class 0x060400
[    0.469256] kernel: pci 0000:00:17.3: PME# supported from D0 D3hot D3cold
[    0.469587] kernel: pci 0000:00:17.4: [15ad:07a0] type 01 class 0x060400
[    0.470259] kernel: pci 0000:00:17.4: PME# supported from D0 D3hot D3cold
[    0.470617] kernel: pci 0000:00:17.5: [15ad:07a0] type 01 class 0x060400
[    0.471252] kernel: pci 0000:00:17.5: PME# supported from D0 D3hot D3cold
[    0.471590] kernel: pci 0000:00:17.6: [15ad:07a0] type 01 class 0x060400
[    0.472220] kernel: pci 0000:00:17.6: PME# supported from D0 D3hot D3cold
[    0.472545] kernel: pci 0000:00:17.7: [15ad:07a0] type 01 class 0x060400
[    0.473183] kernel: pci 0000:00:17.7: PME# supported from D0 D3hot D3cold
[    0.473517] kernel: pci 0000:00:18.0: [15ad:07a0] type 01 class 0x060400
[    0.474148] kernel: pci 0000:00:18.0: PME# supported from D0 D3hot D3cold
[    0.474479] kernel: pci 0000:00:18.1: [15ad:07a0] type 01 class 0x060400
[    0.475105] kernel: pci 0000:00:18.1: PME# supported from D0 D3hot D3cold
[    0.475442] kernel: pci 0000:00:18.2: [15ad:07a0] type 01 class 0x060400
[    0.476066] kernel: pci 0000:00:18.2: PME# supported from D0 D3hot D3cold
[    0.476395] kernel: pci 0000:00:18.3: [15ad:07a0] type 01 class 0x060400
[    0.477026] kernel: pci 0000:00:18.3: PME# supported from D0 D3hot D3cold
[    0.477367] kernel: pci 0000:00:18.4: [15ad:07a0] type 01 class 0x060400
[    0.477991] kernel: pci 0000:00:18.4: PME# supported from D0 D3hot D3cold
[    0.478321] kernel: pci 0000:00:18.5: [15ad:07a0] type 01 class 0x060400
[    0.478947] kernel: pci 0000:00:18.5: PME# supported from D0 D3hot D3cold
[    0.479267] kernel: pci 0000:00:18.6: [15ad:07a0] type 01 class 0x060400
[    0.479901] kernel: pci 0000:00:18.6: PME# supported from D0 D3hot D3cold
[    0.480222] kernel: pci 0000:00:18.7: [15ad:07a0] type 01 class 0x060400
[    0.480849] kernel: pci 0000:00:18.7: PME# supported from D0 D3hot D3cold
[    0.482484] kernel: pci_bus 0000:01: extended config space not accessible
[    0.489498] kernel: pci 0000:00:01.0: PCI bridge to [bus 01]
[    0.489682] kernel: pci_bus 0000:02: extended config space not accessible
[    0.490070] kernel: acpiphp: Slot [32] registered
[    0.490101] kernel: acpiphp: Slot [33] registered
[    0.490123] kernel: acpiphp: Slot [34] registered
[    0.490144] kernel: acpiphp: Slot [35] registered
[    0.490169] kernel: acpiphp: Slot [36] registered
[    0.490191] kernel: acpiphp: Slot [37] registered
[    0.490212] kernel: acpiphp: Slot [38] registered
[    0.490231] kernel: acpiphp: Slot [39] registered
[    0.490251] kernel: acpiphp: Slot [40] registered
[    0.490300] kernel: acpiphp: Slot [41] registered
[    0.490327] kernel: acpiphp: Slot [42] registered
[    0.490348] kernel: acpiphp: Slot [43] registered
[    0.490414] kernel: acpiphp: Slot [44] registered
[    0.490439] kernel: acpiphp: Slot [45] registered
[    0.490492] kernel: acpiphp: Slot [46] registered
[    0.490517] kernel: acpiphp: Slot [47] registered
[    0.490538] kernel: acpiphp: Slot [48] registered
[    0.490562] kernel: acpiphp: Slot [49] registered
[    0.490582] kernel: acpiphp: Slot [50] registered
[    0.490602] kernel: acpiphp: Slot [51] registered
[    0.490621] kernel: acpiphp: Slot [52] registered
[    0.490640] kernel: acpiphp: Slot [53] registered
[    0.490660] kernel: acpiphp: Slot [54] registered
[    0.490717] kernel: acpiphp: Slot [55] registered
[    0.490757] kernel: acpiphp: Slot [56] registered
[    0.490780] kernel: acpiphp: Slot [57] registered
[    0.490816] kernel: acpiphp: Slot [58] registered
[    0.490845] kernel: acpiphp: Slot [59] registered
[    0.490867] kernel: acpiphp: Slot [60] registered
[    0.490895] kernel: acpiphp: Slot [61] registered
[    0.490919] kernel: acpiphp: Slot [62] registered
[    0.490940] kernel: acpiphp: Slot [63] registered
[    0.491011] kernel: pci 0000:02:00.0: [15ad:0774] type 00 class 0x0c0300
[    0.492374] kernel: pci 0000:02:00.0: reg 0x20: [io  0x2080-0x209f]
[    0.493919] kernel: pci 0000:02:01.0: [8086:100f] type 00 class 0x020000
[    0.494656] kernel: pci 0000:02:01.0: reg 0x10: [mem 0xfd5c0000-0xfd5dffff 64bit]
[    0.495250] kernel: pci 0000:02:01.0: reg 0x18: [mem 0xfdff0000-0xfdffffff 64bit]
[    0.496400] kernel: pci 0000:02:01.0: reg 0x20: [io  0x2000-0x203f]
[    0.497750] kernel: pci 0000:02:01.0: reg 0x30: [mem 0x00000000-0x0000ffff pref]
[    0.498018] kernel: pci 0000:02:01.0: PME# supported from D0 D3hot D3cold
[    0.498801] kernel: pci 0000:02:02.0: [1274:1371] type 00 class 0x040100
[    0.499150] kernel: pci 0000:02:02.0: reg 0x10: [io  0x2040-0x207f]
[    0.501886] kernel: pci 0000:02:03.0: [15ad:0770] type 00 class 0x0c0320
[    0.502427] kernel: pci 0000:02:03.0: reg 0x10: [mem 0xfd5ef000-0xfd5effff]
[    0.506157] kernel: pci 0000:02:04.0: [15ad:07e0] type 00 class 0x010601
[    0.509349] kernel: pci 0000:02:04.0: reg 0x24: [mem 0xfd5ee000-0xfd5eefff]
[    0.509723] kernel: pci 0000:02:04.0: reg 0x30: [mem 0x00000000-0x0000ffff pref]
[    0.510137] kernel: pci 0000:02:04.0: PME# supported from D3hot
[    0.516581] kernel: pci 0000:00:11.0: PCI bridge to [bus 02] (subtractive decode)
[    0.516607] kernel: pci 0000:00:11.0:   bridge window [io  0x2000-0x3fff]
[    0.516624] kernel: pci 0000:00:11.0:   bridge window [mem 0xfd500000-0xfdffffff]
[    0.516656] kernel: pci 0000:00:11.0:   bridge window [mem 0xe7b00000-0xe7ffffff 64bit pref]
[    0.516659] kernel: pci 0000:00:11.0:   bridge window [mem 0x000a0000-0x000bffff window] (subtractive decode)
[    0.516660] kernel: pci 0000:00:11.0:   bridge window [mem 0x000d0000-0x000dbfff window] (subtractive decode)
[    0.516661] kernel: pci 0000:00:11.0:   bridge window [mem 0xc0000000-0xfebfffff window] (subtractive decode)
[    0.516662] kernel: pci 0000:00:11.0:   bridge window [io  0x0000-0x0cf7 window] (subtractive decode)
[    0.516663] kernel: pci 0000:00:11.0:   bridge window [io  0x0d00-0xfeff window] (subtractive decode)
[    0.517142] kernel: pci 0000:00:15.0: PCI bridge to [bus 03]
[    0.517161] kernel: pci 0000:00:15.0:   bridge window [io  0x4000-0x4fff]
[    0.517178] kernel: pci 0000:00:15.0:   bridge window [mem 0xfd400000-0xfd4fffff]
[    0.517209] kernel: pci 0000:00:15.0:   bridge window [mem 0xe7a00000-0xe7afffff 64bit pref]
[    0.517656] kernel: pci 0000:00:15.1: PCI bridge to [bus 04]
[    0.517674] kernel: pci 0000:00:15.1:   bridge window [io  0x8000-0x8fff]
[    0.517690] kernel: pci 0000:00:15.1:   bridge window [mem 0xfd000000-0xfd0fffff]
[    0.517721] kernel: pci 0000:00:15.1:   bridge window [mem 0xe7600000-0xe76fffff 64bit pref]
[    0.518166] kernel: pci 0000:00:15.2: PCI bridge to [bus 05]
[    0.518184] kernel: pci 0000:00:15.2:   bridge window [io  0xc000-0xcfff]
[    0.518200] kernel: pci 0000:00:15.2:   bridge window [mem 0xfcc00000-0xfccfffff]
[    0.518232] kernel: pci 0000:00:15.2:   bridge window [mem 0xe7200000-0xe72fffff 64bit pref]
[    0.518667] kernel: pci 0000:00:15.3: PCI bridge to [bus 06]
[    0.518701] kernel: pci 0000:00:15.3:   bridge window [mem 0xfc800000-0xfc8fffff]
[    0.518734] kernel: pci 0000:00:15.3:   bridge window [mem 0xe6e00000-0xe6efffff 64bit pref]
[    0.519174] kernel: pci 0000:00:15.4: PCI bridge to [bus 07]
[    0.519207] kernel: pci 0000:00:15.4:   bridge window [mem 0xfc400000-0xfc4fffff]
[    0.519238] kernel: pci 0000:00:15.4:   bridge window [mem 0xe6a00000-0xe6afffff 64bit pref]
[    0.519685] kernel: pci 0000:00:15.5: PCI bridge to [bus 08]
[    0.519718] kernel: pci 0000:00:15.5:   bridge window [mem 0xfc000000-0xfc0fffff]
[    0.519749] kernel: pci 0000:00:15.5:   bridge window [mem 0xe6600000-0xe66fffff 64bit pref]
[    0.520186] kernel: pci 0000:00:15.6: PCI bridge to [bus 09]
[    0.520219] kernel: pci 0000:00:15.6:   bridge window [mem 0xfbc00000-0xfbcfffff]
[    0.520251] kernel: pci 0000:00:15.6:   bridge window [mem 0xe6200000-0xe62fffff 64bit pref]
[    0.520680] kernel: pci 0000:00:15.7: PCI bridge to [bus 0a]
[    0.520742] kernel: pci 0000:00:15.7:   bridge window [mem 0xfb800000-0xfb8fffff]
[    0.520797] kernel: pci 0000:00:15.7:   bridge window [mem 0xe5e00000-0xe5efffff 64bit pref]
[    0.521243] kernel: pci 0000:00:16.0: PCI bridge to [bus 0b]
[    0.521273] kernel: pci 0000:00:16.0:   bridge window [io  0x5000-0x5fff]
[    0.521290] kernel: pci 0000:00:16.0:   bridge window [mem 0xfd300000-0xfd3fffff]
[    0.521322] kernel: pci 0000:00:16.0:   bridge window [mem 0xe7900000-0xe79fffff 64bit pref]
[    0.521771] kernel: pci 0000:00:16.1: PCI bridge to [bus 0c]
[    0.521789] kernel: pci 0000:00:16.1:   bridge window [io  0x9000-0x9fff]
[    0.521806] kernel: pci 0000:00:16.1:   bridge window [mem 0xfcf00000-0xfcffffff]
[    0.521838] kernel: pci 0000:00:16.1:   bridge window [mem 0xe7500000-0xe75fffff 64bit pref]
[    0.522280] kernel: pci 0000:00:16.2: PCI bridge to [bus 0d]
[    0.522298] kernel: pci 0000:00:16.2:   bridge window [io  0xd000-0xdfff]
[    0.522314] kernel: pci 0000:00:16.2:   bridge window [mem 0xfcb00000-0xfcbfffff]
[    0.522347] kernel: pci 0000:00:16.2:   bridge window [mem 0xe7100000-0xe71fffff 64bit pref]
[    0.522801] kernel: pci 0000:00:16.3: PCI bridge to [bus 0e]
[    0.522855] kernel: pci 0000:00:16.3:   bridge window [mem 0xfc700000-0xfc7fffff]
[    0.522896] kernel: pci 0000:00:16.3:   bridge window [mem 0xe6d00000-0xe6dfffff 64bit pref]
[    0.523361] kernel: pci 0000:00:16.4: PCI bridge to [bus 0f]
[    0.523395] kernel: pci 0000:00:16.4:   bridge window [mem 0xfc300000-0xfc3fffff]
[    0.523427] kernel: pci 0000:00:16.4:   bridge window [mem 0xe6900000-0xe69fffff 64bit pref]
[    0.523880] kernel: pci 0000:00:16.5: PCI bridge to [bus 10]
[    0.523913] kernel: pci 0000:00:16.5:   bridge window [mem 0xfbf00000-0xfbffffff]
[    0.523945] kernel: pci 0000:00:16.5:   bridge window [mem 0xe6500000-0xe65fffff 64bit pref]
[    0.524392] kernel: pci 0000:00:16.6: PCI bridge to [bus 11]
[    0.524421] kernel: pci 0000:00:16.6:   bridge window [mem 0xfbb00000-0xfbbfffff]
[    0.524453] kernel: pci 0000:00:16.6:   bridge window [mem 0xe6100000-0xe61fffff 64bit pref]
[    0.524890] kernel: pci 0000:00:16.7: PCI bridge to [bus 12]
[    0.524922] kernel: pci 0000:00:16.7:   bridge window [mem 0xfb700000-0xfb7fffff]
[    0.524953] kernel: pci 0000:00:16.7:   bridge window [mem 0xe5d00000-0xe5dfffff 64bit pref]
[    0.525388] kernel: pci 0000:00:17.0: PCI bridge to [bus 13]
[    0.525406] kernel: pci 0000:00:17.0:   bridge window [io  0x6000-0x6fff]
[    0.525422] kernel: pci 0000:00:17.0:   bridge window [mem 0xfd200000-0xfd2fffff]
[    0.525453] kernel: pci 0000:00:17.0:   bridge window [mem 0xe7800000-0xe78fffff 64bit pref]
[    0.525891] kernel: pci 0000:00:17.1: PCI bridge to [bus 14]
[    0.525908] kernel: pci 0000:00:17.1:   bridge window [io  0xa000-0xafff]
[    0.525924] kernel: pci 0000:00:17.1:   bridge window [mem 0xfce00000-0xfcefffff]
[    0.525955] kernel: pci 0000:00:17.1:   bridge window [mem 0xe7400000-0xe74fffff 64bit pref]
[    0.526386] kernel: pci 0000:00:17.2: PCI bridge to [bus 15]
[    0.526403] kernel: pci 0000:00:17.2:   bridge window [io  0xe000-0xefff]
[    0.526420] kernel: pci 0000:00:17.2:   bridge window [mem 0xfca00000-0xfcafffff]
[    0.526451] kernel: pci 0000:00:17.2:   bridge window [mem 0xe7000000-0xe70fffff 64bit pref]
[    0.526880] kernel: pci 0000:00:17.3: PCI bridge to [bus 16]
[    0.526912] kernel: pci 0000:00:17.3:   bridge window [mem 0xfc600000-0xfc6fffff]
[    0.526944] kernel: pci 0000:00:17.3:   bridge window [mem 0xe6c00000-0xe6cfffff 64bit pref]
[    0.527376] kernel: pci 0000:00:17.4: PCI bridge to [bus 17]
[    0.527407] kernel: pci 0000:00:17.4:   bridge window [mem 0xfc200000-0xfc2fffff]
[    0.527439] kernel: pci 0000:00:17.4:   bridge window [mem 0xe6800000-0xe68fffff 64bit pref]
[    0.527881] kernel: pci 0000:00:17.5: PCI bridge to [bus 18]
[    0.527915] kernel: pci 0000:00:17.5:   bridge window [mem 0xfbe00000-0xfbefffff]
[    0.527947] kernel: pci 0000:00:17.5:   bridge window [mem 0xe6400000-0xe64fffff 64bit pref]
[    0.528378] kernel: pci 0000:00:17.6: PCI bridge to [bus 19]
[    0.528405] kernel: pci 0000:00:17.6:   bridge window [mem 0xfba00000-0xfbafffff]
[    0.528436] kernel: pci 0000:00:17.6:   bridge window [mem 0xe6000000-0xe60fffff 64bit pref]
[    0.528953] kernel: pci 0000:00:17.7: PCI bridge to [bus 1a]
[    0.528990] kernel: pci 0000:00:17.7:   bridge window [mem 0xfb600000-0xfb6fffff]
[    0.529023] kernel: pci 0000:00:17.7:   bridge window [mem 0xe5c00000-0xe5cfffff 64bit pref]
[    0.529484] kernel: pci 0000:00:18.0: PCI bridge to [bus 1b]
[    0.529503] kernel: pci 0000:00:18.0:   bridge window [io  0x7000-0x7fff]
[    0.529520] kernel: pci 0000:00:18.0:   bridge window [mem 0xfd100000-0xfd1fffff]
[    0.529551] kernel: pci 0000:00:18.0:   bridge window [mem 0xe7700000-0xe77fffff 64bit pref]
[    0.529991] kernel: pci 0000:00:18.1: PCI bridge to [bus 1c]
[    0.530047] kernel: pci 0000:00:18.1:   bridge window [io  0xb000-0xbfff]
[    0.530067] kernel: pci 0000:00:18.1:   bridge window [mem 0xfcd00000-0xfcdfffff]
[    0.530099] kernel: pci 0000:00:18.1:   bridge window [mem 0xe7300000-0xe73fffff 64bit pref]
[    0.530544] kernel: pci 0000:00:18.2: PCI bridge to [bus 1d]
[    0.530576] kernel: pci 0000:00:18.2:   bridge window [mem 0xfc900000-0xfc9fffff]
[    0.530607] kernel: pci 0000:00:18.2:   bridge window [mem 0xe6f00000-0xe6ffffff 64bit pref]
[    0.531041] kernel: pci 0000:00:18.3: PCI bridge to [bus 1e]
[    0.531073] kernel: pci 0000:00:18.3:   bridge window [mem 0xfc500000-0xfc5fffff]
[    0.531104] kernel: pci 0000:00:18.3:   bridge window [mem 0xe6b00000-0xe6bfffff 64bit pref]
[    0.531536] kernel: pci 0000:00:18.4: PCI bridge to [bus 1f]
[    0.531568] kernel: pci 0000:00:18.4:   bridge window [mem 0xfc100000-0xfc1fffff]
[    0.531599] kernel: pci 0000:00:18.4:   bridge window [mem 0xe6700000-0xe67fffff 64bit pref]
[    0.532033] kernel: pci 0000:00:18.5: PCI bridge to [bus 20]
[    0.532064] kernel: pci 0000:00:18.5:   bridge window [mem 0xfbd00000-0xfbdfffff]
[    0.532095] kernel: pci 0000:00:18.5:   bridge window [mem 0xe6300000-0xe63fffff 64bit pref]
[    0.532392] kernel: pci 0000:00:18.6: PCI bridge to [bus 21]
[    0.532420] kernel: pci 0000:00:18.6:   bridge window [mem 0xfb900000-0xfb9fffff]
[    0.532459] kernel: pci 0000:00:18.6:   bridge window [mem 0xe5f00000-0xe5ffffff 64bit pref]
[    0.532942] kernel: pci 0000:00:18.7: PCI bridge to [bus 22]
[    0.532984] kernel: pci 0000:00:18.7:   bridge window [mem 0xfb500000-0xfb5fffff]
[    0.533016] kernel: pci 0000:00:18.7:   bridge window [mem 0xe5b00000-0xe5bfffff 64bit pref]
[    0.537075] kernel: ACPI: PCI: Interrupt link LNKA configured for IRQ 9
[    0.537174] kernel: ACPI: PCI: Interrupt link LNKB configured for IRQ 11
[    0.537266] kernel: ACPI: PCI: Interrupt link LNKC configured for IRQ 10
[    0.537355] kernel: ACPI: PCI: Interrupt link LNKD configured for IRQ 7
[    0.586512] kernel: iommu: Default domain type: Translated 
[    0.586512] kernel: iommu: DMA domain TLB invalidation policy: lazy mode 
[    0.586512] kernel: SCSI subsystem initialized
[    0.586512] kernel: libata version 3.00 loaded.
[    0.586512] kernel: ACPI: bus type USB registered
[    0.586512] kernel: usbcore: registered new interface driver usbfs
[    0.586512] kernel: usbcore: registered new interface driver hub
[    0.586512] kernel: usbcore: registered new device driver usb
[    0.586512] kernel: pps_core: LinuxPPS API ver. 1 registered
[    0.586512] kernel: pps_core: Software ver. 5.3.6 - Copyright 2005-2007 Rodolfo Giometti <giometti@linux.it>
[    0.586512] kernel: PTP clock support registered
[    0.586512] kernel: EDAC MC: Ver: 3.0.0
[    0.588829] kernel: NetLabel: Initializing
[    0.588829] kernel: NetLabel:  domain hash size = 128
[    0.588829] kernel: NetLabel:  protocols = UNLABELED CIPSOv4 CALIPSO
[    0.588829] kernel: NetLabel:  unlabeled traffic allowed by default
[    0.588829] kernel: mctp: management component transport protocol core
[    0.588829] kernel: NET: Registered PF_MCTP protocol family
[    0.588829] kernel: PCI: Using ACPI for IRQ routing
[    0.615222] kernel: PCI: pci_cache_line_size set to 64 bytes
[    0.615987] kernel: e820: reserve RAM buffer [mem 0x0009e800-0x0009ffff]
[    0.615992] kernel: e820: reserve RAM buffer [mem 0xbfed0000-0xbfffffff]
[    0.616048] kernel: pci 0000:00:0f.0: vgaarb: setting as boot VGA device
[    0.616048] kernel: pci 0000:00:0f.0: vgaarb: bridge control possible
[    0.616048] kernel: pci 0000:00:0f.0: vgaarb: VGA device added: decodes=io+mem,owns=io+mem,locks=none
[    0.616048] kernel: vgaarb: loaded
[    0.617225] kernel: hpet0: at MMIO 0xfed00000, IRQs 2, 8, 0, 0, 0, 0, 0, 0, 0, 0, 0, 0, 0, 0, 0, 0
[    0.617236] kernel: hpet0: 16 comparators, 64-bit 14.318180 MHz counter
[    0.619488] kernel: clocksource: Switched to clocksource tsc-early
[    0.619722] kernel: VFS: Disk quotas dquot_6.6.0
[    0.619762] kernel: VFS: Dquot-cache hash table entries: 512 (order 0, 4096 bytes)
[    0.619916] kernel: AppArmor: AppArmor Filesystem Enabled
[    0.619938] kernel: pnp: PnP ACPI init
[    0.620301] kernel: system 00:00: [io  0x1000-0x103f] has been reserved
[    0.620304] kernel: system 00:00: [io  0x1040-0x104f] has been reserved
[    0.620307] kernel: system 00:00: [io  0x0cf0-0x0cf1] has been reserved
[    0.620392] kernel: system 00:04: [mem 0xfed00000-0xfed003ff] has been reserved
[    0.620568] kernel: pnp 00:06: [dma 2]
[    0.620866] kernel: system 00:07: [io  0xfce0-0xfcff] has been reserved
[    0.620870] kernel: system 00:07: [mem 0xf0000000-0xf7ffffff] has been reserved
[    0.620872] kernel: system 00:07: [mem 0xfe800000-0xfe9fffff] has been reserved
[    0.656279] kernel: pnp: PnP ACPI: found 8 devices
[    0.666441] kernel: clocksource: acpi_pm: mask: 0xffffff max_cycles: 0xffffff, max_idle_ns: 2085701024 ns
[    0.666524] kernel: NET: Registered PF_INET protocol family
[    0.667035] kernel: IP idents hash table entries: 262144 (order: 9, 2097152 bytes, linear)
[    0.669673] kernel: tcp_listen_portaddr_hash hash table entries: 8192 (order: 5, 131072 bytes, linear)
[    0.669744] kernel: Table-perturb hash table entries: 65536 (order: 6, 262144 bytes, linear)
[    0.670064] kernel: TCP established hash table entries: 131072 (order: 8, 1048576 bytes, linear)
[    0.670404] kernel: TCP bind hash table entries: 65536 (order: 8, 1048576 bytes, linear)
[    0.670451] kernel: TCP: Hash tables configured (established 131072 bind 65536)
[    0.670769] kernel: MPTCP token hash table entries: 16384 (order: 6, 393216 bytes, linear)
[    0.670868] kernel: UDP hash table entries: 8192 (order: 6, 262144 bytes, linear)
[    0.670945] kernel: UDP-Lite hash table entries: 8192 (order: 6, 262144 bytes, linear)
[    0.671120] kernel: NET: Registered PF_UNIX/PF_LOCAL protocol family
[    0.671124] kernel: NET: Registered PF_XDP protocol family
[    0.671140] kernel: pci 0000:00:15.3: bridge window [io  0x1000-0x0fff] to [bus 06] add_size 1000
[    0.671143] kernel: pci 0000:00:15.4: bridge window [io  0x1000-0x0fff] to [bus 07] add_size 1000
[    0.671145] kernel: pci 0000:00:15.5: bridge window [io  0x1000-0x0fff] to [bus 08] add_size 1000
[    0.671146] kernel: pci 0000:00:15.6: bridge window [io  0x1000-0x0fff] to [bus 09] add_size 1000
[    0.671148] kernel: pci 0000:00:15.7: bridge window [io  0x1000-0x0fff] to [bus 0a] add_size 1000
[    0.671149] kernel: pci 0000:00:16.3: bridge window [io  0x1000-0x0fff] to [bus 0e] add_size 1000
[    0.671151] kernel: pci 0000:00:16.4: bridge window [io  0x1000-0x0fff] to [bus 0f] add_size 1000
[    0.671152] kernel: pci 0000:00:16.5: bridge window [io  0x1000-0x0fff] to [bus 10] add_size 1000
[    0.671153] kernel: pci 0000:00:16.6: bridge window [io  0x1000-0x0fff] to [bus 11] add_size 1000
[    0.671154] kernel: pci 0000:00:16.7: bridge window [io  0x1000-0x0fff] to [bus 12] add_size 1000
[    0.671156] kernel: pci 0000:00:17.3: bridge window [io  0x1000-0x0fff] to [bus 16] add_size 1000
[    0.671158] kernel: pci 0000:00:17.4: bridge window [io  0x1000-0x0fff] to [bus 17] add_size 1000
[    0.671159] kernel: pci 0000:00:17.5: bridge window [io  0x1000-0x0fff] to [bus 18] add_size 1000
[    0.671160] kernel: pci 0000:00:17.6: bridge window [io  0x1000-0x0fff] to [bus 19] add_size 1000
[    0.671161] kernel: pci 0000:00:17.7: bridge window [io  0x1000-0x0fff] to [bus 1a] add_size 1000
[    0.671163] kernel: pci 0000:00:18.2: bridge window [io  0x1000-0x0fff] to [bus 1d] add_size 1000
[    0.671164] kernel: pci 0000:00:18.3: bridge window [io  0x1000-0x0fff] to [bus 1e] add_size 1000
[    0.671166] kernel: pci 0000:00:18.4: bridge window [io  0x1000-0x0fff] to [bus 1f] add_size 1000
[    0.671167] kernel: pci 0000:00:18.5: bridge window [io  0x1000-0x0fff] to [bus 20] add_size 1000
[    0.671169] kernel: pci 0000:00:18.6: bridge window [io  0x1000-0x0fff] to [bus 21] add_size 1000
[    0.671170] kernel: pci 0000:00:18.7: bridge window [io  0x1000-0x0fff] to [bus 22] add_size 1000
[    0.671181] kernel: pci 0000:00:10.0: BAR 6: assigned [mem 0xc0000000-0xc0003fff pref]
[    0.671185] kernel: pci 0000:00:15.3: BAR 13: no space for [io  size 0x1000]
[    0.671186] kernel: pci 0000:00:15.3: BAR 13: failed to assign [io  size 0x1000]
[    0.671188] kernel: pci 0000:00:15.4: BAR 13: no space for [io  size 0x1000]
[    0.671189] kernel: pci 0000:00:15.4: BAR 13: failed to assign [io  size 0x1000]
[    0.671190] kernel: pci 0000:00:15.5: BAR 13: no space for [io  size 0x1000]
[    0.671191] kernel: pci 0000:00:15.5: BAR 13: failed to assign [io  size 0x1000]
[    0.671193] kernel: pci 0000:00:15.6: BAR 13: no space for [io  size 0x1000]
[    0.671194] kernel: pci 0000:00:15.6: BAR 13: failed to assign [io  size 0x1000]
[    0.671195] kernel: pci 0000:00:15.7: BAR 13: no space for [io  size 0x1000]
[    0.671196] kernel: pci 0000:00:15.7: BAR 13: failed to assign [io  size 0x1000]
[    0.671198] kernel: pci 0000:00:16.3: BAR 13: no space for [io  size 0x1000]
[    0.671198] kernel: pci 0000:00:16.3: BAR 13: failed to assign [io  size 0x1000]
[    0.671200] kernel: pci 0000:00:16.4: BAR 13: no space for [io  size 0x1000]
[    0.671201] kernel: pci 0000:00:16.4: BAR 13: failed to assign [io  size 0x1000]
[    0.671202] kernel: pci 0000:00:16.5: BAR 13: no space for [io  size 0x1000]
[    0.671203] kernel: pci 0000:00:16.5: BAR 13: failed to assign [io  size 0x1000]
[    0.671205] kernel: pci 0000:00:16.6: BAR 13: no space for [io  size 0x1000]
[    0.671206] kernel: pci 0000:00:16.6: BAR 13: failed to assign [io  size 0x1000]
[    0.671207] kernel: pci 0000:00:16.7: BAR 13: no space for [io  size 0x1000]
[    0.671208] kernel: pci 0000:00:16.7: BAR 13: failed to assign [io  size 0x1000]
[    0.671210] kernel: pci 0000:00:17.3: BAR 13: no space for [io  size 0x1000]
[    0.671211] kernel: pci 0000:00:17.3: BAR 13: failed to assign [io  size 0x1000]
[    0.671212] kernel: pci 0000:00:17.4: BAR 13: no space for [io  size 0x1000]
[    0.671213] kernel: pci 0000:00:17.4: BAR 13: failed to assign [io  size 0x1000]
[    0.671214] kernel: pci 0000:00:17.5: BAR 13: no space for [io  size 0x1000]
[    0.671215] kernel: pci 0000:00:17.5: BAR 13: failed to assign [io  size 0x1000]
[    0.671217] kernel: pci 0000:00:17.6: BAR 13: no space for [io  size 0x1000]
[    0.671218] kernel: pci 0000:00:17.6: BAR 13: failed to assign [io  size 0x1000]
[    0.671219] kernel: pci 0000:00:17.7: BAR 13: no space for [io  size 0x1000]
[    0.671220] kernel: pci 0000:00:17.7: BAR 13: failed to assign [io  size 0x1000]
[    0.671221] kernel: pci 0000:00:18.2: BAR 13: no space for [io  size 0x1000]
[    0.671222] kernel: pci 0000:00:18.2: BAR 13: failed to assign [io  size 0x1000]
[    0.671224] kernel: pci 0000:00:18.3: BAR 13: no space for [io  size 0x1000]
[    0.671225] kernel: pci 0000:00:18.3: BAR 13: failed to assign [io  size 0x1000]
[    0.671226] kernel: pci 0000:00:18.4: BAR 13: no space for [io  size 0x1000]
[    0.671227] kernel: pci 0000:00:18.4: BAR 13: failed to assign [io  size 0x1000]
[    0.671228] kernel: pci 0000:00:18.5: BAR 13: no space for [io  size 0x1000]
[    0.671229] kernel: pci 0000:00:18.5: BAR 13: failed to assign [io  size 0x1000]
[    0.671231] kernel: pci 0000:00:18.6: BAR 13: no space for [io  size 0x1000]
[    0.671232] kernel: pci 0000:00:18.6: BAR 13: failed to assign [io  size 0x1000]
[    0.671233] kernel: pci 0000:00:18.7: BAR 13: no space for [io  size 0x1000]
[    0.671234] kernel: pci 0000:00:18.7: BAR 13: failed to assign [io  size 0x1000]
[    0.671237] kernel: pci 0000:00:18.7: BAR 13: no space for [io  size 0x1000]
[    0.671238] kernel: pci 0000:00:18.7: BAR 13: failed to assign [io  size 0x1000]
[    0.671240] kernel: pci 0000:00:18.6: BAR 13: no space for [io  size 0x1000]
[    0.671241] kernel: pci 0000:00:18.6: BAR 13: failed to assign [io  size 0x1000]
[    0.671242] kernel: pci 0000:00:18.5: BAR 13: no space for [io  size 0x1000]
[    0.671243] kernel: pci 0000:00:18.5: BAR 13: failed to assign [io  size 0x1000]
[    0.671244] kernel: pci 0000:00:18.4: BAR 13: no space for [io  size 0x1000]
[    0.671245] kernel: pci 0000:00:18.4: BAR 13: failed to assign [io  size 0x1000]
[    0.671247] kernel: pci 0000:00:18.3: BAR 13: no space for [io  size 0x1000]
[    0.671248] kernel: pci 0000:00:18.3: BAR 13: failed to assign [io  size 0x1000]
[    0.671249] kernel: pci 0000:00:18.2: BAR 13: no space for [io  size 0x1000]
[    0.671250] kernel: pci 0000:00:18.2: BAR 13: failed to assign [io  size 0x1000]
[    0.671252] kernel: pci 0000:00:17.7: BAR 13: no space for [io  size 0x1000]
[    0.671253] kernel: pci 0000:00:17.7: BAR 13: failed to assign [io  size 0x1000]
[    0.671254] kernel: pci 0000:00:17.6: BAR 13: no space for [io  size 0x1000]
[    0.671255] kernel: pci 0000:00:17.6: BAR 13: failed to assign [io  size 0x1000]
[    0.671256] kernel: pci 0000:00:17.5: BAR 13: no space for [io  size 0x1000]
[    0.671257] kernel: pci 0000:00:17.5: BAR 13: failed to assign [io  size 0x1000]
[    0.671259] kernel: pci 0000:00:17.4: BAR 13: no space for [io  size 0x1000]
[    0.671260] kernel: pci 0000:00:17.4: BAR 13: failed to assign [io  size 0x1000]
[    0.671261] kernel: pci 0000:00:17.3: BAR 13: no space for [io  size 0x1000]
[    0.671262] kernel: pci 0000:00:17.3: BAR 13: failed to assign [io  size 0x1000]
[    0.671263] kernel: pci 0000:00:16.7: BAR 13: no space for [io  size 0x1000]
[    0.671264] kernel: pci 0000:00:16.7: BAR 13: failed to assign [io  size 0x1000]
[    0.671266] kernel: pci 0000:00:16.6: BAR 13: no space for [io  size 0x1000]
[    0.671267] kernel: pci 0000:00:16.6: BAR 13: failed to assign [io  size 0x1000]
[    0.671268] kernel: pci 0000:00:16.5: BAR 13: no space for [io  size 0x1000]
[    0.671269] kernel: pci 0000:00:16.5: BAR 13: failed to assign [io  size 0x1000]
[    0.671270] kernel: pci 0000:00:16.4: BAR 13: no space for [io  size 0x1000]
[    0.671271] kernel: pci 0000:00:16.4: BAR 13: failed to assign [io  size 0x1000]
[    0.671273] kernel: pci 0000:00:16.3: BAR 13: no space for [io  size 0x1000]
[    0.671274] kernel: pci 0000:00:16.3: BAR 13: failed to assign [io  size 0x1000]
[    0.671275] kernel: pci 0000:00:15.7: BAR 13: no space for [io  size 0x1000]
[    0.671276] kernel: pci 0000:00:15.7: BAR 13: failed to assign [io  size 0x1000]
[    0.671278] kernel: pci 0000:00:15.6: BAR 13: no space for [io  size 0x1000]
[    0.671278] kernel: pci 0000:00:15.6: BAR 13: failed to assign [io  size 0x1000]
[    0.671280] kernel: pci 0000:00:15.5: BAR 13: no space for [io  size 0x1000]
[    0.671281] kernel: pci 0000:00:15.5: BAR 13: failed to assign [io  size 0x1000]
[    0.671282] kernel: pci 0000:00:15.4: BAR 13: no space for [io  size 0x1000]
[    0.671283] kernel: pci 0000:00:15.4: BAR 13: failed to assign [io  size 0x1000]
[    0.671285] kernel: pci 0000:00:15.3: BAR 13: no space for [io  size 0x1000]
[    0.671286] kernel: pci 0000:00:15.3: BAR 13: failed to assign [io  size 0x1000]
[    0.671287] kernel: pci 0000:00:01.0: PCI bridge to [bus 01]
[    0.671395] kernel: pci 0000:02:01.0: BAR 6: assigned [mem 0xfd500000-0xfd50ffff pref]
[    0.671397] kernel: pci 0000:02:04.0: BAR 6: assigned [mem 0xfd510000-0xfd51ffff pref]
[    0.671399] kernel: pci 0000:00:11.0: PCI bridge to [bus 02]
[    0.671411] kernel: pci 0000:00:11.0:   bridge window [io  0x2000-0x3fff]
[    0.671442] kernel: pci 0000:00:11.0:   bridge window [mem 0xfd500000-0xfdffffff]
[    0.671458] kernel: pci 0000:00:11.0:   bridge window [mem 0xe7b00000-0xe7ffffff 64bit pref]
[    0.671489] kernel: pci 0000:00:15.0: PCI bridge to [bus 03]
[    0.671503] kernel: pci 0000:00:15.0:   bridge window [io  0x4000-0x4fff]
[    0.671526] kernel: pci 0000:00:15.0:   bridge window [mem 0xfd400000-0xfd4fffff]
[    0.671542] kernel: pci 0000:00:15.0:   bridge window [mem 0xe7a00000-0xe7afffff 64bit pref]
[    0.671605] kernel: pci 0000:00:15.1: PCI bridge to [bus 04]
[    0.671621] kernel: pci 0000:00:15.1:   bridge window [io  0x8000-0x8fff]
[    0.671645] kernel: pci 0000:00:15.1:   bridge window [mem 0xfd000000-0xfd0fffff]
[    0.671661] kernel: pci 0000:00:15.1:   bridge window [mem 0xe7600000-0xe76fffff 64bit pref]
[    0.671701] kernel: pci 0000:00:15.2: PCI bridge to [bus 05]
[    0.671711] kernel: pci 0000:00:15.2:   bridge window [io  0xc000-0xcfff]
[    0.671734] kernel: pci 0000:00:15.2:   bridge window [mem 0xfcc00000-0xfccfffff]
[    0.671750] kernel: pci 0000:00:15.2:   bridge window [mem 0xe7200000-0xe72fffff 64bit pref]
[    0.671789] kernel: pci 0000:00:15.3: PCI bridge to [bus 06]
[    0.671819] kernel: pci 0000:00:15.3:   bridge window [mem 0xfc800000-0xfc8fffff]
[    0.671835] kernel: pci 0000:00:15.3:   bridge window [mem 0xe6e00000-0xe6efffff 64bit pref]
[    0.671874] kernel: pci 0000:00:15.4: PCI bridge to [bus 07]
[    0.671898] kernel: pci 0000:00:15.4:   bridge window [mem 0xfc400000-0xfc4fffff]
[    0.671914] kernel: pci 0000:00:15.4:   bridge window [mem 0xe6a00000-0xe6afffff 64bit pref]
[    0.671953] kernel: pci 0000:00:15.5: PCI bridge to [bus 08]
[    0.671977] kernel: pci 0000:00:15.5:   bridge window [mem 0xfc000000-0xfc0fffff]
[    0.671993] kernel: pci 0000:00:15.5:   bridge window [mem 0xe6600000-0xe66fffff 64bit pref]
[    0.672032] kernel: pci 0000:00:15.6: PCI bridge to [bus 09]
[    0.672056] kernel: pci 0000:00:15.6:   bridge window [mem 0xfbc00000-0xfbcfffff]
[    0.672072] kernel: pci 0000:00:15.6:   bridge window [mem 0xe6200000-0xe62fffff 64bit pref]
[    0.672111] kernel: pci 0000:00:15.7: PCI bridge to [bus 0a]
[    0.672135] kernel: pci 0000:00:15.7:   bridge window [mem 0xfb800000-0xfb8fffff]
[    0.672151] kernel: pci 0000:00:15.7:   bridge window [mem 0xe5e00000-0xe5efffff 64bit pref]
[    0.672191] kernel: pci 0000:00:16.0: PCI bridge to [bus 0b]
[    0.672200] kernel: pci 0000:00:16.0:   bridge window [io  0x5000-0x5fff]
[    0.672223] kernel: pci 0000:00:16.0:   bridge window [mem 0xfd300000-0xfd3fffff]
[    0.672239] kernel: pci 0000:00:16.0:   bridge window [mem 0xe7900000-0xe79fffff 64bit pref]
[    0.672278] kernel: pci 0000:00:16.1: PCI bridge to [bus 0c]
[    0.672287] kernel: pci 0000:00:16.1:   bridge window [io  0x9000-0x9fff]
[    0.672316] kernel: pci 0000:00:16.1:   bridge window [mem 0xfcf00000-0xfcffffff]
[    0.672332] kernel: pci 0000:00:16.1:   bridge window [mem 0xe7500000-0xe75fffff 64bit pref]
[    0.672371] kernel: pci 0000:00:16.2: PCI bridge to [bus 0d]
[    0.672380] kernel: pci 0000:00:16.2:   bridge window [io  0xd000-0xdfff]
[    0.672414] kernel: pci 0000:00:16.2:   bridge window [mem 0xfcb00000-0xfcbfffff]
[    0.672430] kernel: pci 0000:00:16.2:   bridge window [mem 0xe7100000-0xe71fffff 64bit pref]
[    0.672470] kernel: pci 0000:00:16.3: PCI bridge to [bus 0e]
[    0.672493] kernel: pci 0000:00:16.3:   bridge window [mem 0xfc700000-0xfc7fffff]
[    0.672509] kernel: pci 0000:00:16.3:   bridge window [mem 0xe6d00000-0xe6dfffff 64bit pref]
[    0.672622] kernel: pci 0000:00:16.4: PCI bridge to [bus 0f]
[    0.672648] kernel: pci 0000:00:16.4:   bridge window [mem 0xfc300000-0xfc3fffff]
[    0.672664] kernel: pci 0000:00:16.4:   bridge window [mem 0xe6900000-0xe69fffff 64bit pref]
[    0.672704] kernel: pci 0000:00:16.5: PCI bridge to [bus 10]
[    0.672727] kernel: pci 0000:00:16.5:   bridge window [mem 0xfbf00000-0xfbffffff]
[    0.672743] kernel: pci 0000:00:16.5:   bridge window [mem 0xe6500000-0xe65fffff 64bit pref]
[    0.672782] kernel: pci 0000:00:16.6: PCI bridge to [bus 11]
[    0.672812] kernel: pci 0000:00:16.6:   bridge window [mem 0xfbb00000-0xfbbfffff]
[    0.672828] kernel: pci 0000:00:16.6:   bridge window [mem 0xe6100000-0xe61fffff 64bit pref]
[    0.672867] kernel: pci 0000:00:16.7: PCI bridge to [bus 12]
[    0.672891] kernel: pci 0000:00:16.7:   bridge window [mem 0xfb700000-0xfb7fffff]
[    0.672907] kernel: pci 0000:00:16.7:   bridge window [mem 0xe5d00000-0xe5dfffff 64bit pref]
[    0.672946] kernel: pci 0000:00:17.0: PCI bridge to [bus 13]
[    0.672955] kernel: pci 0000:00:17.0:   bridge window [io  0x6000-0x6fff]
[    0.672978] kernel: pci 0000:00:17.0:   bridge window [mem 0xfd200000-0xfd2fffff]
[    0.672994] kernel: pci 0000:00:17.0:   bridge window [mem 0xe7800000-0xe78fffff 64bit pref]
[    0.673034] kernel: pci 0000:00:17.1: PCI bridge to [bus 14]
[    0.673043] kernel: pci 0000:00:17.1:   bridge window [io  0xa000-0xafff]
[    0.673066] kernel: pci 0000:00:17.1:   bridge window [mem 0xfce00000-0xfcefffff]
[    0.673082] kernel: pci 0000:00:17.1:   bridge window [mem 0xe7400000-0xe74fffff 64bit pref]
[    0.673121] kernel: pci 0000:00:17.2: PCI bridge to [bus 15]
[    0.673130] kernel: pci 0000:00:17.2:   bridge window [io  0xe000-0xefff]
[    0.673154] kernel: pci 0000:00:17.2:   bridge window [mem 0xfca00000-0xfcafffff]
[    0.673169] kernel: pci 0000:00:17.2:   bridge window [mem 0xe7000000-0xe70fffff 64bit pref]
[    0.673208] kernel: pci 0000:00:17.3: PCI bridge to [bus 16]
[    0.673232] kernel: pci 0000:00:17.3:   bridge window [mem 0xfc600000-0xfc6fffff]
[    0.673248] kernel: pci 0000:00:17.3:   bridge window [mem 0xe6c00000-0xe6cfffff 64bit pref]
[    0.673286] kernel: pci 0000:00:17.4: PCI bridge to [bus 17]
[    0.673316] kernel: pci 0000:00:17.4:   bridge window [mem 0xfc200000-0xfc2fffff]
[    0.673332] kernel: pci 0000:00:17.4:   bridge window [mem 0xe6800000-0xe68fffff 64bit pref]
[    0.673371] kernel: pci 0000:00:17.5: PCI bridge to [bus 18]
[    0.673395] kernel: pci 0000:00:17.5:   bridge window [mem 0xfbe00000-0xfbefffff]
[    0.673411] kernel: pci 0000:00:17.5:   bridge window [mem 0xe6400000-0xe64fffff 64bit pref]
[    0.673449] kernel: pci 0000:00:17.6: PCI bridge to [bus 19]
[    0.673473] kernel: pci 0000:00:17.6:   bridge window [mem 0xfba00000-0xfbafffff]
[    0.673489] kernel: pci 0000:00:17.6:   bridge window [mem 0xe6000000-0xe60fffff 64bit pref]
[    0.673528] kernel: pci 0000:00:17.7: PCI bridge to [bus 1a]
[    0.673551] kernel: pci 0000:00:17.7:   bridge window [mem 0xfb600000-0xfb6fffff]
[    0.673567] kernel: pci 0000:00:17.7:   bridge window [mem 0xe5c00000-0xe5cfffff 64bit pref]
[    0.673607] kernel: pci 0000:00:18.0: PCI bridge to [bus 1b]
[    0.673617] kernel: pci 0000:00:18.0:   bridge window [io  0x7000-0x7fff]
[    0.673640] kernel: pci 0000:00:18.0:   bridge window [mem 0xfd100000-0xfd1fffff]
[    0.673656] kernel: pci 0000:00:18.0:   bridge window [mem 0xe7700000-0xe77fffff 64bit pref]
[    0.673695] kernel: pci 0000:00:18.1: PCI bridge to [bus 1c]
[    0.673704] kernel: pci 0000:00:18.1:   bridge window [io  0xb000-0xbfff]
[    0.673728] kernel: pci 0000:00:18.1:   bridge window [mem 0xfcd00000-0xfcdfffff]
[    0.673743] kernel: pci 0000:00:18.1:   bridge window [mem 0xe7300000-0xe73fffff 64bit pref]
[    0.673782] kernel: pci 0000:00:18.2: PCI bridge to [bus 1d]
[    0.673811] kernel: pci 0000:00:18.2:   bridge window [mem 0xfc900000-0xfc9fffff]
[    0.673827] kernel: pci 0000:00:18.2:   bridge window [mem 0xe6f00000-0xe6ffffff 64bit pref]
[    0.673866] kernel: pci 0000:00:18.3: PCI bridge to [bus 1e]
[    0.673890] kernel: pci 0000:00:18.3:   bridge window [mem 0xfc500000-0xfc5fffff]
[    0.673906] kernel: pci 0000:00:18.3:   bridge window [mem 0xe6b00000-0xe6bfffff 64bit pref]
[    0.673944] kernel: pci 0000:00:18.4: PCI bridge to [bus 1f]
[    0.673968] kernel: pci 0000:00:18.4:   bridge window [mem 0xfc100000-0xfc1fffff]
[    0.673984] kernel: pci 0000:00:18.4:   bridge window [mem 0xe6700000-0xe67fffff 64bit pref]
[    0.674023] kernel: pci 0000:00:18.5: PCI bridge to [bus 20]
[    0.674048] kernel: pci 0000:00:18.5:   bridge window [mem 0xfbd00000-0xfbdfffff]
[    0.674064] kernel: pci 0000:00:18.5:   bridge window [mem 0xe6300000-0xe63fffff 64bit pref]
[    0.674102] kernel: pci 0000:00:18.6: PCI bridge to [bus 21]
[    0.674126] kernel: pci 0000:00:18.6:   bridge window [mem 0xfb900000-0xfb9fffff]
[    0.674142] kernel: pci 0000:00:18.6:   bridge window [mem 0xe5f00000-0xe5ffffff 64bit pref]
[    0.674181] kernel: pci 0000:00:18.7: PCI bridge to [bus 22]
[    0.674205] kernel: pci 0000:00:18.7:   bridge window [mem 0xfb500000-0xfb5fffff]
[    0.674221] kernel: pci 0000:00:18.7:   bridge window [mem 0xe5b00000-0xe5bfffff 64bit pref]
[    0.674260] kernel: pci_bus 0000:00: resource 4 [mem 0x000a0000-0x000bffff window]
[    0.674262] kernel: pci_bus 0000:00: resource 5 [mem 0x000d0000-0x000dbfff window]
[    0.674263] kernel: pci_bus 0000:00: resource 6 [mem 0xc0000000-0xfebfffff window]
[    0.674264] kernel: pci_bus 0000:00: resource 7 [io  0x0000-0x0cf7 window]
[    0.674265] kernel: pci_bus 0000:00: resource 8 [io  0x0d00-0xfeff window]
[    0.674267] kernel: pci_bus 0000:02: resource 0 [io  0x2000-0x3fff]
[    0.674268] kernel: pci_bus 0000:02: resource 1 [mem 0xfd500000-0xfdffffff]
[    0.674269] kernel: pci_bus 0000:02: resource 2 [mem 0xe7b00000-0xe7ffffff 64bit pref]
[    0.674270] kernel: pci_bus 0000:02: resource 4 [mem 0x000a0000-0x000bffff window]
[    0.674271] kernel: pci_bus 0000:02: resource 5 [mem 0x000d0000-0x000dbfff window]
[    0.674272] kernel: pci_bus 0000:02: resource 6 [mem 0xc0000000-0xfebfffff window]
[    0.674273] kernel: pci_bus 0000:02: resource 7 [io  0x0000-0x0cf7 window]
[    0.674274] kernel: pci_bus 0000:02: resource 8 [io  0x0d00-0xfeff window]
[    0.674275] kernel: pci_bus 0000:03: resource 0 [io  0x4000-0x4fff]
[    0.674276] kernel: pci_bus 0000:03: resource 1 [mem 0xfd400000-0xfd4fffff]
[    0.674277] kernel: pci_bus 0000:03: resource 2 [mem 0xe7a00000-0xe7afffff 64bit pref]
[    0.674278] kernel: pci_bus 0000:04: resource 0 [io  0x8000-0x8fff]
[    0.674279] kernel: pci_bus 0000:04: resource 1 [mem 0xfd000000-0xfd0fffff]
[    0.674280] kernel: pci_bus 0000:04: resource 2 [mem 0xe7600000-0xe76fffff 64bit pref]
[    0.674281] kernel: pci_bus 0000:05: resource 0 [io  0xc000-0xcfff]
[    0.674282] kernel: pci_bus 0000:05: resource 1 [mem 0xfcc00000-0xfccfffff]
[    0.674283] kernel: pci_bus 0000:05: resource 2 [mem 0xe7200000-0xe72fffff 64bit pref]
[    0.674285] kernel: pci_bus 0000:06: resource 1 [mem 0xfc800000-0xfc8fffff]
[    0.674285] kernel: pci_bus 0000:06: resource 2 [mem 0xe6e00000-0xe6efffff 64bit pref]
[    0.674287] kernel: pci_bus 0000:07: resource 1 [mem 0xfc400000-0xfc4fffff]
[    0.674295] kernel: pci_bus 0000:07: resource 2 [mem 0xe6a00000-0xe6afffff 64bit pref]
[    0.674296] kernel: pci_bus 0000:08: resource 1 [mem 0xfc000000-0xfc0fffff]
[    0.674297] kernel: pci_bus 0000:08: resource 2 [mem 0xe6600000-0xe66fffff 64bit pref]
