Apr  9 19:14:35 ree-virtual-machine kernel: [    9.077788] loop18: detected capacity change from 0 to 8
Apr  9 19:14:36 ree-virtual-machine kernel: [    9.907885] e1000: ens33 NIC Link is Up 1000 Mbps Full Duplex, Flow Control: None
Apr  9 19:14:36 ree-virtual-machine kernel: [    9.908585] IPv6: ADDRCONF(NETDEV_CHANGE): ens33: link becomes ready
Apr  9 19:14:36 ree-virtual-machine kernel: [   10.666127] rfkill: input handler disabled
Apr  9 19:14:37 ree-virtual-machine kernel: [   11.264342] vmwgfx 0000:00:0f.0: [drm] Using CursorMob mobid 35, max dimension 2048
Apr  9 19:14:37 ree-virtual-machine kernel: [   11.319026] vmwgfx 0000:00:0f.0: [drm] Using CursorMob mobid 1, max dimension 2048
Apr  9 19:14:47 ree-virtual-machine kernel: [   21.738269] kauditd_printk_skb: 35 callbacks suppressed
Apr  9 19:14:47 ree-virtual-machine kernel: [   21.738271] audit: type=1400 audit(1681038887.828:47): apparmor="DENIED" operation="capable" class="cap" profile="/snap/snapd/18596/usr/lib/snapd/snap-confine" pid=1547 comm="snap-confine" capability=12  capname="net_admin"
Apr  9 19:14:47 ree-virtual-machine kernel: [   21.738275] audit: type=1400 audit(1681038887.828:48): apparmor="DENIED" operation="capable" class="cap" profile="/snap/snapd/18596/usr/lib/snapd/snap-confine" pid=1547 comm="snap-confine" capability=38  capname="perfmon"
Apr  9 19:14:48 ree-virtual-machine kernel: [   21.937215] rfkill: input handler enabled
Apr  9 19:14:49 ree-virtual-machine kernel: [   23.001783] audit: type=1326 audit(1681038889.092:49): auid=1000 uid=1000 gid=1000 ses=3 subj=snap.snapd-desktop-integration.snapd-desktop-integration pid=1803 comm="snapd-desktop-i" exe="/snap/snapd-desktop-integration/57/usr/bin/snapd-desktop-integration" sig=0 arch=c000003e syscall=314 compat=0 ip=0x7f535105da3d code=0x50000
Apr  9 19:14:49 ree-virtual-machine kernel: [   23.770461] ISO 9660 Extensions: Microsoft Joliet Level 3
Apr  9 19:14:49 ree-virtual-machine kernel: [   23.771007] ISO 9660 Extensions: RRIP_1991A
Apr  9 19:14:50 ree-virtual-machine kernel: [   23.988876] rfkill: input handler disabled
Apr  9 19:14:51 ree-virtual-machine kernel: [   25.406021] audit: type=1400 audit(1681038891.496:50): apparmor="DENIED" operation="capable" class="cap" profile="/snap/snapd/18596/usr/lib/snapd/snap-confine" pid=2211 comm="snap-confine" capability=12  capname="net_admin"
Apr  9 19:14:51 ree-virtual-machine kernel: [   25.406067] audit: type=1400 audit(1681038891.496:51): apparmor="DENIED" operation="capable" class="cap" profile="/snap/snapd/18596/usr/lib/snapd/snap-confine" pid=2211 comm="snap-confine" capability=38  capname="perfmon"
Apr  9 19:14:51 ree-virtual-machine kernel: [   25.561903] audit: type=1326 audit(1681038891.652:52): auid=1000 uid=1000 gid=1000 ses=3 subj=snap.snapd-desktop-integration.snapd-desktop-integration pid=2303 comm="snapd-desktop-i" exe="/snap/snapd-desktop-integration/57/usr/bin/snapd-desktop-integration" sig=0 arch=c000003e syscall=314 compat=0 ip=0x7f7cb47a6a3d code=0x50000
Apr  9 19:14:52 ree-virtual-machine kernel: [   26.104598] audit: type=1326 audit(1681038892.196:53): auid=1000 uid=1000 gid=1000 ses=3 subj=snap.snap-store.snap-store pid=2031 comm="snap-store" exe="/snap/snap-store/638/usr/bin/snap-store" sig=0 arch=c000003e syscall=314 compat=0 ip=0x7fb4e845473d code=0x50000
Apr  9 19:14:52 ree-virtual-machine kernel: [   26.395443] input: VMware DnD UInput pointer as /devices/virtual/input/input6
Apr  9 19:14:53 ree-virtual-machine kernel: [   27.634350] audit: type=1107 audit(1681038893.724:54): pid=768 uid=102 auid=4294967295 ses=4294967295 subj=unconfined msg='apparmor="DENIED" operation="dbus_method_call"  bus="system" path="/org/freedesktop/PolicyKit1/Authority" interface="org.freedesktop.DBus.Properties" member="GetAll" mask="send" name=":1.4" pid=2031 label="snap.snap-store.snap-store" peer_pid=806 peer_label="unconfined"
Apr  9 19:14:53 ree-virtual-machine kernel: [   27.634350]  exe="/usr/bin/dbus-daemon" sauid=102 hostname=? addr=? terminal=?'
Apr  9 19:14:53 ree-virtual-machine kernel: [   27.634749] audit: type=1107 audit(1681038893.728:55): pid=768 uid=102 auid=4294967295 ses=4294967295 subj=unconfined msg='apparmor="DENIED" operation="dbus_method_call"  bus="system" path="/org/freedesktop/PolicyKit1/Authority" interface="org.freedesktop.PolicyKit1.Authority" member="CheckAuthorization" mask="send" name=":1.4" pid=2031 label="snap.snap-store.snap-store" peer_pid=806 peer_label="unconfined"
Apr  9 19:14:53 ree-virtual-machine kernel: [   27.634749]  exe="/usr/bin/dbus-daemon" sauid=102 hostname=? addr=? terminal=?'
Apr  9 19:14:53 ree-virtual-machine kernel: [   27.636951] audit: type=1107 audit(1681038893.728:56): pid=768 uid=102 auid=4294967295 ses=4294967295 subj=unconfined msg='apparmor="DENIED" operation="dbus_method_call"  bus="system" path="/org/freedesktop/PolicyKit1/Authority" interface="org.freedesktop.DBus.Properties" member="GetAll" mask="send" name=":1.4" pid=2031 label="snap.snap-store.snap-store" peer_pid=806 peer_label="unconfined"
Apr  9 19:14:53 ree-virtual-machine kernel: [   27.636951]  exe="/usr/bin/dbus-daemon" sauid=102 hostname=? addr=? terminal=?'
Apr  9 19:14:53 ree-virtual-machine kernel: [   27.637326] audit: type=1107 audit(1681038893.728:57): pid=768 uid=102 auid=4294967295 ses=4294967295 subj=unconfined msg='apparmor="DENIED" operation="dbus_method_call"  bus="system" path="/org/freedesktop/PolicyKit1/Authority" interface="org.freedesktop.PolicyKit1.Authority" member="CheckAuthorization" mask="send" name=":1.4" pid=2031 label="snap.snap-store.snap-store" peer_pid=806 peer_label="unconfined"
Apr  9 19:14:53 ree-virtual-machine kernel: [   27.637326]  exe="/usr/bin/dbus-daemon" sauid=102 hostname=? addr=? terminal=?'
Apr  9 19:14:54 ree-virtual-machine kernel: [   28.086789] audit: type=1400 audit(1681038894.176:58): apparmor="DENIED" operation="open" class="file" profile="snap.snap-store.snap-store" name="/etc/PackageKit/Vendor.conf" pid=2031 comm="snap-store" requested_mask="r" denied_mask="r" fsuid=1000 ouid=0
Apr  9 19:14:54 ree-virtual-machine kernel: [   28.577092] audit: type=1400 audit(1681038894.668:59): apparmor="DENIED" operation="open" class="file" profile="snap.snap-store.snap-store" name="/etc/appstream.conf" pid=2031 comm="snap-store" requested_mask="r" denied_mask="r" fsuid=1000 ouid=0
Apr  9 19:15:06 ree-virtual-machine kernel: [   43.331227] audit: type=1326 audit(1681038906.269:60): auid=1000 uid=1000 gid=1000 ses=3 subj=snap.snap-store.snap-store pid=2031 comm="pool-org.gnome." exe="/snap/snap-store/638/usr/bin/snap-store" sig=0 arch=c000003e syscall=93 compat=0 ip=0x7fb4e844b39b code=0x50000
Apr  9 19:17:43 ree-virtual-machine kernel: [  200.242729] rfkill: input handler enabled
Apr  9 19:21:20 ree-virtual-machine kernel: [    0.000000] Linux version 5.19.0-38-generic (buildd@lcy02-amd64-001) (x86_64-linux-gnu-gcc (Ubuntu 11.3.0-1ubuntu1~22.04) 11.3.0, GNU ld (GNU Binutils for Ubuntu) 2.38) #39~22.04.1-Ubuntu SMP PREEMPT_DYNAMIC Fri Mar 17 21:16:15 UTC 2 (Ubuntu 5.19.0-38.39~22.04.1-generic 5.19.17)
Apr  9 19:21:20 ree-virtual-machine kernel: [    0.000000] Command line: BOOT_IMAGE=/boot/vmlinuz-5.19.0-38-generic root=UUID=8de9989f-a6e4-4c92-a044-2c6d1909bf50 ro find_preseed=/preseed.cfg auto noprompt priority=critical locale=en_US quiet splash
Apr  9 19:21:20 ree-virtual-machine kernel: [    0.000000] KERNEL supported cpus:
Apr  9 19:21:20 ree-virtual-machine kernel: [    0.000000]   Intel GenuineIntel
Apr  9 19:21:20 ree-virtual-machine kernel: [    0.000000]   AMD AuthenticAMD
Apr  9 19:21:20 ree-virtual-machine kernel: [    0.000000]   Hygon HygonGenuine
Apr  9 19:21:20 ree-virtual-machine kernel: [    0.000000]   Centaur CentaurHauls
Apr  9 19:21:20 ree-virtual-machine kernel: [    0.000000]   zhaoxin   Shanghai  
Apr  9 19:21:20 ree-virtual-machine kernel: [    0.000000] Disabled fast string operations
Apr  9 19:21:20 ree-virtual-machine kernel: [    0.000000] x86/fpu: Supporting XSAVE feature 0x001: 'x87 floating point registers'
Apr  9 19:21:20 ree-virtual-machine kernel: [    0.000000] x86/fpu: Supporting XSAVE feature 0x002: 'SSE registers'
Apr  9 19:21:20 ree-virtual-machine kernel: [    0.000000] x86/fpu: Supporting XSAVE feature 0x004: 'AVX registers'
Apr  9 19:21:20 ree-virtual-machine kernel: [    0.000000] x86/fpu: xstate_offset[2]:  576, xstate_sizes[2]:  256
Apr  9 19:21:20 ree-virtual-machine kernel: [    0.000000] x86/fpu: Enabled xstate features 0x7, context size is 832 bytes, using 'compacted' format.
Apr  9 19:21:20 ree-virtual-machine kernel: [    0.000000] signal: max sigframe size: 1776
Apr  9 19:21:20 ree-virtual-machine kernel: [    0.000000] BIOS-provided physical RAM map:
Apr  9 19:21:20 ree-virtual-machine kernel: [    0.000000] BIOS-e820: [mem 0x0000000000000000-0x000000000009e7ff] usable
Apr  9 19:21:20 ree-virtual-machine kernel: [    0.000000] BIOS-e820: [mem 0x000000000009e800-0x000000000009ffff] reserved
Apr  9 19:21:20 ree-virtual-machine kernel: [    0.000000] BIOS-e820: [mem 0x00000000000dc000-0x00000000000fffff] reserved
Apr  9 19:21:20 ree-virtual-machine kernel: [    0.000000] BIOS-e820: [mem 0x0000000000100000-0x00000000bfecffff] usable
Apr  9 19:21:20 ree-virtual-machine kernel: [    0.000000] BIOS-e820: [mem 0x00000000bfed0000-0x00000000bfefefff] ACPI data
Apr  9 19:21:20 ree-virtual-machine kernel: [    0.000000] BIOS-e820: [mem 0x00000000bfeff000-0x00000000bfefffff] ACPI NVS
Apr  9 19:21:20 ree-virtual-machine kernel: [    0.000000] BIOS-e820: [mem 0x00000000bff00000-0x00000000bfffffff] usable
Apr  9 19:21:20 ree-virtual-machine kernel: [    0.000000] BIOS-e820: [mem 0x00000000f0000000-0x00000000f7ffffff] reserved
Apr  9 19:21:20 ree-virtual-machine kernel: [    0.000000] BIOS-e820: [mem 0x00000000fec00000-0x00000000fec0ffff] reserved
Apr  9 19:21:20 ree-virtual-machine kernel: [    0.000000] BIOS-e820: [mem 0x00000000fee00000-0x00000000fee00fff] reserved
Apr  9 19:21:20 ree-virtual-machine kernel: [    0.000000] BIOS-e820: [mem 0x00000000fffe0000-0x00000000ffffffff] reserved
Apr  9 19:21:20 ree-virtual-machine kernel: [    0.000000] BIOS-e820: [mem 0x0000000100000000-0x000000043fffffff] usable
Apr  9 19:21:20 ree-virtual-machine kernel: [    0.000000] NX (Execute Disable) protection: active
Apr  9 19:21:20 ree-virtual-machine kernel: [    0.000000] SMBIOS 2.7 present.
Apr  9 19:21:20 ree-virtual-machine kernel: [    0.000000] DMI: VMware, Inc. VMware Virtual Platform/440BX Desktop Reference Platform, BIOS 6.00 11/12/2020
Apr  9 19:21:20 ree-virtual-machine kernel: [    0.000000] vmware: hypercall mode: 0x02
Apr  9 19:21:20 ree-virtual-machine kernel: [    0.000000] Hypervisor detected: VMware
Apr  9 19:21:20 ree-virtual-machine kernel: [    0.000000] vmware: TSC freq read from hypervisor : 3600.000 MHz
Apr  9 19:21:20 ree-virtual-machine kernel: [    0.000000] vmware: Host bus clock speed read from hypervisor : 66000000 Hz
Apr  9 19:21:20 ree-virtual-machine kernel: [    0.000000] vmware: using clock offset of 7214162074 ns
Apr  9 19:21:20 ree-virtual-machine kernel: [    0.000014] tsc: Detected 3600.000 MHz processor
Apr  9 19:21:20 ree-virtual-machine kernel: [    0.001314] e820: update [mem 0x00000000-0x00000fff] usable ==> reserved
Apr  9 19:21:20 ree-virtual-machine kernel: [    0.001319] e820: remove [mem 0x000a0000-0x000fffff] usable
Apr  9 19:21:20 ree-virtual-machine kernel: [    0.001324] last_pfn = 0x440000 max_arch_pfn = 0x400000000
Apr  9 19:21:20 ree-virtual-machine kernel: [    0.001348] x86/PAT: Configuration [0-7]: WB  WC  UC- UC  WB  WP  UC- WT  
Apr  9 19:21:20 ree-virtual-machine kernel: [    0.001357] total RAM covered: 523264M
Apr  9 19:21:20 ree-virtual-machine kernel: [    0.001419]  gran_size: 64K 	chunk_size: 64K 	num_reg: 8  	lose cover RAM: 256G
Apr  9 19:21:20 ree-virtual-machine kernel: [    0.001421]  gran_size: 64K 	chunk_size: 128K 	num_reg: 8  	lose cover RAM: 256G
Apr  9 19:21:20 ree-virtual-machine kernel: [    0.001422]  gran_size: 64K 	chunk_size: 256K 	num_reg: 8  	lose cover RAM: 256G
Apr  9 19:21:20 ree-virtual-machine kernel: [    0.001423]  gran_size: 64K 	chunk_size: 512K 	num_reg: 8  	lose cover RAM: 256G
Apr  9 19:21:20 ree-virtual-machine kernel: [    0.001424]  gran_size: 64K 	chunk_size: 1M 	num_reg: 8  	lose cover RAM: 256G
Apr  9 19:21:20 ree-virtual-machine kernel: [    0.001425]  gran_size: 64K 	chunk_size: 2M 	num_reg: 8  	lose cover RAM: 256G
Apr  9 19:21:20 ree-virtual-machine kernel: [    0.001425]  gran_size: 64K 	chunk_size: 4M 	num_reg: 8  	lose cover RAM: 256G
Apr  9 19:21:20 ree-virtual-machine kernel: [    0.001426]  gran_size: 64K 	chunk_size: 8M 	num_reg: 8  	lose cover RAM: 256G
Apr  9 19:21:20 ree-virtual-machine kernel: [    0.001427]  gran_size: 64K 	chunk_size: 16M 	num_reg: 8  	lose cover RAM: 256G
Apr  9 19:21:20 ree-virtual-machine kernel: [    0.001428]  gran_size: 64K 	chunk_size: 32M 	num_reg: 8  	lose cover RAM: 256G
Apr  9 19:21:20 ree-virtual-machine kernel: [    0.001429]  gran_size: 64K 	chunk_size: 64M 	num_reg: 8  	lose cover RAM: 256G
Apr  9 19:21:20 ree-virtual-machine kernel: [    0.001430]  gran_size: 64K 	chunk_size: 128M 	num_reg: 8  	lose cover RAM: 256G
Apr  9 19:21:20 ree-virtual-machine kernel: [    0.001430]  gran_size: 64K 	chunk_size: 256M 	num_reg: 8  	lose cover RAM: 256G
Apr  9 19:21:20 ree-virtual-machine kernel: [    0.001431]  gran_size: 64K 	chunk_size: 512M 	num_reg: 8  	lose cover RAM: 256G
Apr  9 19:21:20 ree-virtual-machine kernel: [    0.001432]  gran_size: 64K 	chunk_size: 1G 	num_reg: 8  	lose cover RAM: 256G
Apr  9 19:21:20 ree-virtual-machine kernel: [    0.001433]  gran_size: 64K 	chunk_size: 2G 	num_reg: 8  	lose cover RAM: 256G
Apr  9 19:21:20 ree-virtual-machine kernel: [    0.001434]  gran_size: 128K 	chunk_size: 128K 	num_reg: 8  	lose cover RAM: 256G
Apr  9 19:21:20 ree-virtual-machine kernel: [    0.001435]  gran_size: 128K 	chunk_size: 256K 	num_reg: 8  	lose cover RAM: 256G
Apr  9 19:21:20 ree-virtual-machine kernel: [    0.001435]  gran_size: 128K 	chunk_size: 512K 	num_reg: 8  	lose cover RAM: 256G
Apr  9 19:21:20 ree-virtual-machine kernel: [    0.001436]  gran_size: 128K 	chunk_size: 1M 	num_reg: 8  	lose cover RAM: 256G
Apr  9 19:21:20 ree-virtual-machine kernel: [    0.001437]  gran_size: 128K 	chunk_size: 2M 	num_reg: 8  	lose cover RAM: 256G
Apr  9 19:21:20 ree-virtual-machine kernel: [    0.001438]  gran_size: 128K 	chunk_size: 4M 	num_reg: 8  	lose cover RAM: 256G
Apr  9 19:21:20 ree-virtual-machine kernel: [    0.001439]  gran_size: 128K 	chunk_size: 8M 	num_reg: 8  	lose cover RAM: 256G
Apr  9 19:21:20 ree-virtual-machine kernel: [    0.001440]  gran_size: 128K 	chunk_size: 16M 	num_reg: 8  	lose cover RAM: 256G
Apr  9 19:21:20 ree-virtual-machine kernel: [    0.001440]  gran_size: 128K 	chunk_size: 32M 	num_reg: 8  	lose cover RAM: 256G
Apr  9 19:21:20 ree-virtual-machine kernel: [    0.001441]  gran_size: 128K 	chunk_size: 64M 	num_reg: 8  	lose cover RAM: 256G
Apr  9 19:21:20 ree-virtual-machine kernel: [    0.001442]  gran_size: 128K 	chunk_size: 128M 	num_reg: 8  	lose cover RAM: 256G
Apr  9 19:21:20 ree-virtual-machine kernel: [    0.001443]  gran_size: 128K 	chunk_size: 256M 	num_reg: 8  	lose cover RAM: 256G
Apr  9 19:21:20 ree-virtual-machine kernel: [    0.001444]  gran_size: 128K 	chunk_size: 512M 	num_reg: 8  	lose cover RAM: 256G
Apr  9 19:21:20 ree-virtual-machine kernel: [    0.001445]  gran_size: 128K 	chunk_size: 1G 	num_reg: 8  	lose cover RAM: 256G
Apr  9 19:21:20 ree-virtual-machine kernel: [    0.001445]  gran_size: 128K 	chunk_size: 2G 	num_reg: 8  	lose cover RAM: 256G
Apr  9 19:21:20 ree-virtual-machine kernel: [    0.001446]  gran_size: 256K 	chunk_size: 256K 	num_reg: 8  	lose cover RAM: 256G
Apr  9 19:21:20 ree-virtual-machine kernel: [    0.001447]  gran_size: 256K 	chunk_size: 512K 	num_reg: 8  	lose cover RAM: 256G
Apr  9 19:21:20 ree-virtual-machine kernel: [    0.001448]  gran_size: 256K 	chunk_size: 1M 	num_reg: 8  	lose cover RAM: 256G
Apr  9 19:21:20 ree-virtual-machine kernel: [    0.001449]  gran_size: 256K 	chunk_size: 2M 	num_reg: 8  	lose cover RAM: 256G
Apr  9 19:21:20 ree-virtual-machine kernel: [    0.001449]  gran_size: 256K 	chunk_size: 4M 	num_reg: 8  	lose cover RAM: 256G
Apr  9 19:21:20 ree-virtual-machine kernel: [    0.001450]  gran_size: 256K 	chunk_size: 8M 	num_reg: 8  	lose cover RAM: 256G
Apr  9 19:21:20 ree-virtual-machine kernel: [    0.001451]  gran_size: 256K 	chunk_size: 16M 	num_reg: 8  	lose cover RAM: 256G
Apr  9 19:21:20 ree-virtual-machine kernel: [    0.001452]  gran_size: 256K 	chunk_size: 32M 	num_reg: 8  	lose cover RAM: 256G
Apr  9 19:21:20 ree-virtual-machine kernel: [    0.001453]  gran_size: 256K 	chunk_size: 64M 	num_reg: 8  	lose cover RAM: 256G
Apr  9 19:21:20 ree-virtual-machine kernel: [    0.001454]  gran_size: 256K 	chunk_size: 128M 	num_reg: 8  	lose cover RAM: 256G
Apr  9 19:21:20 ree-virtual-machine kernel: [    0.001454]  gran_size: 256K 	chunk_size: 256M 	num_reg: 8  	lose cover RAM: 256G
Apr  9 19:21:20 ree-virtual-machine kernel: [    0.001455]  gran_size: 256K 	chunk_size: 512M 	num_reg: 8  	lose cover RAM: 256G
Apr  9 19:21:20 ree-virtual-machine kernel: [    0.001456]  gran_size: 256K 	chunk_size: 1G 	num_reg: 8  	lose cover RAM: 256G
Apr  9 19:21:20 ree-virtual-machine kernel: [    0.001457]  gran_size: 256K 	chunk_size: 2G 	num_reg: 8  	lose cover RAM: 256G
Apr  9 19:21:20 ree-virtual-machine kernel: [    0.001458]  gran_size: 512K 	chunk_size: 512K 	num_reg: 8  	lose cover RAM: 256G
Apr  9 19:21:20 ree-virtual-machine kernel: [    0.001458]  gran_size: 512K 	chunk_size: 1M 	num_reg: 8  	lose cover RAM: 256G
Apr  9 19:21:20 ree-virtual-machine kernel: [    0.001459]  gran_size: 512K 	chunk_size: 2M 	num_reg: 8  	lose cover RAM: 256G
Apr  9 19:21:20 ree-virtual-machine kernel: [    0.001460]  gran_size: 512K 	chunk_size: 4M 	num_reg: 8  	lose cover RAM: 256G
Apr  9 19:21:20 ree-virtual-machine kernel: [    0.001461]  gran_size: 512K 	chunk_size: 8M 	num_reg: 8  	lose cover RAM: 256G
Apr  9 19:21:20 ree-virtual-machine kernel: [    0.001462]  gran_size: 512K 	chunk_size: 16M 	num_reg: 8  	lose cover RAM: 256G
Apr  9 19:21:20 ree-virtual-machine kernel: [    0.001463]  gran_size: 512K 	chunk_size: 32M 	num_reg: 8  	lose cover RAM: 256G
Apr  9 19:21:20 ree-virtual-machine kernel: [    0.001463]  gran_size: 512K 	chunk_size: 64M 	num_reg: 8  	lose cover RAM: 256G
Apr  9 19:21:20 ree-virtual-machine kernel: [    0.001464]  gran_size: 512K 	chunk_size: 128M 	num_reg: 8  	lose cover RAM: 256G
Apr  9 19:21:20 ree-virtual-machine kernel: [    0.001465]  gran_size: 512K 	chunk_size: 256M 	num_reg: 8  	lose cover RAM: 256G
Apr  9 19:21:20 ree-virtual-machine kernel: [    0.001466]  gran_size: 512K 	chunk_size: 512M 	num_reg: 8  	lose cover RAM: 256G
Apr  9 19:21:20 ree-virtual-machine kernel: [    0.001467]  gran_size: 512K 	chunk_size: 1G 	num_reg: 8  	lose cover RAM: 256G
Apr  9 19:21:20 ree-virtual-machine kernel: [    0.001467]  gran_size: 512K 	chunk_size: 2G 	num_reg: 8  	lose cover RAM: 256G
Apr  9 19:21:20 ree-virtual-machine kernel: [    0.001468]  gran_size: 1M 	chunk_size: 1M 	num_reg: 8  	lose cover RAM: 256G
Apr  9 19:21:20 ree-virtual-machine kernel: [    0.001469]  gran_size: 1M 	chunk_size: 2M 	num_reg: 8  	lose cover RAM: 256G
Apr  9 19:21:20 ree-virtual-machine kernel: [    0.001470]  gran_size: 1M 	chunk_size: 4M 	num_reg: 8  	lose cover RAM: 256G
Apr  9 19:21:20 ree-virtual-machine kernel: [    0.001471]  gran_size: 1M 	chunk_size: 8M 	num_reg: 8  	lose cover RAM: 256G
Apr  9 19:21:20 ree-virtual-machine kernel: [    0.001471]  gran_size: 1M 	chunk_size: 16M 	num_reg: 8  	lose cover RAM: 256G
Apr  9 19:21:20 ree-virtual-machine kernel: [    0.001472]  gran_size: 1M 	chunk_size: 32M 	num_reg: 8  	lose cover RAM: 256G
Apr  9 19:21:20 ree-virtual-machine kernel: [    0.001473]  gran_size: 1M 	chunk_size: 64M 	num_reg: 8  	lose cover RAM: 256G
Apr  9 19:21:20 ree-virtual-machine kernel: [    0.001474]  gran_size: 1M 	chunk_size: 128M 	num_reg: 8  	lose cover RAM: 256G
Apr  9 19:21:20 ree-virtual-machine kernel: [    0.001475]  gran_size: 1M 	chunk_size: 256M 	num_reg: 8  	lose cover RAM: 256G
Apr  9 19:21:20 ree-virtual-machine kernel: [    0.001476]  gran_size: 1M 	chunk_size: 512M 	num_reg: 8  	lose cover RAM: 256G
Apr  9 19:21:20 ree-virtual-machine kernel: [    0.001476]  gran_size: 1M 	chunk_size: 1G 	num_reg: 8  	lose cover RAM: 256G
Apr  9 19:21:20 ree-virtual-machine kernel: [    0.001477]  gran_size: 1M 	chunk_size: 2G 	num_reg: 8  	lose cover RAM: 256G
Apr  9 19:21:20 ree-virtual-machine kernel: [    0.001478]  gran_size: 2M 	chunk_size: 2M 	num_reg: 8  	lose cover RAM: 256G
Apr  9 19:21:20 ree-virtual-machine kernel: [    0.001479]  gran_size: 2M 	chunk_size: 4M 	num_reg: 8  	lose cover RAM: 256G
Apr  9 19:21:20 ree-virtual-machine kernel: [    0.001480]  gran_size: 2M 	chunk_size: 8M 	num_reg: 8  	lose cover RAM: 256G
Apr  9 19:21:20 ree-virtual-machine kernel: [    0.001480]  gran_size: 2M 	chunk_size: 16M 	num_reg: 8  	lose cover RAM: 256G
Apr  9 19:21:20 ree-virtual-machine kernel: [    0.001481]  gran_size: 2M 	chunk_size: 32M 	num_reg: 8  	lose cover RAM: 256G
Apr  9 19:21:20 ree-virtual-machine kernel: [    0.001482]  gran_size: 2M 	chunk_size: 64M 	num_reg: 8  	lose cover RAM: 256G
Apr  9 19:21:20 ree-virtual-machine kernel: [    0.001483]  gran_size: 2M 	chunk_size: 128M 	num_reg: 8  	lose cover RAM: 256G
Apr  9 19:21:20 ree-virtual-machine kernel: [    0.001484]  gran_size: 2M 	chunk_size: 256M 	num_reg: 8  	lose cover RAM: 256G
Apr  9 19:21:20 ree-virtual-machine kernel: [    0.001484]  gran_size: 2M 	chunk_size: 512M 	num_reg: 8  	lose cover RAM: 256G
Apr  9 19:21:20 ree-virtual-machine kernel: [    0.001485]  gran_size: 2M 	chunk_size: 1G 	num_reg: 8  	lose cover RAM: 256G
Apr  9 19:21:20 ree-virtual-machine kernel: [    0.001486]  gran_size: 2M 	chunk_size: 2G 	num_reg: 8  	lose cover RAM: 256G
Apr  9 19:21:20 ree-virtual-machine kernel: [    0.001487]  gran_size: 4M 	chunk_size: 4M 	num_reg: 8  	lose cover RAM: 256G
Apr  9 19:21:20 ree-virtual-machine kernel: [    0.001488]  gran_size: 4M 	chunk_size: 8M 	num_reg: 8  	lose cover RAM: 256G
Apr  9 19:21:20 ree-virtual-machine kernel: [    0.001488]  gran_size: 4M 	chunk_size: 16M 	num_reg: 8  	lose cover RAM: 256G
Apr  9 19:21:20 ree-virtual-machine kernel: [    0.001489]  gran_size: 4M 	chunk_size: 32M 	num_reg: 8  	lose cover RAM: 256G
Apr  9 19:21:20 ree-virtual-machine kernel: [    0.001490]  gran_size: 4M 	chunk_size: 64M 	num_reg: 8  	lose cover RAM: 256G
Apr  9 19:21:20 ree-virtual-machine kernel: [    0.001491]  gran_size: 4M 	chunk_size: 128M 	num_reg: 8  	lose cover RAM: 256G
Apr  9 19:21:20 ree-virtual-machine kernel: [    0.001492]  gran_size: 4M 	chunk_size: 256M 	num_reg: 8  	lose cover RAM: 256G
Apr  9 19:21:20 ree-virtual-machine kernel: [    0.001493]  gran_size: 4M 	chunk_size: 512M 	num_reg: 8  	lose cover RAM: 256G
Apr  9 19:21:20 ree-virtual-machine kernel: [    0.001493]  gran_size: 4M 	chunk_size: 1G 	num_reg: 8  	lose cover RAM: 256G
Apr  9 19:21:20 ree-virtual-machine kernel: [    0.001494]  gran_size: 4M 	chunk_size: 2G 	num_reg: 8  	lose cover RAM: 256G
Apr  9 19:21:20 ree-virtual-machine kernel: [    0.001495]  gran_size: 8M 	chunk_size: 8M 	num_reg: 8  	lose cover RAM: 256G
Apr  9 19:21:20 ree-virtual-machine kernel: [    0.001496]  gran_size: 8M 	chunk_size: 16M 	num_reg: 8  	lose cover RAM: 256G
Apr  9 19:21:20 ree-virtual-machine kernel: [    0.001497]  gran_size: 8M 	chunk_size: 32M 	num_reg: 8  	lose cover RAM: 256G
Apr  9 19:21:20 ree-virtual-machine kernel: [    0.001497]  gran_size: 8M 	chunk_size: 64M 	num_reg: 8  	lose cover RAM: 256G
Apr  9 19:21:20 ree-virtual-machine kernel: [    0.001498]  gran_size: 8M 	chunk_size: 128M 	num_reg: 8  	lose cover RAM: 256G
Apr  9 19:21:20 ree-virtual-machine kernel: [    0.001499]  gran_size: 8M 	chunk_size: 256M 	num_reg: 8  	lose cover RAM: 256G
Apr  9 19:21:20 ree-virtual-machine kernel: [    0.001510]  gran_size: 8M 	chunk_size: 512M 	num_reg: 8  	lose cover RAM: 256G
Apr  9 19:21:20 ree-virtual-machine kernel: [    0.001511]  gran_size: 8M 	chunk_size: 1G 	num_reg: 8  	lose cover RAM: 256G
Apr  9 19:21:20 ree-virtual-machine kernel: [    0.001512]  gran_size: 8M 	chunk_size: 2G 	num_reg: 8  	lose cover RAM: 256G
Apr  9 19:21:20 ree-virtual-machine kernel: [    0.001513]  gran_size: 16M 	chunk_size: 16M 	num_reg: 8  	lose cover RAM: 256G
Apr  9 19:21:20 ree-virtual-machine kernel: [    0.001513]  gran_size: 16M 	chunk_size: 32M 	num_reg: 8  	lose cover RAM: 256G
Apr  9 19:21:20 ree-virtual-machine kernel: [    0.001514]  gran_size: 16M 	chunk_size: 64M 	num_reg: 8  	lose cover RAM: 256G
Apr  9 19:21:20 ree-virtual-machine kernel: [    0.001515]  gran_size: 16M 	chunk_size: 128M 	num_reg: 8  	lose cover RAM: 256G
Apr  9 19:21:20 ree-virtual-machine kernel: [    0.001516]  gran_size: 16M 	chunk_size: 256M 	num_reg: 8  	lose cover RAM: 256G
Apr  9 19:21:20 ree-virtual-machine kernel: [    0.001517]  gran_size: 16M 	chunk_size: 512M 	num_reg: 8  	lose cover RAM: 256G
Apr  9 19:21:20 ree-virtual-machine kernel: [    0.001518]  gran_size: 16M 	chunk_size: 1G 	num_reg: 8  	lose cover RAM: 256G
Apr  9 19:21:20 ree-virtual-machine kernel: [    0.001518]  gran_size: 16M 	chunk_size: 2G 	num_reg: 8  	lose cover RAM: 256G
Apr  9 19:21:20 ree-virtual-machine kernel: [    0.001519]  gran_size: 32M 	chunk_size: 32M 	num_reg: 8  	lose cover RAM: 256G
Apr  9 19:21:20 ree-virtual-machine kernel: [    0.001520]  gran_size: 32M 	chunk_size: 64M 	num_reg: 8  	lose cover RAM: 256G
Apr  9 19:21:20 ree-virtual-machine kernel: [    0.001521]  gran_size: 32M 	chunk_size: 128M 	num_reg: 8  	lose cover RAM: 256G
Apr  9 19:21:20 ree-virtual-machine kernel: [    0.001522]  gran_size: 32M 	chunk_size: 256M 	num_reg: 8  	lose cover RAM: 256G
Apr  9 19:21:20 ree-virtual-machine kernel: [    0.001523]  gran_size: 32M 	chunk_size: 512M 	num_reg: 8  	lose cover RAM: 256G
Apr  9 19:21:20 ree-virtual-machine kernel: [    0.001523]  gran_size: 32M 	chunk_size: 1G 	num_reg: 8  	lose cover RAM: 256G
Apr  9 19:21:20 ree-virtual-machine kernel: [    0.001524]  gran_size: 32M 	chunk_size: 2G 	num_reg: 8  	lose cover RAM: 256G
Apr  9 19:21:20 ree-virtual-machine kernel: [    0.001525]  gran_size: 64M 	chunk_size: 64M 	num_reg: 8  	lose cover RAM: 256G
Apr  9 19:21:20 ree-virtual-machine kernel: [    0.001526]  gran_size: 64M 	chunk_size: 128M 	num_reg: 8  	lose cover RAM: 256G
Apr  9 19:21:20 ree-virtual-machine kernel: [    0.001527]  gran_size: 64M 	chunk_size: 256M 	num_reg: 8  	lose cover RAM: 256G
Apr  9 19:21:20 ree-virtual-machine kernel: [    0.001528]  gran_size: 64M 	chunk_size: 512M 	num_reg: 8  	lose cover RAM: 256G
Apr  9 19:21:20 ree-virtual-machine kernel: [    0.001528]  gran_size: 64M 	chunk_size: 1G 	num_reg: 8  	lose cover RAM: 256G
Apr  9 19:21:20 ree-virtual-machine kernel: [    0.001529]  gran_size: 64M 	chunk_size: 2G 	num_reg: 8  	lose cover RAM: 256G
Apr  9 19:21:20 ree-virtual-machine kernel: [    0.001530]  gran_size: 128M 	chunk_size: 128M 	num_reg: 8  	lose cover RAM: 256G
Apr  9 19:21:20 ree-virtual-machine kernel: [    0.001531]  gran_size: 128M 	chunk_size: 256M 	num_reg: 8  	lose cover RAM: 256G
Apr  9 19:21:20 ree-virtual-machine kernel: [    0.001532]  gran_size: 128M 	chunk_size: 512M 	num_reg: 8  	lose cover RAM: 256G
Apr  9 19:21:20 ree-virtual-machine kernel: [    0.001533]  gran_size: 128M 	chunk_size: 1G 	num_reg: 8  	lose cover RAM: 256G
Apr  9 19:21:20 ree-virtual-machine kernel: [    0.001533]  gran_size: 128M 	chunk_size: 2G 	num_reg: 8  	lose cover RAM: 256G
Apr  9 19:21:20 ree-virtual-machine kernel: [    0.001534]  gran_size: 256M 	chunk_size: 256M 	num_reg: 8  	lose cover RAM: 256G
Apr  9 19:21:20 ree-virtual-machine kernel: [    0.001535]  gran_size: 256M 	chunk_size: 512M 	num_reg: 8  	lose cover RAM: 256G
Apr  9 19:21:20 ree-virtual-machine kernel: [    0.001536]  gran_size: 256M 	chunk_size: 1G 	num_reg: 8  	lose cover RAM: 256G
Apr  9 19:21:20 ree-virtual-machine kernel: [    0.001537]  gran_size: 256M 	chunk_size: 2G 	num_reg: 8  	lose cover RAM: 256G
Apr  9 19:21:20 ree-virtual-machine kernel: [    0.001537]  gran_size: 512M 	chunk_size: 512M 	num_reg: 8  	lose cover RAM: 256G
Apr  9 19:21:20 ree-virtual-machine kernel: [    0.001538]  gran_size: 512M 	chunk_size: 1G 	num_reg: 8  	lose cover RAM: 256G
Apr  9 19:21:20 ree-virtual-machine kernel: [    0.001539]  gran_size: 512M 	chunk_size: 2G 	num_reg: 8  	lose cover RAM: 256G
Apr  9 19:21:20 ree-virtual-machine kernel: [    0.001540]  gran_size: 1G 	chunk_size: 1G 	num_reg: 8  	lose cover RAM: 256G
Apr  9 19:21:20 ree-virtual-machine kernel: [    0.001541]  gran_size: 1G 	chunk_size: 2G 	num_reg: 8  	lose cover RAM: 256G
Apr  9 19:21:20 ree-virtual-machine kernel: [    0.001542]  gran_size: 2G 	chunk_size: 2G 	num_reg: 8  	lose cover RAM: 1G
Apr  9 19:21:20 ree-virtual-machine kernel: [    0.001542] mtrr_cleanup: can not find optimal value
Apr  9 19:21:20 ree-virtual-machine kernel: [    0.001543] please specify mtrr_gran_size/mtrr_chunk_size
Apr  9 19:21:20 ree-virtual-machine kernel: [    0.001547] e820: update [mem 0xc0000000-0xffffffff] usable ==> reserved
Apr  9 19:21:20 ree-virtual-machine kernel: [    0.001554] last_pfn = 0xc0000 max_arch_pfn = 0x400000000
Apr  9 19:21:20 ree-virtual-machine kernel: [    0.009673] found SMP MP-table at [mem 0x000f6a70-0x000f6a7f]
Apr  9 19:21:20 ree-virtual-machine kernel: [    0.009713] Using GB pages for direct mapping
Apr  9 19:21:20 ree-virtual-machine kernel: [    0.009999] RAMDISK: [mem 0x2f4a3000-0x33a48fff]
Apr  9 19:21:20 ree-virtual-machine kernel: [    0.010005] ACPI: Early table checksum verification disabled
Apr  9 19:21:20 ree-virtual-machine kernel: [    0.010009] ACPI: RSDP 0x00000000000F6A00 000024 (v02 PTLTD )
Apr  9 19:21:20 ree-virtual-machine kernel: [    0.010013] ACPI: XSDT 0x00000000BFEDB633 00005C (v01 INTEL  440BX    06040000 VMW  01324272)
Apr  9 19:21:20 ree-virtual-machine kernel: [    0.010018] ACPI: FACP 0x00000000BFEFEE73 0000F4 (v04 INTEL  440BX    06040000 PTL  000F4240)
Apr  9 19:21:20 ree-virtual-machine kernel: [    0.010027] ACPI: DSDT 0x00000000BFEDD001 021E72 (v01 PTLTD  Custom   06040000 MSFT 03000001)
Apr  9 19:21:20 ree-virtual-machine kernel: [    0.010031] ACPI: FACS 0x00000000BFEFFFC0 000040
Apr  9 19:21:20 ree-virtual-machine kernel: [    0.010033] ACPI: FACS 0x00000000BFEFFFC0 000040
Apr  9 19:21:20 ree-virtual-machine kernel: [    0.010036] ACPI: BOOT 0x00000000BFEDCFB4 000028 (v01 PTLTD  $SBFTBL$ 06040000  LTP 00000001)
Apr  9 19:21:20 ree-virtual-machine kernel: [    0.010039] ACPI: APIC 0x00000000BFEDC872 000742 (v01 PTLTD  ? APIC   06040000  LTP 00000000)
Apr  9 19:21:20 ree-virtual-machine kernel: [    0.010041] ACPI: MCFG 0x00000000BFEDC836 00003C (v01 PTLTD  $PCITBL$ 06040000  LTP 00000001)
Apr  9 19:21:20 ree-virtual-machine kernel: [    0.010044] ACPI: SRAT 0x00000000BFEDB72F 0008D0 (v02 VMWARE MEMPLUG  06040000 VMW  00000001)
Apr  9 19:21:20 ree-virtual-machine kernel: [    0.010047] ACPI: HPET 0x00000000BFEDB6F7 000038 (v01 VMWARE VMW HPET 06040000 VMW  00000001)
Apr  9 19:21:20 ree-virtual-machine kernel: [    0.010050] ACPI: WAET 0x00000000BFEDB6CF 000028 (v01 VMWARE VMW WAET 06040000 VMW  00000001)
Apr  9 19:21:20 ree-virtual-machine kernel: [    0.010052] ACPI: Reserving FACP table memory at [mem 0xbfefee73-0xbfefef66]
Apr  9 19:21:20 ree-virtual-machine kernel: [    0.010053] ACPI: Reserving DSDT table memory at [mem 0xbfedd001-0xbfefee72]
Apr  9 19:21:20 ree-virtual-machine kernel: [    0.010053] ACPI: Reserving FACS table memory at [mem 0xbfefffc0-0xbfefffff]
Apr  9 19:21:20 ree-virtual-machine kernel: [    0.010054] ACPI: Reserving FACS table memory at [mem 0xbfefffc0-0xbfefffff]
Apr  9 19:21:20 ree-virtual-machine kernel: [    0.010055] ACPI: Reserving BOOT table memory at [mem 0xbfedcfb4-0xbfedcfdb]
Apr  9 19:21:20 ree-virtual-machine kernel: [    0.010055] ACPI: Reserving APIC table memory at [mem 0xbfedc872-0xbfedcfb3]
Apr  9 19:21:20 ree-virtual-machine kernel: [    0.010056] ACPI: Reserving MCFG table memory at [mem 0xbfedc836-0xbfedc871]
Apr  9 19:21:20 ree-virtual-machine kernel: [    0.010056] ACPI: Reserving SRAT table memory at [mem 0xbfedb72f-0xbfedbffe]
Apr  9 19:21:20 ree-virtual-machine kernel: [    0.010057] ACPI: Reserving HPET table memory at [mem 0xbfedb6f7-0xbfedb72e]
Apr  9 19:21:20 ree-virtual-machine kernel: [    0.010057] ACPI: Reserving WAET table memory at [mem 0xbfedb6cf-0xbfedb6f6]
Apr  9 19:21:20 ree-virtual-machine kernel: [    0.010097] system APIC only can use physical flat
Apr  9 19:21:20 ree-virtual-machine kernel: [    0.010098] Setting APIC routing to physical flat.
Apr  9 19:21:20 ree-virtual-machine kernel: [    0.010167] SRAT: PXM 0 -> APIC 0x00 -> Node 0
Apr  9 19:21:20 ree-virtual-machine kernel: [    0.010168] SRAT: PXM 0 -> APIC 0x01 -> Node 0
Apr  9 19:21:20 ree-virtual-machine kernel: [    0.010169] SRAT: PXM 0 -> APIC 0x02 -> Node 0
Apr  9 19:21:20 ree-virtual-machine kernel: [    0.010169] SRAT: PXM 0 -> APIC 0x03 -> Node 0
Apr  9 19:21:20 ree-virtual-machine kernel: [    0.010169] SRAT: PXM 0 -> APIC 0x04 -> Node 0
Apr  9 19:21:20 ree-virtual-machine kernel: [    0.010170] SRAT: PXM 0 -> APIC 0x05 -> Node 0
Apr  9 19:21:20 ree-virtual-machine kernel: [    0.010170] SRAT: PXM 0 -> APIC 0x06 -> Node 0
Apr  9 19:21:20 ree-virtual-machine kernel: [    0.010171] SRAT: PXM 0 -> APIC 0x07 -> Node 0
Apr  9 19:21:20 ree-virtual-machine kernel: [    0.010171] SRAT: PXM 0 -> APIC 0x08 -> Node 0
Apr  9 19:21:20 ree-virtual-machine kernel: [    0.010171] SRAT: PXM 0 -> APIC 0x09 -> Node 0
Apr  9 19:21:20 ree-virtual-machine kernel: [    0.010172] SRAT: PXM 0 -> APIC 0x0a -> Node 0
Apr  9 19:21:20 ree-virtual-machine kernel: [    0.010172] SRAT: PXM 0 -> APIC 0x0b -> Node 0
Apr  9 19:21:20 ree-virtual-machine kernel: [    0.010173] SRAT: PXM 0 -> APIC 0x0c -> Node 0
Apr  9 19:21:20 ree-virtual-machine kernel: [    0.010173] SRAT: PXM 0 -> APIC 0x0d -> Node 0
Apr  9 19:21:20 ree-virtual-machine kernel: [    0.010174] SRAT: PXM 0 -> APIC 0x0e -> Node 0
Apr  9 19:21:20 ree-virtual-machine kernel: [    0.010174] SRAT: PXM 0 -> APIC 0x0f -> Node 0
Apr  9 19:21:20 ree-virtual-machine kernel: [    0.010174] SRAT: PXM 0 -> APIC 0x10 -> Node 0
Apr  9 19:21:20 ree-virtual-machine kernel: [    0.010175] SRAT: PXM 0 -> APIC 0x11 -> Node 0
Apr  9 19:21:20 ree-virtual-machine kernel: [    0.010175] SRAT: PXM 0 -> APIC 0x12 -> Node 0
Apr  9 19:21:20 ree-virtual-machine kernel: [    0.010176] SRAT: PXM 0 -> APIC 0x13 -> Node 0
Apr  9 19:21:20 ree-virtual-machine kernel: [    0.010176] SRAT: PXM 0 -> APIC 0x14 -> Node 0
Apr  9 19:21:20 ree-virtual-machine kernel: [    0.010177] SRAT: PXM 0 -> APIC 0x15 -> Node 0
Apr  9 19:21:20 ree-virtual-machine kernel: [    0.010177] SRAT: PXM 0 -> APIC 0x16 -> Node 0
Apr  9 19:21:20 ree-virtual-machine kernel: [    0.010177] SRAT: PXM 0 -> APIC 0x17 -> Node 0
Apr  9 19:21:20 ree-virtual-machine kernel: [    0.010178] SRAT: PXM 0 -> APIC 0x18 -> Node 0
Apr  9 19:21:20 ree-virtual-machine kernel: [    0.010178] SRAT: PXM 0 -> APIC 0x19 -> Node 0
Apr  9 19:21:20 ree-virtual-machine kernel: [    0.010179] SRAT: PXM 0 -> APIC 0x1a -> Node 0
Apr  9 19:21:20 ree-virtual-machine kernel: [    0.010179] SRAT: PXM 0 -> APIC 0x1b -> Node 0
Apr  9 19:21:20 ree-virtual-machine kernel: [    0.010179] SRAT: PXM 0 -> APIC 0x1c -> Node 0
Apr  9 19:21:20 ree-virtual-machine kernel: [    0.010180] SRAT: PXM 0 -> APIC 0x1d -> Node 0
Apr  9 19:21:20 ree-virtual-machine kernel: [    0.010180] SRAT: PXM 0 -> APIC 0x1e -> Node 0
Apr  9 19:21:20 ree-virtual-machine kernel: [    0.010181] SRAT: PXM 0 -> APIC 0x1f -> Node 0
Apr  9 19:21:20 ree-virtual-machine kernel: [    0.010181] SRAT: PXM 0 -> APIC 0x20 -> Node 0
Apr  9 19:21:20 ree-virtual-machine kernel: [    0.010182] SRAT: PXM 0 -> APIC 0x21 -> Node 0
Apr  9 19:21:20 ree-virtual-machine kernel: [    0.010182] SRAT: PXM 0 -> APIC 0x22 -> Node 0
Apr  9 19:21:20 ree-virtual-machine kernel: [    0.010182] SRAT: PXM 0 -> APIC 0x23 -> Node 0
Apr  9 19:21:20 ree-virtual-machine kernel: [    0.010183] SRAT: PXM 0 -> APIC 0x24 -> Node 0
Apr  9 19:21:20 ree-virtual-machine kernel: [    0.010183] SRAT: PXM 0 -> APIC 0x25 -> Node 0
Apr  9 19:21:20 ree-virtual-machine kernel: [    0.010184] SRAT: PXM 0 -> APIC 0x26 -> Node 0
Apr  9 19:21:20 ree-virtual-machine kernel: [    0.010184] SRAT: PXM 0 -> APIC 0x27 -> Node 0
Apr  9 19:21:20 ree-virtual-machine kernel: [    0.010184] SRAT: PXM 0 -> APIC 0x28 -> Node 0
Apr  9 19:21:20 ree-virtual-machine kernel: [    0.010185] SRAT: PXM 0 -> APIC 0x29 -> Node 0
Apr  9 19:21:20 ree-virtual-machine kernel: [    0.010185] SRAT: PXM 0 -> APIC 0x2a -> Node 0
Apr  9 19:21:20 ree-virtual-machine kernel: [    0.010186] SRAT: PXM 0 -> APIC 0x2b -> Node 0
Apr  9 19:21:20 ree-virtual-machine kernel: [    0.010186] SRAT: PXM 0 -> APIC 0x2c -> Node 0
Apr  9 19:21:20 ree-virtual-machine kernel: [    0.010187] SRAT: PXM 0 -> APIC 0x2d -> Node 0
Apr  9 19:21:20 ree-virtual-machine kernel: [    0.010187] SRAT: PXM 0 -> APIC 0x2e -> Node 0
Apr  9 19:21:20 ree-virtual-machine kernel: [    0.010187] SRAT: PXM 0 -> APIC 0x2f -> Node 0
Apr  9 19:21:20 ree-virtual-machine kernel: [    0.010188] SRAT: PXM 0 -> APIC 0x30 -> Node 0
Apr  9 19:21:20 ree-virtual-machine kernel: [    0.010188] SRAT: PXM 0 -> APIC 0x31 -> Node 0
Apr  9 19:21:20 ree-virtual-machine kernel: [    0.010189] SRAT: PXM 0 -> APIC 0x32 -> Node 0
Apr  9 19:21:20 ree-virtual-machine kernel: [    0.010189] SRAT: PXM 0 -> APIC 0x33 -> Node 0
Apr  9 19:21:20 ree-virtual-machine kernel: [    0.010189] SRAT: PXM 0 -> APIC 0x34 -> Node 0
Apr  9 19:21:20 ree-virtual-machine kernel: [    0.010190] SRAT: PXM 0 -> APIC 0x35 -> Node 0
Apr  9 19:21:20 ree-virtual-machine kernel: [    0.010190] SRAT: PXM 0 -> APIC 0x36 -> Node 0
Apr  9 19:21:20 ree-virtual-machine kernel: [    0.010191] SRAT: PXM 0 -> APIC 0x37 -> Node 0
Apr  9 19:21:20 ree-virtual-machine kernel: [    0.010191] SRAT: PXM 0 -> APIC 0x38 -> Node 0
Apr  9 19:21:20 ree-virtual-machine kernel: [    0.010192] SRAT: PXM 0 -> APIC 0x39 -> Node 0
Apr  9 19:21:20 ree-virtual-machine kernel: [    0.010192] SRAT: PXM 0 -> APIC 0x3a -> Node 0
Apr  9 19:21:20 ree-virtual-machine kernel: [    0.010192] SRAT: PXM 0 -> APIC 0x3b -> Node 0
Apr  9 19:21:20 ree-virtual-machine kernel: [    0.010193] SRAT: PXM 0 -> APIC 0x3c -> Node 0
Apr  9 19:21:20 ree-virtual-machine kernel: [    0.010193] SRAT: PXM 0 -> APIC 0x3d -> Node 0
Apr  9 19:21:20 ree-virtual-machine kernel: [    0.010194] SRAT: PXM 0 -> APIC 0x3e -> Node 0
Apr  9 19:21:20 ree-virtual-machine kernel: [    0.010194] SRAT: PXM 0 -> APIC 0x3f -> Node 0
Apr  9 19:21:20 ree-virtual-machine kernel: [    0.010194] SRAT: PXM 0 -> APIC 0x40 -> Node 0
Apr  9 19:21:20 ree-virtual-machine kernel: [    0.010195] SRAT: PXM 0 -> APIC 0x41 -> Node 0
Apr  9 19:21:20 ree-virtual-machine kernel: [    0.010195] SRAT: PXM 0 -> APIC 0x42 -> Node 0
Apr  9 19:21:20 ree-virtual-machine kernel: [    0.010196] SRAT: PXM 0 -> APIC 0x43 -> Node 0
Apr  9 19:21:20 ree-virtual-machine kernel: [    0.010196] SRAT: PXM 0 -> APIC 0x44 -> Node 0
Apr  9 19:21:20 ree-virtual-machine kernel: [    0.010196] SRAT: PXM 0 -> APIC 0x45 -> Node 0
Apr  9 19:21:20 ree-virtual-machine kernel: [    0.010197] SRAT: PXM 0 -> APIC 0x46 -> Node 0
Apr  9 19:21:20 ree-virtual-machine kernel: [    0.010197] SRAT: PXM 0 -> APIC 0x47 -> Node 0
Apr  9 19:21:20 ree-virtual-machine kernel: [    0.010198] SRAT: PXM 0 -> APIC 0x48 -> Node 0
Apr  9 19:21:20 ree-virtual-machine kernel: [    0.010198] SRAT: PXM 0 -> APIC 0x49 -> Node 0
Apr  9 19:21:20 ree-virtual-machine kernel: [    0.010199] SRAT: PXM 0 -> APIC 0x4a -> Node 0
Apr  9 19:21:20 ree-virtual-machine kernel: [    0.010199] SRAT: PXM 0 -> APIC 0x4b -> Node 0
Apr  9 19:21:20 ree-virtual-machine kernel: [    0.010199] SRAT: PXM 0 -> APIC 0x4c -> Node 0
Apr  9 19:21:20 ree-virtual-machine kernel: [    0.010200] SRAT: PXM 0 -> APIC 0x4d -> Node 0
Apr  9 19:21:20 ree-virtual-machine kernel: [    0.010200] SRAT: PXM 0 -> APIC 0x4e -> Node 0
Apr  9 19:21:20 ree-virtual-machine kernel: [    0.010201] SRAT: PXM 0 -> APIC 0x4f -> Node 0
Apr  9 19:21:20 ree-virtual-machine kernel: [    0.010201] SRAT: PXM 0 -> APIC 0x50 -> Node 0
Apr  9 19:21:20 ree-virtual-machine kernel: [    0.010201] SRAT: PXM 0 -> APIC 0x51 -> Node 0
Apr  9 19:21:20 ree-virtual-machine kernel: [    0.010202] SRAT: PXM 0 -> APIC 0x52 -> Node 0
Apr  9 19:21:20 ree-virtual-machine kernel: [    0.010202] SRAT: PXM 0 -> APIC 0x53 -> Node 0
Apr  9 19:21:20 ree-virtual-machine kernel: [    0.010203] SRAT: PXM 0 -> APIC 0x54 -> Node 0
Apr  9 19:21:20 ree-virtual-machine kernel: [    0.010203] SRAT: PXM 0 -> APIC 0x55 -> Node 0
Apr  9 19:21:20 ree-virtual-machine kernel: [    0.010204] SRAT: PXM 0 -> APIC 0x56 -> Node 0
Apr  9 19:21:20 ree-virtual-machine kernel: [    0.010204] SRAT: PXM 0 -> APIC 0x57 -> Node 0
Apr  9 19:21:20 ree-virtual-machine kernel: [    0.010204] SRAT: PXM 0 -> APIC 0x58 -> Node 0
Apr  9 19:21:20 ree-virtual-machine kernel: [    0.010205] SRAT: PXM 0 -> APIC 0x59 -> Node 0
Apr  9 19:21:20 ree-virtual-machine kernel: [    0.010205] SRAT: PXM 0 -> APIC 0x5a -> Node 0
Apr  9 19:21:20 ree-virtual-machine kernel: [    0.010206] SRAT: PXM 0 -> APIC 0x5b -> Node 0
Apr  9 19:21:20 ree-virtual-machine kernel: [    0.010206] SRAT: PXM 0 -> APIC 0x5c -> Node 0
Apr  9 19:21:20 ree-virtual-machine kernel: [    0.010206] SRAT: PXM 0 -> APIC 0x5d -> Node 0
Apr  9 19:21:20 ree-virtual-machine kernel: [    0.010207] SRAT: PXM 0 -> APIC 0x5e -> Node 0
Apr  9 19:21:20 ree-virtual-machine kernel: [    0.010207] SRAT: PXM 0 -> APIC 0x5f -> Node 0
Apr  9 19:21:20 ree-virtual-machine kernel: [    0.010208] SRAT: PXM 0 -> APIC 0x60 -> Node 0
Apr  9 19:21:20 ree-virtual-machine kernel: [    0.010208] SRAT: PXM 0 -> APIC 0x61 -> Node 0
Apr  9 19:21:20 ree-virtual-machine kernel: [    0.010208] SRAT: PXM 0 -> APIC 0x62 -> Node 0
Apr  9 19:21:20 ree-virtual-machine kernel: [    0.010209] SRAT: PXM 0 -> APIC 0x63 -> Node 0
Apr  9 19:21:20 ree-virtual-machine kernel: [    0.010209] SRAT: PXM 0 -> APIC 0x64 -> Node 0
Apr  9 19:21:20 ree-virtual-machine kernel: [    0.010210] SRAT: PXM 0 -> APIC 0x65 -> Node 0
Apr  9 19:21:20 ree-virtual-machine kernel: [    0.010210] SRAT: PXM 0 -> APIC 0x66 -> Node 0
Apr  9 19:21:20 ree-virtual-machine kernel: [    0.010211] SRAT: PXM 0 -> APIC 0x67 -> Node 0
Apr  9 19:21:20 ree-virtual-machine kernel: [    0.010211] SRAT: PXM 0 -> APIC 0x68 -> Node 0
Apr  9 19:21:20 ree-virtual-machine kernel: [    0.010211] SRAT: PXM 0 -> APIC 0x69 -> Node 0
Apr  9 19:21:20 ree-virtual-machine kernel: [    0.010212] SRAT: PXM 0 -> APIC 0x6a -> Node 0
Apr  9 19:21:20 ree-virtual-machine kernel: [    0.010212] SRAT: PXM 0 -> APIC 0x6b -> Node 0
Apr  9 19:21:20 ree-virtual-machine kernel: [    0.010213] SRAT: PXM 0 -> APIC 0x6c -> Node 0
Apr  9 19:21:20 ree-virtual-machine kernel: [    0.010213] SRAT: PXM 0 -> APIC 0x6d -> Node 0
Apr  9 19:21:20 ree-virtual-machine kernel: [    0.010214] SRAT: PXM 0 -> APIC 0x6e -> Node 0
Apr  9 19:21:20 ree-virtual-machine kernel: [    0.010214] SRAT: PXM 0 -> APIC 0x6f -> Node 0
Apr  9 19:21:20 ree-virtual-machine kernel: [    0.010214] SRAT: PXM 0 -> APIC 0x70 -> Node 0
Apr  9 19:21:20 ree-virtual-machine kernel: [    0.010215] SRAT: PXM 0 -> APIC 0x71 -> Node 0
Apr  9 19:21:20 ree-virtual-machine kernel: [    0.010215] SRAT: PXM 0 -> APIC 0x72 -> Node 0
Apr  9 19:21:20 ree-virtual-machine kernel: [    0.010216] SRAT: PXM 0 -> APIC 0x73 -> Node 0
Apr  9 19:21:20 ree-virtual-machine kernel: [    0.010216] SRAT: PXM 0 -> APIC 0x74 -> Node 0
Apr  9 19:21:20 ree-virtual-machine kernel: [    0.010216] SRAT: PXM 0 -> APIC 0x75 -> Node 0
Apr  9 19:21:20 ree-virtual-machine kernel: [    0.010217] SRAT: PXM 0 -> APIC 0x76 -> Node 0
Apr  9 19:21:20 ree-virtual-machine kernel: [    0.010217] SRAT: PXM 0 -> APIC 0x77 -> Node 0
Apr  9 19:21:20 ree-virtual-machine kernel: [    0.010218] SRAT: PXM 0 -> APIC 0x78 -> Node 0
Apr  9 19:21:20 ree-virtual-machine kernel: [    0.010218] SRAT: PXM 0 -> APIC 0x79 -> Node 0
Apr  9 19:21:20 ree-virtual-machine kernel: [    0.010218] SRAT: PXM 0 -> APIC 0x7a -> Node 0
Apr  9 19:21:20 ree-virtual-machine kernel: [    0.010219] SRAT: PXM 0 -> APIC 0x7b -> Node 0
Apr  9 19:21:20 ree-virtual-machine kernel: [    0.010219] SRAT: PXM 0 -> APIC 0x7c -> Node 0
Apr  9 19:21:20 ree-virtual-machine kernel: [    0.010220] SRAT: PXM 0 -> APIC 0x7d -> Node 0
Apr  9 19:21:20 ree-virtual-machine kernel: [    0.010220] SRAT: PXM 0 -> APIC 0x7e -> Node 0
Apr  9 19:21:20 ree-virtual-machine kernel: [    0.010221] SRAT: PXM 0 -> APIC 0x7f -> Node 0
Apr  9 19:21:20 ree-virtual-machine kernel: [    0.010223] ACPI: SRAT: Node 0 PXM 0 [mem 0x00000000-0x0009ffff]
Apr  9 19:21:20 ree-virtual-machine kernel: [    0.010225] ACPI: SRAT: Node 0 PXM 0 [mem 0x00100000-0xbfffffff]
Apr  9 19:21:20 ree-virtual-machine kernel: [    0.010226] ACPI: SRAT: Node 0 PXM 0 [mem 0x100000000-0x43fffffff]
Apr  9 19:21:20 ree-virtual-machine kernel: [    0.010227] ACPI: SRAT: Node 0 PXM 0 [mem 0x440000000-0x403fffffff] hotplug
Apr  9 19:21:20 ree-virtual-machine kernel: [    0.010230] NUMA: Node 0 [mem 0x00000000-0x0009ffff] + [mem 0x00100000-0xbfffffff] -> [mem 0x00000000-0xbfffffff]
Apr  9 19:21:20 ree-virtual-machine kernel: [    0.010231] NUMA: Node 0 [mem 0x00000000-0xbfffffff] + [mem 0x100000000-0x43fffffff] -> [mem 0x00000000-0x43fffffff]
Apr  9 19:21:20 ree-virtual-machine kernel: [    0.010238] NODE_DATA(0) allocated [mem 0x43ffd3000-0x43fffdfff]
Apr  9 19:21:20 ree-virtual-machine kernel: [    0.011205] Zone ranges:
Apr  9 19:21:20 ree-virtual-machine kernel: [    0.011207]   DMA      [mem 0x0000000000001000-0x0000000000ffffff]
Apr  9 19:21:20 ree-virtual-machine kernel: [    0.011209]   DMA32    [mem 0x0000000001000000-0x00000000ffffffff]
Apr  9 19:21:20 ree-virtual-machine kernel: [    0.011210]   Normal   [mem 0x0000000100000000-0x000000043fffffff]
Apr  9 19:21:20 ree-virtual-machine kernel: [    0.011211]   Device   empty
Apr  9 19:21:20 ree-virtual-machine kernel: [    0.011212] Movable zone start for each node
Apr  9 19:21:20 ree-virtual-machine kernel: [    0.011214] Early memory node ranges
Apr  9 19:21:20 ree-virtual-machine kernel: [    0.011214]   node   0: [mem 0x0000000000001000-0x000000000009dfff]
Apr  9 19:21:20 ree-virtual-machine kernel: [    0.011215]   node   0: [mem 0x0000000000100000-0x00000000bfecffff]
Apr  9 19:21:20 ree-virtual-machine kernel: [    0.011216]   node   0: [mem 0x00000000bff00000-0x00000000bfffffff]
Apr  9 19:21:20 ree-virtual-machine kernel: [    0.011216]   node   0: [mem 0x0000000100000000-0x000000043fffffff]
Apr  9 19:21:20 ree-virtual-machine kernel: [    0.011218] Initmem setup node 0 [mem 0x0000000000001000-0x000000043fffffff]
Apr  9 19:21:20 ree-virtual-machine kernel: [    0.011280] On node 0, zone DMA: 1 pages in unavailable ranges
Apr  9 19:21:20 ree-virtual-machine kernel: [    0.012148] On node 0, zone DMA: 98 pages in unavailable ranges
Apr  9 19:21:20 ree-virtual-machine kernel: [    0.182303] On node 0, zone DMA32: 48 pages in unavailable ranges
Apr  9 19:21:20 ree-virtual-machine kernel: [    1.073836] ACPI: PM-Timer IO Port: 0x1008
Apr  9 19:21:20 ree-virtual-machine kernel: [    1.073846] system APIC only can use physical flat
Apr  9 19:21:20 ree-virtual-machine kernel: [    1.073857] ACPI: LAPIC_NMI (acpi_id[0x00] high edge lint[0x1])
Apr  9 19:21:20 ree-virtual-machine kernel: [    1.073859] ACPI: LAPIC_NMI (acpi_id[0x01] high edge lint[0x1])
Apr  9 19:21:20 ree-virtual-machine kernel: [    1.073859] ACPI: LAPIC_NMI (acpi_id[0x02] high edge lint[0x1])
Apr  9 19:21:20 ree-virtual-machine kernel: [    1.073860] ACPI: LAPIC_NMI (acpi_id[0x03] high edge lint[0x1])
Apr  9 19:21:20 ree-virtual-machine kernel: [    1.073860] ACPI: LAPIC_NMI (acpi_id[0x04] high edge lint[0x1])
Apr  9 19:21:20 ree-virtual-machine kernel: [    1.073861] ACPI: LAPIC_NMI (acpi_id[0x05] high edge lint[0x1])
Apr  9 19:21:20 ree-virtual-machine kernel: [    1.073861] ACPI: LAPIC_NMI (acpi_id[0x06] high edge lint[0x1])
Apr  9 19:21:20 ree-virtual-machine kernel: [    1.073862] ACPI: LAPIC_NMI (acpi_id[0x07] high edge lint[0x1])
Apr  9 19:21:20 ree-virtual-machine kernel: [    1.073862] ACPI: LAPIC_NMI (acpi_id[0x08] high edge lint[0x1])
Apr  9 19:21:20 ree-virtual-machine kernel: [    1.073863] ACPI: LAPIC_NMI (acpi_id[0x09] high edge lint[0x1])
Apr  9 19:21:20 ree-virtual-machine kernel: [    1.073863] ACPI: LAPIC_NMI (acpi_id[0x0a] high edge lint[0x1])
Apr  9 19:21:20 ree-virtual-machine kernel: [    1.073863] ACPI: LAPIC_NMI (acpi_id[0x0b] high edge lint[0x1])
Apr  9 19:21:20 ree-virtual-machine kernel: [    1.073864] ACPI: LAPIC_NMI (acpi_id[0x0c] high edge lint[0x1])
Apr  9 19:21:20 ree-virtual-machine kernel: [    1.073864] ACPI: LAPIC_NMI (acpi_id[0x0d] high edge lint[0x1])
Apr  9 19:21:20 ree-virtual-machine kernel: [    1.073865] ACPI: LAPIC_NMI (acpi_id[0x0e] high edge lint[0x1])
Apr  9 19:21:20 ree-virtual-machine kernel: [    1.073865] ACPI: LAPIC_NMI (acpi_id[0x0f] high edge lint[0x1])
Apr  9 19:21:20 ree-virtual-machine kernel: [    1.073866] ACPI: LAPIC_NMI (acpi_id[0x10] high edge lint[0x1])
Apr  9 19:21:20 ree-virtual-machine kernel: [    1.073866] ACPI: LAPIC_NMI (acpi_id[0x11] high edge lint[0x1])
Apr  9 19:21:20 ree-virtual-machine kernel: [    1.073867] ACPI: LAPIC_NMI (acpi_id[0x12] high edge lint[0x1])
Apr  9 19:21:20 ree-virtual-machine kernel: [    1.073867] ACPI: LAPIC_NMI (acpi_id[0x13] high edge lint[0x1])
Apr  9 19:21:20 ree-virtual-machine kernel: [    1.073868] ACPI: LAPIC_NMI (acpi_id[0x14] high edge lint[0x1])
Apr  9 19:21:20 ree-virtual-machine kernel: [    1.073868] ACPI: LAPIC_NMI (acpi_id[0x15] high edge lint[0x1])
Apr  9 19:21:20 ree-virtual-machine kernel: [    1.073868] ACPI: LAPIC_NMI (acpi_id[0x16] high edge lint[0x1])
Apr  9 19:21:20 ree-virtual-machine kernel: [    1.073869] ACPI: LAPIC_NMI (acpi_id[0x17] high edge lint[0x1])
Apr  9 19:21:20 ree-virtual-machine kernel: [    1.073869] ACPI: LAPIC_NMI (acpi_id[0x18] high edge lint[0x1])
Apr  9 19:21:20 ree-virtual-machine kernel: [    1.073870] ACPI: LAPIC_NMI (acpi_id[0x19] high edge lint[0x1])
Apr  9 19:21:20 ree-virtual-machine kernel: [    1.073870] ACPI: LAPIC_NMI (acpi_id[0x1a] high edge lint[0x1])
Apr  9 19:21:20 ree-virtual-machine kernel: [    1.073871] ACPI: LAPIC_NMI (acpi_id[0x1b] high edge lint[0x1])
Apr  9 19:21:20 ree-virtual-machine kernel: [    1.073871] ACPI: LAPIC_NMI (acpi_id[0x1c] high edge lint[0x1])
Apr  9 19:21:20 ree-virtual-machine kernel: [    1.073872] ACPI: LAPIC_NMI (acpi_id[0x1d] high edge lint[0x1])
Apr  9 19:21:20 ree-virtual-machine kernel: [    1.073872] ACPI: LAPIC_NMI (acpi_id[0x1e] high edge lint[0x1])
Apr  9 19:21:20 ree-virtual-machine kernel: [    1.073873] ACPI: LAPIC_NMI (acpi_id[0x1f] high edge lint[0x1])
Apr  9 19:21:20 ree-virtual-machine kernel: [    1.073873] ACPI: LAPIC_NMI (acpi_id[0x20] high edge lint[0x1])
Apr  9 19:21:20 ree-virtual-machine kernel: [    1.073873] ACPI: LAPIC_NMI (acpi_id[0x21] high edge lint[0x1])
Apr  9 19:21:20 ree-virtual-machine kernel: [    1.073874] ACPI: LAPIC_NMI (acpi_id[0x22] high edge lint[0x1])
Apr  9 19:21:20 ree-virtual-machine kernel: [    1.073874] ACPI: LAPIC_NMI (acpi_id[0x23] high edge lint[0x1])
Apr  9 19:21:20 ree-virtual-machine kernel: [    1.073875] ACPI: LAPIC_NMI (acpi_id[0x24] high edge lint[0x1])
Apr  9 19:21:20 ree-virtual-machine kernel: [    1.073875] ACPI: LAPIC_NMI (acpi_id[0x25] high edge lint[0x1])
Apr  9 19:21:20 ree-virtual-machine kernel: [    1.073876] ACPI: LAPIC_NMI (acpi_id[0x26] high edge lint[0x1])
Apr  9 19:21:20 ree-virtual-machine kernel: [    1.073876] ACPI: LAPIC_NMI (acpi_id[0x27] high edge lint[0x1])
Apr  9 19:21:20 ree-virtual-machine kernel: [    1.073877] ACPI: LAPIC_NMI (acpi_id[0x28] high edge lint[0x1])
Apr  9 19:21:20 ree-virtual-machine kernel: [    1.073877] ACPI: LAPIC_NMI (acpi_id[0x29] high edge lint[0x1])
Apr  9 19:21:20 ree-virtual-machine kernel: [    1.073878] ACPI: LAPIC_NMI (acpi_id[0x2a] high edge lint[0x1])
Apr  9 19:21:20 ree-virtual-machine kernel: [    1.073878] ACPI: LAPIC_NMI (acpi_id[0x2b] high edge lint[0x1])
Apr  9 19:21:20 ree-virtual-machine kernel: [    1.073878] ACPI: LAPIC_NMI (acpi_id[0x2c] high edge lint[0x1])
Apr  9 19:21:20 ree-virtual-machine kernel: [    1.073879] ACPI: LAPIC_NMI (acpi_id[0x2d] high edge lint[0x1])
Apr  9 19:21:20 ree-virtual-machine kernel: [    1.073879] ACPI: LAPIC_NMI (acpi_id[0x2e] high edge lint[0x1])
Apr  9 19:21:20 ree-virtual-machine kernel: [    1.073880] ACPI: LAPIC_NMI (acpi_id[0x2f] high edge lint[0x1])
Apr  9 19:21:20 ree-virtual-machine kernel: [    1.073880] ACPI: LAPIC_NMI (acpi_id[0x30] high edge lint[0x1])
Apr  9 19:21:20 ree-virtual-machine kernel: [    1.073881] ACPI: LAPIC_NMI (acpi_id[0x31] high edge lint[0x1])
Apr  9 19:21:20 ree-virtual-machine kernel: [    1.073881] ACPI: LAPIC_NMI (acpi_id[0x32] high edge lint[0x1])
Apr  9 19:21:20 ree-virtual-machine kernel: [    1.073882] ACPI: LAPIC_NMI (acpi_id[0x33] high edge lint[0x1])
Apr  9 19:21:20 ree-virtual-machine kernel: [    1.073882] ACPI: LAPIC_NMI (acpi_id[0x34] high edge lint[0x1])
Apr  9 19:21:20 ree-virtual-machine kernel: [    1.073882] ACPI: LAPIC_NMI (acpi_id[0x35] high edge lint[0x1])
Apr  9 19:21:20 ree-virtual-machine kernel: [    1.073883] ACPI: LAPIC_NMI (acpi_id[0x36] high edge lint[0x1])
Apr  9 19:21:20 ree-virtual-machine kernel: [    1.073883] ACPI: LAPIC_NMI (acpi_id[0x37] high edge lint[0x1])
Apr  9 19:21:20 ree-virtual-machine kernel: [    1.073884] ACPI: LAPIC_NMI (acpi_id[0x38] high edge lint[0x1])
Apr  9 19:21:20 ree-virtual-machine kernel: [    1.073884] ACPI: LAPIC_NMI (acpi_id[0x39] high edge lint[0x1])
Apr  9 19:21:20 ree-virtual-machine kernel: [    1.073885] ACPI: LAPIC_NMI (acpi_id[0x3a] high edge lint[0x1])
Apr  9 19:21:20 ree-virtual-machine kernel: [    1.073885] ACPI: LAPIC_NMI (acpi_id[0x3b] high edge lint[0x1])
Apr  9 19:21:20 ree-virtual-machine kernel: [    1.073886] ACPI: LAPIC_NMI (acpi_id[0x3c] high edge lint[0x1])
Apr  9 19:21:20 ree-virtual-machine kernel: [    1.073886] ACPI: LAPIC_NMI (acpi_id[0x3d] high edge lint[0x1])
Apr  9 19:21:20 ree-virtual-machine kernel: [    1.073886] ACPI: LAPIC_NMI (acpi_id[0x3e] high edge lint[0x1])
Apr  9 19:21:20 ree-virtual-machine kernel: [    1.073887] ACPI: LAPIC_NMI (acpi_id[0x3f] high edge lint[0x1])
Apr  9 19:21:20 ree-virtual-machine kernel: [    1.073887] ACPI: LAPIC_NMI (acpi_id[0x40] high edge lint[0x1])
Apr  9 19:21:20 ree-virtual-machine kernel: [    1.073888] ACPI: LAPIC_NMI (acpi_id[0x41] high edge lint[0x1])
Apr  9 19:21:20 ree-virtual-machine kernel: [    1.073888] ACPI: LAPIC_NMI (acpi_id[0x42] high edge lint[0x1])
Apr  9 19:21:20 ree-virtual-machine kernel: [    1.073889] ACPI: LAPIC_NMI (acpi_id[0x43] high edge lint[0x1])
Apr  9 19:21:20 ree-virtual-machine kernel: [    1.073889] ACPI: LAPIC_NMI (acpi_id[0x44] high edge lint[0x1])
Apr  9 19:21:20 ree-virtual-machine kernel: [    1.073890] ACPI: LAPIC_NMI (acpi_id[0x45] high edge lint[0x1])
Apr  9 19:21:20 ree-virtual-machine kernel: [    1.073890] ACPI: LAPIC_NMI (acpi_id[0x46] high edge lint[0x1])
Apr  9 19:21:20 ree-virtual-machine kernel: [    1.073890] ACPI: LAPIC_NMI (acpi_id[0x47] high edge lint[0x1])
Apr  9 19:21:20 ree-virtual-machine kernel: [    1.073891] ACPI: LAPIC_NMI (acpi_id[0x48] high edge lint[0x1])
Apr  9 19:21:20 ree-virtual-machine kernel: [    1.073891] ACPI: LAPIC_NMI (acpi_id[0x49] high edge lint[0x1])
Apr  9 19:21:20 ree-virtual-machine kernel: [    1.073892] ACPI: LAPIC_NMI (acpi_id[0x4a] high edge lint[0x1])
Apr  9 19:21:20 ree-virtual-machine kernel: [    1.073892] ACPI: LAPIC_NMI (acpi_id[0x4b] high edge lint[0x1])
Apr  9 19:21:20 ree-virtual-machine kernel: [    1.073893] ACPI: LAPIC_NMI (acpi_id[0x4c] high edge lint[0x1])
Apr  9 19:21:20 ree-virtual-machine kernel: [    1.073893] ACPI: LAPIC_NMI (acpi_id[0x4d] high edge lint[0x1])
Apr  9 19:21:20 ree-virtual-machine kernel: [    1.073894] ACPI: LAPIC_NMI (acpi_id[0x4e] high edge lint[0x1])
Apr  9 19:21:20 ree-virtual-machine kernel: [    1.073894] ACPI: LAPIC_NMI (acpi_id[0x4f] high edge lint[0x1])
Apr  9 19:21:20 ree-virtual-machine kernel: [    1.073894] ACPI: LAPIC_NMI (acpi_id[0x50] high edge lint[0x1])
Apr  9 19:21:20 ree-virtual-machine kernel: [    1.073895] ACPI: LAPIC_NMI (acpi_id[0x51] high edge lint[0x1])
Apr  9 19:21:20 ree-virtual-machine kernel: [    1.073895] ACPI: LAPIC_NMI (acpi_id[0x52] high edge lint[0x1])
Apr  9 19:21:20 ree-virtual-machine kernel: [    1.073896] ACPI: LAPIC_NMI (acpi_id[0x53] high edge lint[0x1])
Apr  9 19:21:20 ree-virtual-machine kernel: [    1.073896] ACPI: LAPIC_NMI (acpi_id[0x54] high edge lint[0x1])
Apr  9 19:21:20 ree-virtual-machine kernel: [    1.073897] ACPI: LAPIC_NMI (acpi_id[0x55] high edge lint[0x1])
Apr  9 19:21:20 ree-virtual-machine kernel: [    1.073897] ACPI: LAPIC_NMI (acpi_id[0x56] high edge lint[0x1])
Apr  9 19:21:20 ree-virtual-machine kernel: [    1.073898] ACPI: LAPIC_NMI (acpi_id[0x57] high edge lint[0x1])
Apr  9 19:21:20 ree-virtual-machine kernel: [    1.073898] ACPI: LAPIC_NMI (acpi_id[0x58] high edge lint[0x1])
Apr  9 19:21:20 ree-virtual-machine kernel: [    1.073899] ACPI: LAPIC_NMI (acpi_id[0x59] high edge lint[0x1])
Apr  9 19:21:20 ree-virtual-machine kernel: [    1.073899] ACPI: LAPIC_NMI (acpi_id[0x5a] high edge lint[0x1])
Apr  9 19:21:20 ree-virtual-machine kernel: [    1.073899] ACPI: LAPIC_NMI (acpi_id[0x5b] high edge lint[0x1])
Apr  9 19:21:20 ree-virtual-machine kernel: [    1.073900] ACPI: LAPIC_NMI (acpi_id[0x5c] high edge lint[0x1])
Apr  9 19:21:20 ree-virtual-machine kernel: [    1.073900] ACPI: LAPIC_NMI (acpi_id[0x5d] high edge lint[0x1])
Apr  9 19:21:20 ree-virtual-machine kernel: [    1.073901] ACPI: LAPIC_NMI (acpi_id[0x5e] high edge lint[0x1])
Apr  9 19:21:20 ree-virtual-machine kernel: [    1.073901] ACPI: LAPIC_NMI (acpi_id[0x5f] high edge lint[0x1])
Apr  9 19:21:20 ree-virtual-machine kernel: [    1.073902] ACPI: LAPIC_NMI (acpi_id[0x60] high edge lint[0x1])
Apr  9 19:21:20 ree-virtual-machine kernel: [    1.073902] ACPI: LAPIC_NMI (acpi_id[0x61] high edge lint[0x1])
Apr  9 19:21:20 ree-virtual-machine kernel: [    1.073903] ACPI: LAPIC_NMI (acpi_id[0x62] high edge lint[0x1])
Apr  9 19:21:20 ree-virtual-machine kernel: [    1.073903] ACPI: LAPIC_NMI (acpi_id[0x63] high edge lint[0x1])
Apr  9 19:21:20 ree-virtual-machine kernel: [    1.073903] ACPI: LAPIC_NMI (acpi_id[0x64] high edge lint[0x1])
Apr  9 19:21:20 ree-virtual-machine kernel: [    1.073904] ACPI: LAPIC_NMI (acpi_id[0x65] high edge lint[0x1])
Apr  9 19:21:20 ree-virtual-machine kernel: [    1.073904] ACPI: LAPIC_NMI (acpi_id[0x66] high edge lint[0x1])
Apr  9 19:21:20 ree-virtual-machine kernel: [    1.073905] ACPI: LAPIC_NMI (acpi_id[0x67] high edge lint[0x1])
Apr  9 19:21:20 ree-virtual-machine kernel: [    1.073905] ACPI: LAPIC_NMI (acpi_id[0x68] high edge lint[0x1])
Apr  9 19:21:20 ree-virtual-machine kernel: [    1.073906] ACPI: LAPIC_NMI (acpi_id[0x69] high edge lint[0x1])
Apr  9 19:21:20 ree-virtual-machine kernel: [    1.073906] ACPI: LAPIC_NMI (acpi_id[0x6a] high edge lint[0x1])
Apr  9 19:21:20 ree-virtual-machine kernel: [    1.073907] ACPI: LAPIC_NMI (acpi_id[0x6b] high edge lint[0x1])
Apr  9 19:21:20 ree-virtual-machine kernel: [    1.073907] ACPI: LAPIC_NMI (acpi_id[0x6c] high edge lint[0x1])
Apr  9 19:21:20 ree-virtual-machine kernel: [    1.073907] ACPI: LAPIC_NMI (acpi_id[0x6d] high edge lint[0x1])
Apr  9 19:21:20 ree-virtual-machine kernel: [    1.073908] ACPI: LAPIC_NMI (acpi_id[0x6e] high edge lint[0x1])
Apr  9 19:21:20 ree-virtual-machine kernel: [    1.073908] ACPI: LAPIC_NMI (acpi_id[0x6f] high edge lint[0x1])
Apr  9 19:21:20 ree-virtual-machine kernel: [    1.073909] ACPI: LAPIC_NMI (acpi_id[0x70] high edge lint[0x1])
Apr  9 19:21:20 ree-virtual-machine kernel: [    1.073910] ACPI: LAPIC_NMI (acpi_id[0x71] high edge lint[0x1])
Apr  9 19:21:20 ree-virtual-machine kernel: [    1.073910] ACPI: LAPIC_NMI (acpi_id[0x72] high edge lint[0x1])
Apr  9 19:21:20 ree-virtual-machine kernel: [    1.073911] ACPI: LAPIC_NMI (acpi_id[0x73] high edge lint[0x1])
Apr  9 19:21:20 ree-virtual-machine kernel: [    1.073911] ACPI: LAPIC_NMI (acpi_id[0x74] high edge lint[0x1])
Apr  9 19:21:20 ree-virtual-machine kernel: [    1.073911] ACPI: LAPIC_NMI (acpi_id[0x75] high edge lint[0x1])
Apr  9 19:21:20 ree-virtual-machine kernel: [    1.073912] ACPI: LAPIC_NMI (acpi_id[0x76] high edge lint[0x1])
Apr  9 19:21:20 ree-virtual-machine kernel: [    1.073912] ACPI: LAPIC_NMI (acpi_id[0x77] high edge lint[0x1])
Apr  9 19:21:20 ree-virtual-machine kernel: [    1.073913] ACPI: LAPIC_NMI (acpi_id[0x78] high edge lint[0x1])
Apr  9 19:21:20 ree-virtual-machine kernel: [    1.073913] ACPI: LAPIC_NMI (acpi_id[0x79] high edge lint[0x1])
Apr  9 19:21:20 ree-virtual-machine kernel: [    1.073914] ACPI: LAPIC_NMI (acpi_id[0x7a] high edge lint[0x1])
Apr  9 19:21:20 ree-virtual-machine kernel: [    1.073914] ACPI: LAPIC_NMI (acpi_id[0x7b] high edge lint[0x1])
Apr  9 19:21:20 ree-virtual-machine kernel: [    1.073915] ACPI: LAPIC_NMI (acpi_id[0x7c] high edge lint[0x1])
Apr  9 19:21:20 ree-virtual-machine kernel: [    1.073915] ACPI: LAPIC_NMI (acpi_id[0x7d] high edge lint[0x1])
Apr  9 19:21:20 ree-virtual-machine kernel: [    1.073915] ACPI: LAPIC_NMI (acpi_id[0x7e] high edge lint[0x1])
Apr  9 19:21:20 ree-virtual-machine kernel: [    1.073916] ACPI: LAPIC_NMI (acpi_id[0x7f] high edge lint[0x1])
Apr  9 19:21:20 ree-virtual-machine kernel: [    1.073969] IOAPIC[0]: apic_id 128, version 32, address 0xfec00000, GSI 0-23
Apr  9 19:21:20 ree-virtual-machine kernel: [    1.073974] ACPI: INT_SRC_OVR (bus 0 bus_irq 0 global_irq 2 high edge)
Apr  9 19:21:20 ree-virtual-machine kernel: [    1.073981] ACPI: Using ACPI (MADT) for SMP configuration information
Apr  9 19:21:20 ree-virtual-machine kernel: [    1.073982] ACPI: HPET id: 0x8086af01 base: 0xfed00000
Apr  9 19:21:20 ree-virtual-machine kernel: [    1.073987] TSC deadline timer available
Apr  9 19:21:20 ree-virtual-machine kernel: [    1.073994] smpboot: Allowing 128 CPUs, 124 hotplug CPUs
Apr  9 19:21:20 ree-virtual-machine kernel: [    1.074008] PM: hibernation: Registered nosave memory: [mem 0x00000000-0x00000fff]
Apr  9 19:21:20 ree-virtual-machine kernel: [    1.074009] PM: hibernation: Registered nosave memory: [mem 0x0009e000-0x0009efff]
Apr  9 19:21:20 ree-virtual-machine kernel: [    1.074010] PM: hibernation: Registered nosave memory: [mem 0x0009f000-0x0009ffff]
Apr  9 19:21:20 ree-virtual-machine kernel: [    1.074010] PM: hibernation: Registered nosave memory: [mem 0x000a0000-0x000dbfff]
Apr  9 19:21:20 ree-virtual-machine kernel: [    1.074011] PM: hibernation: Registered nosave memory: [mem 0x000dc000-0x000fffff]
Apr  9 19:21:20 ree-virtual-machine kernel: [    1.074011] PM: hibernation: Registered nosave memory: [mem 0xbfed0000-0xbfefefff]
Apr  9 19:21:20 ree-virtual-machine kernel: [    1.074012] PM: hibernation: Registered nosave memory: [mem 0xbfeff000-0xbfefffff]
Apr  9 19:21:20 ree-virtual-machine kernel: [    1.074013] PM: hibernation: Registered nosave memory: [mem 0xc0000000-0xefffffff]
Apr  9 19:21:20 ree-virtual-machine kernel: [    1.074013] PM: hibernation: Registered nosave memory: [mem 0xf0000000-0xf7ffffff]
Apr  9 19:21:20 ree-virtual-machine kernel: [    1.074014] PM: hibernation: Registered nosave memory: [mem 0xf8000000-0xfebfffff]
Apr  9 19:21:20 ree-virtual-machine kernel: [    1.074014] PM: hibernation: Registered nosave memory: [mem 0xfec00000-0xfec0ffff]
Apr  9 19:21:20 ree-virtual-machine kernel: [    1.074015] PM: hibernation: Registered nosave memory: [mem 0xfec10000-0xfedfffff]
Apr  9 19:21:20 ree-virtual-machine kernel: [    1.074015] PM: hibernation: Registered nosave memory: [mem 0xfee00000-0xfee00fff]
Apr  9 19:21:20 ree-virtual-machine kernel: [    1.074016] PM: hibernation: Registered nosave memory: [mem 0xfee01000-0xfffdffff]
Apr  9 19:21:20 ree-virtual-machine kernel: [    1.074016] PM: hibernation: Registered nosave memory: [mem 0xfffe0000-0xffffffff]
Apr  9 19:21:20 ree-virtual-machine kernel: [    1.074017] [mem 0xc0000000-0xefffffff] available for PCI devices
Apr  9 19:21:20 ree-virtual-machine kernel: [    1.074018] Booting paravirtualized kernel on VMware hypervisor
Apr  9 19:21:20 ree-virtual-machine kernel: [    1.074021] clocksource: refined-jiffies: mask: 0xffffffff max_cycles: 0xffffffff, max_idle_ns: 7645519600211568 ns
Apr  9 19:21:20 ree-virtual-machine kernel: [    1.074066] setup_percpu: NR_CPUS:8192 nr_cpumask_bits:128 nr_cpu_ids:128 nr_node_ids:1
Apr  9 19:21:20 ree-virtual-machine kernel: [    1.191223] percpu: Embedded 61 pages/cpu s212992 r8192 d28672 u262144
Apr  9 19:21:20 ree-virtual-machine kernel: [    1.191240] pcpu-alloc: s212992 r8192 d28672 u262144 alloc=1*2097152
Apr  9 19:21:20 ree-virtual-machine kernel: [    1.191244] pcpu-alloc: [0] 000 001 002 003 004 005 006 007 
Apr  9 19:21:20 ree-virtual-machine kernel: [    1.191247] pcpu-alloc: [0] 008 009 010 011 012 013 014 015 
Apr  9 19:21:20 ree-virtual-machine kernel: [    1.191251] pcpu-alloc: [0] 016 017 018 019 020 021 022 023 
Apr  9 19:21:20 ree-virtual-machine kernel: [    1.191254] pcpu-alloc: [0] 024 025 026 027 028 029 030 031 
Apr  9 19:21:20 ree-virtual-machine kernel: [    1.191257] pcpu-alloc: [0] 032 033 034 035 036 037 038 039 
Apr  9 19:21:20 ree-virtual-machine kernel: [    1.191259] pcpu-alloc: [0] 040 041 042 043 044 045 046 047 
Apr  9 19:21:20 ree-virtual-machine kernel: [    1.191262] pcpu-alloc: [0] 048 049 050 051 052 053 054 055 
Apr  9 19:21:20 ree-virtual-machine kernel: [    1.191265] pcpu-alloc: [0] 056 057 058 059 060 061 062 063 
Apr  9 19:21:20 ree-virtual-machine kernel: [    1.191268] pcpu-alloc: [0] 064 065 066 067 068 069 070 071 
Apr  9 19:21:20 ree-virtual-machine kernel: [    1.191271] pcpu-alloc: [0] 072 073 074 075 076 077 078 079 
Apr  9 19:21:20 ree-virtual-machine kernel: [    1.191274] pcpu-alloc: [0] 080 081 082 083 084 085 086 087 
Apr  9 19:21:20 ree-virtual-machine kernel: [    1.191277] pcpu-alloc: [0] 088 089 090 091 092 093 094 095 
Apr  9 19:21:20 ree-virtual-machine kernel: [    1.191280] pcpu-alloc: [0] 096 097 098 099 100 101 102 103 
Apr  9 19:21:20 ree-virtual-machine kernel: [    1.191283] pcpu-alloc: [0] 104 105 106 107 108 109 110 111 
Apr  9 19:21:20 ree-virtual-machine kernel: [    1.191286] pcpu-alloc: [0] 112 113 114 115 116 117 118 119 
Apr  9 19:21:20 ree-virtual-machine kernel: [    1.191289] pcpu-alloc: [0] 120 121 122 123 124 125 126 127 
Apr  9 19:21:20 ree-virtual-machine kernel: [    1.191365] Fallback order for Node 0: 0 
Apr  9 19:21:20 ree-virtual-machine kernel: [    1.191379] Built 1 zonelists, mobility grouping on.  Total pages: 4128464
Apr  9 19:21:20 ree-virtual-machine kernel: [    1.191380] Policy zone: Normal
Apr  9 19:21:20 ree-virtual-machine kernel: [    1.191382] Kernel command line: BOOT_IMAGE=/boot/vmlinuz-5.19.0-38-generic root=UUID=8de9989f-a6e4-4c92-a044-2c6d1909bf50 ro find_preseed=/preseed.cfg auto noprompt priority=critical locale=en_US quiet splash
Apr  9 19:21:20 ree-virtual-machine kernel: [    1.191503] Unknown kernel command line parameters "auto noprompt splash BOOT_IMAGE=/boot/vmlinuz-5.19.0-38-generic find_preseed=/preseed.cfg priority=critical locale=en_US", will be passed to user space.
Apr  9 19:21:20 ree-virtual-machine kernel: [    1.191505] printk: log_buf_len individual max cpu contribution: 4096 bytes
Apr  9 19:21:20 ree-virtual-machine kernel: [    1.191507] printk: log_buf_len total cpu_extra contributions: 520192 bytes
Apr  9 19:21:20 ree-virtual-machine kernel: [    1.191507] printk: log_buf_len min size: 262144 bytes
Apr  9 19:21:20 ree-virtual-machine kernel: [    1.211893] printk: log_buf_len: 1048576 bytes
Apr  9 19:21:20 ree-virtual-machine kernel: [    1.211898] printk: early log buf free: 226664(86%)
Apr  9 19:21:20 ree-virtual-machine kernel: [    1.265874] Dentry cache hash table entries: 2097152 (order: 12, 16777216 bytes, linear)
Apr  9 19:21:20 ree-virtual-machine kernel: [    1.293756] Inode-cache hash table entries: 1048576 (order: 11, 8388608 bytes, linear)
Apr  9 19:21:20 ree-virtual-machine kernel: [    1.296718] mem auto-init: stack:off, heap alloc:on, heap free:off
Apr  9 19:21:20 ree-virtual-machine kernel: [    1.455806] Memory: 16270124K/16776628K available (18440K kernel code, 4050K rwdata, 11292K rodata, 3168K init, 4908K bss, 506244K reserved, 0K cma-reserved)
Apr  9 19:21:20 ree-virtual-machine kernel: [    1.457208] SLUB: HWalign=64, Order=0-3, MinObjects=0, CPUs=128, Nodes=1
Apr  9 19:21:20 ree-virtual-machine kernel: [    1.457301] ftrace: allocating 52179 entries in 204 pages
Apr  9 19:21:20 ree-virtual-machine kernel: [    1.467920] ftrace: allocated 204 pages with 4 groups
Apr  9 19:21:20 ree-virtual-machine kernel: [    1.470025] Dynamic Preempt: voluntary
Apr  9 19:21:20 ree-virtual-machine kernel: [    1.470621] rcu: Preemptible hierarchical RCU implementation.
Apr  9 19:21:20 ree-virtual-machine kernel: [    1.470625] rcu: 	RCU restricting CPUs from NR_CPUS=8192 to nr_cpu_ids=128.
Apr  9 19:21:20 ree-virtual-machine kernel: [    1.470626] 	Trampoline variant of Tasks RCU enabled.
Apr  9 19:21:20 ree-virtual-machine kernel: [    1.470627] 	Rude variant of Tasks RCU enabled.
Apr  9 19:21:20 ree-virtual-machine kernel: [    1.470627] 	Tracing variant of Tasks RCU enabled.
Apr  9 19:21:20 ree-virtual-machine kernel: [    1.470628] rcu: RCU calculated value of scheduler-enlistment delay is 25 jiffies.
Apr  9 19:21:20 ree-virtual-machine kernel: [    1.470628] rcu: Adjusting geometry for rcu_fanout_leaf=16, nr_cpu_ids=128
Apr  9 19:21:20 ree-virtual-machine kernel: [    1.476624] NR_IRQS: 524544, nr_irqs: 1448, preallocated irqs: 16
Apr  9 19:21:20 ree-virtual-machine kernel: [    1.476961] rcu: srcu_init: Setting srcu_struct sizes to big.
Apr  9 19:21:20 ree-virtual-machine kernel: [    1.477068] random: crng init done
Apr  9 19:21:20 ree-virtual-machine kernel: [    1.478256] Console: colour VGA+ 80x25
Apr  9 19:21:20 ree-virtual-machine kernel: [    1.478299] printk: console [tty0] enabled
Apr  9 19:21:20 ree-virtual-machine kernel: [    1.478408] ACPI: Core revision 20220331
Apr  9 19:21:20 ree-virtual-machine kernel: [    1.491830] clocksource: hpet: mask: 0xffffffff max_cycles: 0xffffffff, max_idle_ns: 133484882848 ns
Apr  9 19:21:20 ree-virtual-machine kernel: [    1.491923] APIC: Switch to symmetric I/O mode setup
Apr  9 19:21:20 ree-virtual-machine kernel: [    1.493484] x2apic enabled
Apr  9 19:21:20 ree-virtual-machine kernel: [    1.493892] Switched APIC routing to physical x2apic.
Apr  9 19:21:20 ree-virtual-machine kernel: [    1.494666] ..TIMER: vector=0x30 apic1=0 pin1=2 apic2=-1 pin2=-1
Apr  9 19:21:20 ree-virtual-machine kernel: [    1.494701] clocksource: tsc-early: mask: 0xffffffffffffffff max_cycles: 0x33e452fbb2f, max_idle_ns: 440795236593 ns
Apr  9 19:21:20 ree-virtual-machine kernel: [    1.494709] Calibrating delay loop (skipped) preset value.. 7200.00 BogoMIPS (lpj=14400000)
Apr  9 19:21:20 ree-virtual-machine kernel: [    1.494712] pid_max: default: 131072 minimum: 1024
Apr  9 19:21:20 ree-virtual-machine kernel: [    1.494822] LSM: Security Framework initializing
Apr  9 19:21:20 ree-virtual-machine kernel: [    1.494834] landlock: Up and running.
Apr  9 19:21:20 ree-virtual-machine kernel: [    1.494834] Yama: becoming mindful.
Apr  9 19:21:20 ree-virtual-machine kernel: [    1.495077] AppArmor: AppArmor initialized
Apr  9 19:21:20 ree-virtual-machine kernel: [    1.498905] Mount-cache hash table entries: 32768 (order: 6, 262144 bytes, linear)
Apr  9 19:21:20 ree-virtual-machine kernel: [    1.499786] Mountpoint-cache hash table entries: 32768 (order: 6, 262144 bytes, linear)
Apr  9 19:21:20 ree-virtual-machine kernel: [    1.501655] Disabled fast string operations
Apr  9 19:21:20 ree-virtual-machine kernel: [    1.501755] Last level iTLB entries: 4KB 128, 2MB 8, 4MB 8
Apr  9 19:21:20 ree-virtual-machine kernel: [    1.501757] Last level dTLB entries: 4KB 64, 2MB 0, 4MB 0, 1GB 4
Apr  9 19:21:20 ree-virtual-machine kernel: [    1.501762] Spectre V1 : Mitigation: usercopy/swapgs barriers and __user pointer sanitization
Apr  9 19:21:20 ree-virtual-machine kernel: [    1.501996] Spectre V2 : Mitigation: IBRS
Apr  9 19:21:20 ree-virtual-machine kernel: [    1.501998] Spectre V2 : Spectre v2 / SpectreRSB mitigation: Filling RSB on context switch
Apr  9 19:21:20 ree-virtual-machine kernel: [    1.501999] Spectre V2 : Spectre v2 / SpectreRSB : Filling RSB on VMEXIT
Apr  9 19:21:20 ree-virtual-machine kernel: [    1.502000] RETBleed: Mitigation: IBRS
Apr  9 19:21:20 ree-virtual-machine kernel: [    1.502002] Spectre V2 : mitigation: Enabling conditional Indirect Branch Prediction Barrier
Apr  9 19:21:20 ree-virtual-machine kernel: [    1.502004] Speculative Store Bypass: Mitigation: Speculative Store Bypass disabled via prctl
Apr  9 19:21:20 ree-virtual-machine kernel: [    1.502010] MDS: Mitigation: Clear CPU buffers
Apr  9 19:21:20 ree-virtual-machine kernel: [    1.502011] MMIO Stale Data: Mitigation: Clear CPU buffers
Apr  9 19:21:20 ree-virtual-machine kernel: [    1.502012] SRBDS: Unknown: Dependent on hypervisor status
Apr  9 19:21:20 ree-virtual-machine kernel: [    1.527860] Freeing SMP alternatives memory: 44K
Apr  9 19:21:20 ree-virtual-machine kernel: [    1.550819] smpboot: CPU0: Intel(R) Core(TM) i7-9700K CPU @ 3.60GHz (family: 0x6, model: 0x9e, stepping: 0xc)
Apr  9 19:21:20 ree-virtual-machine kernel: [    1.552105] cblist_init_generic: Setting adjustable number of callback queues.
Apr  9 19:21:20 ree-virtual-machine kernel: [    1.552120] cblist_init_generic: Setting shift to 7 and lim to 1.
Apr  9 19:21:20 ree-virtual-machine kernel: [    1.552339] cblist_init_generic: Setting shift to 7 and lim to 1.
Apr  9 19:21:20 ree-virtual-machine kernel: [    1.552443] cblist_init_generic: Setting shift to 7 and lim to 1.
Apr  9 19:21:20 ree-virtual-machine kernel: [    1.552518] Performance Events: Skylake events, core PMU driver.
Apr  9 19:21:20 ree-virtual-machine kernel: [    1.552559] core: CPUID marked event: 'cpu cycles' unavailable
Apr  9 19:21:20 ree-virtual-machine kernel: [    1.552560] core: CPUID marked event: 'instructions' unavailable
Apr  9 19:21:20 ree-virtual-machine kernel: [    1.552561] core: CPUID marked event: 'bus cycles' unavailable
Apr  9 19:21:20 ree-virtual-machine kernel: [    1.552562] core: CPUID marked event: 'cache references' unavailable
Apr  9 19:21:20 ree-virtual-machine kernel: [    1.552563] core: CPUID marked event: 'cache misses' unavailable
Apr  9 19:21:20 ree-virtual-machine kernel: [    1.552564] core: CPUID marked event: 'branch instructions' unavailable
Apr  9 19:21:20 ree-virtual-machine kernel: [    1.552565] core: CPUID marked event: 'branch misses' unavailable
Apr  9 19:21:20 ree-virtual-machine kernel: [    1.552567] ... version:                1
Apr  9 19:21:20 ree-virtual-machine kernel: [    1.552568] ... bit width:              48
Apr  9 19:21:20 ree-virtual-machine kernel: [    1.552569] ... generic registers:      8
Apr  9 19:21:20 ree-virtual-machine kernel: [    1.552570] ... value mask:             0000ffffffffffff
Apr  9 19:21:20 ree-virtual-machine kernel: [    1.552571] ... max period:             000000007fffffff
Apr  9 19:21:20 ree-virtual-machine kernel: [    1.552572] ... fixed-purpose events:   0
Apr  9 19:21:20 ree-virtual-machine kernel: [    1.552573] ... event mask:             00000000000000ff
Apr  9 19:21:20 ree-virtual-machine kernel: [    1.552766] rcu: Hierarchical SRCU implementation.
Apr  9 19:21:20 ree-virtual-machine kernel: [    1.552768] rcu: 	Max phase no-delay instances is 1000.
Apr  9 19:21:20 ree-virtual-machine kernel: [    1.553904] NMI watchdog: Perf NMI watchdog permanently disabled
Apr  9 19:21:20 ree-virtual-machine kernel: [    1.567481] smp: Bringing up secondary CPUs ...
Apr  9 19:21:20 ree-virtual-machine kernel: [    1.568372] x86: Booting SMP configuration:
Apr  9 19:21:20 ree-virtual-machine kernel: [    1.568374] .... node  #0, CPUs:          #1
Apr  9 19:21:20 ree-virtual-machine kernel: [    0.017667] Disabled fast string operations
Apr  9 19:21:20 ree-virtual-machine kernel: [    1.571659]    #2
Apr  9 19:21:20 ree-virtual-machine kernel: [    0.017667] Disabled fast string operations
Apr  9 19:21:20 ree-virtual-machine kernel: [    1.574705]    #3
Apr  9 19:21:20 ree-virtual-machine kernel: [    0.017667] Disabled fast string operations
Apr  9 19:21:20 ree-virtual-machine kernel: [    1.575083] smp: Brought up 1 node, 4 CPUs
Apr  9 19:21:20 ree-virtual-machine kernel: [    1.575087] smpboot: Max logical packages: 32
Apr  9 19:21:20 ree-virtual-machine kernel: [    1.575090] smpboot: Total of 4 processors activated (28800.00 BogoMIPS)
Apr  9 19:21:20 ree-virtual-machine kernel: [    1.608664] devtmpfs: initialized
Apr  9 19:21:20 ree-virtual-machine kernel: [    1.608664] x86/mm: Memory block size: 128MB
Apr  9 19:21:20 ree-virtual-machine kernel: [    1.613111] ACPI: PM: Registering ACPI NVS region [mem 0xbfeff000-0xbfefffff] (4096 bytes)
Apr  9 19:21:20 ree-virtual-machine kernel: [    1.614858] clocksource: jiffies: mask: 0xffffffff max_cycles: 0xffffffff, max_idle_ns: 7645041785100000 ns
Apr  9 19:21:20 ree-virtual-machine kernel: [    1.622080] futex hash table entries: 32768 (order: 9, 2097152 bytes, linear)
Apr  9 19:21:20 ree-virtual-machine kernel: [    1.622687] pinctrl core: initialized pinctrl subsystem
Apr  9 19:21:20 ree-virtual-machine kernel: [    1.623002] PM: RTC time: 11:21:10, date: 2023-04-09
Apr  9 19:21:20 ree-virtual-machine kernel: [    1.632064] NET: Registered PF_NETLINK/PF_ROUTE protocol family
Apr  9 19:21:20 ree-virtual-machine kernel: [    1.638973] DMA: preallocated 2048 KiB GFP_KERNEL pool for atomic allocations
Apr  9 19:21:20 ree-virtual-machine kernel: [    1.639168] DMA: preallocated 2048 KiB GFP_KERNEL|GFP_DMA pool for atomic allocations
Apr  9 19:21:20 ree-virtual-machine kernel: [    1.639488] DMA: preallocated 2048 KiB GFP_KERNEL|GFP_DMA32 pool for atomic allocations
Apr  9 19:21:20 ree-virtual-machine kernel: [    1.639511] audit: initializing netlink subsys (disabled)
Apr  9 19:21:20 ree-virtual-machine kernel: [    1.646723] audit: type=2000 audit(1681039270.156:1): state=initialized audit_enabled=0 res=1
Apr  9 19:21:20 ree-virtual-machine kernel: [    1.646998] thermal_sys: Registered thermal governor 'fair_share'
Apr  9 19:21:20 ree-virtual-machine kernel: [    1.646999] thermal_sys: Registered thermal governor 'bang_bang'
Apr  9 19:21:20 ree-virtual-machine kernel: [    1.647000] thermal_sys: Registered thermal governor 'step_wise'
Apr  9 19:21:20 ree-virtual-machine kernel: [    1.647001] thermal_sys: Registered thermal governor 'user_space'
Apr  9 19:21:20 ree-virtual-machine kernel: [    1.647001] thermal_sys: Registered thermal governor 'power_allocator'
Apr  9 19:21:20 ree-virtual-machine kernel: [    1.647006] EISA bus registered
Apr  9 19:21:20 ree-virtual-machine kernel: [    1.647156] cpuidle: using governor ladder
Apr  9 19:21:20 ree-virtual-machine kernel: [    1.658711] cpuidle: using governor menu
Apr  9 19:21:20 ree-virtual-machine kernel: [    1.658785] Simple Boot Flag at 0x36 set to 0x80
Apr  9 19:21:20 ree-virtual-machine kernel: [    1.658814] HugeTLB: can optimize 4095 vmemmap pages for hugepages-1048576kB
Apr  9 19:21:20 ree-virtual-machine kernel: [    1.658818] acpiphp: ACPI Hot Plug PCI Controller Driver version: 0.5
Apr  9 19:21:20 ree-virtual-machine kernel: [    1.659013] PCI: MMCONFIG for domain 0000 [bus 00-7f] at [mem 0xf0000000-0xf7ffffff] (base 0xf0000000)
Apr  9 19:21:20 ree-virtual-machine kernel: [    1.659018] PCI: MMCONFIG at [mem 0xf0000000-0xf7ffffff] reserved in E820
Apr  9 19:21:20 ree-virtual-machine kernel: [    1.659030] pmd_set_huge: Cannot satisfy [mem 0xf0000000-0xf0200000] with a huge-page mapping due to MTRR override.
Apr  9 19:21:20 ree-virtual-machine kernel: [    1.659193] PCI: Using configuration type 1 for base access
Apr  9 19:21:20 ree-virtual-machine kernel: [    1.660894] kprobes: kprobe jump-optimization is enabled. All kprobes are optimized if possible.
Apr  9 19:21:20 ree-virtual-machine kernel: [    1.663053] HugeTLB: can optimize 7 vmemmap pages for hugepages-2048kB
Apr  9 19:21:20 ree-virtual-machine kernel: [    1.663053] HugeTLB registered 1.00 GiB page size, pre-allocated 0 pages
Apr  9 19:21:20 ree-virtual-machine kernel: [    1.663053] HugeTLB registered 2.00 MiB page size, pre-allocated 0 pages
Apr  9 19:21:20 ree-virtual-machine kernel: [    1.663084] ACPI: Added _OSI(Module Device)
Apr  9 19:21:20 ree-virtual-machine kernel: [    1.663084] ACPI: Added _OSI(Processor Device)
Apr  9 19:21:20 ree-virtual-machine kernel: [    1.663084] ACPI: Added _OSI(3.0 _SCP Extensions)
Apr  9 19:21:20 ree-virtual-machine kernel: [    1.663084] ACPI: Added _OSI(Processor Aggregator Device)
Apr  9 19:21:20 ree-virtual-machine kernel: [    1.663084] ACPI: Added _OSI(Linux-Dell-Video)
Apr  9 19:21:20 ree-virtual-machine kernel: [    1.663084] ACPI: Added _OSI(Linux-Lenovo-NV-HDMI-Audio)
Apr  9 19:21:20 ree-virtual-machine kernel: [    1.663084] ACPI: Added _OSI(Linux-HPI-Hybrid-Graphics)
Apr  9 19:21:20 ree-virtual-machine kernel: [    1.699000] ACPI: 1 ACPI AML tables successfully acquired and loaded
Apr  9 19:21:20 ree-virtual-machine kernel: [    1.704386] ACPI: [Firmware Bug]: BIOS _OSI(Linux) query ignored
Apr  9 19:21:20 ree-virtual-machine kernel: [    1.734748] ACPI: Interpreter enabled
Apr  9 19:21:20 ree-virtual-machine kernel: [    1.734769] ACPI: PM: (supports S0 S1 S4 S5)
Apr  9 19:21:20 ree-virtual-machine kernel: [    1.734771] ACPI: Using IOAPIC for interrupt routing
Apr  9 19:21:20 ree-virtual-machine kernel: [    1.734809] PCI: Using host bridge windows from ACPI; if necessary, use "pci=nocrs" and report a bug
Apr  9 19:21:20 ree-virtual-machine kernel: [    1.734810] PCI: Using E820 reservations for host bridge windows
Apr  9 19:21:20 ree-virtual-machine kernel: [    1.737607] ACPI: Enabled 4 GPEs in block 00 to 0F
Apr  9 19:21:20 ree-virtual-machine kernel: [    1.985729] ACPI: PCI Root Bridge [PCI0] (domain 0000 [bus 00-7f])
Apr  9 19:21:20 ree-virtual-machine kernel: [    1.985748] acpi PNP0A03:00: _OSC: OS supports [ExtendedConfig ASPM ClockPM Segments MSI EDR HPX-Type3]
Apr  9 19:21:20 ree-virtual-machine kernel: [    1.985923] acpi PNP0A03:00: _OSC: platform does not support [AER LTR DPC]
Apr  9 19:21:20 ree-virtual-machine kernel: [    1.986193] acpi PNP0A03:00: _OSC: OS now controls [PCIeHotplug SHPCHotplug PME PCIeCapability]
Apr  9 19:21:20 ree-virtual-machine kernel: [    1.988342] PCI host bridge to bus 0000:00
Apr  9 19:21:20 ree-virtual-machine kernel: [    1.988362] pci_bus 0000:00: root bus resource [mem 0x000a0000-0x000bffff window]
Apr  9 19:21:20 ree-virtual-machine kernel: [    1.988365] pci_bus 0000:00: root bus resource [mem 0x000d0000-0x000dbfff window]
Apr  9 19:21:20 ree-virtual-machine kernel: [    1.988366] pci_bus 0000:00: root bus resource [mem 0xc0000000-0xfebfffff window]
Apr  9 19:21:20 ree-virtual-machine kernel: [    1.988367] pci_bus 0000:00: root bus resource [io  0x0000-0x0cf7 window]
Apr  9 19:21:20 ree-virtual-machine kernel: [    1.988368] pci_bus 0000:00: root bus resource [io  0x0d00-0xfeff window]
Apr  9 19:21:20 ree-virtual-machine kernel: [    1.988370] pci_bus 0000:00: root bus resource [bus 00-7f]
Apr  9 19:21:20 ree-virtual-machine kernel: [    1.988540] pci 0000:00:00.0: [8086:7190] type 00 class 0x060000
Apr  9 19:21:20 ree-virtual-machine kernel: [    1.989134] pci 0000:00:01.0: [8086:7191] type 01 class 0x060400
Apr  9 19:21:20 ree-virtual-machine kernel: [    1.990554] pci 0000:00:07.0: [8086:7110] type 00 class 0x060100
Apr  9 19:21:20 ree-virtual-machine kernel: [    1.991345] pci 0000:00:07.1: [8086:7111] type 00 class 0x01018a
Apr  9 19:21:20 ree-virtual-machine kernel: [    1.992512] pci 0000:00:07.1: reg 0x20: [io  0x1060-0x106f]
Apr  9 19:21:20 ree-virtual-machine kernel: [    1.992955] pci 0000:00:07.1: legacy IDE quirk: reg 0x10: [io  0x01f0-0x01f7]
Apr  9 19:21:20 ree-virtual-machine kernel: [    1.992957] pci 0000:00:07.1: legacy IDE quirk: reg 0x14: [io  0x03f6]
Apr  9 19:21:20 ree-virtual-machine kernel: [    1.992958] pci 0000:00:07.1: legacy IDE quirk: reg 0x18: [io  0x0170-0x0177]
Apr  9 19:21:20 ree-virtual-machine kernel: [    1.992959] pci 0000:00:07.1: legacy IDE quirk: reg 0x1c: [io  0x0376]
Apr  9 19:21:20 ree-virtual-machine kernel: [    1.993199] pci 0000:00:07.3: [8086:7113] type 00 class 0x068000
Apr  9 19:21:20 ree-virtual-machine kernel: [    1.996304] pci 0000:00:07.3: quirk: [io  0x1000-0x103f] claimed by PIIX4 ACPI
Apr  9 19:21:20 ree-virtual-machine kernel: [    1.996319] pci 0000:00:07.3: quirk: [io  0x1040-0x104f] claimed by PIIX4 SMB
Apr  9 19:21:20 ree-virtual-machine kernel: [    1.996823] pci 0000:00:07.7: [15ad:0740] type 00 class 0x088000
Apr  9 19:21:20 ree-virtual-machine kernel: [    1.997895] pci 0000:00:07.7: reg 0x10: [io  0x1080-0x10bf]
Apr  9 19:21:20 ree-virtual-machine kernel: [    1.998389] pci 0000:00:07.7: reg 0x14: [mem 0xfebc0000-0xfebfffff 64bit]
Apr  9 19:21:20 ree-virtual-machine kernel: [    2.001818] pci 0000:00:0f.0: [15ad:0405] type 00 class 0x030000
Apr  9 19:21:20 ree-virtual-machine kernel: [    2.002749] pci 0000:00:0f.0: reg 0x10: [io  0x1070-0x107f]
Apr  9 19:21:20 ree-virtual-machine kernel: [    2.003513] pci 0000:00:0f.0: reg 0x14: [mem 0xe8000000-0xefffffff pref]
Apr  9 19:21:20 ree-virtual-machine kernel: [    2.004252] pci 0000:00:0f.0: reg 0x18: [mem 0xfe000000-0xfe7fffff]
Apr  9 19:21:20 ree-virtual-machine kernel: [    2.007057] pci 0000:00:0f.0: reg 0x30: [mem 0x00000000-0x00007fff pref]
Apr  9 19:21:20 ree-virtual-machine kernel: [    2.007180] pci 0000:00:0f.0: Video device with shadowed ROM at [mem 0x000c0000-0x000dffff]
Apr  9 19:21:20 ree-virtual-machine kernel: [    2.007620] pci 0000:00:10.0: [1000:0030] type 00 class 0x010000
Apr  9 19:21:20 ree-virtual-machine kernel: [    2.008038] pci 0000:00:10.0: reg 0x10: [io  0x1400-0x14ff]
Apr  9 19:21:20 ree-virtual-machine kernel: [    2.008467] pci 0000:00:10.0: reg 0x14: [mem 0xfeb80000-0xfeb9ffff 64bit]
Apr  9 19:21:20 ree-virtual-machine kernel: [    2.008922] pci 0000:00:10.0: reg 0x1c: [mem 0xfeba0000-0xfebbffff 64bit]
Apr  9 19:21:20 ree-virtual-machine kernel: [    2.009705] pci 0000:00:10.0: reg 0x30: [mem 0x00000000-0x00003fff pref]
Apr  9 19:21:20 ree-virtual-machine kernel: [    2.010120] pci 0000:00:11.0: [15ad:0790] type 01 class 0x060401
Apr  9 19:21:20 ree-virtual-machine kernel: [    2.011435] pci 0000:00:15.0: [15ad:07a0] type 01 class 0x060400
Apr  9 19:21:20 ree-virtual-machine kernel: [    2.012190] pci 0000:00:15.0: PME# supported from D0 D3hot D3cold
Apr  9 19:21:20 ree-virtual-machine kernel: [    2.012644] pci 0000:00:15.1: [15ad:07a0] type 01 class 0x060400
Apr  9 19:21:20 ree-virtual-machine kernel: [    2.013314] pci 0000:00:15.1: PME# supported from D0 D3hot D3cold
Apr  9 19:21:20 ree-virtual-machine kernel: [    2.013706] pci 0000:00:15.2: [15ad:07a0] type 01 class 0x060400
Apr  9 19:21:20 ree-virtual-machine kernel: [    2.014372] pci 0000:00:15.2: PME# supported from D0 D3hot D3cold
Apr  9 19:21:20 ree-virtual-machine kernel: [    2.014766] pci 0000:00:15.3: [15ad:07a0] type 01 class 0x060400
Apr  9 19:21:20 ree-virtual-machine kernel: [    2.015499] pci 0000:00:15.3: PME# supported from D0 D3hot D3cold
Apr  9 19:21:20 ree-virtual-machine kernel: [    2.016049] pci 0000:00:15.4: [15ad:07a0] type 01 class 0x060400
Apr  9 19:21:20 ree-virtual-machine kernel: [    2.016732] pci 0000:00:15.4: PME# supported from D0 D3hot D3cold
Apr  9 19:21:20 ree-virtual-machine kernel: [    2.017182] pci 0000:00:15.5: [15ad:07a0] type 01 class 0x060400
Apr  9 19:21:20 ree-virtual-machine kernel: [    2.017877] pci 0000:00:15.5: PME# supported from D0 D3hot D3cold
Apr  9 19:21:20 ree-virtual-machine kernel: [    2.018315] pci 0000:00:15.6: [15ad:07a0] type 01 class 0x060400
Apr  9 19:21:20 ree-virtual-machine kernel: [    2.018978] pci 0000:00:15.6: PME# supported from D0 D3hot D3cold
Apr  9 19:21:20 ree-virtual-machine kernel: [    2.019387] pci 0000:00:15.7: [15ad:07a0] type 01 class 0x060400
Apr  9 19:21:20 ree-virtual-machine kernel: [    2.020075] pci 0000:00:15.7: PME# supported from D0 D3hot D3cold
Apr  9 19:21:20 ree-virtual-machine kernel: [    2.020499] pci 0000:00:16.0: [15ad:07a0] type 01 class 0x060400
Apr  9 19:21:20 ree-virtual-machine kernel: [    2.021200] pci 0000:00:16.0: PME# supported from D0 D3hot D3cold
Apr  9 19:21:20 ree-virtual-machine kernel: [    2.021724] pci 0000:00:16.1: [15ad:07a0] type 01 class 0x060400
Apr  9 19:21:20 ree-virtual-machine kernel: [    2.022379] pci 0000:00:16.1: PME# supported from D0 D3hot D3cold
Apr  9 19:21:20 ree-virtual-machine kernel: [    2.022800] pci 0000:00:16.2: [15ad:07a0] type 01 class 0x060400
Apr  9 19:21:20 ree-virtual-machine kernel: [    2.023535] pci 0000:00:16.2: PME# supported from D0 D3hot D3cold
Apr  9 19:21:20 ree-virtual-machine kernel: [    2.024007] pci 0000:00:16.3: [15ad:07a0] type 01 class 0x060400
Apr  9 19:21:20 ree-virtual-machine kernel: [    2.024686] pci 0000:00:16.3: PME# supported from D0 D3hot D3cold
Apr  9 19:21:20 ree-virtual-machine kernel: [    2.025178] pci 0000:00:16.4: [15ad:07a0] type 01 class 0x060400
Apr  9 19:21:20 ree-virtual-machine kernel: [    2.025842] pci 0000:00:16.4: PME# supported from D0 D3hot D3cold
Apr  9 19:21:20 ree-virtual-machine kernel: [    2.026306] pci 0000:00:16.5: [15ad:07a0] type 01 class 0x060400
Apr  9 19:21:20 ree-virtual-machine kernel: [    2.027038] pci 0000:00:16.5: PME# supported from D0 D3hot D3cold
Apr  9 19:21:20 ree-virtual-machine kernel: [    2.027509] pci 0000:00:16.6: [15ad:07a0] type 01 class 0x060400
Apr  9 19:21:20 ree-virtual-machine kernel: [    2.028239] pci 0000:00:16.6: PME# supported from D0 D3hot D3cold
Apr  9 19:21:20 ree-virtual-machine kernel: [    2.028703] pci 0000:00:16.7: [15ad:07a0] type 01 class 0x060400
Apr  9 19:21:20 ree-virtual-machine kernel: [    2.029458] pci 0000:00:16.7: PME# supported from D0 D3hot D3cold
Apr  9 19:21:20 ree-virtual-machine kernel: [    2.029989] pci 0000:00:17.0: [15ad:07a0] type 01 class 0x060400
Apr  9 19:21:20 ree-virtual-machine kernel: [    2.030741] pci 0000:00:17.0: PME# supported from D0 D3hot D3cold
Apr  9 19:21:20 ree-virtual-machine kernel: [    2.031207] pci 0000:00:17.1: [15ad:07a0] type 01 class 0x060400
Apr  9 19:21:20 ree-virtual-machine kernel: [    2.031876] pci 0000:00:17.1: PME# supported from D0 D3hot D3cold
Apr  9 19:21:20 ree-virtual-machine kernel: [    2.032288] pci 0000:00:17.2: [15ad:07a0] type 01 class 0x060400
Apr  9 19:21:20 ree-virtual-machine kernel: [    2.032992] pci 0000:00:17.2: PME# supported from D0 D3hot D3cold
Apr  9 19:21:20 ree-virtual-machine kernel: [    2.033468] pci 0000:00:17.3: [15ad:07a0] type 01 class 0x060400
Apr  9 19:21:20 ree-virtual-machine kernel: [    2.034174] pci 0000:00:17.3: PME# supported from D0 D3hot D3cold
Apr  9 19:21:20 ree-virtual-machine kernel: [    2.034715] pci 0000:00:17.4: [15ad:07a0] type 01 class 0x060400
Apr  9 19:21:20 ree-virtual-machine kernel: [    2.035427] pci 0000:00:17.4: PME# supported from D0 D3hot D3cold
Apr  9 19:21:20 ree-virtual-machine kernel: [    2.036301] pci 0000:00:17.5: [15ad:07a0] type 01 class 0x060400
Apr  9 19:21:20 ree-virtual-machine kernel: [    2.037229] pci 0000:00:17.5: PME# supported from D0 D3hot D3cold
Apr  9 19:21:20 ree-virtual-machine kernel: [    2.037686] pci 0000:00:17.6: [15ad:07a0] type 01 class 0x060400
Apr  9 19:21:20 ree-virtual-machine kernel: [    2.038396] pci 0000:00:17.6: PME# supported from D0 D3hot D3cold
Apr  9 19:21:20 ree-virtual-machine kernel: [    2.039150] pci 0000:00:17.7: [15ad:07a0] type 01 class 0x060400
Apr  9 19:21:20 ree-virtual-machine kernel: [    2.041328] pci 0000:00:17.7: PME# supported from D0 D3hot D3cold
Apr  9 19:21:20 ree-virtual-machine kernel: [    2.042249] pci 0000:00:18.0: [15ad:07a0] type 01 class 0x060400
Apr  9 19:21:20 ree-virtual-machine kernel: [    2.042946] pci 0000:00:18.0: PME# supported from D0 D3hot D3cold
Apr  9 19:21:20 ree-virtual-machine kernel: [    2.044070] pci 0000:00:18.1: [15ad:07a0] type 01 class 0x060400
Apr  9 19:21:20 ree-virtual-machine kernel: [    2.044790] pci 0000:00:18.1: PME# supported from D0 D3hot D3cold
Apr  9 19:21:20 ree-virtual-machine kernel: [    2.045297] pci 0000:00:18.2: [15ad:07a0] type 01 class 0x060400
Apr  9 19:21:20 ree-virtual-machine kernel: [    2.046080] pci 0000:00:18.2: PME# supported from D0 D3hot D3cold
Apr  9 19:21:20 ree-virtual-machine kernel: [    2.047695] pci 0000:00:18.3: [15ad:07a0] type 01 class 0x060400
Apr  9 19:21:20 ree-virtual-machine kernel: [    2.048801] pci 0000:00:18.3: PME# supported from D0 D3hot D3cold
Apr  9 19:21:20 ree-virtual-machine kernel: [    2.049425] pci 0000:00:18.4: [15ad:07a0] type 01 class 0x060400
Apr  9 19:21:20 ree-virtual-machine kernel: [    2.050176] pci 0000:00:18.4: PME# supported from D0 D3hot D3cold
Apr  9 19:21:20 ree-virtual-machine kernel: [    2.050595] pci 0000:00:18.5: [15ad:07a0] type 01 class 0x060400
Apr  9 19:21:20 ree-virtual-machine kernel: [    2.051403] pci 0000:00:18.5: PME# supported from D0 D3hot D3cold
Apr  9 19:21:20 ree-virtual-machine kernel: [    2.051932] pci 0000:00:18.6: [15ad:07a0] type 01 class 0x060400
Apr  9 19:21:20 ree-virtual-machine kernel: [    2.052682] pci 0000:00:18.6: PME# supported from D0 D3hot D3cold
Apr  9 19:21:20 ree-virtual-machine kernel: [    2.053177] pci 0000:00:18.7: [15ad:07a0] type 01 class 0x060400
Apr  9 19:21:20 ree-virtual-machine kernel: [    2.053873] pci 0000:00:18.7: PME# supported from D0 D3hot D3cold
Apr  9 19:21:20 ree-virtual-machine kernel: [    2.055613] pci_bus 0000:01: extended config space not accessible
Apr  9 19:21:20 ree-virtual-machine kernel: [    2.061563] pci 0000:00:01.0: PCI bridge to [bus 01]
Apr  9 19:21:20 ree-virtual-machine kernel: [    2.061751] pci_bus 0000:02: extended config space not accessible
Apr  9 19:21:20 ree-virtual-machine kernel: [    2.062134] acpiphp: Slot [32] registered
Apr  9 19:21:20 ree-virtual-machine kernel: [    2.062166] acpiphp: Slot [33] registered
Apr  9 19:21:20 ree-virtual-machine kernel: [    2.062186] acpiphp: Slot [34] registered
Apr  9 19:21:20 ree-virtual-machine kernel: [    2.062204] acpiphp: Slot [35] registered
Apr  9 19:21:20 ree-virtual-machine kernel: [    2.062223] acpiphp: Slot [36] registered
Apr  9 19:21:20 ree-virtual-machine kernel: [    2.062241] acpiphp: Slot [37] registered
Apr  9 19:21:20 ree-virtual-machine kernel: [    2.062276] acpiphp: Slot [38] registered
Apr  9 19:21:20 ree-virtual-machine kernel: [    2.062296] acpiphp: Slot [39] registered
Apr  9 19:21:20 ree-virtual-machine kernel: [    2.062313] acpiphp: Slot [40] registered
Apr  9 19:21:20 ree-virtual-machine kernel: [    2.062331] acpiphp: Slot [41] registered
Apr  9 19:21:20 ree-virtual-machine kernel: [    2.062349] acpiphp: Slot [42] registered
Apr  9 19:21:20 ree-virtual-machine kernel: [    2.062366] acpiphp: Slot [43] registered
Apr  9 19:21:20 ree-virtual-machine kernel: [    2.062383] acpiphp: Slot [44] registered
Apr  9 19:21:20 ree-virtual-machine kernel: [    2.062431] acpiphp: Slot [45] registered
Apr  9 19:21:20 ree-virtual-machine kernel: [    2.062451] acpiphp: Slot [46] registered
Apr  9 19:21:20 ree-virtual-machine kernel: [    2.062470] acpiphp: Slot [47] registered
Apr  9 19:21:20 ree-virtual-machine kernel: [    2.062488] acpiphp: Slot [48] registered
Apr  9 19:21:20 ree-virtual-machine kernel: [    2.062506] acpiphp: Slot [49] registered
Apr  9 19:21:20 ree-virtual-machine kernel: [    2.062524] acpiphp: Slot [50] registered
Apr  9 19:21:20 ree-virtual-machine kernel: [    2.062565] acpiphp: Slot [51] registered
Apr  9 19:21:20 ree-virtual-machine kernel: [    2.062584] acpiphp: Slot [52] registered
Apr  9 19:21:20 ree-virtual-machine kernel: [    2.062602] acpiphp: Slot [53] registered
Apr  9 19:21:20 ree-virtual-machine kernel: [    2.062619] acpiphp: Slot [54] registered
Apr  9 19:21:20 ree-virtual-machine kernel: [    2.062637] acpiphp: Slot [55] registered
Apr  9 19:21:20 ree-virtual-machine kernel: [    2.062662] acpiphp: Slot [56] registered
Apr  9 19:21:20 ree-virtual-machine kernel: [    2.062680] acpiphp: Slot [57] registered
Apr  9 19:21:20 ree-virtual-machine kernel: [    2.062713] acpiphp: Slot [58] registered
Apr  9 19:21:20 ree-virtual-machine kernel: [    2.062733] acpiphp: Slot [59] registered
Apr  9 19:21:20 ree-virtual-machine kernel: [    2.062751] acpiphp: Slot [60] registered
Apr  9 19:21:20 ree-virtual-machine kernel: [    2.062769] acpiphp: Slot [61] registered
Apr  9 19:21:20 ree-virtual-machine kernel: [    2.062787] acpiphp: Slot [62] registered
Apr  9 19:21:20 ree-virtual-machine kernel: [    2.062804] acpiphp: Slot [63] registered
Apr  9 19:21:20 ree-virtual-machine kernel: [    2.062869] pci 0000:02:00.0: [15ad:0774] type 00 class 0x0c0300
Apr  9 19:21:20 ree-virtual-machine kernel: [    2.064248] pci 0000:02:00.0: reg 0x20: [io  0x2080-0x209f]
Apr  9 19:21:20 ree-virtual-machine kernel: [    2.066430] pci 0000:02:01.0: [8086:100f] type 00 class 0x020000
Apr  9 19:21:20 ree-virtual-machine kernel: [    2.067313] pci 0000:02:01.0: reg 0x10: [mem 0xfd5c0000-0xfd5dffff 64bit]
Apr  9 19:21:20 ree-virtual-machine kernel: [    2.067742] pci 0000:02:01.0: reg 0x18: [mem 0xfdff0000-0xfdffffff 64bit]
Apr  9 19:21:20 ree-virtual-machine kernel: [    2.068148] pci 0000:02:01.0: reg 0x20: [io  0x2000-0x203f]
Apr  9 19:21:20 ree-virtual-machine kernel: [    2.068962] pci 0000:02:01.0: reg 0x30: [mem 0x00000000-0x0000ffff pref]
Apr  9 19:21:20 ree-virtual-machine kernel: [    2.069235] pci 0000:02:01.0: PME# supported from D0 D3hot D3cold
Apr  9 19:21:20 ree-virtual-machine kernel: [    2.070072] pci 0000:02:02.0: [1274:1371] type 00 class 0x040100
Apr  9 19:21:20 ree-virtual-machine kernel: [    2.070397] pci 0000:02:02.0: reg 0x10: [io  0x2040-0x207f]
Apr  9 19:21:20 ree-virtual-machine kernel: [    2.072871] pci 0000:02:03.0: [15ad:0770] type 00 class 0x0c0320
Apr  9 19:21:20 ree-virtual-machine kernel: [    2.073242] pci 0000:02:03.0: reg 0x10: [mem 0xfd5ef000-0xfd5effff]
Apr  9 19:21:20 ree-virtual-machine kernel: [    2.076146] pci 0000:02:04.0: [15ad:07e0] type 00 class 0x010601
Apr  9 19:21:20 ree-virtual-machine kernel: [    2.078164] pci 0000:02:04.0: reg 0x24: [mem 0xfd5ee000-0xfd5eefff]
Apr  9 19:21:20 ree-virtual-machine kernel: [    2.078562] pci 0000:02:04.0: reg 0x30: [mem 0x00000000-0x0000ffff pref]
Apr  9 19:21:20 ree-virtual-machine kernel: [    2.078890] pci 0000:02:04.0: PME# supported from D3hot
Apr  9 19:21:20 ree-virtual-machine kernel: [    2.085860] pci 0000:00:11.0: PCI bridge to [bus 02] (subtractive decode)
Apr  9 19:21:20 ree-virtual-machine kernel: [    2.085888] pci 0000:00:11.0:   bridge window [io  0x2000-0x3fff]
Apr  9 19:21:20 ree-virtual-machine kernel: [    2.085905] pci 0000:00:11.0:   bridge window [mem 0xfd500000-0xfdffffff]
Apr  9 19:21:20 ree-virtual-machine kernel: [    2.085940] pci 0000:00:11.0:   bridge window [mem 0xe7b00000-0xe7ffffff 64bit pref]
Apr  9 19:21:20 ree-virtual-machine kernel: [    2.085952] pci 0000:00:11.0:   bridge window [mem 0x000a0000-0x000bffff window] (subtractive decode)
Apr  9 19:21:20 ree-virtual-machine kernel: [    2.085953] pci 0000:00:11.0:   bridge window [mem 0x000d0000-0x000dbfff window] (subtractive decode)
