[    0.000000] kernel: Linux version 5.19.0-38-generic (buildd@lcy02-amd64-001) (x86_64-linux-gnu-gcc (Ubuntu 11.3.0-1ubuntu1~22.04) 11.3.0, GNU ld (GNU Binutils for Ubuntu) 2.38) #39~22.04.1-Ubuntu SMP PREEMPT_DYNAMIC Fri Mar 17 21:16:15 UTC 2 (Ubuntu 5.19.0-38.39~22.04.1-generic 5.19.17)
[    0.000000] kernel: Command line: BOOT_IMAGE=/boot/vmlinuz-5.19.0-38-generic root=UUID=8de9989f-a6e4-4c92-a044-2c6d1909bf50 ro find_preseed=/preseed.cfg auto noprompt priority=critical locale=en_US quiet splash
[    0.000000] kernel: KERNEL supported cpus:
[    0.000000] kernel:   Intel GenuineIntel
[    0.000000] kernel:   AMD AuthenticAMD
[    0.000000] kernel:   Hygon HygonGenuine
[    0.000000] kernel:   Centaur CentaurHauls
[    0.000000] kernel:   zhaoxin   Shanghai  
[    0.000000] kernel: Disabled fast string operations
[    0.000000] kernel: x86/fpu: Supporting XSAVE feature 0x001: 'x87 floating point registers'
[    0.000000] kernel: x86/fpu: Supporting XSAVE feature 0x002: 'SSE registers'
[    0.000000] kernel: x86/fpu: Supporting XSAVE feature 0x004: 'AVX registers'
[    0.000000] kernel: x86/fpu: xstate_offset[2]:  576, xstate_sizes[2]:  256
[    0.000000] kernel: x86/fpu: Enabled xstate features 0x7, context size is 832 bytes, using 'compacted' format.
[    0.000000] kernel: signal: max sigframe size: 1776
[    0.000000] kernel: BIOS-provided physical RAM map:
[    0.000000] kernel: BIOS-e820: [mem 0x0000000000000000-0x000000000009e7ff] usable
[    0.000000] kernel: BIOS-e820: [mem 0x000000000009e800-0x000000000009ffff] reserved
[    0.000000] kernel: BIOS-e820: [mem 0x00000000000dc000-0x00000000000fffff] reserved
[    0.000000] kernel: BIOS-e820: [mem 0x0000000000100000-0x00000000bfecffff] usable
[    0.000000] kernel: BIOS-e820: [mem 0x00000000bfed0000-0x00000000bfefefff] ACPI data
[    0.000000] kernel: BIOS-e820: [mem 0x00000000bfeff000-0x00000000bfefffff] ACPI NVS
[    0.000000] kernel: BIOS-e820: [mem 0x00000000bff00000-0x00000000bfffffff] usable
[    0.000000] kernel: BIOS-e820: [mem 0x00000000f0000000-0x00000000f7ffffff] reserved
[    0.000000] kernel: BIOS-e820: [mem 0x00000000fec00000-0x00000000fec0ffff] reserved
[    0.000000] kernel: BIOS-e820: [mem 0x00000000fee00000-0x00000000fee00fff] reserved
[    0.000000] kernel: BIOS-e820: [mem 0x00000000fffe0000-0x00000000ffffffff] reserved
[    0.000000] kernel: BIOS-e820: [mem 0x0000000100000000-0x000000043fffffff] usable
[    0.000000] kernel: NX (Execute Disable) protection: active
[    0.000000] kernel: SMBIOS 2.7 present.
[    0.000000] kernel: DMI: VMware, Inc. VMware Virtual Platform/440BX Desktop Reference Platform, BIOS 6.00 11/12/2020
[    0.000000] kernel: vmware: hypercall mode: 0x02
[    0.000000] kernel: Hypervisor detected: VMware
[    0.000000] kernel: vmware: TSC freq read from hypervisor : 3600.003 MHz
[    0.000000] kernel: vmware: Host bus clock speed read from hypervisor : 66000000 Hz
[    0.000000] kernel: vmware: using clock offset of 5663856671 ns
[    0.000011] kernel: tsc: Detected 3600.003 MHz processor
[    0.001245] kernel: e820: update [mem 0x00000000-0x00000fff] usable ==> reserved
[    0.001247] kernel: e820: remove [mem 0x000a0000-0x000fffff] usable
[    0.001252] kernel: last_pfn = 0x440000 max_arch_pfn = 0x400000000
[    0.001269] kernel: x86/PAT: Configuration [0-7]: WB  WC  UC- UC  WB  WP  UC- WT  
[    0.001278] kernel: total RAM covered: 523264M
[    0.001339] kernel:  gran_size: 64K         chunk_size: 64K         num_reg: 8          lose cover RAM: 256G
[    0.001341] kernel:  gran_size: 64K         chunk_size: 128K         num_reg: 8          lose cover RAM: 256G
[    0.001342] kernel:  gran_size: 64K         chunk_size: 256K         num_reg: 8          lose cover RAM: 256G
[    0.001343] kernel:  gran_size: 64K         chunk_size: 512K         num_reg: 8          lose cover RAM: 256G
[    0.001344] kernel:  gran_size: 64K         chunk_size: 1M         num_reg: 8          lose cover RAM: 256G
[    0.001344] kernel:  gran_size: 64K         chunk_size: 2M         num_reg: 8          lose cover RAM: 256G
[    0.001345] kernel:  gran_size: 64K         chunk_size: 4M         num_reg: 8          lose cover RAM: 256G
[    0.001346] kernel:  gran_size: 64K         chunk_size: 8M         num_reg: 8          lose cover RAM: 256G
[    0.001347] kernel:  gran_size: 64K         chunk_size: 16M         num_reg: 8          lose cover RAM: 256G
[    0.001348] kernel:  gran_size: 64K         chunk_size: 32M         num_reg: 8          lose cover RAM: 256G
[    0.001348] kernel:  gran_size: 64K         chunk_size: 64M         num_reg: 8          lose cover RAM: 256G
[    0.001349] kernel:  gran_size: 64K         chunk_size: 128M         num_reg: 8          lose cover RAM: 256G
[    0.001350] kernel:  gran_size: 64K         chunk_size: 256M         num_reg: 8          lose cover RAM: 256G
[    0.001351] kernel:  gran_size: 64K         chunk_size: 512M         num_reg: 8          lose cover RAM: 256G
[    0.001352] kernel:  gran_size: 64K         chunk_size: 1G         num_reg: 8          lose cover RAM: 256G
[    0.001352] kernel:  gran_size: 64K         chunk_size: 2G         num_reg: 8          lose cover RAM: 256G
[    0.001353] kernel:  gran_size: 128K         chunk_size: 128K         num_reg: 8          lose cover RAM: 256G
[    0.001354] kernel:  gran_size: 128K         chunk_size: 256K         num_reg: 8          lose cover RAM: 256G
[    0.001355] kernel:  gran_size: 128K         chunk_size: 512K         num_reg: 8          lose cover RAM: 256G
[    0.001356] kernel:  gran_size: 128K         chunk_size: 1M         num_reg: 8          lose cover RAM: 256G
[    0.001357] kernel:  gran_size: 128K         chunk_size: 2M         num_reg: 8          lose cover RAM: 256G
[    0.001357] kernel:  gran_size: 128K         chunk_size: 4M         num_reg: 8          lose cover RAM: 256G
[    0.001358] kernel:  gran_size: 128K         chunk_size: 8M         num_reg: 8          lose cover RAM: 256G
[    0.001359] kernel:  gran_size: 128K         chunk_size: 16M         num_reg: 8          lose cover RAM: 256G
[    0.001360] kernel:  gran_size: 128K         chunk_size: 32M         num_reg: 8          lose cover RAM: 256G
[    0.001361] kernel:  gran_size: 128K         chunk_size: 64M         num_reg: 8          lose cover RAM: 256G
[    0.001361] kernel:  gran_size: 128K         chunk_size: 128M         num_reg: 8          lose cover RAM: 256G
[    0.001362] kernel:  gran_size: 128K         chunk_size: 256M         num_reg: 8          lose cover RAM: 256G
[    0.001363] kernel:  gran_size: 128K         chunk_size: 512M         num_reg: 8          lose cover RAM: 256G
[    0.001364] kernel:  gran_size: 128K         chunk_size: 1G         num_reg: 8          lose cover RAM: 256G
[    0.001365] kernel:  gran_size: 128K         chunk_size: 2G         num_reg: 8          lose cover RAM: 256G
[    0.001365] kernel:  gran_size: 256K         chunk_size: 256K         num_reg: 8          lose cover RAM: 256G
[    0.001366] kernel:  gran_size: 256K         chunk_size: 512K         num_reg: 8          lose cover RAM: 256G
[    0.001367] kernel:  gran_size: 256K         chunk_size: 1M         num_reg: 8          lose cover RAM: 256G
[    0.001368] kernel:  gran_size: 256K         chunk_size: 2M         num_reg: 8          lose cover RAM: 256G
[    0.001369] kernel:  gran_size: 256K         chunk_size: 4M         num_reg: 8          lose cover RAM: 256G
[    0.001369] kernel:  gran_size: 256K         chunk_size: 8M         num_reg: 8          lose cover RAM: 256G
[    0.001370] kernel:  gran_size: 256K         chunk_size: 16M         num_reg: 8          lose cover RAM: 256G
[    0.001371] kernel:  gran_size: 256K         chunk_size: 32M         num_reg: 8          lose cover RAM: 256G
[    0.001372] kernel:  gran_size: 256K         chunk_size: 64M         num_reg: 8          lose cover RAM: 256G
[    0.001373] kernel:  gran_size: 256K         chunk_size: 128M         num_reg: 8          lose cover RAM: 256G
[    0.001374] kernel:  gran_size: 256K         chunk_size: 256M         num_reg: 8          lose cover RAM: 256G
[    0.001374] kernel:  gran_size: 256K         chunk_size: 512M         num_reg: 8          lose cover RAM: 256G
[    0.001375] kernel:  gran_size: 256K         chunk_size: 1G         num_reg: 8          lose cover RAM: 256G
[    0.001376] kernel:  gran_size: 256K         chunk_size: 2G         num_reg: 8          lose cover RAM: 256G
[    0.001377] kernel:  gran_size: 512K         chunk_size: 512K         num_reg: 8          lose cover RAM: 256G
[    0.001378] kernel:  gran_size: 512K         chunk_size: 1M         num_reg: 8          lose cover RAM: 256G
[    0.001378] kernel:  gran_size: 512K         chunk_size: 2M         num_reg: 8          lose cover RAM: 256G
[    0.001379] kernel:  gran_size: 512K         chunk_size: 4M         num_reg: 8          lose cover RAM: 256G
[    0.001380] kernel:  gran_size: 512K         chunk_size: 8M         num_reg: 8          lose cover RAM: 256G
[    0.001381] kernel:  gran_size: 512K         chunk_size: 16M         num_reg: 8          lose cover RAM: 256G
[    0.001381] kernel:  gran_size: 512K         chunk_size: 32M         num_reg: 8          lose cover RAM: 256G
[    0.001382] kernel:  gran_size: 512K         chunk_size: 64M         num_reg: 8          lose cover RAM: 256G
[    0.001383] kernel:  gran_size: 512K         chunk_size: 128M         num_reg: 8          lose cover RAM: 256G
[    0.001384] kernel:  gran_size: 512K         chunk_size: 256M         num_reg: 8          lose cover RAM: 256G
[    0.001385] kernel:  gran_size: 512K         chunk_size: 512M         num_reg: 8          lose cover RAM: 256G
[    0.001386] kernel:  gran_size: 512K         chunk_size: 1G         num_reg: 8          lose cover RAM: 256G
[    0.001386] kernel:  gran_size: 512K         chunk_size: 2G         num_reg: 8          lose cover RAM: 256G
[    0.001387] kernel:  gran_size: 1M         chunk_size: 1M         num_reg: 8          lose cover RAM: 256G
[    0.001388] kernel:  gran_size: 1M         chunk_size: 2M         num_reg: 8          lose cover RAM: 256G
[    0.001389] kernel:  gran_size: 1M         chunk_size: 4M         num_reg: 8          lose cover RAM: 256G
[    0.001390] kernel:  gran_size: 1M         chunk_size: 8M         num_reg: 8          lose cover RAM: 256G
[    0.001390] kernel:  gran_size: 1M         chunk_size: 16M         num_reg: 8          lose cover RAM: 256G
[    0.001391] kernel:  gran_size: 1M         chunk_size: 32M         num_reg: 8          lose cover RAM: 256G
[    0.001392] kernel:  gran_size: 1M         chunk_size: 64M         num_reg: 8          lose cover RAM: 256G
[    0.001393] kernel:  gran_size: 1M         chunk_size: 128M         num_reg: 8          lose cover RAM: 256G
[    0.001394] kernel:  gran_size: 1M         chunk_size: 256M         num_reg: 8          lose cover RAM: 256G
[    0.001394] kernel:  gran_size: 1M         chunk_size: 512M         num_reg: 8          lose cover RAM: 256G
[    0.001395] kernel:  gran_size: 1M         chunk_size: 1G         num_reg: 8          lose cover RAM: 256G
[    0.001396] kernel:  gran_size: 1M         chunk_size: 2G         num_reg: 8          lose cover RAM: 256G
[    0.001397] kernel:  gran_size: 2M         chunk_size: 2M         num_reg: 8          lose cover RAM: 256G
[    0.001397] kernel:  gran_size: 2M         chunk_size: 4M         num_reg: 8          lose cover RAM: 256G
[    0.001398] kernel:  gran_size: 2M         chunk_size: 8M         num_reg: 8          lose cover RAM: 256G
[    0.001399] kernel:  gran_size: 2M         chunk_size: 16M         num_reg: 8          lose cover RAM: 256G
[    0.001400] kernel:  gran_size: 2M         chunk_size: 32M         num_reg: 8          lose cover RAM: 256G
[    0.001401] kernel:  gran_size: 2M         chunk_size: 64M         num_reg: 8          lose cover RAM: 256G
[    0.001401] kernel:  gran_size: 2M         chunk_size: 128M         num_reg: 8          lose cover RAM: 256G
[    0.001402] kernel:  gran_size: 2M         chunk_size: 256M         num_reg: 8          lose cover RAM: 256G
[    0.001403] kernel:  gran_size: 2M         chunk_size: 512M         num_reg: 8          lose cover RAM: 256G
[    0.001404] kernel:  gran_size: 2M         chunk_size: 1G         num_reg: 8          lose cover RAM: 256G
[    0.001405] kernel:  gran_size: 2M         chunk_size: 2G         num_reg: 8          lose cover RAM: 256G
[    0.001405] kernel:  gran_size: 4M         chunk_size: 4M         num_reg: 8          lose cover RAM: 256G
[    0.001406] kernel:  gran_size: 4M         chunk_size: 8M         num_reg: 8          lose cover RAM: 256G
[    0.001407] kernel:  gran_size: 4M         chunk_size: 16M         num_reg: 8          lose cover RAM: 256G
[    0.001408] kernel:  gran_size: 4M         chunk_size: 32M         num_reg: 8          lose cover RAM: 256G
[    0.001409] kernel:  gran_size: 4M         chunk_size: 64M         num_reg: 8          lose cover RAM: 256G
[    0.001409] kernel:  gran_size: 4M         chunk_size: 128M         num_reg: 8          lose cover RAM: 256G
[    0.001410] kernel:  gran_size: 4M         chunk_size: 256M         num_reg: 8          lose cover RAM: 256G
[    0.001411] kernel:  gran_size: 4M         chunk_size: 512M         num_reg: 8          lose cover RAM: 256G
[    0.001412] kernel:  gran_size: 4M         chunk_size: 1G         num_reg: 8          lose cover RAM: 256G
[    0.001412] kernel:  gran_size: 4M         chunk_size: 2G         num_reg: 8          lose cover RAM: 256G
[    0.001413] kernel:  gran_size: 8M         chunk_size: 8M         num_reg: 8          lose cover RAM: 256G
[    0.001414] kernel:  gran_size: 8M         chunk_size: 16M         num_reg: 8          lose cover RAM: 256G
[    0.001415] kernel:  gran_size: 8M         chunk_size: 32M         num_reg: 8          lose cover RAM: 256G
[    0.001416] kernel:  gran_size: 8M         chunk_size: 64M         num_reg: 8          lose cover RAM: 256G
[    0.001416] kernel:  gran_size: 8M         chunk_size: 128M         num_reg: 8          lose cover RAM: 256G
[    0.001417] kernel:  gran_size: 8M         chunk_size: 256M         num_reg: 8          lose cover RAM: 256G
[    0.001418] kernel:  gran_size: 8M         chunk_size: 512M         num_reg: 8          lose cover RAM: 256G
[    0.001419] kernel:  gran_size: 8M         chunk_size: 1G         num_reg: 8          lose cover RAM: 256G
[    0.001420] kernel:  gran_size: 8M         chunk_size: 2G         num_reg: 8          lose cover RAM: 256G
[    0.001420] kernel:  gran_size: 16M         chunk_size: 16M         num_reg: 8          lose cover RAM: 256G
[    0.001421] kernel:  gran_size: 16M         chunk_size: 32M         num_reg: 8          lose cover RAM: 256G
[    0.001422] kernel:  gran_size: 16M         chunk_size: 64M         num_reg: 8          lose cover RAM: 256G
[    0.001423] kernel:  gran_size: 16M         chunk_size: 128M         num_reg: 8          lose cover RAM: 256G
[    0.001424] kernel:  gran_size: 16M         chunk_size: 256M         num_reg: 8          lose cover RAM: 256G
[    0.001424] kernel:  gran_size: 16M         chunk_size: 512M         num_reg: 8          lose cover RAM: 256G
[    0.001425] kernel:  gran_size: 16M         chunk_size: 1G         num_reg: 8          lose cover RAM: 256G
[    0.001426] kernel:  gran_size: 16M         chunk_size: 2G         num_reg: 8          lose cover RAM: 256G
[    0.001427] kernel:  gran_size: 32M         chunk_size: 32M         num_reg: 8          lose cover RAM: 256G
[    0.001428] kernel:  gran_size: 32M         chunk_size: 64M         num_reg: 8          lose cover RAM: 256G
[    0.001428] kernel:  gran_size: 32M         chunk_size: 128M         num_reg: 8          lose cover RAM: 256G
[    0.001429] kernel:  gran_size: 32M         chunk_size: 256M         num_reg: 8          lose cover RAM: 256G
[    0.001430] kernel:  gran_size: 32M         chunk_size: 512M         num_reg: 8          lose cover RAM: 256G
[    0.001431] kernel:  gran_size: 32M         chunk_size: 1G         num_reg: 8          lose cover RAM: 256G
[    0.001432] kernel:  gran_size: 32M         chunk_size: 2G         num_reg: 8          lose cover RAM: 256G
[    0.001432] kernel:  gran_size: 64M         chunk_size: 64M         num_reg: 8          lose cover RAM: 256G
[    0.001433] kernel:  gran_size: 64M         chunk_size: 128M         num_reg: 8          lose cover RAM: 256G
[    0.001434] kernel:  gran_size: 64M         chunk_size: 256M         num_reg: 8          lose cover RAM: 256G
[    0.001435] kernel:  gran_size: 64M         chunk_size: 512M         num_reg: 8          lose cover RAM: 256G
[    0.001436] kernel:  gran_size: 64M         chunk_size: 1G         num_reg: 8          lose cover RAM: 256G
[    0.001436] kernel:  gran_size: 64M         chunk_size: 2G         num_reg: 8          lose cover RAM: 256G
[    0.001437] kernel:  gran_size: 128M         chunk_size: 128M         num_reg: 8          lose cover RAM: 256G
[    0.001438] kernel:  gran_size: 128M         chunk_size: 256M         num_reg: 8          lose cover RAM: 256G
[    0.001439] kernel:  gran_size: 128M         chunk_size: 512M         num_reg: 8          lose cover RAM: 256G
[    0.001440] kernel:  gran_size: 128M         chunk_size: 1G         num_reg: 8          lose cover RAM: 256G
[    0.001440] kernel:  gran_size: 128M         chunk_size: 2G         num_reg: 8          lose cover RAM: 256G
[    0.001441] kernel:  gran_size: 256M         chunk_size: 256M         num_reg: 8          lose cover RAM: 256G
[    0.001442] kernel:  gran_size: 256M         chunk_size: 512M         num_reg: 8          lose cover RAM: 256G
[    0.001443] kernel:  gran_size: 256M         chunk_size: 1G         num_reg: 8          lose cover RAM: 256G
[    0.001444] kernel:  gran_size: 256M         chunk_size: 2G         num_reg: 8          lose cover RAM: 256G
[    0.001444] kernel:  gran_size: 512M         chunk_size: 512M         num_reg: 8          lose cover RAM: 256G
[    0.001445] kernel:  gran_size: 512M         chunk_size: 1G         num_reg: 8          lose cover RAM: 256G
[    0.001446] kernel:  gran_size: 512M         chunk_size: 2G         num_reg: 8          lose cover RAM: 256G
[    0.001447] kernel:  gran_size: 1G         chunk_size: 1G         num_reg: 8          lose cover RAM: 256G
[    0.001448] kernel:  gran_size: 1G         chunk_size: 2G         num_reg: 8          lose cover RAM: 256G
[    0.001449] kernel:  gran_size: 2G         chunk_size: 2G         num_reg: 8          lose cover RAM: 1G
[    0.001449] kernel: mtrr_cleanup: can not find optimal value
[    0.001450] kernel: please specify mtrr_gran_size/mtrr_chunk_size
[    0.001454] kernel: e820: update [mem 0xc0000000-0xffffffff] usable ==> reserved
[    0.001460] kernel: last_pfn = 0xc0000 max_arch_pfn = 0x400000000
[    0.009018] kernel: found SMP MP-table at [mem 0x000f6a70-0x000f6a7f]
[    0.009039] kernel: Using GB pages for direct mapping
[    0.009114] kernel: RAMDISK: [mem 0x2f4a3000-0x33a48fff]
[    0.009118] kernel: ACPI: Early table checksum verification disabled
[    0.009121] kernel: ACPI: RSDP 0x00000000000F6A00 000024 (v02 PTLTD )
[    0.009124] kernel: ACPI: XSDT 0x00000000BFEDB633 00005C (v01 INTEL  440BX    06040000 VMW  01324272)
[    0.009129] kernel: ACPI: FACP 0x00000000BFEFEE73 0000F4 (v04 INTEL  440BX    06040000 PTL  000F4240)
[    0.009137] kernel: ACPI: DSDT 0x00000000BFEDD001 021E72 (v01 PTLTD  Custom   06040000 MSFT 03000001)
[    0.009141] kernel: ACPI: FACS 0x00000000BFEFFFC0 000040
[    0.009144] kernel: ACPI: FACS 0x00000000BFEFFFC0 000040
[    0.009146] kernel: ACPI: BOOT 0x00000000BFEDCFB4 000028 (v01 PTLTD  $SBFTBL$ 06040000  LTP 00000001)
[    0.009149] kernel: ACPI: APIC 0x00000000BFEDC872 000742 (v01 PTLTD  ? APIC   06040000  LTP 00000000)
[    0.009152] kernel: ACPI: MCFG 0x00000000BFEDC836 00003C (v01 PTLTD  $PCITBL$ 06040000  LTP 00000001)
[    0.009154] kernel: ACPI: SRAT 0x00000000BFEDB72F 0008D0 (v02 VMWARE MEMPLUG  06040000 VMW  00000001)
[    0.009157] kernel: ACPI: HPET 0x00000000BFEDB6F7 000038 (v01 VMWARE VMW HPET 06040000 VMW  00000001)
[    0.009159] kernel: ACPI: WAET 0x00000000BFEDB6CF 000028 (v01 VMWARE VMW WAET 06040000 VMW  00000001)
[    0.009161] kernel: ACPI: Reserving FACP table memory at [mem 0xbfefee73-0xbfefef66]
[    0.009162] kernel: ACPI: Reserving DSDT table memory at [mem 0xbfedd001-0xbfefee72]
[    0.009163] kernel: ACPI: Reserving FACS table memory at [mem 0xbfefffc0-0xbfefffff]
[    0.009164] kernel: ACPI: Reserving FACS table memory at [mem 0xbfefffc0-0xbfefffff]
[    0.009164] kernel: ACPI: Reserving BOOT table memory at [mem 0xbfedcfb4-0xbfedcfdb]
[    0.009165] kernel: ACPI: Reserving APIC table memory at [mem 0xbfedc872-0xbfedcfb3]
[    0.009165] kernel: ACPI: Reserving MCFG table memory at [mem 0xbfedc836-0xbfedc871]
[    0.009166] kernel: ACPI: Reserving SRAT table memory at [mem 0xbfedb72f-0xbfedbffe]
[    0.009166] kernel: ACPI: Reserving HPET table memory at [mem 0xbfedb6f7-0xbfedb72e]
[    0.009167] kernel: ACPI: Reserving WAET table memory at [mem 0xbfedb6cf-0xbfedb6f6]
[    0.009196] kernel: system APIC only can use physical flat
[    0.009197] kernel: Setting APIC routing to physical flat.
[    0.009262] kernel: SRAT: PXM 0 -> APIC 0x00 -> Node 0
[    0.009263] kernel: SRAT: PXM 0 -> APIC 0x01 -> Node 0
[    0.009264] kernel: SRAT: PXM 0 -> APIC 0x02 -> Node 0
[    0.009264] kernel: SRAT: PXM 0 -> APIC 0x03 -> Node 0
[    0.009265] kernel: SRAT: PXM 0 -> APIC 0x04 -> Node 0
[    0.009265] kernel: SRAT: PXM 0 -> APIC 0x05 -> Node 0
[    0.009265] kernel: SRAT: PXM 0 -> APIC 0x06 -> Node 0
[    0.009266] kernel: SRAT: PXM 0 -> APIC 0x07 -> Node 0
[    0.009266] kernel: SRAT: PXM 0 -> APIC 0x08 -> Node 0
[    0.009267] kernel: SRAT: PXM 0 -> APIC 0x09 -> Node 0
[    0.009267] kernel: SRAT: PXM 0 -> APIC 0x0a -> Node 0
[    0.009267] kernel: SRAT: PXM 0 -> APIC 0x0b -> Node 0
[    0.009268] kernel: SRAT: PXM 0 -> APIC 0x0c -> Node 0
[    0.009268] kernel: SRAT: PXM 0 -> APIC 0x0d -> Node 0
[    0.009269] kernel: SRAT: PXM 0 -> APIC 0x0e -> Node 0
[    0.009269] kernel: SRAT: PXM 0 -> APIC 0x0f -> Node 0
[    0.009269] kernel: SRAT: PXM 0 -> APIC 0x10 -> Node 0
[    0.009270] kernel: SRAT: PXM 0 -> APIC 0x11 -> Node 0
[    0.009270] kernel: SRAT: PXM 0 -> APIC 0x12 -> Node 0
[    0.009271] kernel: SRAT: PXM 0 -> APIC 0x13 -> Node 0
[    0.009271] kernel: SRAT: PXM 0 -> APIC 0x14 -> Node 0
[    0.009272] kernel: SRAT: PXM 0 -> APIC 0x15 -> Node 0
[    0.009272] kernel: SRAT: PXM 0 -> APIC 0x16 -> Node 0
[    0.009272] kernel: SRAT: PXM 0 -> APIC 0x17 -> Node 0
[    0.009273] kernel: SRAT: PXM 0 -> APIC 0x18 -> Node 0
[    0.009273] kernel: SRAT: PXM 0 -> APIC 0x19 -> Node 0
[    0.009274] kernel: SRAT: PXM 0 -> APIC 0x1a -> Node 0
[    0.009274] kernel: SRAT: PXM 0 -> APIC 0x1b -> Node 0
[    0.009274] kernel: SRAT: PXM 0 -> APIC 0x1c -> Node 0
[    0.009275] kernel: SRAT: PXM 0 -> APIC 0x1d -> Node 0
[    0.009275] kernel: SRAT: PXM 0 -> APIC 0x1e -> Node 0
[    0.009276] kernel: SRAT: PXM 0 -> APIC 0x1f -> Node 0
[    0.009276] kernel: SRAT: PXM 0 -> APIC 0x20 -> Node 0
[    0.009277] kernel: SRAT: PXM 0 -> APIC 0x21 -> Node 0
[    0.009277] kernel: SRAT: PXM 0 -> APIC 0x22 -> Node 0
[    0.009277] kernel: SRAT: PXM 0 -> APIC 0x23 -> Node 0
[    0.009278] kernel: SRAT: PXM 0 -> APIC 0x24 -> Node 0
[    0.009278] kernel: SRAT: PXM 0 -> APIC 0x25 -> Node 0
[    0.009279] kernel: SRAT: PXM 0 -> APIC 0x26 -> Node 0
[    0.009279] kernel: SRAT: PXM 0 -> APIC 0x27 -> Node 0
[    0.009279] kernel: SRAT: PXM 0 -> APIC 0x28 -> Node 0
[    0.009280] kernel: SRAT: PXM 0 -> APIC 0x29 -> Node 0
[    0.009280] kernel: SRAT: PXM 0 -> APIC 0x2a -> Node 0
[    0.009281] kernel: SRAT: PXM 0 -> APIC 0x2b -> Node 0
[    0.009281] kernel: SRAT: PXM 0 -> APIC 0x2c -> Node 0
[    0.009281] kernel: SRAT: PXM 0 -> APIC 0x2d -> Node 0
[    0.009282] kernel: SRAT: PXM 0 -> APIC 0x2e -> Node 0
[    0.009282] kernel: SRAT: PXM 0 -> APIC 0x2f -> Node 0
[    0.009283] kernel: SRAT: PXM 0 -> APIC 0x30 -> Node 0
[    0.009283] kernel: SRAT: PXM 0 -> APIC 0x31 -> Node 0
[    0.009283] kernel: SRAT: PXM 0 -> APIC 0x32 -> Node 0
[    0.009284] kernel: SRAT: PXM 0 -> APIC 0x33 -> Node 0
[    0.009284] kernel: SRAT: PXM 0 -> APIC 0x34 -> Node 0
[    0.009285] kernel: SRAT: PXM 0 -> APIC 0x35 -> Node 0
[    0.009285] kernel: SRAT: PXM 0 -> APIC 0x36 -> Node 0
[    0.009285] kernel: SRAT: PXM 0 -> APIC 0x37 -> Node 0
[    0.009286] kernel: SRAT: PXM 0 -> APIC 0x38 -> Node 0
[    0.009286] kernel: SRAT: PXM 0 -> APIC 0x39 -> Node 0
[    0.009287] kernel: SRAT: PXM 0 -> APIC 0x3a -> Node 0
[    0.009287] kernel: SRAT: PXM 0 -> APIC 0x3b -> Node 0
[    0.009287] kernel: SRAT: PXM 0 -> APIC 0x3c -> Node 0
[    0.009288] kernel: SRAT: PXM 0 -> APIC 0x3d -> Node 0
[    0.009288] kernel: SRAT: PXM 0 -> APIC 0x3e -> Node 0
[    0.009289] kernel: SRAT: PXM 0 -> APIC 0x3f -> Node 0
[    0.009289] kernel: SRAT: PXM 0 -> APIC 0x40 -> Node 0
[    0.009289] kernel: SRAT: PXM 0 -> APIC 0x41 -> Node 0
[    0.009290] kernel: SRAT: PXM 0 -> APIC 0x42 -> Node 0
[    0.009290] kernel: SRAT: PXM 0 -> APIC 0x43 -> Node 0
[    0.009291] kernel: SRAT: PXM 0 -> APIC 0x44 -> Node 0
[    0.009291] kernel: SRAT: PXM 0 -> APIC 0x45 -> Node 0
[    0.009292] kernel: SRAT: PXM 0 -> APIC 0x46 -> Node 0
[    0.009292] kernel: SRAT: PXM 0 -> APIC 0x47 -> Node 0
[    0.009292] kernel: SRAT: PXM 0 -> APIC 0x48 -> Node 0
[    0.009293] kernel: SRAT: PXM 0 -> APIC 0x49 -> Node 0
[    0.009293] kernel: SRAT: PXM 0 -> APIC 0x4a -> Node 0
[    0.009294] kernel: SRAT: PXM 0 -> APIC 0x4b -> Node 0
[    0.009294] kernel: SRAT: PXM 0 -> APIC 0x4c -> Node 0
[    0.009294] kernel: SRAT: PXM 0 -> APIC 0x4d -> Node 0
[    0.009295] kernel: SRAT: PXM 0 -> APIC 0x4e -> Node 0
[    0.009295] kernel: SRAT: PXM 0 -> APIC 0x4f -> Node 0
[    0.009296] kernel: SRAT: PXM 0 -> APIC 0x50 -> Node 0
[    0.009296] kernel: SRAT: PXM 0 -> APIC 0x51 -> Node 0
[    0.009296] kernel: SRAT: PXM 0 -> APIC 0x52 -> Node 0
[    0.009297] kernel: SRAT: PXM 0 -> APIC 0x53 -> Node 0
[    0.009297] kernel: SRAT: PXM 0 -> APIC 0x54 -> Node 0
[    0.009298] kernel: SRAT: PXM 0 -> APIC 0x55 -> Node 0
[    0.009298] kernel: SRAT: PXM 0 -> APIC 0x56 -> Node 0
[    0.009298] kernel: SRAT: PXM 0 -> APIC 0x57 -> Node 0
[    0.009299] kernel: SRAT: PXM 0 -> APIC 0x58 -> Node 0
[    0.009299] kernel: SRAT: PXM 0 -> APIC 0x59 -> Node 0
[    0.009300] kernel: SRAT: PXM 0 -> APIC 0x5a -> Node 0
[    0.009300] kernel: SRAT: PXM 0 -> APIC 0x5b -> Node 0
[    0.009300] kernel: SRAT: PXM 0 -> APIC 0x5c -> Node 0
[    0.009301] kernel: SRAT: PXM 0 -> APIC 0x5d -> Node 0
[    0.009301] kernel: SRAT: PXM 0 -> APIC 0x5e -> Node 0
[    0.009302] kernel: SRAT: PXM 0 -> APIC 0x5f -> Node 0
[    0.009302] kernel: SRAT: PXM 0 -> APIC 0x60 -> Node 0
[    0.009302] kernel: SRAT: PXM 0 -> APIC 0x61 -> Node 0
[    0.009303] kernel: SRAT: PXM 0 -> APIC 0x62 -> Node 0
[    0.009303] kernel: SRAT: PXM 0 -> APIC 0x63 -> Node 0
[    0.009304] kernel: SRAT: PXM 0 -> APIC 0x64 -> Node 0
[    0.009304] kernel: SRAT: PXM 0 -> APIC 0x65 -> Node 0
[    0.009305] kernel: SRAT: PXM 0 -> APIC 0x66 -> Node 0
[    0.009305] kernel: SRAT: PXM 0 -> APIC 0x67 -> Node 0
[    0.009305] kernel: SRAT: PXM 0 -> APIC 0x68 -> Node 0
[    0.009306] kernel: SRAT: PXM 0 -> APIC 0x69 -> Node 0
[    0.009306] kernel: SRAT: PXM 0 -> APIC 0x6a -> Node 0
[    0.009307] kernel: SRAT: PXM 0 -> APIC 0x6b -> Node 0
[    0.009307] kernel: SRAT: PXM 0 -> APIC 0x6c -> Node 0
[    0.009307] kernel: SRAT: PXM 0 -> APIC 0x6d -> Node 0
[    0.009308] kernel: SRAT: PXM 0 -> APIC 0x6e -> Node 0
[    0.009308] kernel: SRAT: PXM 0 -> APIC 0x6f -> Node 0
[    0.009309] kernel: SRAT: PXM 0 -> APIC 0x70 -> Node 0
[    0.009309] kernel: SRAT: PXM 0 -> APIC 0x71 -> Node 0
[    0.009309] kernel: SRAT: PXM 0 -> APIC 0x72 -> Node 0
[    0.009310] kernel: SRAT: PXM 0 -> APIC 0x73 -> Node 0
[    0.009310] kernel: SRAT: PXM 0 -> APIC 0x74 -> Node 0
[    0.009311] kernel: SRAT: PXM 0 -> APIC 0x75 -> Node 0
[    0.009311] kernel: SRAT: PXM 0 -> APIC 0x76 -> Node 0
[    0.009311] kernel: SRAT: PXM 0 -> APIC 0x77 -> Node 0
[    0.009312] kernel: SRAT: PXM 0 -> APIC 0x78 -> Node 0
[    0.009312] kernel: SRAT: PXM 0 -> APIC 0x79 -> Node 0
[    0.009313] kernel: SRAT: PXM 0 -> APIC 0x7a -> Node 0
[    0.009313] kernel: SRAT: PXM 0 -> APIC 0x7b -> Node 0
[    0.009314] kernel: SRAT: PXM 0 -> APIC 0x7c -> Node 0
[    0.009314] kernel: SRAT: PXM 0 -> APIC 0x7d -> Node 0
[    0.009314] kernel: SRAT: PXM 0 -> APIC 0x7e -> Node 0
[    0.009315] kernel: SRAT: PXM 0 -> APIC 0x7f -> Node 0
[    0.009317] kernel: ACPI: SRAT: Node 0 PXM 0 [mem 0x00000000-0x0009ffff]
[    0.009318] kernel: ACPI: SRAT: Node 0 PXM 0 [mem 0x00100000-0xbfffffff]
[    0.009319] kernel: ACPI: SRAT: Node 0 PXM 0 [mem 0x100000000-0x43fffffff]
[    0.009320] kernel: ACPI: SRAT: Node 0 PXM 0 [mem 0x440000000-0x403fffffff] hotplug
[    0.009322] kernel: NUMA: Node 0 [mem 0x00000000-0x0009ffff] + [mem 0x00100000-0xbfffffff] -> [mem 0x00000000-0xbfffffff]
[    0.009324] kernel: NUMA: Node 0 [mem 0x00000000-0xbfffffff] + [mem 0x100000000-0x43fffffff] -> [mem 0x00000000-0x43fffffff]
[    0.009330] kernel: NODE_DATA(0) allocated [mem 0x43ffd5000-0x43fffffff]
[    0.010233] kernel: Zone ranges:
[    0.010234] kernel:   DMA      [mem 0x0000000000001000-0x0000000000ffffff]
[    0.010236] kernel:   DMA32    [mem 0x0000000001000000-0x00000000ffffffff]
[    0.010237] kernel:   Normal   [mem 0x0000000100000000-0x000000043fffffff]
[    0.010238] kernel:   Device   empty
[    0.010239] kernel: Movable zone start for each node
[    0.010240] kernel: Early memory node ranges
[    0.010241] kernel:   node   0: [mem 0x0000000000001000-0x000000000009dfff]
[    0.010242] kernel:   node   0: [mem 0x0000000000100000-0x00000000bfecffff]
[    0.010242] kernel:   node   0: [mem 0x00000000bff00000-0x00000000bfffffff]
[    0.010243] kernel:   node   0: [mem 0x0000000100000000-0x000000043fffffff]
[    0.010244] kernel: Initmem setup node 0 [mem 0x0000000000001000-0x000000043fffffff]
[    0.010300] kernel: On node 0, zone DMA: 1 pages in unavailable ranges
[    0.011032] kernel: On node 0, zone DMA: 98 pages in unavailable ranges
[    0.156261] kernel: On node 0, zone DMA32: 48 pages in unavailable ranges
[    0.781654] kernel: ACPI: PM-Timer IO Port: 0x1008
[    0.781661] kernel: system APIC only can use physical flat
[    0.781671] kernel: ACPI: LAPIC_NMI (acpi_id[0x00] high edge lint[0x1])
[    0.781673] kernel: ACPI: LAPIC_NMI (acpi_id[0x01] high edge lint[0x1])
[    0.781673] kernel: ACPI: LAPIC_NMI (acpi_id[0x02] high edge lint[0x1])
[    0.781674] kernel: ACPI: LAPIC_NMI (acpi_id[0x03] high edge lint[0x1])
[    0.781674] kernel: ACPI: LAPIC_NMI (acpi_id[0x04] high edge lint[0x1])
[    0.781675] kernel: ACPI: LAPIC_NMI (acpi_id[0x05] high edge lint[0x1])
[    0.781675] kernel: ACPI: LAPIC_NMI (acpi_id[0x06] high edge lint[0x1])
[    0.781675] kernel: ACPI: LAPIC_NMI (acpi_id[0x07] high edge lint[0x1])
[    0.781676] kernel: ACPI: LAPIC_NMI (acpi_id[0x08] high edge lint[0x1])
[    0.781676] kernel: ACPI: LAPIC_NMI (acpi_id[0x09] high edge lint[0x1])
[    0.781677] kernel: ACPI: LAPIC_NMI (acpi_id[0x0a] high edge lint[0x1])
[    0.781677] kernel: ACPI: LAPIC_NMI (acpi_id[0x0b] high edge lint[0x1])
[    0.781678] kernel: ACPI: LAPIC_NMI (acpi_id[0x0c] high edge lint[0x1])
[    0.781678] kernel: ACPI: LAPIC_NMI (acpi_id[0x0d] high edge lint[0x1])
[    0.781678] kernel: ACPI: LAPIC_NMI (acpi_id[0x0e] high edge lint[0x1])
[    0.781679] kernel: ACPI: LAPIC_NMI (acpi_id[0x0f] high edge lint[0x1])
[    0.781679] kernel: ACPI: LAPIC_NMI (acpi_id[0x10] high edge lint[0x1])
[    0.781680] kernel: ACPI: LAPIC_NMI (acpi_id[0x11] high edge lint[0x1])
[    0.781680] kernel: ACPI: LAPIC_NMI (acpi_id[0x12] high edge lint[0x1])
[    0.781681] kernel: ACPI: LAPIC_NMI (acpi_id[0x13] high edge lint[0x1])
[    0.781681] kernel: ACPI: LAPIC_NMI (acpi_id[0x14] high edge lint[0x1])
[    0.781682] kernel: ACPI: LAPIC_NMI (acpi_id[0x15] high edge lint[0x1])
[    0.781682] kernel: ACPI: LAPIC_NMI (acpi_id[0x16] high edge lint[0x1])
[    0.781683] kernel: ACPI: LAPIC_NMI (acpi_id[0x17] high edge lint[0x1])
[    0.781683] kernel: ACPI: LAPIC_NMI (acpi_id[0x18] high edge lint[0x1])
[    0.781683] kernel: ACPI: LAPIC_NMI (acpi_id[0x19] high edge lint[0x1])
[    0.781684] kernel: ACPI: LAPIC_NMI (acpi_id[0x1a] high edge lint[0x1])
[    0.781684] kernel: ACPI: LAPIC_NMI (acpi_id[0x1b] high edge lint[0x1])
[    0.781685] kernel: ACPI: LAPIC_NMI (acpi_id[0x1c] high edge lint[0x1])
[    0.781685] kernel: ACPI: LAPIC_NMI (acpi_id[0x1d] high edge lint[0x1])
[    0.781686] kernel: ACPI: LAPIC_NMI (acpi_id[0x1e] high edge lint[0x1])
[    0.781686] kernel: ACPI: LAPIC_NMI (acpi_id[0x1f] high edge lint[0x1])
[    0.781686] kernel: ACPI: LAPIC_NMI (acpi_id[0x20] high edge lint[0x1])
[    0.781687] kernel: ACPI: LAPIC_NMI (acpi_id[0x21] high edge lint[0x1])
[    0.781687] kernel: ACPI: LAPIC_NMI (acpi_id[0x22] high edge lint[0x1])
[    0.781688] kernel: ACPI: LAPIC_NMI (acpi_id[0x23] high edge lint[0x1])
[    0.781688] kernel: ACPI: LAPIC_NMI (acpi_id[0x24] high edge lint[0x1])
[    0.781689] kernel: ACPI: LAPIC_NMI (acpi_id[0x25] high edge lint[0x1])
[    0.781689] kernel: ACPI: LAPIC_NMI (acpi_id[0x26] high edge lint[0x1])
[    0.781690] kernel: ACPI: LAPIC_NMI (acpi_id[0x27] high edge lint[0x1])
[    0.781690] kernel: ACPI: LAPIC_NMI (acpi_id[0x28] high edge lint[0x1])
[    0.781690] kernel: ACPI: LAPIC_NMI (acpi_id[0x29] high edge lint[0x1])
[    0.781691] kernel: ACPI: LAPIC_NMI (acpi_id[0x2a] high edge lint[0x1])
[    0.781691] kernel: ACPI: LAPIC_NMI (acpi_id[0x2b] high edge lint[0x1])
[    0.781692] kernel: ACPI: LAPIC_NMI (acpi_id[0x2c] high edge lint[0x1])
[    0.781692] kernel: ACPI: LAPIC_NMI (acpi_id[0x2d] high edge lint[0x1])
[    0.781693] kernel: ACPI: LAPIC_NMI (acpi_id[0x2e] high edge lint[0x1])
[    0.781693] kernel: ACPI: LAPIC_NMI (acpi_id[0x2f] high edge lint[0x1])
[    0.781693] kernel: ACPI: LAPIC_NMI (acpi_id[0x30] high edge lint[0x1])
[    0.781694] kernel: ACPI: LAPIC_NMI (acpi_id[0x31] high edge lint[0x1])
[    0.781694] kernel: ACPI: LAPIC_NMI (acpi_id[0x32] high edge lint[0x1])
[    0.781695] kernel: ACPI: LAPIC_NMI (acpi_id[0x33] high edge lint[0x1])
[    0.781695] kernel: ACPI: LAPIC_NMI (acpi_id[0x34] high edge lint[0x1])
[    0.781696] kernel: ACPI: LAPIC_NMI (acpi_id[0x35] high edge lint[0x1])
[    0.781696] kernel: ACPI: LAPIC_NMI (acpi_id[0x36] high edge lint[0x1])
[    0.781697] kernel: ACPI: LAPIC_NMI (acpi_id[0x37] high edge lint[0x1])
[    0.781697] kernel: ACPI: LAPIC_NMI (acpi_id[0x38] high edge lint[0x1])
[    0.781697] kernel: ACPI: LAPIC_NMI (acpi_id[0x39] high edge lint[0x1])
[    0.781698] kernel: ACPI: LAPIC_NMI (acpi_id[0x3a] high edge lint[0x1])
[    0.781698] kernel: ACPI: LAPIC_NMI (acpi_id[0x3b] high edge lint[0x1])
[    0.781699] kernel: ACPI: LAPIC_NMI (acpi_id[0x3c] high edge lint[0x1])
[    0.781699] kernel: ACPI: LAPIC_NMI (acpi_id[0x3d] high edge lint[0x1])
[    0.781700] kernel: ACPI: LAPIC_NMI (acpi_id[0x3e] high edge lint[0x1])
[    0.781700] kernel: ACPI: LAPIC_NMI (acpi_id[0x3f] high edge lint[0x1])
[    0.781700] kernel: ACPI: LAPIC_NMI (acpi_id[0x40] high edge lint[0x1])
[    0.781701] kernel: ACPI: LAPIC_NMI (acpi_id[0x41] high edge lint[0x1])
[    0.781701] kernel: ACPI: LAPIC_NMI (acpi_id[0x42] high edge lint[0x1])
[    0.781702] kernel: ACPI: LAPIC_NMI (acpi_id[0x43] high edge lint[0x1])
[    0.781702] kernel: ACPI: LAPIC_NMI (acpi_id[0x44] high edge lint[0x1])
[    0.781703] kernel: ACPI: LAPIC_NMI (acpi_id[0x45] high edge lint[0x1])
[    0.781703] kernel: ACPI: LAPIC_NMI (acpi_id[0x46] high edge lint[0x1])
[    0.781704] kernel: ACPI: LAPIC_NMI (acpi_id[0x47] high edge lint[0x1])
[    0.781704] kernel: ACPI: LAPIC_NMI (acpi_id[0x48] high edge lint[0x1])
[    0.781704] kernel: ACPI: LAPIC_NMI (acpi_id[0x49] high edge lint[0x1])
[    0.781705] kernel: ACPI: LAPIC_NMI (acpi_id[0x4a] high edge lint[0x1])
[    0.781705] kernel: ACPI: LAPIC_NMI (acpi_id[0x4b] high edge lint[0x1])
[    0.781706] kernel: ACPI: LAPIC_NMI (acpi_id[0x4c] high edge lint[0x1])
[    0.781706] kernel: ACPI: LAPIC_NMI (acpi_id[0x4d] high edge lint[0x1])
[    0.781707] kernel: ACPI: LAPIC_NMI (acpi_id[0x4e] high edge lint[0x1])
[    0.781707] kernel: ACPI: LAPIC_NMI (acpi_id[0x4f] high edge lint[0x1])
[    0.781707] kernel: ACPI: LAPIC_NMI (acpi_id[0x50] high edge lint[0x1])
[    0.781708] kernel: ACPI: LAPIC_NMI (acpi_id[0x51] high edge lint[0x1])
[    0.781708] kernel: ACPI: LAPIC_NMI (acpi_id[0x52] high edge lint[0x1])
[    0.781709] kernel: ACPI: LAPIC_NMI (acpi_id[0x53] high edge lint[0x1])
[    0.781709] kernel: ACPI: LAPIC_NMI (acpi_id[0x54] high edge lint[0x1])
[    0.781710] kernel: ACPI: LAPIC_NMI (acpi_id[0x55] high edge lint[0x1])
[    0.781710] kernel: ACPI: LAPIC_NMI (acpi_id[0x56] high edge lint[0x1])
[    0.781711] kernel: ACPI: LAPIC_NMI (acpi_id[0x57] high edge lint[0x1])
[    0.781711] kernel: ACPI: LAPIC_NMI (acpi_id[0x58] high edge lint[0x1])
[    0.781711] kernel: ACPI: LAPIC_NMI (acpi_id[0x59] high edge lint[0x1])
[    0.781712] kernel: ACPI: LAPIC_NMI (acpi_id[0x5a] high edge lint[0x1])
[    0.781712] kernel: ACPI: LAPIC_NMI (acpi_id[0x5b] high edge lint[0x1])
[    0.781713] kernel: ACPI: LAPIC_NMI (acpi_id[0x5c] high edge lint[0x1])
[    0.781713] kernel: ACPI: LAPIC_NMI (acpi_id[0x5d] high edge lint[0x1])
[    0.781714] kernel: ACPI: LAPIC_NMI (acpi_id[0x5e] high edge lint[0x1])
[    0.781714] kernel: ACPI: LAPIC_NMI (acpi_id[0x5f] high edge lint[0x1])
[    0.781714] kernel: ACPI: LAPIC_NMI (acpi_id[0x60] high edge lint[0x1])
[    0.781715] kernel: ACPI: LAPIC_NMI (acpi_id[0x61] high edge lint[0x1])
[    0.781715] kernel: ACPI: LAPIC_NMI (acpi_id[0x62] high edge lint[0x1])
[    0.781716] kernel: ACPI: LAPIC_NMI (acpi_id[0x63] high edge lint[0x1])
[    0.781716] kernel: ACPI: LAPIC_NMI (acpi_id[0x64] high edge lint[0x1])
[    0.781717] kernel: ACPI: LAPIC_NMI (acpi_id[0x65] high edge lint[0x1])
[    0.781717] kernel: ACPI: LAPIC_NMI (acpi_id[0x66] high edge lint[0x1])
[    0.781718] kernel: ACPI: LAPIC_NMI (acpi_id[0x67] high edge lint[0x1])
[    0.781718] kernel: ACPI: LAPIC_NMI (acpi_id[0x68] high edge lint[0x1])
[    0.781718] kernel: ACPI: LAPIC_NMI (acpi_id[0x69] high edge lint[0x1])
[    0.781719] kernel: ACPI: LAPIC_NMI (acpi_id[0x6a] high edge lint[0x1])
[    0.781719] kernel: ACPI: LAPIC_NMI (acpi_id[0x6b] high edge lint[0x1])
[    0.781720] kernel: ACPI: LAPIC_NMI (acpi_id[0x6c] high edge lint[0x1])
[    0.781720] kernel: ACPI: LAPIC_NMI (acpi_id[0x6d] high edge lint[0x1])
[    0.781721] kernel: ACPI: LAPIC_NMI (acpi_id[0x6e] high edge lint[0x1])
[    0.781721] kernel: ACPI: LAPIC_NMI (acpi_id[0x6f] high edge lint[0x1])
[    0.781721] kernel: ACPI: LAPIC_NMI (acpi_id[0x70] high edge lint[0x1])
[    0.781722] kernel: ACPI: LAPIC_NMI (acpi_id[0x71] high edge lint[0x1])
[    0.781722] kernel: ACPI: LAPIC_NMI (acpi_id[0x72] high edge lint[0x1])
[    0.781723] kernel: ACPI: LAPIC_NMI (acpi_id[0x73] high edge lint[0x1])
[    0.781723] kernel: ACPI: LAPIC_NMI (acpi_id[0x74] high edge lint[0x1])
[    0.781724] kernel: ACPI: LAPIC_NMI (acpi_id[0x75] high edge lint[0x1])
[    0.781724] kernel: ACPI: LAPIC_NMI (acpi_id[0x76] high edge lint[0x1])
[    0.781725] kernel: ACPI: LAPIC_NMI (acpi_id[0x77] high edge lint[0x1])
[    0.781725] kernel: ACPI: LAPIC_NMI (acpi_id[0x78] high edge lint[0x1])
[    0.781725] kernel: ACPI: LAPIC_NMI (acpi_id[0x79] high edge lint[0x1])
[    0.781726] kernel: ACPI: LAPIC_NMI (acpi_id[0x7a] high edge lint[0x1])
[    0.781726] kernel: ACPI: LAPIC_NMI (acpi_id[0x7b] high edge lint[0x1])
[    0.781727] kernel: ACPI: LAPIC_NMI (acpi_id[0x7c] high edge lint[0x1])
[    0.781727] kernel: ACPI: LAPIC_NMI (acpi_id[0x7d] high edge lint[0x1])
[    0.781728] kernel: ACPI: LAPIC_NMI (acpi_id[0x7e] high edge lint[0x1])
[    0.781728] kernel: ACPI: LAPIC_NMI (acpi_id[0x7f] high edge lint[0x1])
[    0.781755] kernel: IOAPIC[0]: apic_id 128, version 32, address 0xfec00000, GSI 0-23
[    0.781758] kernel: ACPI: INT_SRC_OVR (bus 0 bus_irq 0 global_irq 2 high edge)
[    0.781764] kernel: ACPI: Using ACPI (MADT) for SMP configuration information
[    0.781766] kernel: ACPI: HPET id: 0x8086af01 base: 0xfed00000
[    0.781769] kernel: TSC deadline timer available
[    0.781776] kernel: smpboot: Allowing 128 CPUs, 124 hotplug CPUs
[    0.781786] kernel: PM: hibernation: Registered nosave memory: [mem 0x00000000-0x00000fff]
[    0.781787] kernel: PM: hibernation: Registered nosave memory: [mem 0x0009e000-0x0009efff]
[    0.781788] kernel: PM: hibernation: Registered nosave memory: [mem 0x0009f000-0x0009ffff]
[    0.781788] kernel: PM: hibernation: Registered nosave memory: [mem 0x000a0000-0x000dbfff]
[    0.781789] kernel: PM: hibernation: Registered nosave memory: [mem 0x000dc000-0x000fffff]
[    0.781790] kernel: PM: hibernation: Registered nosave memory: [mem 0xbfed0000-0xbfefefff]
[    0.781790] kernel: PM: hibernation: Registered nosave memory: [mem 0xbfeff000-0xbfefffff]
[    0.781791] kernel: PM: hibernation: Registered nosave memory: [mem 0xc0000000-0xefffffff]
[    0.781792] kernel: PM: hibernation: Registered nosave memory: [mem 0xf0000000-0xf7ffffff]
[    0.781792] kernel: PM: hibernation: Registered nosave memory: [mem 0xf8000000-0xfebfffff]
[    0.781792] kernel: PM: hibernation: Registered nosave memory: [mem 0xfec00000-0xfec0ffff]
[    0.781793] kernel: PM: hibernation: Registered nosave memory: [mem 0xfec10000-0xfedfffff]
[    0.781793] kernel: PM: hibernation: Registered nosave memory: [mem 0xfee00000-0xfee00fff]
[    0.781794] kernel: PM: hibernation: Registered nosave memory: [mem 0xfee01000-0xfffdffff]
[    0.781794] kernel: PM: hibernation: Registered nosave memory: [mem 0xfffe0000-0xffffffff]
[    0.781795] kernel: [mem 0xc0000000-0xefffffff] available for PCI devices
[    0.781796] kernel: Booting paravirtualized kernel on VMware hypervisor
[    0.781798] kernel: clocksource: refined-jiffies: mask: 0xffffffff max_cycles: 0xffffffff, max_idle_ns: 7645519600211568 ns
[    0.781821] kernel: setup_percpu: NR_CPUS:8192 nr_cpumask_bits:128 nr_cpu_ids:128 nr_node_ids:1
[    0.875540] kernel: percpu: Embedded 61 pages/cpu s212992 r8192 d28672 u262144
[    0.875550] kernel: pcpu-alloc: s212992 r8192 d28672 u262144 alloc=1*2097152
[    0.875552] kernel: pcpu-alloc: [0] 000 001 002 003 004 005 006 007 
[    0.875555] kernel: pcpu-alloc: [0] 008 009 010 011 012 013 014 015 
[    0.875558] kernel: pcpu-alloc: [0] 016 017 018 019 020 021 022 023 
[    0.875561] kernel: pcpu-alloc: [0] 024 025 026 027 028 029 030 031 
[    0.875564] kernel: pcpu-alloc: [0] 032 033 034 035 036 037 038 039 
[    0.875567] kernel: pcpu-alloc: [0] 040 041 042 043 044 045 046 047 
[    0.875570] kernel: pcpu-alloc: [0] 048 049 050 051 052 053 054 055 
[    0.875573] kernel: pcpu-alloc: [0] 056 057 058 059 060 061 062 063 
[    0.875576] kernel: pcpu-alloc: [0] 064 065 066 067 068 069 070 071 
[    0.875578] kernel: pcpu-alloc: [0] 072 073 074 075 076 077 078 079 
[    0.875581] kernel: pcpu-alloc: [0] 080 081 082 083 084 085 086 087 
[    0.875584] kernel: pcpu-alloc: [0] 088 089 090 091 092 093 094 095 
[    0.875587] kernel: pcpu-alloc: [0] 096 097 098 099 100 101 102 103 
[    0.875590] kernel: pcpu-alloc: [0] 104 105 106 107 108 109 110 111 
[    0.875593] kernel: pcpu-alloc: [0] 112 113 114 115 116 117 118 119 
[    0.875596] kernel: pcpu-alloc: [0] 120 121 122 123 124 125 126 127 
[    0.875643] kernel: Fallback order for Node 0: 0 
[    0.875653] kernel: Built 1 zonelists, mobility grouping on.  Total pages: 4128464
[    0.875654] kernel: Policy zone: Normal
[    0.875655] kernel: Kernel command line: BOOT_IMAGE=/boot/vmlinuz-5.19.0-38-generic root=UUID=8de9989f-a6e4-4c92-a044-2c6d1909bf50 ro find_preseed=/preseed.cfg auto noprompt priority=critical locale=en_US quiet splash
[    0.875744] kernel: Unknown kernel command line parameters "auto noprompt splash BOOT_IMAGE=/boot/vmlinuz-5.19.0-38-generic find_preseed=/preseed.cfg priority=critical locale=en_US", will be passed to user space.
[    0.875745] kernel: printk: log_buf_len individual max cpu contribution: 4096 bytes
[    0.875746] kernel: printk: log_buf_len total cpu_extra contributions: 520192 bytes
[    0.875746] kernel: printk: log_buf_len min size: 262144 bytes
[    0.889247] kernel: printk: log_buf_len: 1048576 bytes
[    0.889248] kernel: printk: early log buf free: 226664(86%)
[    0.935493] kernel: Dentry cache hash table entries: 2097152 (order: 12, 16777216 bytes, linear)
[    0.958504] kernel: Inode-cache hash table entries: 1048576 (order: 11, 8388608 bytes, linear)
[    0.960587] kernel: mem auto-init: stack:off, heap alloc:on, heap free:off
[    1.089268] kernel: Memory: 16270132K/16776628K available (18440K kernel code, 4050K rwdata, 11292K rodata, 3168K init, 4908K bss, 506236K reserved, 0K cma-reserved)
[    1.090536] kernel: SLUB: HWalign=64, Order=0-3, MinObjects=0, CPUs=128, Nodes=1
[    1.090622] kernel: ftrace: allocating 52179 entries in 204 pages
[    1.099341] kernel: ftrace: allocated 204 pages with 4 groups
[    1.100882] kernel: Dynamic Preempt: voluntary
[    1.101253] kernel: rcu: Preemptible hierarchical RCU implementation.
[    1.101254] kernel: rcu:         RCU restricting CPUs from NR_CPUS=8192 to nr_cpu_ids=128.
[    1.101256] kernel:         Trampoline variant of Tasks RCU enabled.
[    1.101256] kernel:         Rude variant of Tasks RCU enabled.
[    1.101256] kernel:         Tracing variant of Tasks RCU enabled.
[    1.101257] kernel: rcu: RCU calculated value of scheduler-enlistment delay is 25 jiffies.
[    1.101257] kernel: rcu: Adjusting geometry for rcu_fanout_leaf=16, nr_cpu_ids=128
[    1.107244] kernel: NR_IRQS: 524544, nr_irqs: 1448, preallocated irqs: 16
[    1.107575] kernel: rcu: srcu_init: Setting srcu_struct sizes to big.
[    1.107679] kernel: random: crng init done
[    1.108804] kernel: Console: colour VGA+ 80x25
[    1.108834] kernel: printk: console [tty0] enabled
[    1.108926] kernel: ACPI: Core revision 20220331
[    1.109435] kernel: clocksource: hpet: mask: 0xffffffff max_cycles: 0xffffffff, max_idle_ns: 133484882848 ns
[    1.109491] kernel: APIC: Switch to symmetric I/O mode setup
[    1.109688] kernel: x2apic enabled
[    1.109842] kernel: Switched APIC routing to physical x2apic.
[    1.110536] kernel: ..TIMER: vector=0x30 apic1=0 pin1=2 apic2=-1 pin2=-1
[    1.110556] kernel: clocksource: tsc-early: mask: 0xffffffffffffffff max_cycles: 0x33e4564530a, max_idle_ns: 440795343825 ns
[    1.110561] kernel: Calibrating delay loop (skipped) preset value.. 7200.00 BogoMIPS (lpj=14400012)
[    1.110563] kernel: pid_max: default: 131072 minimum: 1024
[    1.110637] kernel: LSM: Security Framework initializing
[    1.110649] kernel: landlock: Up and running.
[    1.110649] kernel: Yama: becoming mindful.
[    1.110860] kernel: AppArmor: AppArmor initialized
[    1.111704] kernel: Mount-cache hash table entries: 32768 (order: 6, 262144 bytes, linear)
[    1.112451] kernel: Mountpoint-cache hash table entries: 32768 (order: 6, 262144 bytes, linear)
[    1.113419] kernel: Disabled fast string operations
[    1.114591] kernel: Last level iTLB entries: 4KB 128, 2MB 8, 4MB 8
[    1.114593] kernel: Last level dTLB entries: 4KB 64, 2MB 0, 4MB 0, 1GB 4
[    1.114596] kernel: Spectre V1 : Mitigation: usercopy/swapgs barriers and __user pointer sanitization
[    1.114729] kernel: Spectre V2 : Mitigation: IBRS
[    1.114730] kernel: Spectre V2 : Spectre v2 / SpectreRSB mitigation: Filling RSB on context switch
[    1.114730] kernel: Spectre V2 : Spectre v2 / SpectreRSB : Filling RSB on VMEXIT
[    1.114731] kernel: RETBleed: Mitigation: IBRS
[    1.114733] kernel: Spectre V2 : mitigation: Enabling conditional Indirect Branch Prediction Barrier
[    1.114734] kernel: Speculative Store Bypass: Mitigation: Speculative Store Bypass disabled via prctl
[    1.114740] kernel: MDS: Mitigation: Clear CPU buffers
[    1.114740] kernel: MMIO Stale Data: Mitigation: Clear CPU buffers
[    1.114742] kernel: SRBDS: Unknown: Dependent on hypervisor status
[    1.132488] kernel: Freeing SMP alternatives memory: 44K
[    1.134809] kernel: smpboot: CPU0: Intel(R) Core(TM) i7-9700K CPU @ 3.60GHz (family: 0x6, model: 0x9e, stepping: 0xc)
[    1.135528] kernel: cblist_init_generic: Setting adjustable number of callback queues.
[    1.135536] kernel: cblist_init_generic: Setting shift to 7 and lim to 1.
[    1.135725] kernel: cblist_init_generic: Setting shift to 7 and lim to 1.
[    1.135808] kernel: cblist_init_generic: Setting shift to 7 and lim to 1.
[    1.135883] kernel: Performance Events: Skylake events, core PMU driver.
[    1.135912] kernel: core: CPUID marked event: 'cpu cycles' unavailable
[    1.135913] kernel: core: CPUID marked event: 'instructions' unavailable
[    1.135913] kernel: core: CPUID marked event: 'bus cycles' unavailable
[    1.135914] kernel: core: CPUID marked event: 'cache references' unavailable
[    1.135914] kernel: core: CPUID marked event: 'cache misses' unavailable
[    1.135915] kernel: core: CPUID marked event: 'branch instructions' unavailable
[    1.135915] kernel: core: CPUID marked event: 'branch misses' unavailable
[    1.135917] kernel: ... version:                1
[    1.135917] kernel: ... bit width:              48
[    1.135918] kernel: ... generic registers:      8
[    1.135918] kernel: ... value mask:             0000ffffffffffff
[    1.135919] kernel: ... max period:             000000007fffffff
[    1.135928] kernel: ... fixed-purpose events:   0
[    1.135929] kernel: ... event mask:             00000000000000ff
[    1.136073] kernel: rcu: Hierarchical SRCU implementation.
[    1.136074] kernel: rcu:         Max phase no-delay instances is 1000.
[    1.137052] kernel: NMI watchdog: Perf NMI watchdog permanently disabled
[    1.150116] kernel: smp: Bringing up secondary CPUs ...
[    1.150958] kernel: x86: Booting SMP configuration:
[    1.150959] kernel: .... node  #0, CPUs:          #1
[    0.006908] kernel: Disabled fast string operations
[    1.151631] kernel:    #2
[    0.006908] kernel: Disabled fast string operations
[    1.151864] kernel:    #3
[    0.006908] kernel: Disabled fast string operations
[    1.154789] kernel: smp: Brought up 1 node, 4 CPUs
[    1.154791] kernel: smpboot: Max logical packages: 32
[    1.154794] kernel: smpboot: Total of 4 processors activated (28800.02 BogoMIPS)
[    1.155749] kernel: devtmpfs: initialized
[    1.155749] kernel: x86/mm: Memory block size: 128MB
[    1.159857] kernel: ACPI: PM: Registering ACPI NVS region [mem 0xbfeff000-0xbfefffff] (4096 bytes)
[    1.159857] kernel: clocksource: jiffies: mask: 0xffffffff max_cycles: 0xffffffff, max_idle_ns: 7645041785100000 ns
[    1.166788] kernel: futex hash table entries: 32768 (order: 9, 2097152 bytes, linear)
[    1.167114] kernel: pinctrl core: initialized pinctrl subsystem
[    1.167327] kernel: PM: RTC time: 03:41:41, date: 2023-04-15
[    1.173627] kernel: NET: Registered PF_NETLINK/PF_ROUTE protocol family
[    1.179822] kernel: DMA: preallocated 2048 KiB GFP_KERNEL pool for atomic allocations
[    1.179957] kernel: DMA: preallocated 2048 KiB GFP_KERNEL|GFP_DMA pool for atomic allocations
[    1.180102] kernel: DMA: preallocated 2048 KiB GFP_KERNEL|GFP_DMA32 pool for atomic allocations
[    1.180109] kernel: audit: initializing netlink subsys (disabled)
[    1.180125] kernel: audit: type=2000 audit(1681530101.068:1): state=initialized audit_enabled=0 res=1
[    1.180125] kernel: thermal_sys: Registered thermal governor 'fair_share'
[    1.180125] kernel: thermal_sys: Registered thermal governor 'bang_bang'
[    1.180125] kernel: thermal_sys: Registered thermal governor 'step_wise'
[    1.180125] kernel: thermal_sys: Registered thermal governor 'user_space'
[    1.180125] kernel: thermal_sys: Registered thermal governor 'power_allocator'
[    1.180125] kernel: EISA bus registered
[    1.180125] kernel: cpuidle: using governor ladder
[    1.180125] kernel: cpuidle: using governor menu
[    1.180125] kernel: Simple Boot Flag at 0x36 set to 0x80
[    1.180125] kernel: HugeTLB: can optimize 4095 vmemmap pages for hugepages-1048576kB
[    1.180125] kernel: acpiphp: ACPI Hot Plug PCI Controller Driver version: 0.5
[    1.180125] kernel: PCI: MMCONFIG for domain 0000 [bus 00-7f] at [mem 0xf0000000-0xf7ffffff] (base 0xf0000000)
[    1.180125] kernel: PCI: MMCONFIG at [mem 0xf0000000-0xf7ffffff] reserved in E820
[    1.180125] kernel: pmd_set_huge: Cannot satisfy [mem 0xf0000000-0xf0200000] with a huge-page mapping due to MTRR override.
[    1.180125] kernel: PCI: Using configuration type 1 for base access
[    1.183504] kernel: kprobes: kprobe jump-optimization is enabled. All kprobes are optimized if possible.
[    1.183520] kernel: HugeTLB: can optimize 7 vmemmap pages for hugepages-2048kB
[    1.183520] kernel: HugeTLB registered 1.00 GiB page size, pre-allocated 0 pages
[    1.183520] kernel: HugeTLB registered 2.00 MiB page size, pre-allocated 0 pages
[    1.187377] kernel: ACPI: Added _OSI(Module Device)
[    1.187377] kernel: ACPI: Added _OSI(Processor Device)
[    1.187377] kernel: ACPI: Added _OSI(3.0 _SCP Extensions)
[    1.187377] kernel: ACPI: Added _OSI(Processor Aggregator Device)
[    1.187377] kernel: ACPI: Added _OSI(Linux-Dell-Video)
[    1.187377] kernel: ACPI: Added _OSI(Linux-Lenovo-NV-HDMI-Audio)
[    1.187377] kernel: ACPI: Added _OSI(Linux-HPI-Hybrid-Graphics)
[    1.212201] kernel: ACPI: 1 ACPI AML tables successfully acquired and loaded
[    1.214855] kernel: ACPI: [Firmware Bug]: BIOS _OSI(Linux) query ignored
[    1.236248] kernel: ACPI: Interpreter enabled
[    1.236264] kernel: ACPI: PM: (supports S0 S1 S4 S5)
[    1.236265] kernel: ACPI: Using IOAPIC for interrupt routing
[    1.236289] kernel: PCI: Using host bridge windows from ACPI; if necessary, use "pci=nocrs" and report a bug
[    1.236290] kernel: PCI: Using E820 reservations for host bridge windows
[    1.238311] kernel: ACPI: Enabled 4 GPEs in block 00 to 0F
[    1.401344] kernel: ACPI: PCI Root Bridge [PCI0] (domain 0000 [bus 00-7f])
[    1.401353] kernel: acpi PNP0A03:00: _OSC: OS supports [ExtendedConfig ASPM ClockPM Segments MSI EDR HPX-Type3]
[    1.401470] kernel: acpi PNP0A03:00: _OSC: platform does not support [AER LTR DPC]
[    1.401756] kernel: acpi PNP0A03:00: _OSC: OS now controls [PCIeHotplug SHPCHotplug PME PCIeCapability]
[    1.403542] kernel: PCI host bridge to bus 0000:00
[    1.403544] kernel: pci_bus 0000:00: root bus resource [mem 0x000a0000-0x000bffff window]
[    1.403546] kernel: pci_bus 0000:00: root bus resource [mem 0x000d0000-0x000dbfff window]
[    1.403547] kernel: pci_bus 0000:00: root bus resource [mem 0xc0000000-0xfebfffff window]
[    1.403548] kernel: pci_bus 0000:00: root bus resource [io  0x0000-0x0cf7 window]
[    1.403549] kernel: pci_bus 0000:00: root bus resource [io  0x0d00-0xfeff window]
[    1.403550] kernel: pci_bus 0000:00: root bus resource [bus 00-7f]
[    1.403644] kernel: pci 0000:00:00.0: [8086:7190] type 00 class 0x060000
[    1.404121] kernel: pci 0000:00:01.0: [8086:7191] type 01 class 0x060400
[    1.405412] kernel: pci 0000:00:07.0: [8086:7110] type 00 class 0x060100
[    1.405983] kernel: pci 0000:00:07.1: [8086:7111] type 00 class 0x01018a
[    1.407274] kernel: pci 0000:00:07.1: reg 0x20: [io  0x1060-0x106f]
[    1.407759] kernel: pci 0000:00:07.1: legacy IDE quirk: reg 0x10: [io  0x01f0-0x01f7]
[    1.407761] kernel: pci 0000:00:07.1: legacy IDE quirk: reg 0x14: [io  0x03f6]
[    1.407762] kernel: pci 0000:00:07.1: legacy IDE quirk: reg 0x18: [io  0x0170-0x0177]
[    1.407763] kernel: pci 0000:00:07.1: legacy IDE quirk: reg 0x1c: [io  0x0376]
[    1.407956] kernel: pci 0000:00:07.3: [8086:7113] type 00 class 0x068000
[    1.409232] kernel: pci 0000:00:07.3: quirk: [io  0x1000-0x103f] claimed by PIIX4 ACPI
[    1.409242] kernel: pci 0000:00:07.3: quirk: [io  0x1040-0x104f] claimed by PIIX4 SMB
[    1.409517] kernel: pci 0000:00:07.7: [15ad:0740] type 00 class 0x088000
[    1.409971] kernel: pci 0000:00:07.7: reg 0x10: [io  0x1080-0x10bf]
[    1.410377] kernel: pci 0000:00:07.7: reg 0x14: [mem 0xfebc0000-0xfebfffff 64bit]
[    1.413642] kernel: pci 0000:00:0f.0: [15ad:0405] type 00 class 0x030000
[    1.414403] kernel: pci 0000:00:0f.0: reg 0x10: [io  0x1070-0x107f]
[    1.414918] kernel: pci 0000:00:0f.0: reg 0x14: [mem 0xe8000000-0xefffffff pref]
[    1.415554] kernel: pci 0000:00:0f.0: reg 0x18: [mem 0xfe000000-0xfe7fffff]
[    1.418168] kernel: pci 0000:00:0f.0: reg 0x30: [mem 0x00000000-0x00007fff pref]
[    1.418275] kernel: pci 0000:00:0f.0: Video device with shadowed ROM at [mem 0x000c0000-0x000dffff]
[    1.418275] kernel: pci 0000:00:10.0: [1000:0030] type 00 class 0x010000
[    1.418275] kernel: pci 0000:00:10.0: reg 0x10: [io  0x1400-0x14ff]
[    1.418275] kernel: pci 0000:00:10.0: reg 0x14: [mem 0xfeb80000-0xfeb9ffff 64bit]
[    1.418275] kernel: pci 0000:00:10.0: reg 0x1c: [mem 0xfeba0000-0xfebbffff 64bit]
[    1.418275] kernel: pci 0000:00:10.0: reg 0x30: [mem 0x00000000-0x00003fff pref]
[    1.418275] kernel: pci 0000:00:11.0: [15ad:0790] type 01 class 0x060401
[    1.418305] kernel: pci 0000:00:15.0: [15ad:07a0] type 01 class 0x060400
[    1.418559] kernel: pci 0000:00:15.0: PME# supported from D0 D3hot D3cold
[    1.418559] kernel: pci 0000:00:15.1: [15ad:07a0] type 01 class 0x060400
[    1.418559] kernel: pci 0000:00:15.1: PME# supported from D0 D3hot D3cold
[    1.418559] kernel: pci 0000:00:15.2: [15ad:07a0] type 01 class 0x060400
[    1.418559] kernel: pci 0000:00:15.2: PME# supported from D0 D3hot D3cold
[    1.418559] kernel: pci 0000:00:15.3: [15ad:07a0] type 01 class 0x060400
[    1.418559] kernel: pci 0000:00:15.3: PME# supported from D0 D3hot D3cold
[    1.418559] kernel: pci 0000:00:15.4: [15ad:07a0] type 01 class 0x060400
[    1.422959] kernel: pci 0000:00:15.4: PME# supported from D0 D3hot D3cold
[    1.423306] kernel: pci 0000:00:15.5: [15ad:07a0] type 01 class 0x060400
[    1.423920] kernel: pci 0000:00:15.5: PME# supported from D0 D3hot D3cold
[    1.424294] kernel: pci 0000:00:15.6: [15ad:07a0] type 01 class 0x060400
[    1.424910] kernel: pci 0000:00:15.6: PME# supported from D0 D3hot D3cold
[    1.425546] kernel: pci 0000:00:15.7: [15ad:07a0] type 01 class 0x060400
[    1.426278] kernel: pci 0000:00:15.7: PME# supported from D0 D3hot D3cold
[    1.426638] kernel: pci 0000:00:16.0: [15ad:07a0] type 01 class 0x060400
[    1.427261] kernel: pci 0000:00:16.0: PME# supported from D0 D3hot D3cold
[    1.427631] kernel: pci 0000:00:16.1: [15ad:07a0] type 01 class 0x060400
[    1.428249] kernel: pci 0000:00:16.1: PME# supported from D0 D3hot D3cold
[    1.428585] kernel: pci 0000:00:16.2: [15ad:07a0] type 01 class 0x060400
[    1.429200] kernel: pci 0000:00:16.2: PME# supported from D0 D3hot D3cold
[    1.429536] kernel: pci 0000:00:16.3: [15ad:07a0] type 01 class 0x060400
[    1.430170] kernel: pci 0000:00:16.3: PME# supported from D0 D3hot D3cold
[    1.430585] kernel: pci 0000:00:16.4: [15ad:07a0] type 01 class 0x060400
[    1.431205] kernel: pci 0000:00:16.4: PME# supported from D0 D3hot D3cold
[    1.431539] kernel: pci 0000:00:16.5: [15ad:07a0] type 01 class 0x060400
[    1.432157] kernel: pci 0000:00:16.5: PME# supported from D0 D3hot D3cold
[    1.432493] kernel: pci 0000:00:16.6: [15ad:07a0] type 01 class 0x060400
[    1.433105] kernel: pci 0000:00:16.6: PME# supported from D0 D3hot D3cold
[    1.433571] kernel: pci 0000:00:16.7: [15ad:07a0] type 01 class 0x060400
[    1.434185] kernel: pci 0000:00:16.7: PME# supported from D0 D3hot D3cold
[    1.434534] kernel: pci 0000:00:17.0: [15ad:07a0] type 01 class 0x060400
[    1.435150] kernel: pci 0000:00:17.0: PME# supported from D0 D3hot D3cold
[    1.435485] kernel: pci 0000:00:17.1: [15ad:07a0] type 01 class 0x060400
[    1.436101] kernel: pci 0000:00:17.1: PME# supported from D0 D3hot D3cold
[    1.436461] kernel: pci 0000:00:17.2: [15ad:07a0] type 01 class 0x060400
[    1.437073] kernel: pci 0000:00:17.2: PME# supported from D0 D3hot D3cold
[    1.437412] kernel: pci 0000:00:17.3: [15ad:07a0] type 01 class 0x060400
[    1.438023] kernel: pci 0000:00:17.3: PME# supported from D0 D3hot D3cold
[    1.438362] kernel: pci 0000:00:17.4: [15ad:07a0] type 01 class 0x060400
[    1.438362] kernel: pci 0000:00:17.4: PME# supported from D0 D3hot D3cold
[    1.438362] kernel: pci 0000:00:17.5: [15ad:07a0] type 01 class 0x060400
[    1.438362] kernel: pci 0000:00:17.5: PME# supported from D0 D3hot D3cold
[    1.438362] kernel: pci 0000:00:17.6: [15ad:07a0] type 01 class 0x060400
[    1.438362] kernel: pci 0000:00:17.6: PME# supported from D0 D3hot D3cold
[    1.438362] kernel: pci 0000:00:17.7: [15ad:07a0] type 01 class 0x060400
[    1.438362] kernel: pci 0000:00:17.7: PME# supported from D0 D3hot D3cold
[    1.438486] kernel: pci 0000:00:18.0: [15ad:07a0] type 01 class 0x060400
[    1.438559] kernel: pci 0000:00:18.0: PME# supported from D0 D3hot D3cold
[    1.438559] kernel: pci 0000:00:18.1: [15ad:07a0] type 01 class 0x060400
[    1.438559] kernel: pci 0000:00:18.1: PME# supported from D0 D3hot D3cold
[    1.438559] kernel: pci 0000:00:18.2: [15ad:07a0] type 01 class 0x060400
[    1.438559] kernel: pci 0000:00:18.2: PME# supported from D0 D3hot D3cold
[    1.438559] kernel: pci 0000:00:18.3: [15ad:07a0] type 01 class 0x060400
[    1.438559] kernel: pci 0000:00:18.3: PME# supported from D0 D3hot D3cold
[    1.438559] kernel: pci 0000:00:18.4: [15ad:07a0] type 01 class 0x060400
[    1.442949] kernel: pci 0000:00:18.4: PME# supported from D0 D3hot D3cold
[    1.443307] kernel: pci 0000:00:18.5: [15ad:07a0] type 01 class 0x060400
[    1.443919] kernel: pci 0000:00:18.5: PME# supported from D0 D3hot D3cold
[    1.444261] kernel: pci 0000:00:18.6: [15ad:07a0] type 01 class 0x060400
[    1.444875] kernel: pci 0000:00:18.6: PME# supported from D0 D3hot D3cold
[    1.445339] kernel: pci 0000:00:18.7: [15ad:07a0] type 01 class 0x060400
[    1.445952] kernel: pci 0000:00:18.7: PME# supported from D0 D3hot D3cold
[    1.447501] kernel: pci_bus 0000:01: extended config space not accessible
[    1.452712] kernel: pci 0000:00:01.0: PCI bridge to [bus 01]
[    1.452875] kernel: pci_bus 0000:02: extended config space not accessible
[    1.453201] kernel: acpiphp: Slot [32] registered
[    1.453221] kernel: acpiphp: Slot [33] registered
[    1.453239] kernel: acpiphp: Slot [34] registered
[    1.453256] kernel: acpiphp: Slot [35] registered
[    1.453350] kernel: acpiphp: Slot [36] registered
[    1.453370] kernel: acpiphp: Slot [37] registered
[    1.453387] kernel: acpiphp: Slot [38] registered
[    1.453404] kernel: acpiphp: Slot [39] registered
[    1.453421] kernel: acpiphp: Slot [40] registered
[    1.453438] kernel: acpiphp: Slot [41] registered
[    1.453455] kernel: acpiphp: Slot [42] registered
[    1.453487] kernel: acpiphp: Slot [43] registered
[    1.453505] kernel: acpiphp: Slot [44] registered
[    1.453522] kernel: acpiphp: Slot [45] registered
[    1.453538] kernel: acpiphp: Slot [46] registered
[    1.453555] kernel: acpiphp: Slot [47] registered
[    1.453571] kernel: acpiphp: Slot [48] registered
[    1.453612] kernel: acpiphp: Slot [49] registered
[    1.453630] kernel: acpiphp: Slot [50] registered
[    1.453647] kernel: acpiphp: Slot [51] registered
[    1.453664] kernel: acpiphp: Slot [52] registered
[    1.453681] kernel: acpiphp: Slot [53] registered
[    1.453697] kernel: acpiphp: Slot [54] registered
[    1.453714] kernel: acpiphp: Slot [55] registered
[    1.453758] kernel: acpiphp: Slot [56] registered
[    1.453777] kernel: acpiphp: Slot [57] registered
[    1.453794] kernel: acpiphp: Slot [58] registered
[    1.453811] kernel: acpiphp: Slot [59] registered
[    1.453827] kernel: acpiphp: Slot [60] registered
[    1.453844] kernel: acpiphp: Slot [61] registered
[    1.453876] kernel: acpiphp: Slot [62] registered
[    1.453894] kernel: acpiphp: Slot [63] registered
[    1.453952] kernel: pci 0000:02:00.0: [15ad:0774] type 00 class 0x0c0300
[    1.455478] kernel: pci 0000:02:00.0: reg 0x20: [io  0x2080-0x209f]
[    1.456857] kernel: pci 0000:02:01.0: [8086:100f] type 00 class 0x020000
[    1.457331] kernel: pci 0000:02:01.0: reg 0x10: [mem 0xfd5c0000-0xfd5dffff 64bit]
[    1.457798] kernel: pci 0000:02:01.0: reg 0x18: [mem 0xfdff0000-0xfdffffff 64bit]
[    1.458193] kernel: pci 0000:02:01.0: reg 0x20: [io  0x2000-0x203f]
[    1.459182] kernel: pci 0000:02:01.0: reg 0x30: [mem 0x00000000-0x0000ffff pref]
[    1.459429] kernel: pci 0000:02:01.0: PME# supported from D0 D3hot D3cold
[    1.460113] kernel: pci 0000:02:02.0: [1274:1371] type 00 class 0x040100
[    1.460438] kernel: pci 0000:02:02.0: reg 0x10: [io  0x2040-0x207f]
[    1.462652] kernel: pci 0000:02:03.0: [15ad:0770] type 00 class 0x0c0320
[    1.462946] kernel: pci 0000:02:03.0: reg 0x10: [mem 0xfd5ef000-0xfd5effff]
[    1.465236] kernel: pci 0000:02:04.0: [15ad:07e0] type 00 class 0x010601
[    1.466691] kernel: pci 0000:02:04.0: reg 0x24: [mem 0xfd5ee000-0xfd5eefff]
[    1.466930] kernel: pci 0000:02:04.0: reg 0x30: [mem 0x00000000-0x0000ffff pref]
[    1.467217] kernel: pci 0000:02:04.0: PME# supported from D3hot
[    1.472686] kernel: pci 0000:00:11.0: PCI bridge to [bus 02] (subtractive decode)
[    1.472704] kernel: pci 0000:00:11.0:   bridge window [io  0x2000-0x3fff]
[    1.472720] kernel: pci 0000:00:11.0:   bridge window [mem 0xfd500000-0xfdffffff]
[    1.472749] kernel: pci 0000:00:11.0:   bridge window [mem 0xe7b00000-0xe7ffffff 64bit pref]
[    1.472751] kernel: pci 0000:00:11.0:   bridge window [mem 0x000a0000-0x000bffff window] (subtractive decode)
[    1.472752] kernel: pci 0000:00:11.0:   bridge window [mem 0x000d0000-0x000dbfff window] (subtractive decode)
[    1.472753] kernel: pci 0000:00:11.0:   bridge window [mem 0xc0000000-0xfebfffff window] (subtractive decode)
[    1.472754] kernel: pci 0000:00:11.0:   bridge window [io  0x0000-0x0cf7 window] (subtractive decode)
[    1.472755] kernel: pci 0000:00:11.0:   bridge window [io  0x0d00-0xfeff window] (subtractive decode)
[    1.473192] kernel: pci 0000:00:15.0: PCI bridge to [bus 03]
[    1.473209] kernel: pci 0000:00:15.0:   bridge window [io  0x4000-0x4fff]
[    1.473224] kernel: pci 0000:00:15.0:   bridge window [mem 0xfd400000-0xfd4fffff]
[    1.473254] kernel: pci 0000:00:15.0:   bridge window [mem 0xe7a00000-0xe7afffff 64bit pref]
[    1.473659] kernel: pci 0000:00:15.1: PCI bridge to [bus 04]
[    1.473675] kernel: pci 0000:00:15.1:   bridge window [io  0x8000-0x8fff]
[    1.473691] kernel: pci 0000:00:15.1:   bridge window [mem 0xfd000000-0xfd0fffff]
[    1.473721] kernel: pci 0000:00:15.1:   bridge window [mem 0xe7600000-0xe76fffff 64bit pref]
[    1.474143] kernel: pci 0000:00:15.2: PCI bridge to [bus 05]
[    1.474159] kernel: pci 0000:00:15.2:   bridge window [io  0xc000-0xcfff]
[    1.474175] kernel: pci 0000:00:15.2:   bridge window [mem 0xfcc00000-0xfccfffff]
[    1.474204] kernel: pci 0000:00:15.2:   bridge window [mem 0xe7200000-0xe72fffff 64bit pref]
[    1.474559] kernel: pci 0000:00:15.3: PCI bridge to [bus 06]
[    1.474559] kernel: pci 0000:00:15.3:   bridge window [mem 0xfc800000-0xfc8fffff]
[    1.474559] kernel: pci 0000:00:15.3:   bridge window [mem 0xe6e00000-0xe6efffff 64bit pref]
[    1.474559] kernel: pci 0000:00:15.4: PCI bridge to [bus 07]
[    1.474559] kernel: pci 0000:00:15.4:   bridge window [mem 0xfc400000-0xfc4fffff]
[    1.474559] kernel: pci 0000:00:15.4:   bridge window [mem 0xe6a00000-0xe6afffff 64bit pref]
[    1.474559] kernel: pci 0000:00:15.5: PCI bridge to [bus 08]
[    1.474559] kernel: pci 0000:00:15.5:   bridge window [mem 0xfc000000-0xfc0fffff]
[    1.474559] kernel: pci 0000:00:15.5:   bridge window [mem 0xe6600000-0xe66fffff 64bit pref]
[    1.474559] kernel: pci 0000:00:15.6: PCI bridge to [bus 09]
[    1.474559] kernel: pci 0000:00:15.6:   bridge window [mem 0xfbc00000-0xfbcfffff]
[    1.474559] kernel: pci 0000:00:15.6:   bridge window [mem 0xe6200000-0xe62fffff 64bit pref]
[    1.474559] kernel: pci 0000:00:15.7: PCI bridge to [bus 0a]
[    1.474559] kernel: pci 0000:00:15.7:   bridge window [mem 0xfb800000-0xfb8fffff]
[    1.474559] kernel: pci 0000:00:15.7:   bridge window [mem 0xe5e00000-0xe5efffff 64bit pref]
[    1.474559] kernel: pci 0000:00:16.0: PCI bridge to [bus 0b]
[    1.474559] kernel: pci 0000:00:16.0:   bridge window [io  0x5000-0x5fff]
[    1.474559] kernel: pci 0000:00:16.0:   bridge window [mem 0xfd300000-0xfd3fffff]
[    1.474559] kernel: pci 0000:00:16.0:   bridge window [mem 0xe7900000-0xe79fffff 64bit pref]
[    1.474559] kernel: pci 0000:00:16.1: PCI bridge to [bus 0c]
[    1.474559] kernel: pci 0000:00:16.1:   bridge window [io  0x9000-0x9fff]
[    1.474559] kernel: pci 0000:00:16.1:   bridge window [mem 0xfcf00000-0xfcffffff]
[    1.474559] kernel: pci 0000:00:16.1:   bridge window [mem 0xe7500000-0xe75fffff 64bit pref]
[    1.474559] kernel: pci 0000:00:16.2: PCI bridge to [bus 0d]
[    1.474559] kernel: pci 0000:00:16.2:   bridge window [io  0xd000-0xdfff]
[    1.474559] kernel: pci 0000:00:16.2:   bridge window [mem 0xfcb00000-0xfcbfffff]
[    1.474559] kernel: pci 0000:00:16.2:   bridge window [mem 0xe7100000-0xe71fffff 64bit pref]
[    1.474559] kernel: pci 0000:00:16.3: PCI bridge to [bus 0e]
[    1.474559] kernel: pci 0000:00:16.3:   bridge window [mem 0xfc700000-0xfc7fffff]
[    1.474559] kernel: pci 0000:00:16.3:   bridge window [mem 0xe6d00000-0xe6dfffff 64bit pref]
[    1.474559] kernel: pci 0000:00:16.4: PCI bridge to [bus 0f]
[    1.474559] kernel: pci 0000:00:16.4:   bridge window [mem 0xfc300000-0xfc3fffff]
[    1.474559] kernel: pci 0000:00:16.4:   bridge window [mem 0xe6900000-0xe69fffff 64bit pref]
[    1.474559] kernel: pci 0000:00:16.5: PCI bridge to [bus 10]
[    1.474559] kernel: pci 0000:00:16.5:   bridge window [mem 0xfbf00000-0xfbffffff]
[    1.474559] kernel: pci 0000:00:16.5:   bridge window [mem 0xe6500000-0xe65fffff 64bit pref]
[    1.474559] kernel: pci 0000:00:16.6: PCI bridge to [bus 11]
[    1.474559] kernel: pci 0000:00:16.6:   bridge window [mem 0xfbb00000-0xfbbfffff]
[    1.474559] kernel: pci 0000:00:16.6:   bridge window [mem 0xe6100000-0xe61fffff 64bit pref]
[    1.474559] kernel: pci 0000:00:16.7: PCI bridge to [bus 12]
[    1.474559] kernel: pci 0000:00:16.7:   bridge window [mem 0xfb700000-0xfb7fffff]
[    1.474559] kernel: pci 0000:00:16.7:   bridge window [mem 0xe5d00000-0xe5dfffff 64bit pref]
[    1.474559] kernel: pci 0000:00:17.0: PCI bridge to [bus 13]
[    1.474559] kernel: pci 0000:00:17.0:   bridge window [io  0x6000-0x6fff]
[    1.474559] kernel: pci 0000:00:17.0:   bridge window [mem 0xfd200000-0xfd2fffff]
[    1.474559] kernel: pci 0000:00:17.0:   bridge window [mem 0xe7800000-0xe78fffff 64bit pref]
[    1.474559] kernel: pci 0000:00:17.1: PCI bridge to [bus 14]
[    1.474559] kernel: pci 0000:00:17.1:   bridge window [io  0xa000-0xafff]
[    1.474559] kernel: pci 0000:00:17.1:   bridge window [mem 0xfce00000-0xfcefffff]
[    1.474559] kernel: pci 0000:00:17.1:   bridge window [mem 0xe7400000-0xe74fffff 64bit pref]
[    1.474559] kernel: pci 0000:00:17.2: PCI bridge to [bus 15]
[    1.474559] kernel: pci 0000:00:17.2:   bridge window [io  0xe000-0xefff]
[    1.474559] kernel: pci 0000:00:17.2:   bridge window [mem 0xfca00000-0xfcafffff]
[    1.474559] kernel: pci 0000:00:17.2:   bridge window [mem 0xe7000000-0xe70fffff 64bit pref]
[    1.474559] kernel: pci 0000:00:17.3: PCI bridge to [bus 16]
[    1.474559] kernel: pci 0000:00:17.3:   bridge window [mem 0xfc600000-0xfc6fffff]
[    1.474559] kernel: pci 0000:00:17.3:   bridge window [mem 0xe6c00000-0xe6cfffff 64bit pref]
[    1.474559] kernel: pci 0000:00:17.4: PCI bridge to [bus 17]
[    1.478582] kernel: pci 0000:00:17.4:   bridge window [mem 0xfc200000-0xfc2fffff]
[    1.478612] kernel: pci 0000:00:17.4:   bridge window [mem 0xe6800000-0xe68fffff 64bit pref]
[    1.479034] kernel: pci 0000:00:17.5: PCI bridge to [bus 18]
[    1.479064] kernel: pci 0000:00:17.5:   bridge window [mem 0xfbe00000-0xfbefffff]
[    1.479094] kernel: pci 0000:00:17.5:   bridge window [mem 0xe6400000-0xe64fffff 64bit pref]
[    1.479489] kernel: pci 0000:00:17.6: PCI bridge to [bus 19]
[    1.479519] kernel: pci 0000:00:17.6:   bridge window [mem 0xfba00000-0xfbafffff]
[    1.479548] kernel: pci 0000:00:17.6:   bridge window [mem 0xe6000000-0xe60fffff 64bit pref]
[    1.480138] kernel: pci 0000:00:17.7: PCI bridge to [bus 1a]
[    1.480200] kernel: pci 0000:00:17.7:   bridge window [mem 0xfb600000-0xfb6fffff]
[    1.480247] kernel: pci 0000:00:17.7:   bridge window [mem 0xe5c00000-0xe5cfffff 64bit pref]
[    1.480692] kernel: pci 0000:00:18.0: PCI bridge to [bus 1b]
[    1.480709] kernel: pci 0000:00:18.0:   bridge window [io  0x7000-0x7fff]
[    1.480724] kernel: pci 0000:00:18.0:   bridge window [mem 0xfd100000-0xfd1fffff]
[    1.480777] kernel: pci 0000:00:18.0:   bridge window [mem 0xe7700000-0xe77fffff 64bit pref]
[    1.481201] kernel: pci 0000:00:18.1: PCI bridge to [bus 1c]
[    1.481218] kernel: pci 0000:00:18.1:   bridge window [io  0xb000-0xbfff]
[    1.481234] kernel: pci 0000:00:18.1:   bridge window [mem 0xfcd00000-0xfcdfffff]
[    1.481263] kernel: pci 0000:00:18.1:   bridge window [mem 0xe7300000-0xe73fffff 64bit pref]
[    1.481665] kernel: pci 0000:00:18.2: PCI bridge to [bus 1d]
[    1.481695] kernel: pci 0000:00:18.2:   bridge window [mem 0xfc900000-0xfc9fffff]
[    1.481725] kernel: pci 0000:00:18.2:   bridge window [mem 0xe6f00000-0xe6ffffff 64bit pref]
[    1.482145] kernel: pci 0000:00:18.3: PCI bridge to [bus 1e]
[    1.482175] kernel: pci 0000:00:18.3:   bridge window [mem 0xfc500000-0xfc5fffff]
[    1.482204] kernel: pci 0000:00:18.3:   bridge window [mem 0xe6b00000-0xe6bfffff 64bit pref]
[    1.482559] kernel: pci 0000:00:18.4: PCI bridge to [bus 1f]
[    1.482583] kernel: pci 0000:00:18.4:   bridge window [mem 0xfc100000-0xfc1fffff]
[    1.482613] kernel: pci 0000:00:18.4:   bridge window [mem 0xe6700000-0xe67fffff 64bit pref]
[    1.483015] kernel: pci 0000:00:18.5: PCI bridge to [bus 20]
[    1.483045] kernel: pci 0000:00:18.5:   bridge window [mem 0xfbd00000-0xfbdfffff]
[    1.483075] kernel: pci 0000:00:18.5:   bridge window [mem 0xe6300000-0xe63fffff 64bit pref]
[    1.483492] kernel: pci 0000:00:18.6: PCI bridge to [bus 21]
[    1.483522] kernel: pci 0000:00:18.6:   bridge window [mem 0xfb900000-0xfb9fffff]
[    1.483552] kernel: pci 0000:00:18.6:   bridge window [mem 0xe5f00000-0xe5ffffff 64bit pref]
[    1.483972] kernel: pci 0000:00:18.7: PCI bridge to [bus 22]
[    1.484003] kernel: pci 0000:00:18.7:   bridge window [mem 0xfb500000-0xfb5fffff]
[    1.484032] kernel: pci 0000:00:18.7:   bridge window [mem 0xe5b00000-0xe5bfffff 64bit pref]
[    1.486068] kernel: ACPI: PCI: Interrupt link LNKA configured for IRQ 9
[    1.486152] kernel: ACPI: PCI: Interrupt link LNKB configured for IRQ 11
[    1.486234] kernel: ACPI: PCI: Interrupt link LNKC configured for IRQ 10
[    1.486315] kernel: ACPI: PCI: Interrupt link LNKD configured for IRQ 7
[    1.522587] kernel: iommu: Default domain type: Translated 
[    1.522590] kernel: iommu: DMA domain TLB invalidation policy: lazy mode 
[    1.522696] kernel: SCSI subsystem initialized
[    1.522726] kernel: libata version 3.00 loaded.
[    1.522726] kernel: ACPI: bus type USB registered
[    1.522726] kernel: usbcore: registered new interface driver usbfs
[    1.522726] kernel: usbcore: registered new interface driver hub
[    1.522726] kernel: usbcore: registered new device driver usb
[    1.522734] kernel: pps_core: LinuxPPS API ver. 1 registered
[    1.522735] kernel: pps_core: Software ver. 5.3.6 - Copyright 2005-2007 Rodolfo Giometti <giometti@linux.it>
[    1.522736] kernel: PTP clock support registered
[    1.522771] kernel: EDAC MC: Ver: 3.0.0
[    1.523662] kernel: NetLabel: Initializing
[    1.523662] kernel: NetLabel:  domain hash size = 128
[    1.523662] kernel: NetLabel:  protocols = UNLABELED CIPSOv4 CALIPSO
[    1.523662] kernel: NetLabel:  unlabeled traffic allowed by default
[    1.526653] kernel: mctp: management component transport protocol core
[    1.526653] kernel: NET: Registered PF_MCTP protocol family
[    1.526653] kernel: PCI: Using ACPI for IRQ routing
[    1.543055] kernel: PCI: pci_cache_line_size set to 64 bytes
[    1.543763] kernel: e820: reserve RAM buffer [mem 0x0009e800-0x0009ffff]
[    1.543766] kernel: e820: reserve RAM buffer [mem 0xbfed0000-0xbfffffff]
[    1.546584] kernel: pci 0000:00:0f.0: vgaarb: setting as boot VGA device
[    1.546586] kernel: pci 0000:00:0f.0: vgaarb: bridge control possible
[    1.546587] kernel: pci 0000:00:0f.0: vgaarb: VGA device added: decodes=io+mem,owns=io+mem,locks=none
[    1.546596] kernel: vgaarb: loaded
[    1.547462] kernel: hpet0: at MMIO 0xfed00000, IRQs 2, 8, 0, 0, 0, 0, 0, 0, 0, 0, 0, 0, 0, 0, 0, 0
[    1.547471] kernel: hpet0: 16 comparators, 64-bit 14.318180 MHz counter
[    1.549603] kernel: clocksource: Switched to clocksource tsc-early
[    1.550587] kernel: VFS: Disk quotas dquot_6.6.0
[    1.550587] kernel: VFS: Dquot-cache hash table entries: 512 (order 0, 4096 bytes)
[    1.550587] kernel: AppArmor: AppArmor Filesystem Enabled
[    1.550587] kernel: pnp: PnP ACPI init
[    1.550587] kernel: system 00:00: [io  0x1000-0x103f] has been reserved
[    1.550587] kernel: system 00:00: [io  0x1040-0x104f] has been reserved
[    1.550587] kernel: system 00:00: [io  0x0cf0-0x0cf1] has been reserved
[    1.550587] kernel: system 00:04: [mem 0xfed00000-0xfed003ff] has been reserved
[    1.554756] kernel: pnp 00:06: [dma 2]
[    1.555094] kernel: system 00:07: [io  0xfce0-0xfcff] has been reserved
[    1.555097] kernel: system 00:07: [mem 0xf0000000-0xf7ffffff] has been reserved
[    1.555099] kernel: system 00:07: [mem 0xfe800000-0xfe9fffff] has been reserved
[    1.587959] kernel: pnp: PnP ACPI: found 8 devices
[    1.600731] kernel: clocksource: acpi_pm: mask: 0xffffff max_cycles: 0xffffff, max_idle_ns: 2085701024 ns
[    1.600972] kernel: NET: Registered PF_INET protocol family
[    1.607605] kernel: IP idents hash table entries: 262144 (order: 9, 2097152 bytes, linear)
[    1.611270] kernel: tcp_listen_portaddr_hash hash table entries: 8192 (order: 5, 131072 bytes, linear)
[    1.612164] kernel: Table-perturb hash table entries: 65536 (order: 6, 262144 bytes, linear)
[    1.619133] kernel: TCP established hash table entries: 131072 (order: 8, 1048576 bytes, linear)
[    1.623577] kernel: TCP bind hash table entries: 65536 (order: 8, 1048576 bytes, linear)
[    1.623622] kernel: TCP: Hash tables configured (established 131072 bind 65536)
[    1.626508] kernel: MPTCP token hash table entries: 16384 (order: 6, 393216 bytes, linear)
[    1.627352] kernel: UDP hash table entries: 8192 (order: 6, 262144 bytes, linear)
[    1.628153] kernel: UDP-Lite hash table entries: 8192 (order: 6, 262144 bytes, linear)
[    1.629075] kernel: NET: Registered PF_UNIX/PF_LOCAL protocol family
[    1.629081] kernel: NET: Registered PF_XDP protocol family
[    1.629095] kernel: pci 0000:00:15.3: bridge window [io  0x1000-0x0fff] to [bus 06] add_size 1000
[    1.629097] kernel: pci 0000:00:15.4: bridge window [io  0x1000-0x0fff] to [bus 07] add_size 1000
[    1.629099] kernel: pci 0000:00:15.5: bridge window [io  0x1000-0x0fff] to [bus 08] add_size 1000
[    1.629100] kernel: pci 0000:00:15.6: bridge window [io  0x1000-0x0fff] to [bus 09] add_size 1000
[    1.629101] kernel: pci 0000:00:15.7: bridge window [io  0x1000-0x0fff] to [bus 0a] add_size 1000
[    1.629103] kernel: pci 0000:00:16.3: bridge window [io  0x1000-0x0fff] to [bus 0e] add_size 1000
[    1.629104] kernel: pci 0000:00:16.4: bridge window [io  0x1000-0x0fff] to [bus 0f] add_size 1000
[    1.629106] kernel: pci 0000:00:16.5: bridge window [io  0x1000-0x0fff] to [bus 10] add_size 1000
[    1.629107] kernel: pci 0000:00:16.6: bridge window [io  0x1000-0x0fff] to [bus 11] add_size 1000
[    1.629108] kernel: pci 0000:00:16.7: bridge window [io  0x1000-0x0fff] to [bus 12] add_size 1000
[    1.629110] kernel: pci 0000:00:17.3: bridge window [io  0x1000-0x0fff] to [bus 16] add_size 1000
[    1.629111] kernel: pci 0000:00:17.4: bridge window [io  0x1000-0x0fff] to [bus 17] add_size 1000
[    1.629112] kernel: pci 0000:00:17.5: bridge window [io  0x1000-0x0fff] to [bus 18] add_size 1000
[    1.629113] kernel: pci 0000:00:17.6: bridge window [io  0x1000-0x0fff] to [bus 19] add_size 1000
[    1.629115] kernel: pci 0000:00:17.7: bridge window [io  0x1000-0x0fff] to [bus 1a] add_size 1000
[    1.629116] kernel: pci 0000:00:18.2: bridge window [io  0x1000-0x0fff] to [bus 1d] add_size 1000
[    1.629117] kernel: pci 0000:00:18.3: bridge window [io  0x1000-0x0fff] to [bus 1e] add_size 1000
[    1.629119] kernel: pci 0000:00:18.4: bridge window [io  0x1000-0x0fff] to [bus 1f] add_size 1000
[    1.629120] kernel: pci 0000:00:18.5: bridge window [io  0x1000-0x0fff] to [bus 20] add_size 1000
[    1.629121] kernel: pci 0000:00:18.6: bridge window [io  0x1000-0x0fff] to [bus 21] add_size 1000
[    1.629122] kernel: pci 0000:00:18.7: bridge window [io  0x1000-0x0fff] to [bus 22] add_size 1000
[    1.629132] kernel: pci 0000:00:10.0: BAR 6: assigned [mem 0xc0000000-0xc0003fff pref]
[    1.629136] kernel: pci 0000:00:15.3: BAR 13: no space for [io  size 0x1000]
[    1.629137] kernel: pci 0000:00:15.3: BAR 13: failed to assign [io  size 0x1000]
[    1.629139] kernel: pci 0000:00:15.4: BAR 13: no space for [io  size 0x1000]
[    1.629140] kernel: pci 0000:00:15.4: BAR 13: failed to assign [io  size 0x1000]
[    1.629141] kernel: pci 0000:00:15.5: BAR 13: no space for [io  size 0x1000]
[    1.629142] kernel: pci 0000:00:15.5: BAR 13: failed to assign [io  size 0x1000]
[    1.629144] kernel: pci 0000:00:15.6: BAR 13: no space for [io  size 0x1000]
[    1.629145] kernel: pci 0000:00:15.6: BAR 13: failed to assign [io  size 0x1000]
[    1.629146] kernel: pci 0000:00:15.7: BAR 13: no space for [io  size 0x1000]
[    1.629147] kernel: pci 0000:00:15.7: BAR 13: failed to assign [io  size 0x1000]
[    1.629148] kernel: pci 0000:00:16.3: BAR 13: no space for [io  size 0x1000]
[    1.629149] kernel: pci 0000:00:16.3: BAR 13: failed to assign [io  size 0x1000]
[    1.629151] kernel: pci 0000:00:16.4: BAR 13: no space for [io  size 0x1000]
[    1.629152] kernel: pci 0000:00:16.4: BAR 13: failed to assign [io  size 0x1000]
[    1.629154] kernel: pci 0000:00:16.5: BAR 13: no space for [io  size 0x1000]
[    1.629155] kernel: pci 0000:00:16.5: BAR 13: failed to assign [io  size 0x1000]
[    1.629156] kernel: pci 0000:00:16.6: BAR 13: no space for [io  size 0x1000]
[    1.629157] kernel: pci 0000:00:16.6: BAR 13: failed to assign [io  size 0x1000]
[    1.629158] kernel: pci 0000:00:16.7: BAR 13: no space for [io  size 0x1000]
[    1.629159] kernel: pci 0000:00:16.7: BAR 13: failed to assign [io  size 0x1000]
[    1.629161] kernel: pci 0000:00:17.3: BAR 13: no space for [io  size 0x1000]
[    1.629162] kernel: pci 0000:00:17.3: BAR 13: failed to assign [io  size 0x1000]
[    1.629163] kernel: pci 0000:00:17.4: BAR 13: no space for [io  size 0x1000]
[    1.629164] kernel: pci 0000:00:17.4: BAR 13: failed to assign [io  size 0x1000]
[    1.629165] kernel: pci 0000:00:17.5: BAR 13: no space for [io  size 0x1000]
[    1.629166] kernel: pci 0000:00:17.5: BAR 13: failed to assign [io  size 0x1000]
[    1.629168] kernel: pci 0000:00:17.6: BAR 13: no space for [io  size 0x1000]
[    1.629169] kernel: pci 0000:00:17.6: BAR 13: failed to assign [io  size 0x1000]
[    1.629170] kernel: pci 0000:00:17.7: BAR 13: no space for [io  size 0x1000]
[    1.629171] kernel: pci 0000:00:17.7: BAR 13: failed to assign [io  size 0x1000]
[    1.629172] kernel: pci 0000:00:18.2: BAR 13: no space for [io  size 0x1000]
[    1.629173] kernel: pci 0000:00:18.2: BAR 13: failed to assign [io  size 0x1000]
[    1.629175] kernel: pci 0000:00:18.3: BAR 13: no space for [io  size 0x1000]
[    1.629176] kernel: pci 0000:00:18.3: BAR 13: failed to assign [io  size 0x1000]
[    1.629177] kernel: pci 0000:00:18.4: BAR 13: no space for [io  size 0x1000]
[    1.629178] kernel: pci 0000:00:18.4: BAR 13: failed to assign [io  size 0x1000]
[    1.629179] kernel: pci 0000:00:18.5: BAR 13: no space for [io  size 0x1000]
[    1.629180] kernel: pci 0000:00:18.5: BAR 13: failed to assign [io  size 0x1000]
[    1.629182] kernel: pci 0000:00:18.6: BAR 13: no space for [io  size 0x1000]
[    1.629183] kernel: pci 0000:00:18.6: BAR 13: failed to assign [io  size 0x1000]
[    1.629184] kernel: pci 0000:00:18.7: BAR 13: no space for [io  size 0x1000]
[    1.629185] kernel: pci 0000:00:18.7: BAR 13: failed to assign [io  size 0x1000]
[    1.629188] kernel: pci 0000:00:18.7: BAR 13: no space for [io  size 0x1000]
[    1.629189] kernel: pci 0000:00:18.7: BAR 13: failed to assign [io  size 0x1000]
[    1.629191] kernel: pci 0000:00:18.6: BAR 13: no space for [io  size 0x1000]
[    1.629191] kernel: pci 0000:00:18.6: BAR 13: failed to assign [io  size 0x1000]
[    1.629193] kernel: pci 0000:00:18.5: BAR 13: no space for [io  size 0x1000]
[    1.629194] kernel: pci 0000:00:18.5: BAR 13: failed to assign [io  size 0x1000]
[    1.629195] kernel: pci 0000:00:18.4: BAR 13: no space for [io  size 0x1000]
[    1.629196] kernel: pci 0000:00:18.4: BAR 13: failed to assign [io  size 0x1000]
[    1.629198] kernel: pci 0000:00:18.3: BAR 13: no space for [io  size 0x1000]
[    1.629199] kernel: pci 0000:00:18.3: BAR 13: failed to assign [io  size 0x1000]
[    1.629200] kernel: pci 0000:00:18.2: BAR 13: no space for [io  size 0x1000]
[    1.629201] kernel: pci 0000:00:18.2: BAR 13: failed to assign [io  size 0x1000]
[    1.629202] kernel: pci 0000:00:17.7: BAR 13: no space for [io  size 0x1000]
[    1.629203] kernel: pci 0000:00:17.7: BAR 13: failed to assign [io  size 0x1000]
[    1.629205] kernel: pci 0000:00:17.6: BAR 13: no space for [io  size 0x1000]
[    1.629206] kernel: pci 0000:00:17.6: BAR 13: failed to assign [io  size 0x1000]
[    1.629207] kernel: pci 0000:00:17.5: BAR 13: no space for [io  size 0x1000]
[    1.629208] kernel: pci 0000:00:17.5: BAR 13: failed to assign [io  size 0x1000]
[    1.629209] kernel: pci 0000:00:17.4: BAR 13: no space for [io  size 0x1000]
[    1.629210] kernel: pci 0000:00:17.4: BAR 13: failed to assign [io  size 0x1000]
[    1.629212] kernel: pci 0000:00:17.3: BAR 13: no space for [io  size 0x1000]
[    1.629213] kernel: pci 0000:00:17.3: BAR 13: failed to assign [io  size 0x1000]
[    1.629214] kernel: pci 0000:00:16.7: BAR 13: no space for [io  size 0x1000]
[    1.629215] kernel: pci 0000:00:16.7: BAR 13: failed to assign [io  size 0x1000]
[    1.629216] kernel: pci 0000:00:16.6: BAR 13: no space for [io  size 0x1000]
[    1.629217] kernel: pci 0000:00:16.6: BAR 13: failed to assign [io  size 0x1000]
[    1.629219] kernel: pci 0000:00:16.5: BAR 13: no space for [io  size 0x1000]
[    1.629220] kernel: pci 0000:00:16.5: BAR 13: failed to assign [io  size 0x1000]
[    1.629221] kernel: pci 0000:00:16.4: BAR 13: no space for [io  size 0x1000]
[    1.629222] kernel: pci 0000:00:16.4: BAR 13: failed to assign [io  size 0x1000]
[    1.629224] kernel: pci 0000:00:16.3: BAR 13: no space for [io  size 0x1000]
[    1.629224] kernel: pci 0000:00:16.3: BAR 13: failed to assign [io  size 0x1000]
[    1.629226] kernel: pci 0000:00:15.7: BAR 13: no space for [io  size 0x1000]
[    1.629227] kernel: pci 0000:00:15.7: BAR 13: failed to assign [io  size 0x1000]
[    1.629228] kernel: pci 0000:00:15.6: BAR 13: no space for [io  size 0x1000]
[    1.629229] kernel: pci 0000:00:15.6: BAR 13: failed to assign [io  size 0x1000]
[    1.629231] kernel: pci 0000:00:15.5: BAR 13: no space for [io  size 0x1000]
[    1.629231] kernel: pci 0000:00:15.5: BAR 13: failed to assign [io  size 0x1000]
[    1.629233] kernel: pci 0000:00:15.4: BAR 13: no space for [io  size 0x1000]
[    1.629234] kernel: pci 0000:00:15.4: BAR 13: failed to assign [io  size 0x1000]
[    1.629235] kernel: pci 0000:00:15.3: BAR 13: no space for [io  size 0x1000]
[    1.629236] kernel: pci 0000:00:15.3: BAR 13: failed to assign [io  size 0x1000]
[    1.629238] kernel: pci 0000:00:01.0: PCI bridge to [bus 01]
[    1.629311] kernel: pci 0000:02:01.0: BAR 6: assigned [mem 0xfd500000-0xfd50ffff pref]
[    1.629313] kernel: pci 0000:02:04.0: BAR 6: assigned [mem 0xfd510000-0xfd51ffff pref]
[    1.629315] kernel: pci 0000:00:11.0: PCI bridge to [bus 02]
[    1.629324] kernel: pci 0000:00:11.0:   bridge window [io  0x2000-0x3fff]
[    1.629347] kernel: pci 0000:00:11.0:   bridge window [mem 0xfd500000-0xfdffffff]
[    1.629363] kernel: pci 0000:00:11.0:   bridge window [mem 0xe7b00000-0xe7ffffff 64bit pref]
[    1.629392] kernel: pci 0000:00:15.0: PCI bridge to [bus 03]
[    1.629401] kernel: pci 0000:00:15.0:   bridge window [io  0x4000-0x4fff]
[    1.629423] kernel: pci 0000:00:15.0:   bridge window [mem 0xfd400000-0xfd4fffff]
[    1.629439] kernel: pci 0000:00:15.0:   bridge window [mem 0xe7a00000-0xe7afffff 64bit pref]
[    1.629495] kernel: pci 0000:00:15.1: PCI bridge to [bus 04]
[    1.629505] kernel: pci 0000:00:15.1:   bridge window [io  0x8000-0x8fff]
[    1.629534] kernel: pci 0000:00:15.1:   bridge window [mem 0xfd000000-0xfd0fffff]
[    1.629550] kernel: pci 0000:00:15.1:   bridge window [mem 0xe7600000-0xe76fffff 64bit pref]
[    1.629589] kernel: pci 0000:00:15.2: PCI bridge to [bus 05]
[    1.629598] kernel: pci 0000:00:15.2:   bridge window [io  0xc000-0xcfff]
[    1.629620] kernel: pci 0000:00:15.2:   bridge window [mem 0xfcc00000-0xfccfffff]
[    1.629636] kernel: pci 0000:00:15.2:   bridge window [mem 0xe7200000-0xe72fffff 64bit pref]
[    1.629673] kernel: pci 0000:00:15.3: PCI bridge to [bus 06]
[    1.629697] kernel: pci 0000:00:15.3:   bridge window [mem 0xfc800000-0xfc8fffff]
[    1.629712] kernel: pci 0000:00:15.3:   bridge window [mem 0xe6e00000-0xe6efffff 64bit pref]
[    1.629749] kernel: pci 0000:00:15.4: PCI bridge to [bus 07]
[    1.629773] kernel: pci 0000:00:15.4:   bridge window [mem 0xfc400000-0xfc4fffff]
[    1.629788] kernel: pci 0000:00:15.4:   bridge window [mem 0xe6a00000-0xe6afffff 64bit pref]
[    1.629825] kernel: pci 0000:00:15.5: PCI bridge to [bus 08]
[    1.629848] kernel: pci 0000:00:15.5:   bridge window [mem 0xfc000000-0xfc0fffff]
[    1.629863] kernel: pci 0000:00:15.5:   bridge window [mem 0xe6600000-0xe66fffff 64bit pref]
[    1.629901] kernel: pci 0000:00:15.6: PCI bridge to [bus 09]
[    1.629924] kernel: pci 0000:00:15.6:   bridge window [mem 0xfbc00000-0xfbcfffff]
[    1.629939] kernel: pci 0000:00:15.6:   bridge window [mem 0xe6200000-0xe62fffff 64bit pref]
[    1.629976] kernel: pci 0000:00:15.7: PCI bridge to [bus 0a]
[    1.629999] kernel: pci 0000:00:15.7:   bridge window [mem 0xfb800000-0xfb8fffff]
[    1.630014] kernel: pci 0000:00:15.7:   bridge window [mem 0xe5e00000-0xe5efffff 64bit pref]
[    1.630051] kernel: pci 0000:00:16.0: PCI bridge to [bus 0b]
[    1.630060] kernel: pci 0000:00:16.0:   bridge window [io  0x5000-0x5fff]
[    1.630083] kernel: pci 0000:00:16.0:   bridge window [mem 0xfd300000-0xfd3fffff]
[    1.630098] kernel: pci 0000:00:16.0:   bridge window [mem 0xe7900000-0xe79fffff 64bit pref]
[    1.630135] kernel: pci 0000:00:16.1: PCI bridge to [bus 0c]
[    1.630144] kernel: pci 0000:00:16.1:   bridge window [io  0x9000-0x9fff]
[    1.630167] kernel: pci 0000:00:16.1:   bridge window [mem 0xfcf00000-0xfcffffff]
[    1.630182] kernel: pci 0000:00:16.1:   bridge window [mem 0xe7500000-0xe75fffff 64bit pref]
[    1.630276] kernel: pci 0000:00:16.2: PCI bridge to [bus 0d]
[    1.630287] kernel: pci 0000:00:16.2:   bridge window [io  0xd000-0xdfff]
[    1.630309] kernel: pci 0000:00:16.2:   bridge window [mem 0xfcb00000-0xfcbfffff]
[    1.630324] kernel: pci 0000:00:16.2:   bridge window [mem 0xe7100000-0xe71fffff 64bit pref]
[    1.630363] kernel: pci 0000:00:16.3: PCI bridge to [bus 0e]
[    1.630386] kernel: pci 0000:00:16.3:   bridge window [mem 0xfc700000-0xfc7fffff]
[    1.630401] kernel: pci 0000:00:16.3:   bridge window [mem 0xe6d00000-0xe6dfffff 64bit pref]
[    1.630439] kernel: pci 0000:00:16.4: PCI bridge to [bus 0f]
[    1.630462] kernel: pci 0000:00:16.4:   bridge window [mem 0xfc300000-0xfc3fffff]
[    1.630477] kernel: pci 0000:00:16.4:   bridge window [mem 0xe6900000-0xe69fffff 64bit pref]
[    1.630518] kernel: pci 0000:00:16.5: PCI bridge to [bus 10]
[    1.630542] kernel: pci 0000:00:16.5:   bridge window [mem 0xfbf00000-0xfbffffff]
[    1.630557] kernel: pci 0000:00:16.5:   bridge window [mem 0xe6500000-0xe65fffff 64bit pref]
[    1.630603] kernel: pci 0000:00:16.6: PCI bridge to [bus 11]
[    1.630626] kernel: pci 0000:00:16.6:   bridge window [mem 0xfbb00000-0xfbbfffff]
[    1.630641] kernel: pci 0000:00:16.6:   bridge window [mem 0xe6100000-0xe61fffff 64bit pref]
[    1.630679] kernel: pci 0000:00:16.7: PCI bridge to [bus 12]
[    1.630702] kernel: pci 0000:00:16.7:   bridge window [mem 0xfb700000-0xfb7fffff]
[    1.630717] kernel: pci 0000:00:16.7:   bridge window [mem 0xe5d00000-0xe5dfffff 64bit pref]
[    1.630755] kernel: pci 0000:00:17.0: PCI bridge to [bus 13]
[    1.630764] kernel: pci 0000:00:17.0:   bridge window [io  0x6000-0x6fff]
[    1.630786] kernel: pci 0000:00:17.0:   bridge window [mem 0xfd200000-0xfd2fffff]
[    1.630801] kernel: pci 0000:00:17.0:   bridge window [mem 0xe7800000-0xe78fffff 64bit pref]
[    1.630838] kernel: pci 0000:00:17.1: PCI bridge to [bus 14]
[    1.630848] kernel: pci 0000:00:17.1:   bridge window [io  0xa000-0xafff]
[    1.630870] kernel: pci 0000:00:17.1:   bridge window [mem 0xfce00000-0xfcefffff]
[    1.630885] kernel: pci 0000:00:17.1:   bridge window [mem 0xe7400000-0xe74fffff 64bit pref]
[    1.630923] kernel: pci 0000:00:17.2: PCI bridge to [bus 15]
[    1.630932] kernel: pci 0000:00:17.2:   bridge window [io  0xe000-0xefff]
[    1.630954] kernel: pci 0000:00:17.2:   bridge window [mem 0xfca00000-0xfcafffff]
[    1.630969] kernel: pci 0000:00:17.2:   bridge window [mem 0xe7000000-0xe70fffff 64bit pref]
[    1.631006] kernel: pci 0000:00:17.3: PCI bridge to [bus 16]
[    1.631029] kernel: pci 0000:00:17.3:   bridge window [mem 0xfc600000-0xfc6fffff]
[    1.631045] kernel: pci 0000:00:17.3:   bridge window [mem 0xe6c00000-0xe6cfffff 64bit pref]
[    1.631082] kernel: pci 0000:00:17.4: PCI bridge to [bus 17]
[    1.631105] kernel: pci 0000:00:17.4:   bridge window [mem 0xfc200000-0xfc2fffff]
[    1.631120] kernel: pci 0000:00:17.4:   bridge window [mem 0xe6800000-0xe68fffff 64bit pref]
[    1.631158] kernel: pci 0000:00:17.5: PCI bridge to [bus 18]
[    1.631181] kernel: pci 0000:00:17.5:   bridge window [mem 0xfbe00000-0xfbefffff]
[    1.631196] kernel: pci 0000:00:17.5:   bridge window [mem 0xe6400000-0xe64fffff 64bit pref]
[    1.631234] kernel: pci 0000:00:17.6: PCI bridge to [bus 19]
[    1.631257] kernel: pci 0000:00:17.6:   bridge window [mem 0xfba00000-0xfbafffff]
[    1.631272] kernel: pci 0000:00:17.6:   bridge window [mem 0xe6000000-0xe60fffff 64bit pref]
[    1.631309] kernel: pci 0000:00:17.7: PCI bridge to [bus 1a]
[    1.631332] kernel: pci 0000:00:17.7:   bridge window [mem 0xfb600000-0xfb6fffff]
[    1.631347] kernel: pci 0000:00:17.7:   bridge window [mem 0xe5c00000-0xe5cfffff 64bit pref]
[    1.631384] kernel: pci 0000:00:18.0: PCI bridge to [bus 1b]
[    1.631394] kernel: pci 0000:00:18.0:   bridge window [io  0x7000-0x7fff]
[    1.631416] kernel: pci 0000:00:18.0:   bridge window [mem 0xfd100000-0xfd1fffff]
[    1.631431] kernel: pci 0000:00:18.0:   bridge window [mem 0xe7700000-0xe77fffff 64bit pref]
[    1.631468] kernel: pci 0000:00:18.1: PCI bridge to [bus 1c]
[    1.631477] kernel: pci 0000:00:18.1:   bridge window [io  0xb000-0xbfff]
[    1.631500] kernel: pci 0000:00:18.1:   bridge window [mem 0xfcd00000-0xfcdfffff]
[    1.631523] kernel: pci 0000:00:18.1:   bridge window [mem 0xe7300000-0xe73fffff 64bit pref]
[    1.631561] kernel: pci 0000:00:18.2: PCI bridge to [bus 1d]
[    1.631584] kernel: pci 0000:00:18.2:   bridge window [mem 0xfc900000-0xfc9fffff]
[    1.631599] kernel: pci 0000:00:18.2:   bridge window [mem 0xe6f00000-0xe6ffffff 64bit pref]
[    1.631637] kernel: pci 0000:00:18.3: PCI bridge to [bus 1e]
[    1.631660] kernel: pci 0000:00:18.3:   bridge window [mem 0xfc500000-0xfc5fffff]
[    1.631675] kernel: pci 0000:00:18.3:   bridge window [mem 0xe6b00000-0xe6bfffff 64bit pref]
[    1.631712] kernel: pci 0000:00:18.4: PCI bridge to [bus 1f]
[    1.631735] kernel: pci 0000:00:18.4:   bridge window [mem 0xfc100000-0xfc1fffff]
[    1.631751] kernel: pci 0000:00:18.4:   bridge window [mem 0xe6700000-0xe67fffff 64bit pref]
[    1.631788] kernel: pci 0000:00:18.5: PCI bridge to [bus 20]
[    1.631811] kernel: pci 0000:00:18.5:   bridge window [mem 0xfbd00000-0xfbdfffff]
[    1.631826] kernel: pci 0000:00:18.5:   bridge window [mem 0xe6300000-0xe63fffff 64bit pref]
[    1.631863] kernel: pci 0000:00:18.6: PCI bridge to [bus 21]
[    1.631886] kernel: pci 0000:00:18.6:   bridge window [mem 0xfb900000-0xfb9fffff]
[    1.631902] kernel: pci 0000:00:18.6:   bridge window [mem 0xe5f00000-0xe5ffffff 64bit pref]
[    1.631939] kernel: pci 0000:00:18.7: PCI bridge to [bus 22]
[    1.631962] kernel: pci 0000:00:18.7:   bridge window [mem 0xfb500000-0xfb5fffff]
[    1.631977] kernel: pci 0000:00:18.7:   bridge window [mem 0xe5b00000-0xe5bfffff 64bit pref]
[    1.632015] kernel: pci_bus 0000:00: resource 4 [mem 0x000a0000-0x000bffff window]
[    1.632017] kernel: pci_bus 0000:00: resource 5 [mem 0x000d0000-0x000dbfff window]
[    1.632018] kernel: pci_bus 0000:00: resource 6 [mem 0xc0000000-0xfebfffff window]
[    1.632019] kernel: pci_bus 0000:00: resource 7 [io  0x0000-0x0cf7 window]
[    1.632020] kernel: pci_bus 0000:00: resource 8 [io  0x0d00-0xfeff window]
[    1.632021] kernel: pci_bus 0000:02: resource 0 [io  0x2000-0x3fff]
[    1.632022] kernel: pci_bus 0000:02: resource 1 [mem 0xfd500000-0xfdffffff]
[    1.632023] kernel: pci_bus 0000:02: resource 2 [mem 0xe7b00000-0xe7ffffff 64bit pref]
[    1.632024] kernel: pci_bus 0000:02: resource 4 [mem 0x000a0000-0x000bffff window]
[    1.632025] kernel: pci_bus 0000:02: resource 5 [mem 0x000d0000-0x000dbfff window]
[    1.632026] kernel: pci_bus 0000:02: resource 6 [mem 0xc0000000-0xfebfffff window]
[    1.632027] kernel: pci_bus 0000:02: resource 7 [io  0x0000-0x0cf7 window]
[    1.632028] kernel: pci_bus 0000:02: resource 8 [io  0x0d00-0xfeff window]
[    1.632029] kernel: pci_bus 0000:03: resource 0 [io  0x4000-0x4fff]
[    1.632030] kernel: pci_bus 0000:03: resource 1 [mem 0xfd400000-0xfd4fffff]
[    1.632031] kernel: pci_bus 0000:03: resource 2 [mem 0xe7a00000-0xe7afffff 64bit pref]
[    1.632032] kernel: pci_bus 0000:04: resource 0 [io  0x8000-0x8fff]
[    1.632033] kernel: pci_bus 0000:04: resource 1 [mem 0xfd000000-0xfd0fffff]
[    1.632034] kernel: pci_bus 0000:04: resource 2 [mem 0xe7600000-0xe76fffff 64bit pref]
[    1.632035] kernel: pci_bus 0000:05: resource 0 [io  0xc000-0xcfff]
[    1.632036] kernel: pci_bus 0000:05: resource 1 [mem 0xfcc00000-0xfccfffff]
[    1.632037] kernel: pci_bus 0000:05: resource 2 [mem 0xe7200000-0xe72fffff 64bit pref]
[    1.632038] kernel: pci_bus 0000:06: resource 1 [mem 0xfc800000-0xfc8fffff]
[    1.632039] kernel: pci_bus 0000:06: resource 2 [mem 0xe6e00000-0xe6efffff 64bit pref]
[    1.632040] kernel: pci_bus 0000:07: resource 1 [mem 0xfc400000-0xfc4fffff]
[    1.632041] kernel: pci_bus 0000:07: resource 2 [mem 0xe6a00000-0xe6afffff 64bit pref]
[    1.632042] kernel: pci_bus 0000:08: resource 1 [mem 0xfc000000-0xfc0fffff]
[    1.632043] kernel: pci_bus 0000:08: resource 2 [mem 0xe6600000-0xe66fffff 64bit pref]
