[    0.000000] kernel: Linux version 5.19.0-38-generic (buildd@lcy02-amd64-001) (x86_64-linux-gnu-gcc (Ubuntu 11.3.0-1ubuntu1~22.04) 11.3.0, GNU ld (GNU Binutils for Ubuntu) 2.38) #39~22.04.1-Ubuntu SMP PREEMPT_DYNAMIC Fri Mar 17 21:16:15 UTC 2 (Ubuntu 5.19.0-38.39~22.04.1-generic 5.19.17)
[    0.000000] kernel: Command line: BOOT_IMAGE=/boot/vmlinuz-5.19.0-38-generic root=UUID=8de9989f-a6e4-4c92-a044-2c6d1909bf50 ro find_preseed=/preseed.cfg auto noprompt priority=critical locale=en_US quiet splash
[    0.000000] kernel: KERNEL supported cpus:
[    0.000000] kernel:   Intel GenuineIntel
[    0.000000] kernel:   AMD AuthenticAMD
[    0.000000] kernel:   Hygon HygonGenuine
[    0.000000] kernel:   Centaur CentaurHauls
[    0.000000] kernel:   zhaoxin   Shanghai  
[    0.000000] kernel: Disabled fast string operations
[    0.000000] kernel: x86/fpu: Supporting XSAVE feature 0x001: 'x87 floating point registers'
[    0.000000] kernel: x86/fpu: Supporting XSAVE feature 0x002: 'SSE registers'
[    0.000000] kernel: x86/fpu: Supporting XSAVE feature 0x004: 'AVX registers'
[    0.000000] kernel: x86/fpu: xstate_offset[2]:  576, xstate_sizes[2]:  256
[    0.000000] kernel: x86/fpu: Enabled xstate features 0x7, context size is 832 bytes, using 'compacted' format.
[    0.000000] kernel: signal: max sigframe size: 1776
[    0.000000] kernel: BIOS-provided physical RAM map:
[    0.000000] kernel: BIOS-e820: [mem 0x0000000000000000-0x000000000009e7ff] usable
[    0.000000] kernel: BIOS-e820: [mem 0x000000000009e800-0x000000000009ffff] reserved
[    0.000000] kernel: BIOS-e820: [mem 0x00000000000dc000-0x00000000000fffff] reserved
[    0.000000] kernel: BIOS-e820: [mem 0x0000000000100000-0x00000000bfecffff] usable
[    0.000000] kernel: BIOS-e820: [mem 0x00000000bfed0000-0x00000000bfefefff] ACPI data
[    0.000000] kernel: BIOS-e820: [mem 0x00000000bfeff000-0x00000000bfefffff] ACPI NVS
[    0.000000] kernel: BIOS-e820: [mem 0x00000000bff00000-0x00000000bfffffff] usable
[    0.000000] kernel: BIOS-e820: [mem 0x00000000f0000000-0x00000000f7ffffff] reserved
[    0.000000] kernel: BIOS-e820: [mem 0x00000000fec00000-0x00000000fec0ffff] reserved
[    0.000000] kernel: BIOS-e820: [mem 0x00000000fee00000-0x00000000fee00fff] reserved
[    0.000000] kernel: BIOS-e820: [mem 0x00000000fffe0000-0x00000000ffffffff] reserved
[    0.000000] kernel: BIOS-e820: [mem 0x0000000100000000-0x000000043fffffff] usable
[    0.000000] kernel: NX (Execute Disable) protection: active
[    0.000000] kernel: SMBIOS 2.7 present.
[    0.000000] kernel: DMI: VMware, Inc. VMware Virtual Platform/440BX Desktop Reference Platform, BIOS 6.00 11/12/2020
[    0.000000] kernel: vmware: hypercall mode: 0x02
[    0.000000] kernel: Hypervisor detected: VMware
[    0.000000] kernel: vmware: TSC freq read from hypervisor : 3600.003 MHz
[    0.000000] kernel: vmware: Host bus clock speed read from hypervisor : 66000000 Hz
[    0.000000] kernel: vmware: using clock offset of 3940573246 ns
[    0.000013] kernel: tsc: Detected 3600.003 MHz processor
[    0.001288] kernel: e820: update [mem 0x00000000-0x00000fff] usable ==> reserved
[    0.001290] kernel: e820: remove [mem 0x000a0000-0x000fffff] usable
[    0.001295] kernel: last_pfn = 0x440000 max_arch_pfn = 0x400000000
[    0.001316] kernel: x86/PAT: Configuration [0-7]: WB  WC  UC- UC  WB  WP  UC- WT  
[    0.001325] kernel: total RAM covered: 523264M
[    0.001386] kernel:  gran_size: 64K         chunk_size: 64K         num_reg: 8          lose cover RAM: 256G
[    0.001388] kernel:  gran_size: 64K         chunk_size: 128K         num_reg: 8          lose cover RAM: 256G
[    0.001389] kernel:  gran_size: 64K         chunk_size: 256K         num_reg: 8          lose cover RAM: 256G
[    0.001390] kernel:  gran_size: 64K         chunk_size: 512K         num_reg: 8          lose cover RAM: 256G
[    0.001391] kernel:  gran_size: 64K         chunk_size: 1M         num_reg: 8          lose cover RAM: 256G
[    0.001391] kernel:  gran_size: 64K         chunk_size: 2M         num_reg: 8          lose cover RAM: 256G
[    0.001392] kernel:  gran_size: 64K         chunk_size: 4M         num_reg: 8          lose cover RAM: 256G
[    0.001393] kernel:  gran_size: 64K         chunk_size: 8M         num_reg: 8          lose cover RAM: 256G
[    0.001394] kernel:  gran_size: 64K         chunk_size: 16M         num_reg: 8          lose cover RAM: 256G
[    0.001395] kernel:  gran_size: 64K         chunk_size: 32M         num_reg: 8          lose cover RAM: 256G
[    0.001395] kernel:  gran_size: 64K         chunk_size: 64M         num_reg: 8          lose cover RAM: 256G
[    0.001396] kernel:  gran_size: 64K         chunk_size: 128M         num_reg: 8          lose cover RAM: 256G
[    0.001397] kernel:  gran_size: 64K         chunk_size: 256M         num_reg: 8          lose cover RAM: 256G
[    0.001398] kernel:  gran_size: 64K         chunk_size: 512M         num_reg: 8          lose cover RAM: 256G
[    0.001399] kernel:  gran_size: 64K         chunk_size: 1G         num_reg: 8          lose cover RAM: 256G
[    0.001400] kernel:  gran_size: 64K         chunk_size: 2G         num_reg: 8          lose cover RAM: 256G
[    0.001400] kernel:  gran_size: 128K         chunk_size: 128K         num_reg: 8          lose cover RAM: 256G
[    0.001401] kernel:  gran_size: 128K         chunk_size: 256K         num_reg: 8          lose cover RAM: 256G
[    0.001402] kernel:  gran_size: 128K         chunk_size: 512K         num_reg: 8          lose cover RAM: 256G
[    0.001403] kernel:  gran_size: 128K         chunk_size: 1M         num_reg: 8          lose cover RAM: 256G
[    0.001404] kernel:  gran_size: 128K         chunk_size: 2M         num_reg: 8          lose cover RAM: 256G
[    0.001405] kernel:  gran_size: 128K         chunk_size: 4M         num_reg: 8          lose cover RAM: 256G
[    0.001406] kernel:  gran_size: 128K         chunk_size: 8M         num_reg: 8          lose cover RAM: 256G
[    0.001406] kernel:  gran_size: 128K         chunk_size: 16M         num_reg: 8          lose cover RAM: 256G
[    0.001407] kernel:  gran_size: 128K         chunk_size: 32M         num_reg: 8          lose cover RAM: 256G
[    0.001408] kernel:  gran_size: 128K         chunk_size: 64M         num_reg: 8          lose cover RAM: 256G
[    0.001409] kernel:  gran_size: 128K         chunk_size: 128M         num_reg: 8          lose cover RAM: 256G
[    0.001410] kernel:  gran_size: 128K         chunk_size: 256M         num_reg: 8          lose cover RAM: 256G
[    0.001411] kernel:  gran_size: 128K         chunk_size: 512M         num_reg: 8          lose cover RAM: 256G
[    0.001411] kernel:  gran_size: 128K         chunk_size: 1G         num_reg: 8          lose cover RAM: 256G
[    0.001412] kernel:  gran_size: 128K         chunk_size: 2G         num_reg: 8          lose cover RAM: 256G
[    0.001413] kernel:  gran_size: 256K         chunk_size: 256K         num_reg: 8          lose cover RAM: 256G
[    0.001414] kernel:  gran_size: 256K         chunk_size: 512K         num_reg: 8          lose cover RAM: 256G
[    0.001415] kernel:  gran_size: 256K         chunk_size: 1M         num_reg: 8          lose cover RAM: 256G
[    0.001415] kernel:  gran_size: 256K         chunk_size: 2M         num_reg: 8          lose cover RAM: 256G
[    0.001416] kernel:  gran_size: 256K         chunk_size: 4M         num_reg: 8          lose cover RAM: 256G
[    0.001417] kernel:  gran_size: 256K         chunk_size: 8M         num_reg: 8          lose cover RAM: 256G
[    0.001418] kernel:  gran_size: 256K         chunk_size: 16M         num_reg: 8          lose cover RAM: 256G
[    0.001419] kernel:  gran_size: 256K         chunk_size: 32M         num_reg: 8          lose cover RAM: 256G
[    0.001420] kernel:  gran_size: 256K         chunk_size: 64M         num_reg: 8          lose cover RAM: 256G
[    0.001420] kernel:  gran_size: 256K         chunk_size: 128M         num_reg: 8          lose cover RAM: 256G
[    0.001421] kernel:  gran_size: 256K         chunk_size: 256M         num_reg: 8          lose cover RAM: 256G
[    0.001422] kernel:  gran_size: 256K         chunk_size: 512M         num_reg: 8          lose cover RAM: 256G
[    0.001423] kernel:  gran_size: 256K         chunk_size: 1G         num_reg: 8          lose cover RAM: 256G
[    0.001424] kernel:  gran_size: 256K         chunk_size: 2G         num_reg: 8          lose cover RAM: 256G
[    0.001425] kernel:  gran_size: 512K         chunk_size: 512K         num_reg: 8          lose cover RAM: 256G
[    0.001425] kernel:  gran_size: 512K         chunk_size: 1M         num_reg: 8          lose cover RAM: 256G
[    0.001426] kernel:  gran_size: 512K         chunk_size: 2M         num_reg: 8          lose cover RAM: 256G
[    0.001427] kernel:  gran_size: 512K         chunk_size: 4M         num_reg: 8          lose cover RAM: 256G
[    0.001428] kernel:  gran_size: 512K         chunk_size: 8M         num_reg: 8          lose cover RAM: 256G
[    0.001429] kernel:  gran_size: 512K         chunk_size: 16M         num_reg: 8          lose cover RAM: 256G
[    0.001429] kernel:  gran_size: 512K         chunk_size: 32M         num_reg: 8          lose cover RAM: 256G
[    0.001430] kernel:  gran_size: 512K         chunk_size: 64M         num_reg: 8          lose cover RAM: 256G
[    0.001431] kernel:  gran_size: 512K         chunk_size: 128M         num_reg: 8          lose cover RAM: 256G
[    0.001432] kernel:  gran_size: 512K         chunk_size: 256M         num_reg: 8          lose cover RAM: 256G
[    0.001433] kernel:  gran_size: 512K         chunk_size: 512M         num_reg: 8          lose cover RAM: 256G
[    0.001434] kernel:  gran_size: 512K         chunk_size: 1G         num_reg: 8          lose cover RAM: 256G
[    0.001434] kernel:  gran_size: 512K         chunk_size: 2G         num_reg: 8          lose cover RAM: 256G
[    0.001435] kernel:  gran_size: 1M         chunk_size: 1M         num_reg: 8          lose cover RAM: 256G
[    0.001436] kernel:  gran_size: 1M         chunk_size: 2M         num_reg: 8          lose cover RAM: 256G
[    0.001437] kernel:  gran_size: 1M         chunk_size: 4M         num_reg: 8          lose cover RAM: 256G
[    0.001438] kernel:  gran_size: 1M         chunk_size: 8M         num_reg: 8          lose cover RAM: 256G
[    0.001439] kernel:  gran_size: 1M         chunk_size: 16M         num_reg: 8          lose cover RAM: 256G
[    0.001439] kernel:  gran_size: 1M         chunk_size: 32M         num_reg: 8          lose cover RAM: 256G
[    0.001440] kernel:  gran_size: 1M         chunk_size: 64M         num_reg: 8          lose cover RAM: 256G
[    0.001441] kernel:  gran_size: 1M         chunk_size: 128M         num_reg: 8          lose cover RAM: 256G
[    0.001442] kernel:  gran_size: 1M         chunk_size: 256M         num_reg: 8          lose cover RAM: 256G
[    0.001443] kernel:  gran_size: 1M         chunk_size: 512M         num_reg: 8          lose cover RAM: 256G
[    0.001443] kernel:  gran_size: 1M         chunk_size: 1G         num_reg: 8          lose cover RAM: 256G
[    0.001444] kernel:  gran_size: 1M         chunk_size: 2G         num_reg: 8          lose cover RAM: 256G
[    0.001445] kernel:  gran_size: 2M         chunk_size: 2M         num_reg: 8          lose cover RAM: 256G
[    0.001446] kernel:  gran_size: 2M         chunk_size: 4M         num_reg: 8          lose cover RAM: 256G
[    0.001447] kernel:  gran_size: 2M         chunk_size: 8M         num_reg: 8          lose cover RAM: 256G
[    0.001447] kernel:  gran_size: 2M         chunk_size: 16M         num_reg: 8          lose cover RAM: 256G
[    0.001448] kernel:  gran_size: 2M         chunk_size: 32M         num_reg: 8          lose cover RAM: 256G
[    0.001449] kernel:  gran_size: 2M         chunk_size: 64M         num_reg: 8          lose cover RAM: 256G
[    0.001450] kernel:  gran_size: 2M         chunk_size: 128M         num_reg: 8          lose cover RAM: 256G
[    0.001451] kernel:  gran_size: 2M         chunk_size: 256M         num_reg: 8          lose cover RAM: 256G
[    0.001451] kernel:  gran_size: 2M         chunk_size: 512M         num_reg: 8          lose cover RAM: 256G
[    0.001452] kernel:  gran_size: 2M         chunk_size: 1G         num_reg: 8          lose cover RAM: 256G
[    0.001453] kernel:  gran_size: 2M         chunk_size: 2G         num_reg: 8          lose cover RAM: 256G
[    0.001454] kernel:  gran_size: 4M         chunk_size: 4M         num_reg: 8          lose cover RAM: 256G
[    0.001455] kernel:  gran_size: 4M         chunk_size: 8M         num_reg: 8          lose cover RAM: 256G
[    0.001455] kernel:  gran_size: 4M         chunk_size: 16M         num_reg: 8          lose cover RAM: 256G
[    0.001456] kernel:  gran_size: 4M         chunk_size: 32M         num_reg: 8          lose cover RAM: 256G
[    0.001457] kernel:  gran_size: 4M         chunk_size: 64M         num_reg: 8          lose cover RAM: 256G
[    0.001458] kernel:  gran_size: 4M         chunk_size: 128M         num_reg: 8          lose cover RAM: 256G
[    0.001459] kernel:  gran_size: 4M         chunk_size: 256M         num_reg: 8          lose cover RAM: 256G
[    0.001459] kernel:  gran_size: 4M         chunk_size: 512M         num_reg: 8          lose cover RAM: 256G
[    0.001460] kernel:  gran_size: 4M         chunk_size: 1G         num_reg: 8          lose cover RAM: 256G
[    0.001461] kernel:  gran_size: 4M         chunk_size: 2G         num_reg: 8          lose cover RAM: 256G
[    0.001462] kernel:  gran_size: 8M         chunk_size: 8M         num_reg: 8          lose cover RAM: 256G
[    0.001463] kernel:  gran_size: 8M         chunk_size: 16M         num_reg: 8          lose cover RAM: 256G
[    0.001463] kernel:  gran_size: 8M         chunk_size: 32M         num_reg: 8          lose cover RAM: 256G
[    0.001464] kernel:  gran_size: 8M         chunk_size: 64M         num_reg: 8          lose cover RAM: 256G
[    0.001465] kernel:  gran_size: 8M         chunk_size: 128M         num_reg: 8          lose cover RAM: 256G
[    0.001466] kernel:  gran_size: 8M         chunk_size: 256M         num_reg: 8          lose cover RAM: 256G
[    0.001467] kernel:  gran_size: 8M         chunk_size: 512M         num_reg: 8          lose cover RAM: 256G
[    0.001468] kernel:  gran_size: 8M         chunk_size: 1G         num_reg: 8          lose cover RAM: 256G
[    0.001468] kernel:  gran_size: 8M         chunk_size: 2G         num_reg: 8          lose cover RAM: 256G
[    0.001469] kernel:  gran_size: 16M         chunk_size: 16M         num_reg: 8          lose cover RAM: 256G
[    0.001470] kernel:  gran_size: 16M         chunk_size: 32M         num_reg: 8          lose cover RAM: 256G
[    0.001471] kernel:  gran_size: 16M         chunk_size: 64M         num_reg: 8          lose cover RAM: 256G
[    0.001472] kernel:  gran_size: 16M         chunk_size: 128M         num_reg: 8          lose cover RAM: 256G
[    0.001473] kernel:  gran_size: 16M         chunk_size: 256M         num_reg: 8          lose cover RAM: 256G
[    0.001473] kernel:  gran_size: 16M         chunk_size: 512M         num_reg: 8          lose cover RAM: 256G
[    0.001474] kernel:  gran_size: 16M         chunk_size: 1G         num_reg: 8          lose cover RAM: 256G
[    0.001475] kernel:  gran_size: 16M         chunk_size: 2G         num_reg: 8          lose cover RAM: 256G
[    0.001476] kernel:  gran_size: 32M         chunk_size: 32M         num_reg: 8          lose cover RAM: 256G
[    0.001477] kernel:  gran_size: 32M         chunk_size: 64M         num_reg: 8          lose cover RAM: 256G
[    0.001477] kernel:  gran_size: 32M         chunk_size: 128M         num_reg: 8          lose cover RAM: 256G
[    0.001478] kernel:  gran_size: 32M         chunk_size: 256M         num_reg: 8          lose cover RAM: 256G
[    0.001479] kernel:  gran_size: 32M         chunk_size: 512M         num_reg: 8          lose cover RAM: 256G
[    0.001480] kernel:  gran_size: 32M         chunk_size: 1G         num_reg: 8          lose cover RAM: 256G
[    0.001481] kernel:  gran_size: 32M         chunk_size: 2G         num_reg: 8          lose cover RAM: 256G
[    0.001482] kernel:  gran_size: 64M         chunk_size: 64M         num_reg: 8          lose cover RAM: 256G
[    0.001482] kernel:  gran_size: 64M         chunk_size: 128M         num_reg: 8          lose cover RAM: 256G
[    0.001483] kernel:  gran_size: 64M         chunk_size: 256M         num_reg: 8          lose cover RAM: 256G
[    0.001484] kernel:  gran_size: 64M         chunk_size: 512M         num_reg: 8          lose cover RAM: 256G
[    0.001485] kernel:  gran_size: 64M         chunk_size: 1G         num_reg: 8          lose cover RAM: 256G
[    0.001486] kernel:  gran_size: 64M         chunk_size: 2G         num_reg: 8          lose cover RAM: 256G
[    0.001486] kernel:  gran_size: 128M         chunk_size: 128M         num_reg: 8          lose cover RAM: 256G
[    0.001487] kernel:  gran_size: 128M         chunk_size: 256M         num_reg: 8          lose cover RAM: 256G
[    0.001488] kernel:  gran_size: 128M         chunk_size: 512M         num_reg: 8          lose cover RAM: 256G
[    0.001489] kernel:  gran_size: 128M         chunk_size: 1G         num_reg: 8          lose cover RAM: 256G
[    0.001490] kernel:  gran_size: 128M         chunk_size: 2G         num_reg: 8          lose cover RAM: 256G
[    0.001491] kernel:  gran_size: 256M         chunk_size: 256M         num_reg: 8          lose cover RAM: 256G
[    0.001491] kernel:  gran_size: 256M         chunk_size: 512M         num_reg: 8          lose cover RAM: 256G
[    0.001492] kernel:  gran_size: 256M         chunk_size: 1G         num_reg: 8          lose cover RAM: 256G
[    0.001493] kernel:  gran_size: 256M         chunk_size: 2G         num_reg: 8          lose cover RAM: 256G
[    0.001494] kernel:  gran_size: 512M         chunk_size: 512M         num_reg: 8          lose cover RAM: 256G
[    0.001495] kernel:  gran_size: 512M         chunk_size: 1G         num_reg: 8          lose cover RAM: 256G
[    0.001496] kernel:  gran_size: 512M         chunk_size: 2G         num_reg: 8          lose cover RAM: 256G
[    0.001496] kernel:  gran_size: 1G         chunk_size: 1G         num_reg: 8          lose cover RAM: 256G
[    0.001497] kernel:  gran_size: 1G         chunk_size: 2G         num_reg: 8          lose cover RAM: 256G
[    0.001498] kernel:  gran_size: 2G         chunk_size: 2G         num_reg: 8          lose cover RAM: 1G
[    0.001499] kernel: mtrr_cleanup: can not find optimal value
[    0.001499] kernel: please specify mtrr_gran_size/mtrr_chunk_size
[    0.001504] kernel: e820: update [mem 0xc0000000-0xffffffff] usable ==> reserved
[    0.001509] kernel: last_pfn = 0xc0000 max_arch_pfn = 0x400000000
[    0.009072] kernel: found SMP MP-table at [mem 0x000f6a70-0x000f6a7f]
[    0.009099] kernel: Using GB pages for direct mapping
[    0.009214] kernel: RAMDISK: [mem 0x2f4a3000-0x33a48fff]
[    0.009219] kernel: ACPI: Early table checksum verification disabled
[    0.009222] kernel: ACPI: RSDP 0x00000000000F6A00 000024 (v02 PTLTD )
[    0.009226] kernel: ACPI: XSDT 0x00000000BFEDB633 00005C (v01 INTEL  440BX    06040000 VMW  01324272)
[    0.009231] kernel: ACPI: FACP 0x00000000BFEFEE73 0000F4 (v04 INTEL  440BX    06040000 PTL  000F4240)
[    0.009240] kernel: ACPI: DSDT 0x00000000BFEDD001 021E72 (v01 PTLTD  Custom   06040000 MSFT 03000001)
[    0.009244] kernel: ACPI: FACS 0x00000000BFEFFFC0 000040
[    0.009247] kernel: ACPI: FACS 0x00000000BFEFFFC0 000040
[    0.009250] kernel: ACPI: BOOT 0x00000000BFEDCFB4 000028 (v01 PTLTD  $SBFTBL$ 06040000  LTP 00000001)
[    0.009252] kernel: ACPI: APIC 0x00000000BFEDC872 000742 (v01 PTLTD  ? APIC   06040000  LTP 00000000)
[    0.009255] kernel: ACPI: MCFG 0x00000000BFEDC836 00003C (v01 PTLTD  $PCITBL$ 06040000  LTP 00000001)
[    0.009258] kernel: ACPI: SRAT 0x00000000BFEDB72F 0008D0 (v02 VMWARE MEMPLUG  06040000 VMW  00000001)
[    0.009261] kernel: ACPI: HPET 0x00000000BFEDB6F7 000038 (v01 VMWARE VMW HPET 06040000 VMW  00000001)
[    0.009263] kernel: ACPI: WAET 0x00000000BFEDB6CF 000028 (v01 VMWARE VMW WAET 06040000 VMW  00000001)
[    0.009265] kernel: ACPI: Reserving FACP table memory at [mem 0xbfefee73-0xbfefef66]
[    0.009266] kernel: ACPI: Reserving DSDT table memory at [mem 0xbfedd001-0xbfefee72]
[    0.009267] kernel: ACPI: Reserving FACS table memory at [mem 0xbfefffc0-0xbfefffff]
[    0.009268] kernel: ACPI: Reserving FACS table memory at [mem 0xbfefffc0-0xbfefffff]
[    0.009268] kernel: ACPI: Reserving BOOT table memory at [mem 0xbfedcfb4-0xbfedcfdb]
[    0.009269] kernel: ACPI: Reserving APIC table memory at [mem 0xbfedc872-0xbfedcfb3]
[    0.009269] kernel: ACPI: Reserving MCFG table memory at [mem 0xbfedc836-0xbfedc871]
[    0.009270] kernel: ACPI: Reserving SRAT table memory at [mem 0xbfedb72f-0xbfedbffe]
[    0.009270] kernel: ACPI: Reserving HPET table memory at [mem 0xbfedb6f7-0xbfedb72e]
[    0.009271] kernel: ACPI: Reserving WAET table memory at [mem 0xbfedb6cf-0xbfedb6f6]
[    0.009304] kernel: system APIC only can use physical flat
[    0.009304] kernel: Setting APIC routing to physical flat.
[    0.009373] kernel: SRAT: PXM 0 -> APIC 0x00 -> Node 0
[    0.009374] kernel: SRAT: PXM 0 -> APIC 0x01 -> Node 0
[    0.009374] kernel: SRAT: PXM 0 -> APIC 0x02 -> Node 0
[    0.009375] kernel: SRAT: PXM 0 -> APIC 0x03 -> Node 0
[    0.009375] kernel: SRAT: PXM 0 -> APIC 0x04 -> Node 0
[    0.009375] kernel: SRAT: PXM 0 -> APIC 0x05 -> Node 0
[    0.009376] kernel: SRAT: PXM 0 -> APIC 0x06 -> Node 0
[    0.009376] kernel: SRAT: PXM 0 -> APIC 0x07 -> Node 0
[    0.009377] kernel: SRAT: PXM 0 -> APIC 0x08 -> Node 0
[    0.009377] kernel: SRAT: PXM 0 -> APIC 0x09 -> Node 0
[    0.009378] kernel: SRAT: PXM 0 -> APIC 0x0a -> Node 0
[    0.009378] kernel: SRAT: PXM 0 -> APIC 0x0b -> Node 0
[    0.009378] kernel: SRAT: PXM 0 -> APIC 0x0c -> Node 0
[    0.009379] kernel: SRAT: PXM 0 -> APIC 0x0d -> Node 0
[    0.009379] kernel: SRAT: PXM 0 -> APIC 0x0e -> Node 0
[    0.009380] kernel: SRAT: PXM 0 -> APIC 0x0f -> Node 0
[    0.009380] kernel: SRAT: PXM 0 -> APIC 0x10 -> Node 0
[    0.009381] kernel: SRAT: PXM 0 -> APIC 0x11 -> Node 0
[    0.009381] kernel: SRAT: PXM 0 -> APIC 0x12 -> Node 0
[    0.009381] kernel: SRAT: PXM 0 -> APIC 0x13 -> Node 0
[    0.009382] kernel: SRAT: PXM 0 -> APIC 0x14 -> Node 0
[    0.009382] kernel: SRAT: PXM 0 -> APIC 0x15 -> Node 0
[    0.009383] kernel: SRAT: PXM 0 -> APIC 0x16 -> Node 0
[    0.009383] kernel: SRAT: PXM 0 -> APIC 0x17 -> Node 0
[    0.009384] kernel: SRAT: PXM 0 -> APIC 0x18 -> Node 0
[    0.009384] kernel: SRAT: PXM 0 -> APIC 0x19 -> Node 0
[    0.009384] kernel: SRAT: PXM 0 -> APIC 0x1a -> Node 0
[    0.009385] kernel: SRAT: PXM 0 -> APIC 0x1b -> Node 0
[    0.009385] kernel: SRAT: PXM 0 -> APIC 0x1c -> Node 0
[    0.009386] kernel: SRAT: PXM 0 -> APIC 0x1d -> Node 0
[    0.009386] kernel: SRAT: PXM 0 -> APIC 0x1e -> Node 0
[    0.009386] kernel: SRAT: PXM 0 -> APIC 0x1f -> Node 0
[    0.009387] kernel: SRAT: PXM 0 -> APIC 0x20 -> Node 0
[    0.009387] kernel: SRAT: PXM 0 -> APIC 0x21 -> Node 0
[    0.009388] kernel: SRAT: PXM 0 -> APIC 0x22 -> Node 0
[    0.009388] kernel: SRAT: PXM 0 -> APIC 0x23 -> Node 0
[    0.009389] kernel: SRAT: PXM 0 -> APIC 0x24 -> Node 0
[    0.009389] kernel: SRAT: PXM 0 -> APIC 0x25 -> Node 0
[    0.009389] kernel: SRAT: PXM 0 -> APIC 0x26 -> Node 0
[    0.009390] kernel: SRAT: PXM 0 -> APIC 0x27 -> Node 0
[    0.009390] kernel: SRAT: PXM 0 -> APIC 0x28 -> Node 0
[    0.009391] kernel: SRAT: PXM 0 -> APIC 0x29 -> Node 0
[    0.009391] kernel: SRAT: PXM 0 -> APIC 0x2a -> Node 0
[    0.009391] kernel: SRAT: PXM 0 -> APIC 0x2b -> Node 0
[    0.009392] kernel: SRAT: PXM 0 -> APIC 0x2c -> Node 0
[    0.009392] kernel: SRAT: PXM 0 -> APIC 0x2d -> Node 0
[    0.009393] kernel: SRAT: PXM 0 -> APIC 0x2e -> Node 0
[    0.009393] kernel: SRAT: PXM 0 -> APIC 0x2f -> Node 0
[    0.009393] kernel: SRAT: PXM 0 -> APIC 0x30 -> Node 0
[    0.009394] kernel: SRAT: PXM 0 -> APIC 0x31 -> Node 0
[    0.009394] kernel: SRAT: PXM 0 -> APIC 0x32 -> Node 0
[    0.009395] kernel: SRAT: PXM 0 -> APIC 0x33 -> Node 0
[    0.009395] kernel: SRAT: PXM 0 -> APIC 0x34 -> Node 0
[    0.009396] kernel: SRAT: PXM 0 -> APIC 0x35 -> Node 0
[    0.009396] kernel: SRAT: PXM 0 -> APIC 0x36 -> Node 0
[    0.009396] kernel: SRAT: PXM 0 -> APIC 0x37 -> Node 0
[    0.009397] kernel: SRAT: PXM 0 -> APIC 0x38 -> Node 0
[    0.009397] kernel: SRAT: PXM 0 -> APIC 0x39 -> Node 0
[    0.009398] kernel: SRAT: PXM 0 -> APIC 0x3a -> Node 0
[    0.009398] kernel: SRAT: PXM 0 -> APIC 0x3b -> Node 0
[    0.009398] kernel: SRAT: PXM 0 -> APIC 0x3c -> Node 0
[    0.009399] kernel: SRAT: PXM 0 -> APIC 0x3d -> Node 0
[    0.009399] kernel: SRAT: PXM 0 -> APIC 0x3e -> Node 0
[    0.009400] kernel: SRAT: PXM 0 -> APIC 0x3f -> Node 0
[    0.009400] kernel: SRAT: PXM 0 -> APIC 0x40 -> Node 0
[    0.009401] kernel: SRAT: PXM 0 -> APIC 0x41 -> Node 0
[    0.009401] kernel: SRAT: PXM 0 -> APIC 0x42 -> Node 0
[    0.009401] kernel: SRAT: PXM 0 -> APIC 0x43 -> Node 0
[    0.009402] kernel: SRAT: PXM 0 -> APIC 0x44 -> Node 0
[    0.009402] kernel: SRAT: PXM 0 -> APIC 0x45 -> Node 0
[    0.009403] kernel: SRAT: PXM 0 -> APIC 0x46 -> Node 0
[    0.009403] kernel: SRAT: PXM 0 -> APIC 0x47 -> Node 0
[    0.009403] kernel: SRAT: PXM 0 -> APIC 0x48 -> Node 0
[    0.009404] kernel: SRAT: PXM 0 -> APIC 0x49 -> Node 0
[    0.009404] kernel: SRAT: PXM 0 -> APIC 0x4a -> Node 0
[    0.009405] kernel: SRAT: PXM 0 -> APIC 0x4b -> Node 0
[    0.009405] kernel: SRAT: PXM 0 -> APIC 0x4c -> Node 0
[    0.009406] kernel: SRAT: PXM 0 -> APIC 0x4d -> Node 0
[    0.009406] kernel: SRAT: PXM 0 -> APIC 0x4e -> Node 0
[    0.009406] kernel: SRAT: PXM 0 -> APIC 0x4f -> Node 0
[    0.009407] kernel: SRAT: PXM 0 -> APIC 0x50 -> Node 0
[    0.009407] kernel: SRAT: PXM 0 -> APIC 0x51 -> Node 0
[    0.009408] kernel: SRAT: PXM 0 -> APIC 0x52 -> Node 0
[    0.009408] kernel: SRAT: PXM 0 -> APIC 0x53 -> Node 0
[    0.009408] kernel: SRAT: PXM 0 -> APIC 0x54 -> Node 0
[    0.009409] kernel: SRAT: PXM 0 -> APIC 0x55 -> Node 0
[    0.009409] kernel: SRAT: PXM 0 -> APIC 0x56 -> Node 0
[    0.009410] kernel: SRAT: PXM 0 -> APIC 0x57 -> Node 0
[    0.009410] kernel: SRAT: PXM 0 -> APIC 0x58 -> Node 0
[    0.009411] kernel: SRAT: PXM 0 -> APIC 0x59 -> Node 0
[    0.009411] kernel: SRAT: PXM 0 -> APIC 0x5a -> Node 0
[    0.009411] kernel: SRAT: PXM 0 -> APIC 0x5b -> Node 0
[    0.009412] kernel: SRAT: PXM 0 -> APIC 0x5c -> Node 0
[    0.009412] kernel: SRAT: PXM 0 -> APIC 0x5d -> Node 0
[    0.009413] kernel: SRAT: PXM 0 -> APIC 0x5e -> Node 0
[    0.009413] kernel: SRAT: PXM 0 -> APIC 0x5f -> Node 0
[    0.009413] kernel: SRAT: PXM 0 -> APIC 0x60 -> Node 0
[    0.009414] kernel: SRAT: PXM 0 -> APIC 0x61 -> Node 0
[    0.009414] kernel: SRAT: PXM 0 -> APIC 0x62 -> Node 0
[    0.009415] kernel: SRAT: PXM 0 -> APIC 0x63 -> Node 0
[    0.009415] kernel: SRAT: PXM 0 -> APIC 0x64 -> Node 0
[    0.009416] kernel: SRAT: PXM 0 -> APIC 0x65 -> Node 0
[    0.009416] kernel: SRAT: PXM 0 -> APIC 0x66 -> Node 0
[    0.009416] kernel: SRAT: PXM 0 -> APIC 0x67 -> Node 0
[    0.009417] kernel: SRAT: PXM 0 -> APIC 0x68 -> Node 0
[    0.009417] kernel: SRAT: PXM 0 -> APIC 0x69 -> Node 0
[    0.009418] kernel: SRAT: PXM 0 -> APIC 0x6a -> Node 0
[    0.009418] kernel: SRAT: PXM 0 -> APIC 0x6b -> Node 0
[    0.009419] kernel: SRAT: PXM 0 -> APIC 0x6c -> Node 0
[    0.009419] kernel: SRAT: PXM 0 -> APIC 0x6d -> Node 0
[    0.009419] kernel: SRAT: PXM 0 -> APIC 0x6e -> Node 0
[    0.009420] kernel: SRAT: PXM 0 -> APIC 0x6f -> Node 0
[    0.009420] kernel: SRAT: PXM 0 -> APIC 0x70 -> Node 0
[    0.009421] kernel: SRAT: PXM 0 -> APIC 0x71 -> Node 0
[    0.009421] kernel: SRAT: PXM 0 -> APIC 0x72 -> Node 0
[    0.009421] kernel: SRAT: PXM 0 -> APIC 0x73 -> Node 0
[    0.009422] kernel: SRAT: PXM 0 -> APIC 0x74 -> Node 0
[    0.009422] kernel: SRAT: PXM 0 -> APIC 0x75 -> Node 0
[    0.009423] kernel: SRAT: PXM 0 -> APIC 0x76 -> Node 0
[    0.009423] kernel: SRAT: PXM 0 -> APIC 0x77 -> Node 0
[    0.009423] kernel: SRAT: PXM 0 -> APIC 0x78 -> Node 0
[    0.009424] kernel: SRAT: PXM 0 -> APIC 0x79 -> Node 0
[    0.009424] kernel: SRAT: PXM 0 -> APIC 0x7a -> Node 0
[    0.009425] kernel: SRAT: PXM 0 -> APIC 0x7b -> Node 0
[    0.009425] kernel: SRAT: PXM 0 -> APIC 0x7c -> Node 0
[    0.009426] kernel: SRAT: PXM 0 -> APIC 0x7d -> Node 0
[    0.009426] kernel: SRAT: PXM 0 -> APIC 0x7e -> Node 0
[    0.009426] kernel: SRAT: PXM 0 -> APIC 0x7f -> Node 0
[    0.009428] kernel: ACPI: SRAT: Node 0 PXM 0 [mem 0x00000000-0x0009ffff]
[    0.009430] kernel: ACPI: SRAT: Node 0 PXM 0 [mem 0x00100000-0xbfffffff]
[    0.009431] kernel: ACPI: SRAT: Node 0 PXM 0 [mem 0x100000000-0x43fffffff]
[    0.009432] kernel: ACPI: SRAT: Node 0 PXM 0 [mem 0x440000000-0x403fffffff] hotplug
[    0.009434] kernel: NUMA: Node 0 [mem 0x00000000-0x0009ffff] + [mem 0x00100000-0xbfffffff] -> [mem 0x00000000-0xbfffffff]
[    0.009436] kernel: NUMA: Node 0 [mem 0x00000000-0xbfffffff] + [mem 0x100000000-0x43fffffff] -> [mem 0x00000000-0x43fffffff]
[    0.009442] kernel: NODE_DATA(0) allocated [mem 0x43ffd5000-0x43fffffff]
[    0.009818] kernel: Zone ranges:
[    0.009819] kernel:   DMA      [mem 0x0000000000001000-0x0000000000ffffff]
[    0.009820] kernel:   DMA32    [mem 0x0000000001000000-0x00000000ffffffff]
[    0.009821] kernel:   Normal   [mem 0x0000000100000000-0x000000043fffffff]
[    0.009822] kernel:   Device   empty
[    0.009823] kernel: Movable zone start for each node
[    0.009825] kernel: Early memory node ranges
[    0.009825] kernel:   node   0: [mem 0x0000000000001000-0x000000000009dfff]
[    0.009826] kernel:   node   0: [mem 0x0000000000100000-0x00000000bfecffff]
[    0.009827] kernel:   node   0: [mem 0x00000000bff00000-0x00000000bfffffff]
[    0.009827] kernel:   node   0: [mem 0x0000000100000000-0x000000043fffffff]
[    0.009829] kernel: Initmem setup node 0 [mem 0x0000000000001000-0x000000043fffffff]
[    0.009835] kernel: On node 0, zone DMA: 1 pages in unavailable ranges
[    0.009882] kernel: On node 0, zone DMA: 98 pages in unavailable ranges
[    0.019837] kernel: On node 0, zone DMA32: 48 pages in unavailable ranges
[    0.065650] kernel: ACPI: PM-Timer IO Port: 0x1008
[    0.065657] kernel: system APIC only can use physical flat
[    0.065668] kernel: ACPI: LAPIC_NMI (acpi_id[0x00] high edge lint[0x1])
[    0.065669] kernel: ACPI: LAPIC_NMI (acpi_id[0x01] high edge lint[0x1])
[    0.065670] kernel: ACPI: LAPIC_NMI (acpi_id[0x02] high edge lint[0x1])
[    0.065670] kernel: ACPI: LAPIC_NMI (acpi_id[0x03] high edge lint[0x1])
[    0.065671] kernel: ACPI: LAPIC_NMI (acpi_id[0x04] high edge lint[0x1])
[    0.065671] kernel: ACPI: LAPIC_NMI (acpi_id[0x05] high edge lint[0x1])
[    0.065672] kernel: ACPI: LAPIC_NMI (acpi_id[0x06] high edge lint[0x1])
[    0.065672] kernel: ACPI: LAPIC_NMI (acpi_id[0x07] high edge lint[0x1])
[    0.065672] kernel: ACPI: LAPIC_NMI (acpi_id[0x08] high edge lint[0x1])
[    0.065673] kernel: ACPI: LAPIC_NMI (acpi_id[0x09] high edge lint[0x1])
[    0.065673] kernel: ACPI: LAPIC_NMI (acpi_id[0x0a] high edge lint[0x1])
[    0.065674] kernel: ACPI: LAPIC_NMI (acpi_id[0x0b] high edge lint[0x1])
[    0.065674] kernel: ACPI: LAPIC_NMI (acpi_id[0x0c] high edge lint[0x1])
[    0.065675] kernel: ACPI: LAPIC_NMI (acpi_id[0x0d] high edge lint[0x1])
[    0.065675] kernel: ACPI: LAPIC_NMI (acpi_id[0x0e] high edge lint[0x1])
[    0.065676] kernel: ACPI: LAPIC_NMI (acpi_id[0x0f] high edge lint[0x1])
[    0.065676] kernel: ACPI: LAPIC_NMI (acpi_id[0x10] high edge lint[0x1])
[    0.065677] kernel: ACPI: LAPIC_NMI (acpi_id[0x11] high edge lint[0x1])
[    0.065677] kernel: ACPI: LAPIC_NMI (acpi_id[0x12] high edge lint[0x1])
[    0.065677] kernel: ACPI: LAPIC_NMI (acpi_id[0x13] high edge lint[0x1])
[    0.065678] kernel: ACPI: LAPIC_NMI (acpi_id[0x14] high edge lint[0x1])
[    0.065678] kernel: ACPI: LAPIC_NMI (acpi_id[0x15] high edge lint[0x1])
[    0.065679] kernel: ACPI: LAPIC_NMI (acpi_id[0x16] high edge lint[0x1])
[    0.065679] kernel: ACPI: LAPIC_NMI (acpi_id[0x17] high edge lint[0x1])
[    0.065680] kernel: ACPI: LAPIC_NMI (acpi_id[0x18] high edge lint[0x1])
[    0.065680] kernel: ACPI: LAPIC_NMI (acpi_id[0x19] high edge lint[0x1])
[    0.065681] kernel: ACPI: LAPIC_NMI (acpi_id[0x1a] high edge lint[0x1])
[    0.065681] kernel: ACPI: LAPIC_NMI (acpi_id[0x1b] high edge lint[0x1])
[    0.065681] kernel: ACPI: LAPIC_NMI (acpi_id[0x1c] high edge lint[0x1])
[    0.065682] kernel: ACPI: LAPIC_NMI (acpi_id[0x1d] high edge lint[0x1])
[    0.065682] kernel: ACPI: LAPIC_NMI (acpi_id[0x1e] high edge lint[0x1])
[    0.065683] kernel: ACPI: LAPIC_NMI (acpi_id[0x1f] high edge lint[0x1])
[    0.065683] kernel: ACPI: LAPIC_NMI (acpi_id[0x20] high edge lint[0x1])
[    0.065684] kernel: ACPI: LAPIC_NMI (acpi_id[0x21] high edge lint[0x1])
[    0.065684] kernel: ACPI: LAPIC_NMI (acpi_id[0x22] high edge lint[0x1])
[    0.065685] kernel: ACPI: LAPIC_NMI (acpi_id[0x23] high edge lint[0x1])
[    0.065685] kernel: ACPI: LAPIC_NMI (acpi_id[0x24] high edge lint[0x1])
[    0.065686] kernel: ACPI: LAPIC_NMI (acpi_id[0x25] high edge lint[0x1])
[    0.065686] kernel: ACPI: LAPIC_NMI (acpi_id[0x26] high edge lint[0x1])
[    0.065686] kernel: ACPI: LAPIC_NMI (acpi_id[0x27] high edge lint[0x1])
[    0.065687] kernel: ACPI: LAPIC_NMI (acpi_id[0x28] high edge lint[0x1])
[    0.065687] kernel: ACPI: LAPIC_NMI (acpi_id[0x29] high edge lint[0x1])
[    0.065688] kernel: ACPI: LAPIC_NMI (acpi_id[0x2a] high edge lint[0x1])
[    0.065688] kernel: ACPI: LAPIC_NMI (acpi_id[0x2b] high edge lint[0x1])
[    0.065689] kernel: ACPI: LAPIC_NMI (acpi_id[0x2c] high edge lint[0x1])
[    0.065689] kernel: ACPI: LAPIC_NMI (acpi_id[0x2d] high edge lint[0x1])
[    0.065690] kernel: ACPI: LAPIC_NMI (acpi_id[0x2e] high edge lint[0x1])
[    0.065690] kernel: ACPI: LAPIC_NMI (acpi_id[0x2f] high edge lint[0x1])
[    0.065690] kernel: ACPI: LAPIC_NMI (acpi_id[0x30] high edge lint[0x1])
[    0.065691] kernel: ACPI: LAPIC_NMI (acpi_id[0x31] high edge lint[0x1])
[    0.065691] kernel: ACPI: LAPIC_NMI (acpi_id[0x32] high edge lint[0x1])
[    0.065692] kernel: ACPI: LAPIC_NMI (acpi_id[0x33] high edge lint[0x1])
[    0.065692] kernel: ACPI: LAPIC_NMI (acpi_id[0x34] high edge lint[0x1])
[    0.065693] kernel: ACPI: LAPIC_NMI (acpi_id[0x35] high edge lint[0x1])
[    0.065693] kernel: ACPI: LAPIC_NMI (acpi_id[0x36] high edge lint[0x1])
[    0.065694] kernel: ACPI: LAPIC_NMI (acpi_id[0x37] high edge lint[0x1])
[    0.065694] kernel: ACPI: LAPIC_NMI (acpi_id[0x38] high edge lint[0x1])
[    0.065694] kernel: ACPI: LAPIC_NMI (acpi_id[0x39] high edge lint[0x1])
[    0.065695] kernel: ACPI: LAPIC_NMI (acpi_id[0x3a] high edge lint[0x1])
[    0.065695] kernel: ACPI: LAPIC_NMI (acpi_id[0x3b] high edge lint[0x1])
[    0.065696] kernel: ACPI: LAPIC_NMI (acpi_id[0x3c] high edge lint[0x1])
[    0.065696] kernel: ACPI: LAPIC_NMI (acpi_id[0x3d] high edge lint[0x1])
[    0.065697] kernel: ACPI: LAPIC_NMI (acpi_id[0x3e] high edge lint[0x1])
[    0.065697] kernel: ACPI: LAPIC_NMI (acpi_id[0x3f] high edge lint[0x1])
[    0.065698] kernel: ACPI: LAPIC_NMI (acpi_id[0x40] high edge lint[0x1])
[    0.065698] kernel: ACPI: LAPIC_NMI (acpi_id[0x41] high edge lint[0x1])
[    0.065698] kernel: ACPI: LAPIC_NMI (acpi_id[0x42] high edge lint[0x1])
[    0.065699] kernel: ACPI: LAPIC_NMI (acpi_id[0x43] high edge lint[0x1])
[    0.065699] kernel: ACPI: LAPIC_NMI (acpi_id[0x44] high edge lint[0x1])
[    0.065700] kernel: ACPI: LAPIC_NMI (acpi_id[0x45] high edge lint[0x1])
[    0.065700] kernel: ACPI: LAPIC_NMI (acpi_id[0x46] high edge lint[0x1])
[    0.065701] kernel: ACPI: LAPIC_NMI (acpi_id[0x47] high edge lint[0x1])
[    0.065701] kernel: ACPI: LAPIC_NMI (acpi_id[0x48] high edge lint[0x1])
[    0.065702] kernel: ACPI: LAPIC_NMI (acpi_id[0x49] high edge lint[0x1])
[    0.065702] kernel: ACPI: LAPIC_NMI (acpi_id[0x4a] high edge lint[0x1])
[    0.065702] kernel: ACPI: LAPIC_NMI (acpi_id[0x4b] high edge lint[0x1])
[    0.065703] kernel: ACPI: LAPIC_NMI (acpi_id[0x4c] high edge lint[0x1])
[    0.065703] kernel: ACPI: LAPIC_NMI (acpi_id[0x4d] high edge lint[0x1])
[    0.065704] kernel: ACPI: LAPIC_NMI (acpi_id[0x4e] high edge lint[0x1])
[    0.065704] kernel: ACPI: LAPIC_NMI (acpi_id[0x4f] high edge lint[0x1])
[    0.065705] kernel: ACPI: LAPIC_NMI (acpi_id[0x50] high edge lint[0x1])
[    0.065705] kernel: ACPI: LAPIC_NMI (acpi_id[0x51] high edge lint[0x1])
[    0.065706] kernel: ACPI: LAPIC_NMI (acpi_id[0x52] high edge lint[0x1])
[    0.065706] kernel: ACPI: LAPIC_NMI (acpi_id[0x53] high edge lint[0x1])
[    0.065706] kernel: ACPI: LAPIC_NMI (acpi_id[0x54] high edge lint[0x1])
[    0.065707] kernel: ACPI: LAPIC_NMI (acpi_id[0x55] high edge lint[0x1])
[    0.065707] kernel: ACPI: LAPIC_NMI (acpi_id[0x56] high edge lint[0x1])
[    0.065708] kernel: ACPI: LAPIC_NMI (acpi_id[0x57] high edge lint[0x1])
[    0.065708] kernel: ACPI: LAPIC_NMI (acpi_id[0x58] high edge lint[0x1])
[    0.065709] kernel: ACPI: LAPIC_NMI (acpi_id[0x59] high edge lint[0x1])
[    0.065709] kernel: ACPI: LAPIC_NMI (acpi_id[0x5a] high edge lint[0x1])
[    0.065710] kernel: ACPI: LAPIC_NMI (acpi_id[0x5b] high edge lint[0x1])
[    0.065710] kernel: ACPI: LAPIC_NMI (acpi_id[0x5c] high edge lint[0x1])
[    0.065710] kernel: ACPI: LAPIC_NMI (acpi_id[0x5d] high edge lint[0x1])
[    0.065711] kernel: ACPI: LAPIC_NMI (acpi_id[0x5e] high edge lint[0x1])
[    0.065711] kernel: ACPI: LAPIC_NMI (acpi_id[0x5f] high edge lint[0x1])
[    0.065712] kernel: ACPI: LAPIC_NMI (acpi_id[0x60] high edge lint[0x1])
[    0.065712] kernel: ACPI: LAPIC_NMI (acpi_id[0x61] high edge lint[0x1])
[    0.065713] kernel: ACPI: LAPIC_NMI (acpi_id[0x62] high edge lint[0x1])
[    0.065713] kernel: ACPI: LAPIC_NMI (acpi_id[0x63] high edge lint[0x1])
[    0.065714] kernel: ACPI: LAPIC_NMI (acpi_id[0x64] high edge lint[0x1])
[    0.065714] kernel: ACPI: LAPIC_NMI (acpi_id[0x65] high edge lint[0x1])
[    0.065714] kernel: ACPI: LAPIC_NMI (acpi_id[0x66] high edge lint[0x1])
[    0.065715] kernel: ACPI: LAPIC_NMI (acpi_id[0x67] high edge lint[0x1])
[    0.065715] kernel: ACPI: LAPIC_NMI (acpi_id[0x68] high edge lint[0x1])
[    0.065716] kernel: ACPI: LAPIC_NMI (acpi_id[0x69] high edge lint[0x1])
[    0.065716] kernel: ACPI: LAPIC_NMI (acpi_id[0x6a] high edge lint[0x1])
[    0.065717] kernel: ACPI: LAPIC_NMI (acpi_id[0x6b] high edge lint[0x1])
[    0.065717] kernel: ACPI: LAPIC_NMI (acpi_id[0x6c] high edge lint[0x1])
[    0.065718] kernel: ACPI: LAPIC_NMI (acpi_id[0x6d] high edge lint[0x1])
[    0.065718] kernel: ACPI: LAPIC_NMI (acpi_id[0x6e] high edge lint[0x1])
[    0.065718] kernel: ACPI: LAPIC_NMI (acpi_id[0x6f] high edge lint[0x1])
[    0.065719] kernel: ACPI: LAPIC_NMI (acpi_id[0x70] high edge lint[0x1])
[    0.065719] kernel: ACPI: LAPIC_NMI (acpi_id[0x71] high edge lint[0x1])
[    0.065720] kernel: ACPI: LAPIC_NMI (acpi_id[0x72] high edge lint[0x1])
[    0.065720] kernel: ACPI: LAPIC_NMI (acpi_id[0x73] high edge lint[0x1])
[    0.065721] kernel: ACPI: LAPIC_NMI (acpi_id[0x74] high edge lint[0x1])
[    0.065721] kernel: ACPI: LAPIC_NMI (acpi_id[0x75] high edge lint[0x1])
[    0.065722] kernel: ACPI: LAPIC_NMI (acpi_id[0x76] high edge lint[0x1])
[    0.065722] kernel: ACPI: LAPIC_NMI (acpi_id[0x77] high edge lint[0x1])
[    0.065722] kernel: ACPI: LAPIC_NMI (acpi_id[0x78] high edge lint[0x1])
[    0.065723] kernel: ACPI: LAPIC_NMI (acpi_id[0x79] high edge lint[0x1])
[    0.065723] kernel: ACPI: LAPIC_NMI (acpi_id[0x7a] high edge lint[0x1])
[    0.065724] kernel: ACPI: LAPIC_NMI (acpi_id[0x7b] high edge lint[0x1])
[    0.065724] kernel: ACPI: LAPIC_NMI (acpi_id[0x7c] high edge lint[0x1])
[    0.065725] kernel: ACPI: LAPIC_NMI (acpi_id[0x7d] high edge lint[0x1])
[    0.065725] kernel: ACPI: LAPIC_NMI (acpi_id[0x7e] high edge lint[0x1])
[    0.065726] kernel: ACPI: LAPIC_NMI (acpi_id[0x7f] high edge lint[0x1])
[    0.065754] kernel: IOAPIC[0]: apic_id 128, version 32, address 0xfec00000, GSI 0-23
[    0.065758] kernel: ACPI: INT_SRC_OVR (bus 0 bus_irq 0 global_irq 2 high edge)
[    0.065765] kernel: ACPI: Using ACPI (MADT) for SMP configuration information
[    0.065766] kernel: ACPI: HPET id: 0x8086af01 base: 0xfed00000
[    0.065769] kernel: TSC deadline timer available
[    0.065776] kernel: smpboot: Allowing 128 CPUs, 124 hotplug CPUs
[    0.065787] kernel: PM: hibernation: Registered nosave memory: [mem 0x00000000-0x00000fff]
[    0.065789] kernel: PM: hibernation: Registered nosave memory: [mem 0x0009e000-0x0009efff]
[    0.065789] kernel: PM: hibernation: Registered nosave memory: [mem 0x0009f000-0x0009ffff]
[    0.065790] kernel: PM: hibernation: Registered nosave memory: [mem 0x000a0000-0x000dbfff]
[    0.065790] kernel: PM: hibernation: Registered nosave memory: [mem 0x000dc000-0x000fffff]
[    0.065791] kernel: PM: hibernation: Registered nosave memory: [mem 0xbfed0000-0xbfefefff]
[    0.065791] kernel: PM: hibernation: Registered nosave memory: [mem 0xbfeff000-0xbfefffff]
[    0.065792] kernel: PM: hibernation: Registered nosave memory: [mem 0xc0000000-0xefffffff]
[    0.065793] kernel: PM: hibernation: Registered nosave memory: [mem 0xf0000000-0xf7ffffff]
[    0.065793] kernel: PM: hibernation: Registered nosave memory: [mem 0xf8000000-0xfebfffff]
[    0.065794] kernel: PM: hibernation: Registered nosave memory: [mem 0xfec00000-0xfec0ffff]
[    0.065794] kernel: PM: hibernation: Registered nosave memory: [mem 0xfec10000-0xfedfffff]
[    0.065795] kernel: PM: hibernation: Registered nosave memory: [mem 0xfee00000-0xfee00fff]
[    0.065795] kernel: PM: hibernation: Registered nosave memory: [mem 0xfee01000-0xfffdffff]
[    0.065795] kernel: PM: hibernation: Registered nosave memory: [mem 0xfffe0000-0xffffffff]
[    0.065797] kernel: [mem 0xc0000000-0xefffffff] available for PCI devices
[    0.065798] kernel: Booting paravirtualized kernel on VMware hypervisor
[    0.065799] kernel: clocksource: refined-jiffies: mask: 0xffffffff max_cycles: 0xffffffff, max_idle_ns: 7645519600211568 ns
[    0.065806] kernel: setup_percpu: NR_CPUS:8192 nr_cpumask_bits:128 nr_cpu_ids:128 nr_node_ids:1
[    0.073918] kernel: percpu: Embedded 61 pages/cpu s212992 r8192 d28672 u262144
[    0.073929] kernel: pcpu-alloc: s212992 r8192 d28672 u262144 alloc=1*2097152
[    0.073931] kernel: pcpu-alloc: [0] 000 001 002 003 004 005 006 007 
[    0.073935] kernel: pcpu-alloc: [0] 008 009 010 011 012 013 014 015 
[    0.073938] kernel: pcpu-alloc: [0] 016 017 018 019 020 021 022 023 
[    0.073941] kernel: pcpu-alloc: [0] 024 025 026 027 028 029 030 031 
[    0.073944] kernel: pcpu-alloc: [0] 032 033 034 035 036 037 038 039 
[    0.073947] kernel: pcpu-alloc: [0] 040 041 042 043 044 045 046 047 
[    0.073950] kernel: pcpu-alloc: [0] 048 049 050 051 052 053 054 055 
[    0.073953] kernel: pcpu-alloc: [0] 056 057 058 059 060 061 062 063 
[    0.073956] kernel: pcpu-alloc: [0] 064 065 066 067 068 069 070 071 
[    0.073958] kernel: pcpu-alloc: [0] 072 073 074 075 076 077 078 079 
[    0.073961] kernel: pcpu-alloc: [0] 080 081 082 083 084 085 086 087 
[    0.073964] kernel: pcpu-alloc: [0] 088 089 090 091 092 093 094 095 
[    0.073967] kernel: pcpu-alloc: [0] 096 097 098 099 100 101 102 103 
[    0.073970] kernel: pcpu-alloc: [0] 104 105 106 107 108 109 110 111 
[    0.073973] kernel: pcpu-alloc: [0] 112 113 114 115 116 117 118 119 
[    0.074003] kernel: pcpu-alloc: [0] 120 121 122 123 124 125 126 127 
[    0.074041] kernel: Fallback order for Node 0: 0 
[    0.074053] kernel: Built 1 zonelists, mobility grouping on.  Total pages: 4128464
[    0.074055] kernel: Policy zone: Normal
[    0.074056] kernel: Kernel command line: BOOT_IMAGE=/boot/vmlinuz-5.19.0-38-generic root=UUID=8de9989f-a6e4-4c92-a044-2c6d1909bf50 ro find_preseed=/preseed.cfg auto noprompt priority=critical locale=en_US quiet splash
[    0.074155] kernel: Unknown kernel command line parameters "auto noprompt splash BOOT_IMAGE=/boot/vmlinuz-5.19.0-38-generic find_preseed=/preseed.cfg priority=critical locale=en_US", will be passed to user space.
[    0.074156] kernel: printk: log_buf_len individual max cpu contribution: 4096 bytes
[    0.074157] kernel: printk: log_buf_len total cpu_extra contributions: 520192 bytes
[    0.074157] kernel: printk: log_buf_len min size: 262144 bytes
[    0.075347] kernel: printk: log_buf_len: 1048576 bytes
[    0.075348] kernel: printk: early log buf free: 226664(86%)
[    0.078566] kernel: Dentry cache hash table entries: 2097152 (order: 12, 16777216 bytes, linear)
[    0.080235] kernel: Inode-cache hash table entries: 1048576 (order: 11, 8388608 bytes, linear)
[    0.082505] kernel: mem auto-init: stack:off, heap alloc:on, heap free:off
[    0.127319] kernel: Memory: 16270132K/16776628K available (18440K kernel code, 4050K rwdata, 11292K rodata, 3168K init, 4908K bss, 506236K reserved, 0K cma-reserved)
[    0.128316] kernel: SLUB: HWalign=64, Order=0-3, MinObjects=0, CPUs=128, Nodes=1
[    0.128359] kernel: ftrace: allocating 52179 entries in 204 pages
[    0.135143] kernel: ftrace: allocated 204 pages with 4 groups
[    0.135886] kernel: Dynamic Preempt: voluntary
[    0.136150] kernel: rcu: Preemptible hierarchical RCU implementation.
[    0.136151] kernel: rcu:         RCU restricting CPUs from NR_CPUS=8192 to nr_cpu_ids=128.
[    0.136152] kernel:         Trampoline variant of Tasks RCU enabled.
[    0.136152] kernel:         Rude variant of Tasks RCU enabled.
[    0.136153] kernel:         Tracing variant of Tasks RCU enabled.
[    0.136153] kernel: rcu: RCU calculated value of scheduler-enlistment delay is 25 jiffies.
[    0.136154] kernel: rcu: Adjusting geometry for rcu_fanout_leaf=16, nr_cpu_ids=128
[    0.139978] kernel: NR_IRQS: 524544, nr_irqs: 1448, preallocated irqs: 16
[    0.140218] kernel: rcu: srcu_init: Setting srcu_struct sizes to big.
[    0.140332] kernel: random: crng init done
[    0.141531] kernel: Console: colour VGA+ 80x25
[    0.141562] kernel: printk: console [tty0] enabled
[    0.141632] kernel: ACPI: Core revision 20220331
[    0.142017] kernel: clocksource: hpet: mask: 0xffffffff max_cycles: 0xffffffff, max_idle_ns: 133484882848 ns
[    0.142055] kernel: APIC: Switch to symmetric I/O mode setup
[    0.142230] kernel: x2apic enabled
[    0.142396] kernel: Switched APIC routing to physical x2apic.
[    0.143133] kernel: ..TIMER: vector=0x30 apic1=0 pin1=2 apic2=-1 pin2=-1
[    0.143155] kernel: clocksource: tsc-early: mask: 0xffffffffffffffff max_cycles: 0x33e4564530a, max_idle_ns: 440795343825 ns
[    0.143159] kernel: Calibrating delay loop (skipped) preset value.. 7200.00 BogoMIPS (lpj=14400012)
[    0.143161] kernel: pid_max: default: 131072 minimum: 1024
[    0.143226] kernel: LSM: Security Framework initializing
[    0.143237] kernel: landlock: Up and running.
[    0.143238] kernel: Yama: becoming mindful.
[    0.143266] kernel: AppArmor: AppArmor initialized
[    0.143353] kernel: Mount-cache hash table entries: 32768 (order: 6, 262144 bytes, linear)
[    0.143399] kernel: Mountpoint-cache hash table entries: 32768 (order: 6, 262144 bytes, linear)
[    0.143746] kernel: Disabled fast string operations
[    0.143819] kernel: Last level iTLB entries: 4KB 128, 2MB 8, 4MB 8
[    0.143820] kernel: Last level dTLB entries: 4KB 64, 2MB 0, 4MB 0, 1GB 4
[    0.143823] kernel: Spectre V1 : Mitigation: usercopy/swapgs barriers and __user pointer sanitization
[    0.143825] kernel: Spectre V2 : Mitigation: IBRS
[    0.143825] kernel: Spectre V2 : Spectre v2 / SpectreRSB mitigation: Filling RSB on context switch
[    0.143826] kernel: Spectre V2 : Spectre v2 / SpectreRSB : Filling RSB on VMEXIT
[    0.143827] kernel: RETBleed: Mitigation: IBRS
[    0.143828] kernel: Spectre V2 : mitigation: Enabling conditional Indirect Branch Prediction Barrier
[    0.143829] kernel: Speculative Store Bypass: Mitigation: Speculative Store Bypass disabled via prctl
[    0.143833] kernel: MDS: Mitigation: Clear CPU buffers
[    0.143834] kernel: MMIO Stale Data: Mitigation: Clear CPU buffers
[    0.143835] kernel: SRBDS: Unknown: Dependent on hypervisor status
[    0.164194] kernel: Freeing SMP alternatives memory: 44K
[    0.165468] kernel: smpboot: CPU0: Intel(R) Core(TM) i7-9700K CPU @ 3.60GHz (family: 0x6, model: 0x9e, stepping: 0xc)
[    0.165620] kernel: cblist_init_generic: Setting adjustable number of callback queues.
[    0.165628] kernel: cblist_init_generic: Setting shift to 7 and lim to 1.
[    0.165657] kernel: cblist_init_generic: Setting shift to 7 and lim to 1.
[    0.165676] kernel: cblist_init_generic: Setting shift to 7 and lim to 1.
[    0.165689] kernel: Performance Events: Skylake events, core PMU driver.
[    0.165717] kernel: core: CPUID marked event: 'cpu cycles' unavailable
[    0.165718] kernel: core: CPUID marked event: 'instructions' unavailable
[    0.165718] kernel: core: CPUID marked event: 'bus cycles' unavailable
[    0.165727] kernel: core: CPUID marked event: 'cache references' unavailable
[    0.165728] kernel: core: CPUID marked event: 'cache misses' unavailable
[    0.165728] kernel: core: CPUID marked event: 'branch instructions' unavailable
[    0.165729] kernel: core: CPUID marked event: 'branch misses' unavailable
[    0.165731] kernel: ... version:                1
[    0.165731] kernel: ... bit width:              48
[    0.165732] kernel: ... generic registers:      8
[    0.165732] kernel: ... value mask:             0000ffffffffffff
[    0.165733] kernel: ... max period:             000000007fffffff
[    0.165734] kernel: ... fixed-purpose events:   0
[    0.165734] kernel: ... event mask:             00000000000000ff
[    0.165842] kernel: rcu: Hierarchical SRCU implementation.
[    0.165843] kernel: rcu:         Max phase no-delay instances is 1000.
[    0.166243] kernel: NMI watchdog: Perf NMI watchdog permanently disabled
[    0.167157] kernel: smp: Bringing up secondary CPUs ...
[    0.167157] kernel: x86: Booting SMP configuration:
[    0.167157] kernel: .... node  #0, CPUs:          #1
[    0.006854] kernel: Disabled fast string operations
[    0.167157] kernel:    #2
[    0.006854] kernel: Disabled fast string operations
[    0.167157] kernel:    #3
[    0.006854] kernel: Disabled fast string operations
[    0.167870] kernel: smp: Brought up 1 node, 4 CPUs
[    0.167870] kernel: smpboot: Max logical packages: 32
[    0.167870] kernel: smpboot: Total of 4 processors activated (28800.02 BogoMIPS)
[    0.168134] kernel: devtmpfs: initialized
[    0.168134] kernel: x86/mm: Memory block size: 128MB
[    0.168464] kernel: ACPI: PM: Registering ACPI NVS region [mem 0xbfeff000-0xbfefffff] (4096 bytes)
[    0.168464] kernel: clocksource: jiffies: mask: 0xffffffff max_cycles: 0xffffffff, max_idle_ns: 7645041785100000 ns
[    0.168464] kernel: futex hash table entries: 32768 (order: 9, 2097152 bytes, linear)
[    0.168464] kernel: pinctrl core: initialized pinctrl subsystem
[    0.171253] kernel: PM: RTC time: 13:28:19, date: 2023-04-14
[    0.172181] kernel: NET: Registered PF_NETLINK/PF_ROUTE protocol family
[    0.172745] kernel: DMA: preallocated 2048 KiB GFP_KERNEL pool for atomic allocations
[    0.172901] kernel: DMA: preallocated 2048 KiB GFP_KERNEL|GFP_DMA pool for atomic allocations
[    0.173068] kernel: DMA: preallocated 2048 KiB GFP_KERNEL|GFP_DMA32 pool for atomic allocations
[    0.173074] kernel: audit: initializing netlink subsys (disabled)
[    0.173090] kernel: audit: type=2000 audit(1681478899.028:1): state=initialized audit_enabled=0 res=1
[    0.173090] kernel: thermal_sys: Registered thermal governor 'fair_share'
[    0.173090] kernel: thermal_sys: Registered thermal governor 'bang_bang'
[    0.173090] kernel: thermal_sys: Registered thermal governor 'step_wise'
[    0.173090] kernel: thermal_sys: Registered thermal governor 'user_space'
[    0.173090] kernel: thermal_sys: Registered thermal governor 'power_allocator'
[    0.173090] kernel: EISA bus registered
[    0.173090] kernel: cpuidle: using governor ladder
[    0.173090] kernel: cpuidle: using governor menu
[    0.173090] kernel: Simple Boot Flag at 0x36 set to 0x80
[    0.173090] kernel: HugeTLB: can optimize 4095 vmemmap pages for hugepages-1048576kB
[    0.173090] kernel: acpiphp: ACPI Hot Plug PCI Controller Driver version: 0.5
[    0.173090] kernel: PCI: MMCONFIG for domain 0000 [bus 00-7f] at [mem 0xf0000000-0xf7ffffff] (base 0xf0000000)
[    0.173090] kernel: PCI: MMCONFIG at [mem 0xf0000000-0xf7ffffff] reserved in E820
[    0.173090] kernel: pmd_set_huge: Cannot satisfy [mem 0xf0000000-0xf0200000] with a huge-page mapping due to MTRR override.
[    0.173090] kernel: PCI: Using configuration type 1 for base access
[    0.175442] kernel: kprobes: kprobe jump-optimization is enabled. All kprobes are optimized if possible.
[    0.175457] kernel: HugeTLB: can optimize 7 vmemmap pages for hugepages-2048kB
[    0.175457] kernel: HugeTLB registered 1.00 GiB page size, pre-allocated 0 pages
[    0.175457] kernel: HugeTLB registered 2.00 MiB page size, pre-allocated 0 pages
[    0.179279] kernel: ACPI: Added _OSI(Module Device)
[    0.179280] kernel: ACPI: Added _OSI(Processor Device)
[    0.179281] kernel: ACPI: Added _OSI(3.0 _SCP Extensions)
[    0.179281] kernel: ACPI: Added _OSI(Processor Aggregator Device)
[    0.179282] kernel: ACPI: Added _OSI(Linux-Dell-Video)
[    0.179283] kernel: ACPI: Added _OSI(Linux-Lenovo-NV-HDMI-Audio)
[    0.179284] kernel: ACPI: Added _OSI(Linux-HPI-Hybrid-Graphics)
[    0.205165] kernel: ACPI: 1 ACPI AML tables successfully acquired and loaded
[    0.207623] kernel: ACPI: [Firmware Bug]: BIOS _OSI(Linux) query ignored
[    0.233799] kernel: ACPI: Interpreter enabled
[    0.233813] kernel: ACPI: PM: (supports S0 S1 S4 S5)
[    0.233814] kernel: ACPI: Using IOAPIC for interrupt routing
[    0.233834] kernel: PCI: Using host bridge windows from ACPI; if necessary, use "pci=nocrs" and report a bug
[    0.233835] kernel: PCI: Using E820 reservations for host bridge windows
[    0.235433] kernel: ACPI: Enabled 4 GPEs in block 00 to 0F
[    0.416461] kernel: ACPI: PCI Root Bridge [PCI0] (domain 0000 [bus 00-7f])
[    0.416470] kernel: acpi PNP0A03:00: _OSC: OS supports [ExtendedConfig ASPM ClockPM Segments MSI EDR HPX-Type3]
[    0.416598] kernel: acpi PNP0A03:00: _OSC: platform does not support [AER LTR DPC]
[    0.416838] kernel: acpi PNP0A03:00: _OSC: OS now controls [PCIeHotplug SHPCHotplug PME PCIeCapability]
[    0.418760] kernel: PCI host bridge to bus 0000:00
[    0.418762] kernel: pci_bus 0000:00: root bus resource [mem 0x000a0000-0x000bffff window]
[    0.418763] kernel: pci_bus 0000:00: root bus resource [mem 0x000d0000-0x000dbfff window]
[    0.418765] kernel: pci_bus 0000:00: root bus resource [mem 0xc0000000-0xfebfffff window]
[    0.418766] kernel: pci_bus 0000:00: root bus resource [io  0x0000-0x0cf7 window]
[    0.418767] kernel: pci_bus 0000:00: root bus resource [io  0x0d00-0xfeff window]
[    0.418768] kernel: pci_bus 0000:00: root bus resource [bus 00-7f]
[    0.418874] kernel: pci 0000:00:00.0: [8086:7190] type 00 class 0x060000
[    0.419389] kernel: pci 0000:00:01.0: [8086:7191] type 01 class 0x060400
[    0.420712] kernel: pci 0000:00:07.0: [8086:7110] type 00 class 0x060100
[    0.421289] kernel: pci 0000:00:07.1: [8086:7111] type 00 class 0x01018a
[    0.422682] kernel: pci 0000:00:07.1: reg 0x20: [io  0x1060-0x106f]
[    0.423159] kernel: pci 0000:00:07.1: legacy IDE quirk: reg 0x10: [io  0x01f0-0x01f7]
[    0.423161] kernel: pci 0000:00:07.1: legacy IDE quirk: reg 0x14: [io  0x03f6]
[    0.423162] kernel: pci 0000:00:07.1: legacy IDE quirk: reg 0x18: [io  0x0170-0x0177]
[    0.423163] kernel: pci 0000:00:07.1: legacy IDE quirk: reg 0x1c: [io  0x0376]
[    0.423325] kernel: pci 0000:00:07.3: [8086:7113] type 00 class 0x068000
[    0.424773] kernel: pci 0000:00:07.3: quirk: [io  0x1000-0x103f] claimed by PIIX4 ACPI
[    0.424783] kernel: pci 0000:00:07.3: quirk: [io  0x1040-0x104f] claimed by PIIX4 SMB
[    0.425032] kernel: pci 0000:00:07.7: [15ad:0740] type 00 class 0x088000
[    0.425505] kernel: pci 0000:00:07.7: reg 0x10: [io  0x1080-0x10bf]
[    0.425952] kernel: pci 0000:00:07.7: reg 0x14: [mem 0xfebc0000-0xfebfffff 64bit]
[    0.429280] kernel: pci 0000:00:0f.0: [15ad:0405] type 00 class 0x030000
[    0.430122] kernel: pci 0000:00:0f.0: reg 0x10: [io  0x1070-0x107f]
[    0.430849] kernel: pci 0000:00:0f.0: reg 0x14: [mem 0xe8000000-0xefffffff pref]
[    0.431550] kernel: pci 0000:00:0f.0: reg 0x18: [mem 0xfe000000-0xfe7fffff]
[    0.434342] kernel: pci 0000:00:0f.0: reg 0x30: [mem 0x00000000-0x00007fff pref]
[    0.434391] kernel: pci 0000:00:0f.0: Video device with shadowed ROM at [mem 0x000c0000-0x000dffff]
[    0.434734] kernel: pci 0000:00:10.0: [1000:0030] type 00 class 0x010000
[    0.435163] kernel: pci 0000:00:10.0: reg 0x10: [io  0x1400-0x14ff]
[    0.435620] kernel: pci 0000:00:10.0: reg 0x14: [mem 0xfeb80000-0xfeb9ffff 64bit]
[    0.436043] kernel: pci 0000:00:10.0: reg 0x1c: [mem 0xfeba0000-0xfebbffff 64bit]
[    0.436846] kernel: pci 0000:00:10.0: reg 0x30: [mem 0x00000000-0x00003fff pref]
[    0.437194] kernel: pci 0000:00:11.0: [15ad:0790] type 01 class 0x060401
[    0.438365] kernel: pci 0000:00:15.0: [15ad:07a0] type 01 class 0x060400
[    0.438972] kernel: pci 0000:00:15.0: PME# supported from D0 D3hot D3cold
[    0.439250] kernel: pci 0000:00:15.1: [15ad:07a0] type 01 class 0x060400
[    0.439857] kernel: pci 0000:00:15.1: PME# supported from D0 D3hot D3cold
[    0.440170] kernel: pci 0000:00:15.2: [15ad:07a0] type 01 class 0x060400
[    0.440776] kernel: pci 0000:00:15.2: PME# supported from D0 D3hot D3cold
[    0.441099] kernel: pci 0000:00:15.3: [15ad:07a0] type 01 class 0x060400
[    0.441709] kernel: pci 0000:00:15.3: PME# supported from D0 D3hot D3cold
[    0.442026] kernel: pci 0000:00:15.4: [15ad:07a0] type 01 class 0x060400
[    0.442632] kernel: pci 0000:00:15.4: PME# supported from D0 D3hot D3cold
[    0.442943] kernel: pci 0000:00:15.5: [15ad:07a0] type 01 class 0x060400
[    0.442943] kernel: pci 0000:00:15.5: PME# supported from D0 D3hot D3cold
[    0.442943] kernel: pci 0000:00:15.6: [15ad:07a0] type 01 class 0x060400
[    0.442943] kernel: pci 0000:00:15.6: PME# supported from D0 D3hot D3cold
[    0.442943] kernel: pci 0000:00:15.7: [15ad:07a0] type 01 class 0x060400
[    0.442943] kernel: pci 0000:00:15.7: PME# supported from D0 D3hot D3cold
[    0.442943] kernel: pci 0000:00:16.0: [15ad:07a0] type 01 class 0x060400
[    0.442943] kernel: pci 0000:00:16.0: PME# supported from D0 D3hot D3cold
[    0.442943] kernel: pci 0000:00:16.1: [15ad:07a0] type 01 class 0x060400
[    0.443157] kernel: pci 0000:00:16.1: PME# supported from D0 D3hot D3cold
[    0.443157] kernel: pci 0000:00:16.2: [15ad:07a0] type 01 class 0x060400
[    0.443157] kernel: pci 0000:00:16.2: PME# supported from D0 D3hot D3cold
[    0.443157] kernel: pci 0000:00:16.3: [15ad:07a0] type 01 class 0x060400
[    0.443157] kernel: pci 0000:00:16.3: PME# supported from D0 D3hot D3cold
[    0.443157] kernel: pci 0000:00:16.4: [15ad:07a0] type 01 class 0x060400
[    0.443157] kernel: pci 0000:00:16.4: PME# supported from D0 D3hot D3cold
[    0.443157] kernel: pci 0000:00:16.5: [15ad:07a0] type 01 class 0x060400
[    0.443157] kernel: pci 0000:00:16.5: PME# supported from D0 D3hot D3cold
[    0.447342] kernel: pci 0000:00:16.6: [15ad:07a0] type 01 class 0x060400
[    0.447958] kernel: pci 0000:00:16.6: PME# supported from D0 D3hot D3cold
[    0.448280] kernel: pci 0000:00:16.7: [15ad:07a0] type 01 class 0x060400
[    0.448885] kernel: pci 0000:00:16.7: PME# supported from D0 D3hot D3cold
[    0.449203] kernel: pci 0000:00:17.0: [15ad:07a0] type 01 class 0x060400
[    0.449813] kernel: pci 0000:00:17.0: PME# supported from D0 D3hot D3cold
[    0.450131] kernel: pci 0000:00:17.1: [15ad:07a0] type 01 class 0x060400
[    0.450742] kernel: pci 0000:00:17.1: PME# supported from D0 D3hot D3cold
[    0.451060] kernel: pci 0000:00:17.2: [15ad:07a0] type 01 class 0x060400
[    0.451669] kernel: pci 0000:00:17.2: PME# supported from D0 D3hot D3cold
[    0.451989] kernel: pci 0000:00:17.3: [15ad:07a0] type 01 class 0x060400
[    0.452593] kernel: pci 0000:00:17.3: PME# supported from D0 D3hot D3cold
[    0.452905] kernel: pci 0000:00:17.4: [15ad:07a0] type 01 class 0x060400
[    0.453515] kernel: pci 0000:00:17.4: PME# supported from D0 D3hot D3cold
[    0.453830] kernel: pci 0000:00:17.5: [15ad:07a0] type 01 class 0x060400
[    0.454443] kernel: pci 0000:00:17.5: PME# supported from D0 D3hot D3cold
[    0.454757] kernel: pci 0000:00:17.6: [15ad:07a0] type 01 class 0x060400
[    0.455373] kernel: pci 0000:00:17.6: PME# supported from D0 D3hot D3cold
[    0.455693] kernel: pci 0000:00:17.7: [15ad:07a0] type 01 class 0x060400
[    0.456298] kernel: pci 0000:00:17.7: PME# supported from D0 D3hot D3cold
[    0.456619] kernel: pci 0000:00:18.0: [15ad:07a0] type 01 class 0x060400
[    0.457230] kernel: pci 0000:00:18.0: PME# supported from D0 D3hot D3cold
[    0.457561] kernel: pci 0000:00:18.1: [15ad:07a0] type 01 class 0x060400
[    0.458212] kernel: pci 0000:00:18.1: PME# supported from D0 D3hot D3cold
[    0.458532] kernel: pci 0000:00:18.2: [15ad:07a0] type 01 class 0x060400
[    0.459157] kernel: pci 0000:00:18.2: PME# supported from D0 D3hot D3cold
[    0.459475] kernel: pci 0000:00:18.3: [15ad:07a0] type 01 class 0x060400
[    0.460084] kernel: pci 0000:00:18.3: PME# supported from D0 D3hot D3cold
[    0.460409] kernel: pci 0000:00:18.4: [15ad:07a0] type 01 class 0x060400
[    0.461021] kernel: pci 0000:00:18.4: PME# supported from D0 D3hot D3cold
[    0.461335] kernel: pci 0000:00:18.5: [15ad:07a0] type 01 class 0x060400
[    0.461941] kernel: pci 0000:00:18.5: PME# supported from D0 D3hot D3cold
[    0.462260] kernel: pci 0000:00:18.6: [15ad:07a0] type 01 class 0x060400
[    0.462872] kernel: pci 0000:00:18.6: PME# supported from D0 D3hot D3cold
[    0.463197] kernel: pci 0000:00:18.7: [15ad:07a0] type 01 class 0x060400
[    0.463810] kernel: pci 0000:00:18.7: PME# supported from D0 D3hot D3cold
[    0.465378] kernel: pci_bus 0000:01: extended config space not accessible
[    0.471027] kernel: pci 0000:00:01.0: PCI bridge to [bus 01]
[    0.471187] kernel: pci_bus 0000:02: extended config space not accessible
[    0.471410] kernel: acpiphp: Slot [32] registered
[    0.471429] kernel: acpiphp: Slot [33] registered
[    0.471448] kernel: acpiphp: Slot [34] registered
[    0.471465] kernel: acpiphp: Slot [35] registered
[    0.471490] kernel: acpiphp: Slot [36] registered
[    0.471509] kernel: acpiphp: Slot [37] registered
[    0.471526] kernel: acpiphp: Slot [38] registered
[    0.471544] kernel: acpiphp: Slot [39] registered
[    0.471567] kernel: acpiphp: Slot [40] registered
[    0.471605] kernel: acpiphp: Slot [41] registered
[    0.471626] kernel: acpiphp: Slot [42] registered
[    0.471649] kernel: acpiphp: Slot [43] registered
[    0.471668] kernel: acpiphp: Slot [44] registered
[    0.471687] kernel: acpiphp: Slot [45] registered
[    0.471713] kernel: acpiphp: Slot [46] registered
[    0.471732] kernel: acpiphp: Slot [47] registered
[    0.471750] kernel: acpiphp: Slot [48] registered
[    0.471771] kernel: acpiphp: Slot [49] registered
[    0.471790] kernel: acpiphp: Slot [50] registered
[    0.471808] kernel: acpiphp: Slot [51] registered
[    0.471826] kernel: acpiphp: Slot [52] registered
[    0.471844] kernel: acpiphp: Slot [53] registered
[    0.471862] kernel: acpiphp: Slot [54] registered
[    0.471881] kernel: acpiphp: Slot [55] registered
[    0.471901] kernel: acpiphp: Slot [56] registered
[    0.471920] kernel: acpiphp: Slot [57] registered
[    0.471938] kernel: acpiphp: Slot [58] registered
[    0.471956] kernel: acpiphp: Slot [59] registered
[    0.471977] kernel: acpiphp: Slot [60] registered
[    0.471995] kernel: acpiphp: Slot [61] registered
[    0.472016] kernel: acpiphp: Slot [62] registered
[    0.472034] kernel: acpiphp: Slot [63] registered
[    0.472100] kernel: pci 0000:02:00.0: [15ad:0774] type 00 class 0x0c0300
[    0.473385] kernel: pci 0000:02:00.0: reg 0x20: [io  0x2080-0x209f]
[    0.474690] kernel: pci 0000:02:01.0: [8086:100f] type 00 class 0x020000
[    0.475156] kernel: pci 0000:02:01.0: reg 0x10: [mem 0xfd5c0000-0xfd5dffff 64bit]
[    0.475578] kernel: pci 0000:02:01.0: reg 0x18: [mem 0xfdff0000-0xfdffffff 64bit]
[    0.476003] kernel: pci 0000:02:01.0: reg 0x20: [io  0x2000-0x203f]
[    0.476828] kernel: pci 0000:02:01.0: reg 0x30: [mem 0x00000000-0x0000ffff pref]
[    0.477076] kernel: pci 0000:02:01.0: PME# supported from D0 D3hot D3cold
[    0.477733] kernel: pci 0000:02:02.0: [1274:1371] type 00 class 0x040100
[    0.478027] kernel: pci 0000:02:02.0: reg 0x10: [io  0x2040-0x207f]
[    0.480188] kernel: pci 0000:02:03.0: [15ad:0770] type 00 class 0x0c0320
[    0.480496] kernel: pci 0000:02:03.0: reg 0x10: [mem 0xfd5ef000-0xfd5effff]
[    0.482829] kernel: pci 0000:02:04.0: [15ad:07e0] type 00 class 0x010601
[    0.484294] kernel: pci 0000:02:04.0: reg 0x24: [mem 0xfd5ee000-0xfd5eefff]
[    0.484550] kernel: pci 0000:02:04.0: reg 0x30: [mem 0x00000000-0x0000ffff pref]
[    0.484840] kernel: pci 0000:02:04.0: PME# supported from D3hot
[    0.490293] kernel: pci 0000:00:11.0: PCI bridge to [bus 02] (subtractive decode)
[    0.490311] kernel: pci 0000:00:11.0:   bridge window [io  0x2000-0x3fff]
[    0.490327] kernel: pci 0000:00:11.0:   bridge window [mem 0xfd500000-0xfdffffff]
[    0.490357] kernel: pci 0000:00:11.0:   bridge window [mem 0xe7b00000-0xe7ffffff 64bit pref]
[    0.490358] kernel: pci 0000:00:11.0:   bridge window [mem 0x000a0000-0x000bffff window] (subtractive decode)
[    0.490359] kernel: pci 0000:00:11.0:   bridge window [mem 0x000d0000-0x000dbfff window] (subtractive decode)
[    0.490360] kernel: pci 0000:00:11.0:   bridge window [mem 0xc0000000-0xfebfffff window] (subtractive decode)
[    0.490362] kernel: pci 0000:00:11.0:   bridge window [io  0x0000-0x0cf7 window] (subtractive decode)
[    0.490363] kernel: pci 0000:00:11.0:   bridge window [io  0x0d00-0xfeff window] (subtractive decode)
[    0.490789] kernel: pci 0000:00:15.0: PCI bridge to [bus 03]
[    0.490806] kernel: pci 0000:00:15.0:   bridge window [io  0x4000-0x4fff]
[    0.490822] kernel: pci 0000:00:15.0:   bridge window [mem 0xfd400000-0xfd4fffff]
[    0.490851] kernel: pci 0000:00:15.0:   bridge window [mem 0xe7a00000-0xe7afffff 64bit pref]
[    0.491157] kernel: pci 0000:00:15.1: PCI bridge to [bus 04]
[    0.491167] kernel: pci 0000:00:15.1:   bridge window [io  0x8000-0x8fff]
[    0.491183] kernel: pci 0000:00:15.1:   bridge window [mem 0xfd000000-0xfd0fffff]
[    0.491212] kernel: pci 0000:00:15.1:   bridge window [mem 0xe7600000-0xe76fffff 64bit pref]
[    0.491625] kernel: pci 0000:00:15.2: PCI bridge to [bus 05]
[    0.491641] kernel: pci 0000:00:15.2:   bridge window [io  0xc000-0xcfff]
[    0.491657] kernel: pci 0000:00:15.2:   bridge window [mem 0xfcc00000-0xfccfffff]
[    0.491687] kernel: pci 0000:00:15.2:   bridge window [mem 0xe7200000-0xe72fffff 64bit pref]
[    0.492109] kernel: pci 0000:00:15.3: PCI bridge to [bus 06]
[    0.492140] kernel: pci 0000:00:15.3:   bridge window [mem 0xfc800000-0xfc8fffff]
[    0.492169] kernel: pci 0000:00:15.3:   bridge window [mem 0xe6e00000-0xe6efffff 64bit pref]
[    0.492577] kernel: pci 0000:00:15.4: PCI bridge to [bus 07]
[    0.492608] kernel: pci 0000:00:15.4:   bridge window [mem 0xfc400000-0xfc4fffff]
[    0.492638] kernel: pci 0000:00:15.4:   bridge window [mem 0xe6a00000-0xe6afffff 64bit pref]
[    0.493048] kernel: pci 0000:00:15.5: PCI bridge to [bus 08]
[    0.493079] kernel: pci 0000:00:15.5:   bridge window [mem 0xfc000000-0xfc0fffff]
[    0.493109] kernel: pci 0000:00:15.5:   bridge window [mem 0xe6600000-0xe66fffff 64bit pref]
[    0.493520] kernel: pci 0000:00:15.6: PCI bridge to [bus 09]
[    0.493551] kernel: pci 0000:00:15.6:   bridge window [mem 0xfbc00000-0xfbcfffff]
[    0.493580] kernel: pci 0000:00:15.6:   bridge window [mem 0xe6200000-0xe62fffff 64bit pref]
[    0.493985] kernel: pci 0000:00:15.7: PCI bridge to [bus 0a]
[    0.494021] kernel: pci 0000:00:15.7:   bridge window [mem 0xfb800000-0xfb8fffff]
[    0.494051] kernel: pci 0000:00:15.7:   bridge window [mem 0xe5e00000-0xe5efffff 64bit pref]
[    0.494453] kernel: pci 0000:00:16.0: PCI bridge to [bus 0b]
[    0.494469] kernel: pci 0000:00:16.0:   bridge window [io  0x5000-0x5fff]
[    0.494485] kernel: pci 0000:00:16.0:   bridge window [mem 0xfd300000-0xfd3fffff]
[    0.494521] kernel: pci 0000:00:16.0:   bridge window [mem 0xe7900000-0xe79fffff 64bit pref]
[    0.494925] kernel: pci 0000:00:16.1: PCI bridge to [bus 0c]
[    0.494941] kernel: pci 0000:00:16.1:   bridge window [io  0x9000-0x9fff]
[    0.494956] kernel: pci 0000:00:16.1:   bridge window [mem 0xfcf00000-0xfcffffff]
[    0.494986] kernel: pci 0000:00:16.1:   bridge window [mem 0xe7500000-0xe75fffff 64bit pref]
[    0.495386] kernel: pci 0000:00:16.2: PCI bridge to [bus 0d]
[    0.495402] kernel: pci 0000:00:16.2:   bridge window [io  0xd000-0xdfff]
[    0.495418] kernel: pci 0000:00:16.2:   bridge window [mem 0xfcb00000-0xfcbfffff]
[    0.495447] kernel: pci 0000:00:16.2:   bridge window [mem 0xe7100000-0xe71fffff 64bit pref]
[    0.495859] kernel: pci 0000:00:16.3: PCI bridge to [bus 0e]
[    0.495890] kernel: pci 0000:00:16.3:   bridge window [mem 0xfc700000-0xfc7fffff]
[    0.495919] kernel: pci 0000:00:16.3:   bridge window [mem 0xe6d00000-0xe6dfffff 64bit pref]
[    0.496333] kernel: pci 0000:00:16.4: PCI bridge to [bus 0f]
[    0.496363] kernel: pci 0000:00:16.4:   bridge window [mem 0xfc300000-0xfc3fffff]
[    0.496393] kernel: pci 0000:00:16.4:   bridge window [mem 0xe6900000-0xe69fffff 64bit pref]
[    0.496805] kernel: pci 0000:00:16.5: PCI bridge to [bus 10]
[    0.496836] kernel: pci 0000:00:16.5:   bridge window [mem 0xfbf00000-0xfbffffff]
[    0.496865] kernel: pci 0000:00:16.5:   bridge window [mem 0xe6500000-0xe65fffff 64bit pref]
[    0.497280] kernel: pci 0000:00:16.6: PCI bridge to [bus 11]
[    0.497310] kernel: pci 0000:00:16.6:   bridge window [mem 0xfbb00000-0xfbbfffff]
[    0.497341] kernel: pci 0000:00:16.6:   bridge window [mem 0xe6100000-0xe61fffff 64bit pref]
[    0.497750] kernel: pci 0000:00:16.7: PCI bridge to [bus 12]
[    0.497780] kernel: pci 0000:00:16.7:   bridge window [mem 0xfb700000-0xfb7fffff]
[    0.497810] kernel: pci 0000:00:16.7:   bridge window [mem 0xe5d00000-0xe5dfffff 64bit pref]
[    0.498221] kernel: pci 0000:00:17.0: PCI bridge to [bus 13]
[    0.498237] kernel: pci 0000:00:17.0:   bridge window [io  0x6000-0x6fff]
[    0.498253] kernel: pci 0000:00:17.0:   bridge window [mem 0xfd200000-0xfd2fffff]
[    0.498283] kernel: pci 0000:00:17.0:   bridge window [mem 0xe7800000-0xe78fffff 64bit pref]
[    0.498715] kernel: pci 0000:00:17.1: PCI bridge to [bus 14]
[    0.498732] kernel: pci 0000:00:17.1:   bridge window [io  0xa000-0xafff]
[    0.498747] kernel: pci 0000:00:17.1:   bridge window [mem 0xfce00000-0xfcefffff]
[    0.498777] kernel: pci 0000:00:17.1:   bridge window [mem 0xe7400000-0xe74fffff 64bit pref]
[    0.499157] kernel: pci 0000:00:17.2: PCI bridge to [bus 15]
[    0.499166] kernel: pci 0000:00:17.2:   bridge window [io  0xe000-0xefff]
[    0.499182] kernel: pci 0000:00:17.2:   bridge window [mem 0xfca00000-0xfcafffff]
[    0.499212] kernel: pci 0000:00:17.2:   bridge window [mem 0xe7000000-0xe70fffff 64bit pref]
[    0.499619] kernel: pci 0000:00:17.3: PCI bridge to [bus 16]
[    0.499649] kernel: pci 0000:00:17.3:   bridge window [mem 0xfc600000-0xfc6fffff]
[    0.499679] kernel: pci 0000:00:17.3:   bridge window [mem 0xe6c00000-0xe6cfffff 64bit pref]
[    0.500086] kernel: pci 0000:00:17.4: PCI bridge to [bus 17]
[    0.500116] kernel: pci 0000:00:17.4:   bridge window [mem 0xfc200000-0xfc2fffff]
[    0.500146] kernel: pci 0000:00:17.4:   bridge window [mem 0xe6800000-0xe68fffff 64bit pref]
[    0.500559] kernel: pci 0000:00:17.5: PCI bridge to [bus 18]
[    0.500589] kernel: pci 0000:00:17.5:   bridge window [mem 0xfbe00000-0xfbefffff]
[    0.500619] kernel: pci 0000:00:17.5:   bridge window [mem 0xe6400000-0xe64fffff 64bit pref]
[    0.501027] kernel: pci 0000:00:17.6: PCI bridge to [bus 19]
[    0.501058] kernel: pci 0000:00:17.6:   bridge window [mem 0xfba00000-0xfbafffff]
[    0.501087] kernel: pci 0000:00:17.6:   bridge window [mem 0xe6000000-0xe60fffff 64bit pref]
[    0.501499] kernel: pci 0000:00:17.7: PCI bridge to [bus 1a]
[    0.501530] kernel: pci 0000:00:17.7:   bridge window [mem 0xfb600000-0xfb6fffff]
[    0.501559] kernel: pci 0000:00:17.7:   bridge window [mem 0xe5c00000-0xe5cfffff 64bit pref]
[    0.501971] kernel: pci 0000:00:18.0: PCI bridge to [bus 1b]
[    0.501988] kernel: pci 0000:00:18.0:   bridge window [io  0x7000-0x7fff]
[    0.502012] kernel: pci 0000:00:18.0:   bridge window [mem 0xfd100000-0xfd1fffff]
[    0.502041] kernel: pci 0000:00:18.0:   bridge window [mem 0xe7700000-0xe77fffff 64bit pref]
[    0.502455] kernel: pci 0000:00:18.1: PCI bridge to [bus 1c]
[    0.502471] kernel: pci 0000:00:18.1:   bridge window [io  0xb000-0xbfff]
[    0.502487] kernel: pci 0000:00:18.1:   bridge window [mem 0xfcd00000-0xfcdfffff]
[    0.502517] kernel: pci 0000:00:18.1:   bridge window [mem 0xe7300000-0xe73fffff 64bit pref]
[    0.502930] kernel: pci 0000:00:18.2: PCI bridge to [bus 1d]
[    0.502961] kernel: pci 0000:00:18.2:   bridge window [mem 0xfc900000-0xfc9fffff]
[    0.502990] kernel: pci 0000:00:18.2:   bridge window [mem 0xe6f00000-0xe6ffffff 64bit pref]
[    0.502990] kernel: pci 0000:00:18.3: PCI bridge to [bus 1e]
[    0.502990] kernel: pci 0000:00:18.3:   bridge window [mem 0xfc500000-0xfc5fffff]
[    0.502990] kernel: pci 0000:00:18.3:   bridge window [mem 0xe6b00000-0xe6bfffff 64bit pref]
[    0.502990] kernel: pci 0000:00:18.4: PCI bridge to [bus 1f]
[    0.502990] kernel: pci 0000:00:18.4:   bridge window [mem 0xfc100000-0xfc1fffff]
[    0.502990] kernel: pci 0000:00:18.4:   bridge window [mem 0xe6700000-0xe67fffff 64bit pref]
[    0.502990] kernel: pci 0000:00:18.5: PCI bridge to [bus 20]
[    0.502990] kernel: pci 0000:00:18.5:   bridge window [mem 0xfbd00000-0xfbdfffff]
[    0.502990] kernel: pci 0000:00:18.5:   bridge window [mem 0xe6300000-0xe63fffff 64bit pref]
[    0.502990] kernel: pci 0000:00:18.6: PCI bridge to [bus 21]
[    0.502990] kernel: pci 0000:00:18.6:   bridge window [mem 0xfb900000-0xfb9fffff]
[    0.502990] kernel: pci 0000:00:18.6:   bridge window [mem 0xe5f00000-0xe5ffffff 64bit pref]
[    0.502990] kernel: pci 0000:00:18.7: PCI bridge to [bus 22]
[    0.502990] kernel: pci 0000:00:18.7:   bridge window [mem 0xfb500000-0xfb5fffff]
[    0.502990] kernel: pci 0000:00:18.7:   bridge window [mem 0xe5b00000-0xe5bfffff 64bit pref]
[    0.503157] kernel: ACPI: PCI: Interrupt link LNKA configured for IRQ 9
[    0.503157] kernel: ACPI: PCI: Interrupt link LNKB configured for IRQ 11
[    0.503157] kernel: ACPI: PCI: Interrupt link LNKC configured for IRQ 10
[    0.503157] kernel: ACPI: PCI: Interrupt link LNKD configured for IRQ 7
[    0.546842] kernel: iommu: Default domain type: Translated 
[    0.546842] kernel: iommu: DMA domain TLB invalidation policy: lazy mode 
[    0.546842] kernel: SCSI subsystem initialized
[    0.547267] kernel: libata version 3.00 loaded.
[    0.547267] kernel: ACPI: bus type USB registered
[    0.547267] kernel: usbcore: registered new interface driver usbfs
[    0.547267] kernel: usbcore: registered new interface driver hub
[    0.547267] kernel: usbcore: registered new device driver usb
[    0.547267] kernel: pps_core: LinuxPPS API ver. 1 registered
[    0.547267] kernel: pps_core: Software ver. 5.3.6 - Copyright 2005-2007 Rodolfo Giometti <giometti@linux.it>
[    0.547267] kernel: PTP clock support registered
[    0.547315] kernel: EDAC MC: Ver: 3.0.0
[    0.548201] kernel: NetLabel: Initializing
[    0.548201] kernel: NetLabel:  domain hash size = 128
[    0.548201] kernel: NetLabel:  protocols = UNLABELED CIPSOv4 CALIPSO
[    0.548201] kernel: NetLabel:  unlabeled traffic allowed by default
[    0.548201] kernel: mctp: management component transport protocol core
[    0.548201] kernel: NET: Registered PF_MCTP protocol family
[    0.548201] kernel: PCI: Using ACPI for IRQ routing
[    0.572068] kernel: PCI: pci_cache_line_size set to 64 bytes
[    0.572775] kernel: e820: reserve RAM buffer [mem 0x0009e800-0x0009ffff]
[    0.572777] kernel: e820: reserve RAM buffer [mem 0xbfed0000-0xbfffffff]
[    0.572800] kernel: pci 0000:00:0f.0: vgaarb: setting as boot VGA device
[    0.572800] kernel: pci 0000:00:0f.0: vgaarb: bridge control possible
[    0.572800] kernel: pci 0000:00:0f.0: vgaarb: VGA device added: decodes=io+mem,owns=io+mem,locks=none
[    0.572800] kernel: vgaarb: loaded
[    0.572800] kernel: hpet0: at MMIO 0xfed00000, IRQs 2, 8, 0, 0, 0, 0, 0, 0, 0, 0, 0, 0, 0, 0, 0, 0
[    0.572800] kernel: hpet0: 16 comparators, 64-bit 14.318180 MHz counter
[    0.575263] kernel: clocksource: Switched to clocksource tsc-early
[    0.575447] kernel: VFS: Disk quotas dquot_6.6.0
[    0.575474] kernel: VFS: Dquot-cache hash table entries: 512 (order 0, 4096 bytes)
[    0.575633] kernel: AppArmor: AppArmor Filesystem Enabled
[    0.575647] kernel: pnp: PnP ACPI init
[    0.575803] kernel: system 00:00: [io  0x1000-0x103f] has been reserved
[    0.575806] kernel: system 00:00: [io  0x1040-0x104f] has been reserved
[    0.575808] kernel: system 00:00: [io  0x0cf0-0x0cf1] has been reserved
[    0.576086] kernel: system 00:04: [mem 0xfed00000-0xfed003ff] has been reserved
[    0.578233] kernel: pnp 00:06: [dma 2]
[    0.578486] kernel: system 00:07: [io  0xfce0-0xfcff] has been reserved
[    0.578489] kernel: system 00:07: [mem 0xf0000000-0xf7ffffff] has been reserved
[    0.578491] kernel: system 00:07: [mem 0xfe800000-0xfe9fffff] has been reserved
[    0.612221] kernel: pnp: PnP ACPI: found 8 devices
[    0.622197] kernel: clocksource: acpi_pm: mask: 0xffffff max_cycles: 0xffffff, max_idle_ns: 2085701024 ns
[    0.622271] kernel: NET: Registered PF_INET protocol family
[    0.622739] kernel: IP idents hash table entries: 262144 (order: 9, 2097152 bytes, linear)
[    0.625479] kernel: tcp_listen_portaddr_hash hash table entries: 8192 (order: 5, 131072 bytes, linear)
[    0.625540] kernel: Table-perturb hash table entries: 65536 (order: 6, 262144 bytes, linear)
[    0.625757] kernel: TCP established hash table entries: 131072 (order: 8, 1048576 bytes, linear)
[    0.626116] kernel: TCP bind hash table entries: 65536 (order: 8, 1048576 bytes, linear)
[    0.626163] kernel: TCP: Hash tables configured (established 131072 bind 65536)
[    0.626489] kernel: MPTCP token hash table entries: 16384 (order: 6, 393216 bytes, linear)
[    0.626573] kernel: UDP hash table entries: 8192 (order: 6, 262144 bytes, linear)
[    0.626653] kernel: UDP-Lite hash table entries: 8192 (order: 6, 262144 bytes, linear)
[    0.626814] kernel: NET: Registered PF_UNIX/PF_LOCAL protocol family
[    0.626826] kernel: NET: Registered PF_XDP protocol family
[    0.626841] kernel: pci 0000:00:15.3: bridge window [io  0x1000-0x0fff] to [bus 06] add_size 1000
[    0.626844] kernel: pci 0000:00:15.4: bridge window [io  0x1000-0x0fff] to [bus 07] add_size 1000
[    0.626845] kernel: pci 0000:00:15.5: bridge window [io  0x1000-0x0fff] to [bus 08] add_size 1000
[    0.626847] kernel: pci 0000:00:15.6: bridge window [io  0x1000-0x0fff] to [bus 09] add_size 1000
[    0.626848] kernel: pci 0000:00:15.7: bridge window [io  0x1000-0x0fff] to [bus 0a] add_size 1000
[    0.626850] kernel: pci 0000:00:16.3: bridge window [io  0x1000-0x0fff] to [bus 0e] add_size 1000
[    0.626851] kernel: pci 0000:00:16.4: bridge window [io  0x1000-0x0fff] to [bus 0f] add_size 1000
[    0.626852] kernel: pci 0000:00:16.5: bridge window [io  0x1000-0x0fff] to [bus 10] add_size 1000
[    0.626854] kernel: pci 0000:00:16.6: bridge window [io  0x1000-0x0fff] to [bus 11] add_size 1000
[    0.626855] kernel: pci 0000:00:16.7: bridge window [io  0x1000-0x0fff] to [bus 12] add_size 1000
[    0.626857] kernel: pci 0000:00:17.3: bridge window [io  0x1000-0x0fff] to [bus 16] add_size 1000
[    0.626858] kernel: pci 0000:00:17.4: bridge window [io  0x1000-0x0fff] to [bus 17] add_size 1000
[    0.626859] kernel: pci 0000:00:17.5: bridge window [io  0x1000-0x0fff] to [bus 18] add_size 1000
[    0.626860] kernel: pci 0000:00:17.6: bridge window [io  0x1000-0x0fff] to [bus 19] add_size 1000
[    0.626862] kernel: pci 0000:00:17.7: bridge window [io  0x1000-0x0fff] to [bus 1a] add_size 1000
[    0.626863] kernel: pci 0000:00:18.2: bridge window [io  0x1000-0x0fff] to [bus 1d] add_size 1000
[    0.626865] kernel: pci 0000:00:18.3: bridge window [io  0x1000-0x0fff] to [bus 1e] add_size 1000
[    0.626866] kernel: pci 0000:00:18.4: bridge window [io  0x1000-0x0fff] to [bus 1f] add_size 1000
[    0.626867] kernel: pci 0000:00:18.5: bridge window [io  0x1000-0x0fff] to [bus 20] add_size 1000
[    0.626868] kernel: pci 0000:00:18.6: bridge window [io  0x1000-0x0fff] to [bus 21] add_size 1000
[    0.626870] kernel: pci 0000:00:18.7: bridge window [io  0x1000-0x0fff] to [bus 22] add_size 1000
[    0.626881] kernel: pci 0000:00:10.0: BAR 6: assigned [mem 0xc0000000-0xc0003fff pref]
[    0.626884] kernel: pci 0000:00:15.3: BAR 13: no space for [io  size 0x1000]
[    0.626886] kernel: pci 0000:00:15.3: BAR 13: failed to assign [io  size 0x1000]
[    0.626888] kernel: pci 0000:00:15.4: BAR 13: no space for [io  size 0x1000]
[    0.626889] kernel: pci 0000:00:15.4: BAR 13: failed to assign [io  size 0x1000]
[    0.626890] kernel: pci 0000:00:15.5: BAR 13: no space for [io  size 0x1000]
[    0.626891] kernel: pci 0000:00:15.5: BAR 13: failed to assign [io  size 0x1000]
[    0.626892] kernel: pci 0000:00:15.6: BAR 13: no space for [io  size 0x1000]
[    0.626893] kernel: pci 0000:00:15.6: BAR 13: failed to assign [io  size 0x1000]
[    0.626895] kernel: pci 0000:00:15.7: BAR 13: no space for [io  size 0x1000]
[    0.626896] kernel: pci 0000:00:15.7: BAR 13: failed to assign [io  size 0x1000]
[    0.626897] kernel: pci 0000:00:16.3: BAR 13: no space for [io  size 0x1000]
[    0.626898] kernel: pci 0000:00:16.3: BAR 13: failed to assign [io  size 0x1000]
[    0.626900] kernel: pci 0000:00:16.4: BAR 13: no space for [io  size 0x1000]
[    0.626900] kernel: pci 0000:00:16.4: BAR 13: failed to assign [io  size 0x1000]
[    0.626902] kernel: pci 0000:00:16.5: BAR 13: no space for [io  size 0x1000]
[    0.626903] kernel: pci 0000:00:16.5: BAR 13: failed to assign [io  size 0x1000]
[    0.626904] kernel: pci 0000:00:16.6: BAR 13: no space for [io  size 0x1000]
[    0.626905] kernel: pci 0000:00:16.6: BAR 13: failed to assign [io  size 0x1000]
[    0.626907] kernel: pci 0000:00:16.7: BAR 13: no space for [io  size 0x1000]
[    0.626908] kernel: pci 0000:00:16.7: BAR 13: failed to assign [io  size 0x1000]
[    0.626909] kernel: pci 0000:00:17.3: BAR 13: no space for [io  size 0x1000]
[    0.626910] kernel: pci 0000:00:17.3: BAR 13: failed to assign [io  size 0x1000]
[    0.626912] kernel: pci 0000:00:17.4: BAR 13: no space for [io  size 0x1000]
[    0.626912] kernel: pci 0000:00:17.4: BAR 13: failed to assign [io  size 0x1000]
[    0.626914] kernel: pci 0000:00:17.5: BAR 13: no space for [io  size 0x1000]
[    0.626915] kernel: pci 0000:00:17.5: BAR 13: failed to assign [io  size 0x1000]
[    0.626916] kernel: pci 0000:00:17.6: BAR 13: no space for [io  size 0x1000]
[    0.626917] kernel: pci 0000:00:17.6: BAR 13: failed to assign [io  size 0x1000]
[    0.626919] kernel: pci 0000:00:17.7: BAR 13: no space for [io  size 0x1000]
[    0.626920] kernel: pci 0000:00:17.7: BAR 13: failed to assign [io  size 0x1000]
[    0.626921] kernel: pci 0000:00:18.2: BAR 13: no space for [io  size 0x1000]
[    0.626922] kernel: pci 0000:00:18.2: BAR 13: failed to assign [io  size 0x1000]
[    0.626923] kernel: pci 0000:00:18.3: BAR 13: no space for [io  size 0x1000]
[    0.626924] kernel: pci 0000:00:18.3: BAR 13: failed to assign [io  size 0x1000]
[    0.626926] kernel: pci 0000:00:18.4: BAR 13: no space for [io  size 0x1000]
[    0.626927] kernel: pci 0000:00:18.4: BAR 13: failed to assign [io  size 0x1000]
[    0.626928] kernel: pci 0000:00:18.5: BAR 13: no space for [io  size 0x1000]
[    0.626929] kernel: pci 0000:00:18.5: BAR 13: failed to assign [io  size 0x1000]
[    0.626930] kernel: pci 0000:00:18.6: BAR 13: no space for [io  size 0x1000]
[    0.626931] kernel: pci 0000:00:18.6: BAR 13: failed to assign [io  size 0x1000]
[    0.626933] kernel: pci 0000:00:18.7: BAR 13: no space for [io  size 0x1000]
[    0.626934] kernel: pci 0000:00:18.7: BAR 13: failed to assign [io  size 0x1000]
[    0.626937] kernel: pci 0000:00:18.7: BAR 13: no space for [io  size 0x1000]
[    0.626938] kernel: pci 0000:00:18.7: BAR 13: failed to assign [io  size 0x1000]
[    0.626939] kernel: pci 0000:00:18.6: BAR 13: no space for [io  size 0x1000]
[    0.626940] kernel: pci 0000:00:18.6: BAR 13: failed to assign [io  size 0x1000]
[    0.626942] kernel: pci 0000:00:18.5: BAR 13: no space for [io  size 0x1000]
[    0.626943] kernel: pci 0000:00:18.5: BAR 13: failed to assign [io  size 0x1000]
[    0.626944] kernel: pci 0000:00:18.4: BAR 13: no space for [io  size 0x1000]
[    0.626945] kernel: pci 0000:00:18.4: BAR 13: failed to assign [io  size 0x1000]
[    0.626946] kernel: pci 0000:00:18.3: BAR 13: no space for [io  size 0x1000]
[    0.626947] kernel: pci 0000:00:18.3: BAR 13: failed to assign [io  size 0x1000]
[    0.626949] kernel: pci 0000:00:18.2: BAR 13: no space for [io  size 0x1000]
[    0.626950] kernel: pci 0000:00:18.2: BAR 13: failed to assign [io  size 0x1000]
[    0.626951] kernel: pci 0000:00:17.7: BAR 13: no space for [io  size 0x1000]
[    0.626952] kernel: pci 0000:00:17.7: BAR 13: failed to assign [io  size 0x1000]
[    0.626954] kernel: pci 0000:00:17.6: BAR 13: no space for [io  size 0x1000]
[    0.626955] kernel: pci 0000:00:17.6: BAR 13: failed to assign [io  size 0x1000]
[    0.626956] kernel: pci 0000:00:17.5: BAR 13: no space for [io  size 0x1000]
[    0.626957] kernel: pci 0000:00:17.5: BAR 13: failed to assign [io  size 0x1000]
[    0.626958] kernel: pci 0000:00:17.4: BAR 13: no space for [io  size 0x1000]
[    0.626959] kernel: pci 0000:00:17.4: BAR 13: failed to assign [io  size 0x1000]
[    0.626961] kernel: pci 0000:00:17.3: BAR 13: no space for [io  size 0x1000]
[    0.626962] kernel: pci 0000:00:17.3: BAR 13: failed to assign [io  size 0x1000]
[    0.626963] kernel: pci 0000:00:16.7: BAR 13: no space for [io  size 0x1000]
[    0.626964] kernel: pci 0000:00:16.7: BAR 13: failed to assign [io  size 0x1000]
[    0.626966] kernel: pci 0000:00:16.6: BAR 13: no space for [io  size 0x1000]
[    0.626967] kernel: pci 0000:00:16.6: BAR 13: failed to assign [io  size 0x1000]
[    0.626968] kernel: pci 0000:00:16.5: BAR 13: no space for [io  size 0x1000]
[    0.626969] kernel: pci 0000:00:16.5: BAR 13: failed to assign [io  size 0x1000]
[    0.626970] kernel: pci 0000:00:16.4: BAR 13: no space for [io  size 0x1000]
[    0.626971] kernel: pci 0000:00:16.4: BAR 13: failed to assign [io  size 0x1000]
[    0.626973] kernel: pci 0000:00:16.3: BAR 13: no space for [io  size 0x1000]
[    0.626974] kernel: pci 0000:00:16.3: BAR 13: failed to assign [io  size 0x1000]
[    0.626975] kernel: pci 0000:00:15.7: BAR 13: no space for [io  size 0x1000]
[    0.626976] kernel: pci 0000:00:15.7: BAR 13: failed to assign [io  size 0x1000]
[    0.626978] kernel: pci 0000:00:15.6: BAR 13: no space for [io  size 0x1000]
[    0.626979] kernel: pci 0000:00:15.6: BAR 13: failed to assign [io  size 0x1000]
[    0.626980] kernel: pci 0000:00:15.5: BAR 13: no space for [io  size 0x1000]
[    0.626981] kernel: pci 0000:00:15.5: BAR 13: failed to assign [io  size 0x1000]
[    0.626982] kernel: pci 0000:00:15.4: BAR 13: no space for [io  size 0x1000]
[    0.626983] kernel: pci 0000:00:15.4: BAR 13: failed to assign [io  size 0x1000]
[    0.626985] kernel: pci 0000:00:15.3: BAR 13: no space for [io  size 0x1000]
[    0.626986] kernel: pci 0000:00:15.3: BAR 13: failed to assign [io  size 0x1000]
[    0.626987] kernel: pci 0000:00:01.0: PCI bridge to [bus 01]
[    0.627069] kernel: pci 0000:02:01.0: BAR 6: assigned [mem 0xfd500000-0xfd50ffff pref]
[    0.627071] kernel: pci 0000:02:04.0: BAR 6: assigned [mem 0xfd510000-0xfd51ffff pref]
[    0.627072] kernel: pci 0000:00:11.0: PCI bridge to [bus 02]
[    0.627082] kernel: pci 0000:00:11.0:   bridge window [io  0x2000-0x3fff]
[    0.627116] kernel: pci 0000:00:11.0:   bridge window [mem 0xfd500000-0xfdffffff]
[    0.627132] kernel: pci 0000:00:11.0:   bridge window [mem 0xe7b00000-0xe7ffffff 64bit pref]
[    0.627169] kernel: pci 0000:00:15.0: PCI bridge to [bus 03]
[    0.627179] kernel: pci 0000:00:15.0:   bridge window [io  0x4000-0x4fff]
[    0.627202] kernel: pci 0000:00:15.0:   bridge window [mem 0xfd400000-0xfd4fffff]
[    0.627217] kernel: pci 0000:00:15.0:   bridge window [mem 0xe7a00000-0xe7afffff 64bit pref]
[    0.627279] kernel: pci 0000:00:15.1: PCI bridge to [bus 04]
[    0.627289] kernel: pci 0000:00:15.1:   bridge window [io  0x8000-0x8fff]
[    0.627318] kernel: pci 0000:00:15.1:   bridge window [mem 0xfd000000-0xfd0fffff]
[    0.627334] kernel: pci 0000:00:15.1:   bridge window [mem 0xe7600000-0xe76fffff 64bit pref]
[    0.627374] kernel: pci 0000:00:15.2: PCI bridge to [bus 05]
[    0.627384] kernel: pci 0000:00:15.2:   bridge window [io  0xc000-0xcfff]
[    0.627407] kernel: pci 0000:00:15.2:   bridge window [mem 0xfcc00000-0xfccfffff]
[    0.627422] kernel: pci 0000:00:15.2:   bridge window [mem 0xe7200000-0xe72fffff 64bit pref]
[    0.627461] kernel: pci 0000:00:15.3: PCI bridge to [bus 06]
[    0.627490] kernel: pci 0000:00:15.3:   bridge window [mem 0xfc800000-0xfc8fffff]
[    0.627506] kernel: pci 0000:00:15.3:   bridge window [mem 0xe6e00000-0xe6efffff 64bit pref]
[    0.627545] kernel: pci 0000:00:15.4: PCI bridge to [bus 07]
[    0.627568] kernel: pci 0000:00:15.4:   bridge window [mem 0xfc400000-0xfc4fffff]
[    0.627584] kernel: pci 0000:00:15.4:   bridge window [mem 0xe6a00000-0xe6afffff 64bit pref]
[    0.627623] kernel: pci 0000:00:15.5: PCI bridge to [bus 08]
[    0.627647] kernel: pci 0000:00:15.5:   bridge window [mem 0xfc000000-0xfc0fffff]
[    0.627662] kernel: pci 0000:00:15.5:   bridge window [mem 0xe6600000-0xe66fffff 64bit pref]
[    0.627700] kernel: pci 0000:00:15.6: PCI bridge to [bus 09]
[    0.627724] kernel: pci 0000:00:15.6:   bridge window [mem 0xfbc00000-0xfbcfffff]
[    0.627740] kernel: pci 0000:00:15.6:   bridge window [mem 0xe6200000-0xe62fffff 64bit pref]
[    0.627778] kernel: pci 0000:00:15.7: PCI bridge to [bus 0a]
[    0.627802] kernel: pci 0000:00:15.7:   bridge window [mem 0xfb800000-0xfb8fffff]
[    0.627817] kernel: pci 0000:00:15.7:   bridge window [mem 0xe5e00000-0xe5efffff 64bit pref]
[    0.627861] kernel: pci 0000:00:16.0: PCI bridge to [bus 0b]
[    0.627871] kernel: pci 0000:00:16.0:   bridge window [io  0x5000-0x5fff]
[    0.627894] kernel: pci 0000:00:16.0:   bridge window [mem 0xfd300000-0xfd3fffff]
[    0.627909] kernel: pci 0000:00:16.0:   bridge window [mem 0xe7900000-0xe79fffff 64bit pref]
[    0.627947] kernel: pci 0000:00:16.1: PCI bridge to [bus 0c]
[    0.627957] kernel: pci 0000:00:16.1:   bridge window [io  0x9000-0x9fff]
[    0.627981] kernel: pci 0000:00:16.1:   bridge window [mem 0xfcf00000-0xfcffffff]
[    0.627996] kernel: pci 0000:00:16.1:   bridge window [mem 0xe7500000-0xe75fffff 64bit pref]
[    0.628035] kernel: pci 0000:00:16.2: PCI bridge to [bus 0d]
[    0.628044] kernel: pci 0000:00:16.2:   bridge window [io  0xd000-0xdfff]
[    0.628067] kernel: pci 0000:00:16.2:   bridge window [mem 0xfcb00000-0xfcbfffff]
[    0.628082] kernel: pci 0000:00:16.2:   bridge window [mem 0xe7100000-0xe71fffff 64bit pref]
[    0.628120] kernel: pci 0000:00:16.3: PCI bridge to [bus 0e]
[    0.628144] kernel: pci 0000:00:16.3:   bridge window [mem 0xfc700000-0xfc7fffff]
[    0.628160] kernel: pci 0000:00:16.3:   bridge window [mem 0xe6d00000-0xe6dfffff 64bit pref]
[    0.628198] kernel: pci 0000:00:16.4: PCI bridge to [bus 0f]
[    0.628221] kernel: pci 0000:00:16.4:   bridge window [mem 0xfc300000-0xfc3fffff]
[    0.628237] kernel: pci 0000:00:16.4:   bridge window [mem 0xe6900000-0xe69fffff 64bit pref]
[    0.628275] kernel: pci 0000:00:16.5: PCI bridge to [bus 10]
[    0.628310] kernel: pci 0000:00:16.5:   bridge window [mem 0xfbf00000-0xfbffffff]
[    0.628326] kernel: pci 0000:00:16.5:   bridge window [mem 0xe6500000-0xe65fffff 64bit pref]
[    0.628372] kernel: pci 0000:00:16.6: PCI bridge to [bus 11]
[    0.628396] kernel: pci 0000:00:16.6:   bridge window [mem 0xfbb00000-0xfbbfffff]
[    0.628412] kernel: pci 0000:00:16.6:   bridge window [mem 0xe6100000-0xe61fffff 64bit pref]
[    0.628450] kernel: pci 0000:00:16.7: PCI bridge to [bus 12]
[    0.628474] kernel: pci 0000:00:16.7:   bridge window [mem 0xfb700000-0xfb7fffff]
[    0.628490] kernel: pci 0000:00:16.7:   bridge window [mem 0xe5d00000-0xe5dfffff 64bit pref]
[    0.628528] kernel: pci 0000:00:17.0: PCI bridge to [bus 13]
[    0.628538] kernel: pci 0000:00:17.0:   bridge window [io  0x6000-0x6fff]
[    0.628561] kernel: pci 0000:00:17.0:   bridge window [mem 0xfd200000-0xfd2fffff]
[    0.628576] kernel: pci 0000:00:17.0:   bridge window [mem 0xe7800000-0xe78fffff 64bit pref]
[    0.628614] kernel: pci 0000:00:17.1: PCI bridge to [bus 14]
[    0.628624] kernel: pci 0000:00:17.1:   bridge window [io  0xa000-0xafff]
[    0.628647] kernel: pci 0000:00:17.1:   bridge window [mem 0xfce00000-0xfcefffff]
[    0.628662] kernel: pci 0000:00:17.1:   bridge window [mem 0xe7400000-0xe74fffff 64bit pref]
[    0.628700] kernel: pci 0000:00:17.2: PCI bridge to [bus 15]
[    0.628709] kernel: pci 0000:00:17.2:   bridge window [io  0xe000-0xefff]
[    0.628733] kernel: pci 0000:00:17.2:   bridge window [mem 0xfca00000-0xfcafffff]
[    0.628748] kernel: pci 0000:00:17.2:   bridge window [mem 0xe7000000-0xe70fffff 64bit pref]
[    0.628787] kernel: pci 0000:00:17.3: PCI bridge to [bus 16]
[    0.628812] kernel: pci 0000:00:17.3:   bridge window [mem 0xfc600000-0xfc6fffff]
[    0.628828] kernel: pci 0000:00:17.3:   bridge window [mem 0xe6c00000-0xe6cfffff 64bit pref]
[    0.628866] kernel: pci 0000:00:17.4: PCI bridge to [bus 17]
[    0.628890] kernel: pci 0000:00:17.4:   bridge window [mem 0xfc200000-0xfc2fffff]
[    0.628905] kernel: pci 0000:00:17.4:   bridge window [mem 0xe6800000-0xe68fffff 64bit pref]
[    0.628943] kernel: pci 0000:00:17.5: PCI bridge to [bus 18]
[    0.628967] kernel: pci 0000:00:17.5:   bridge window [mem 0xfbe00000-0xfbefffff]
[    0.628983] kernel: pci 0000:00:17.5:   bridge window [mem 0xe6400000-0xe64fffff 64bit pref]
[    0.629021] kernel: pci 0000:00:17.6: PCI bridge to [bus 19]
[    0.629044] kernel: pci 0000:00:17.6:   bridge window [mem 0xfba00000-0xfbafffff]
[    0.629060] kernel: pci 0000:00:17.6:   bridge window [mem 0xe6000000-0xe60fffff 64bit pref]
[    0.629098] kernel: pci 0000:00:17.7: PCI bridge to [bus 1a]
[    0.629122] kernel: pci 0000:00:17.7:   bridge window [mem 0xfb600000-0xfb6fffff]
[    0.629137] kernel: pci 0000:00:17.7:   bridge window [mem 0xe5c00000-0xe5cfffff 64bit pref]
[    0.629176] kernel: pci 0000:00:18.0: PCI bridge to [bus 1b]
[    0.629185] kernel: pci 0000:00:18.0:   bridge window [io  0x7000-0x7fff]
[    0.629208] kernel: pci 0000:00:18.0:   bridge window [mem 0xfd100000-0xfd1fffff]
[    0.629224] kernel: pci 0000:00:18.0:   bridge window [mem 0xe7700000-0xe77fffff 64bit pref]
[    0.629262] kernel: pci 0000:00:18.1: PCI bridge to [bus 1c]
[    0.629271] kernel: pci 0000:00:18.1:   bridge window [io  0xb000-0xbfff]
[    0.629294] kernel: pci 0000:00:18.1:   bridge window [mem 0xfcd00000-0xfcdfffff]
[    0.629316] kernel: pci 0000:00:18.1:   bridge window [mem 0xe7300000-0xe73fffff 64bit pref]
[    0.629354] kernel: pci 0000:00:18.2: PCI bridge to [bus 1d]
[    0.629377] kernel: pci 0000:00:18.2:   bridge window [mem 0xfc900000-0xfc9fffff]
[    0.629393] kernel: pci 0000:00:18.2:   bridge window [mem 0xe6f00000-0xe6ffffff 64bit pref]
[    0.629431] kernel: pci 0000:00:18.3: PCI bridge to [bus 1e]
[    0.629455] kernel: pci 0000:00:18.3:   bridge window [mem 0xfc500000-0xfc5fffff]
[    0.629471] kernel: pci 0000:00:18.3:   bridge window [mem 0xe6b00000-0xe6bfffff 64bit pref]
[    0.629509] kernel: pci 0000:00:18.4: PCI bridge to [bus 1f]
[    0.629532] kernel: pci 0000:00:18.4:   bridge window [mem 0xfc100000-0xfc1fffff]
[    0.629548] kernel: pci 0000:00:18.4:   bridge window [mem 0xe6700000-0xe67fffff 64bit pref]
[    0.629586] kernel: pci 0000:00:18.5: PCI bridge to [bus 20]
[    0.629610] kernel: pci 0000:00:18.5:   bridge window [mem 0xfbd00000-0xfbdfffff]
[    0.629625] kernel: pci 0000:00:18.5:   bridge window [mem 0xe6300000-0xe63fffff 64bit pref]
[    0.629664] kernel: pci 0000:00:18.6: PCI bridge to [bus 21]
[    0.629687] kernel: pci 0000:00:18.6:   bridge window [mem 0xfb900000-0xfb9fffff]
[    0.629703] kernel: pci 0000:00:18.6:   bridge window [mem 0xe5f00000-0xe5ffffff 64bit pref]
[    0.629741] kernel: pci 0000:00:18.7: PCI bridge to [bus 22]
[    0.629765] kernel: pci 0000:00:18.7:   bridge window [mem 0xfb500000-0xfb5fffff]
[    0.629781] kernel: pci 0000:00:18.7:   bridge window [mem 0xe5b00000-0xe5bfffff 64bit pref]
[    0.629825] kernel: pci_bus 0000:00: resource 4 [mem 0x000a0000-0x000bffff window]
[    0.629827] kernel: pci_bus 0000:00: resource 5 [mem 0x000d0000-0x000dbfff window]
[    0.629828] kernel: pci_bus 0000:00: resource 6 [mem 0xc0000000-0xfebfffff window]
[    0.629829] kernel: pci_bus 0000:00: resource 7 [io  0x0000-0x0cf7 window]
[    0.629830] kernel: pci_bus 0000:00: resource 8 [io  0x0d00-0xfeff window]
[    0.629831] kernel: pci_bus 0000:02: resource 0 [io  0x2000-0x3fff]
[    0.629832] kernel: pci_bus 0000:02: resource 1 [mem 0xfd500000-0xfdffffff]
[    0.629833] kernel: pci_bus 0000:02: resource 2 [mem 0xe7b00000-0xe7ffffff 64bit pref]
[    0.629834] kernel: pci_bus 0000:02: resource 4 [mem 0x000a0000-0x000bffff window]
[    0.629835] kernel: pci_bus 0000:02: resource 5 [mem 0x000d0000-0x000dbfff window]
[    0.629836] kernel: pci_bus 0000:02: resource 6 [mem 0xc0000000-0xfebfffff window]
[    0.629837] kernel: pci_bus 0000:02: resource 7 [io  0x0000-0x0cf7 window]
[    0.629838] kernel: pci_bus 0000:02: resource 8 [io  0x0d00-0xfeff window]
[    0.629839] kernel: pci_bus 0000:03: resource 0 [io  0x4000-0x4fff]
[    0.629840] kernel: pci_bus 0000:03: resource 1 [mem 0xfd400000-0xfd4fffff]
[    0.629841] kernel: pci_bus 0000:03: resource 2 [mem 0xe7a00000-0xe7afffff 64bit pref]
[    0.629842] kernel: pci_bus 0000:04: resource 0 [io  0x8000-0x8fff]
[    0.629843] kernel: pci_bus 0000:04: resource 1 [mem 0xfd000000-0xfd0fffff]
[    0.629844] kernel: pci_bus 0000:04: resource 2 [mem 0xe7600000-0xe76fffff 64bit pref]
[    0.629845] kernel: pci_bus 0000:05: resource 0 [io  0xc000-0xcfff]
[    0.629846] kernel: pci_bus 0000:05: resource 1 [mem 0xfcc00000-0xfccfffff]
[    0.629847] kernel: pci_bus 0000:05: resource 2 [mem 0xe7200000-0xe72fffff 64bit pref]
[    0.629848] kernel: pci_bus 0000:06: resource 1 [mem 0xfc800000-0xfc8fffff]
[    0.629849] kernel: pci_bus 0000:06: resource 2 [mem 0xe6e00000-0xe6efffff 64bit pref]
[    0.629850] kernel: pci_bus 0000:07: resource 1 [mem 0xfc400000-0xfc4fffff]
[    0.629851] kernel: pci_bus 0000:07: resource 2 [mem 0xe6a00000-0xe6afffff 64bit pref]
[    0.629852] kernel: pci_bus 0000:08: resource 1 [mem 0xfc000000-0xfc0fffff]
[    0.629853] kernel: pci_bus 0000:08: resource 2 [mem 0xe6600000-0xe66fffff 64bit pref]
